/media/PM983/Code/PLS/src/pls/editflow/student.py:46: UserWarning: enable_nested_tensor is True, but self.use_nested_tensor is False because encoder_layer.norm_first was True
  self.encoder = nn.TransformerEncoder(block, layers)
/media/PM983/Code/PLS/src/pls/editflow/student.py:46: UserWarning: enable_nested_tensor is True, but self.use_nested_tensor is False because encoder_layer.norm_first was True
  self.encoder = nn.TransformerEncoder(block, layers)
{"anchor_rank": 0, "anchor": "DNNV", "budget": 80, "r2": -0.4425539943950907, "regret": {"1": {"acquired": 0.01542617566883564, "novel_design": 0.017902973107993603, "campaign": 0.01542617566883564}, "2": {"acquired": 3.9494960382580757, "novel_design": 3.985518417786807, "campaign": 3.9494960382580757}, "3": {"acquired": 6.673592686653137, "novel_design": 5.240160226821899, "campaign": 5.240160226821899}, "4": {"acquired": 4.828968524932861, "novel_design": 6.61542010307312, "campaign": 4.828968524932861}}}
/media/PM983/Code/PLS/src/pls/editflow/student.py:46: UserWarning: enable_nested_tensor is True, but self.use_nested_tensor is False because encoder_layer.norm_first was True
  self.encoder = nn.TransformerEncoder(block, layers)
{"anchor_rank": 0, "anchor": "DNNV", "budget": 160, "r2": -0.20290377295898754, "regret": {"1": {"acquired": 0.01542617566883564, "novel_design": 0.018692805198952556, "campaign": 0.01542617566883564}, "2": {"acquired": 3.9494960382580757, "novel_design": 3.984930210513994, "campaign": 3.9494960382580757}, "3": {"acquired": 5.1914143562316895, "novel_design": 4.769535303115845, "campaign": 4.769535303115845}, "4": {"acquired": 1.9044227600097656, "novel_design": 1.47963285446167, "campaign": 1.47963285446167}}}
/media/PM983/Code/PLS/src/pls/editflow/student.py:46: UserWarning: enable_nested_tensor is True, but self.use_nested_tensor is False because encoder_layer.norm_first was True
  self.encoder = nn.TransformerEncoder(block, layers)
{"anchor_rank": 0, "anchor": "DNNV", "budget": 320, "r2": 0.3535267162670581, "regret": {"1": {"acquired": 0.01542617566883564, "novel_design": 0.016633164137601852, "campaign": 0.01542617566883564}, "2": {"acquired": 3.9494960382580757, "novel_design": 0.7754573822021484, "campaign": 0.7754573822021484}, "3": {"acquired": 2.292024612426758, "novel_design": 3.8738036155700684, "campaign": 2.292024612426758}, "4": {"acquired": 1.47963285446167, "novel_design": 2.7872471809387207, "campaign": 1.47963285446167}}}
/media/PM983/Code/PLS/src/pls/editflow/student.py:46: UserWarning: enable_nested_tensor is True, but self.use_nested_tensor is False because encoder_layer.norm_first was True
  self.encoder = nn.TransformerEncoder(block, layers)
{"anchor_rank": 0, "anchor": "DNNV", "budget": 640, "r2": 0.539943183634639, "regret": {"1": {"acquired": 0.01542617566883564, "novel_design": 0.014261769130825996, "campaign": 0.014261769130825996}, "2": {"acquired": 0.7754573822021484, "novel_design": 0.0, "campaign": 0.0}, "3": {"acquired": 1.2819223403930664, "novel_design": 2.6297736167907715, "campaign": 1.2819223403930664}, "4": {"acquired": 0.0, "novel_design": 2.529470920562744, "campaign": 0.0}}}
/media/PM983/Code/PLS/src/pls/editflow/student.py:46: UserWarning: enable_nested_tensor is True, but self.use_nested_tensor is False because encoder_layer.norm_first was True
  self.encoder = nn.TransformerEncoder(block, layers)
{"anchor_rank": 1, "anchor": "YLPR", "budget": 80, "r2": -0.10403213206641704, "regret": {"1": {"acquired": 0.006570606958121061, "novel_design": 0.006798917893320322, "campaign": 0.006570606958121061}, "2": {"acquired": 2.760065062902868, "novel_design": 0.05052685737609863, "campaign": 0.05052685737609863}, "3": {"acquired": 6.920347962528467, "novel_design": 6.913415752351284, "campaign": 6.913415752351284}, "4": {"acquired": 6.106783390045166, "novel_design": 8.75774908484891, "campaign": 6.106783390045166}}}
/media/PM983/Code/PLS/src/pls/editflow/student.py:46: UserWarning: enable_nested_tensor is True, but self.use_nested_tensor is False because encoder_layer.norm_first was True
  self.encoder = nn.TransformerEncoder(block, layers)
{"anchor_rank": 1, "anchor": "YLPR", "budget": 160, "r2": 0.0825433316642723, "regret": {"1": {"acquired": 0.006570606958121061, "novel_design": 0.006798917893320322, "campaign": 0.006570606958121061}, "2": {"acquired": 2.760065062902868, "novel_design": 0.05052685737609863, "campaign": 0.05052685737609863}, "3": {"acquired": 3.7399494647979736, "novel_design": 2.486058235168457, "campaign": 2.486058235168457}, "4": {"acquired": 4.308797359466553, "novel_design": 3.620701313018799, "campaign": 3.620701313018799}}}
/media/PM983/Code/PLS/src/pls/editflow/student.py:46: UserWarning: enable_nested_tensor is True, but self.use_nested_tensor is False because encoder_layer.norm_first was True
  self.encoder = nn.TransformerEncoder(block, layers)
{"anchor_rank": 1, "anchor": "YLPR", "budget": 320, "r2": 0.05492174437701447, "regret": {"1": {"acquired": 0.006570606958121061, "novel_design": 0.005391563521698117, "campaign": 0.005391563521698117}, "2": {"acquired": 2.760065062902868, "novel_design": 0.05052685737609863, "campaign": 0.05052685737609863}, "3": {"acquired": 1.914285659790039, "novel_design": 4.22188925743103, "campaign": 1.914285659790039}, "4": {"acquired": 2.418468475341797, "novel_design": 2.989933490753174, "campaign": 2.418468475341797}}}
/media/PM983/Code/PLS/src/pls/editflow/student.py:46: UserWarning: enable_nested_tensor is True, but self.use_nested_tensor is False because encoder_layer.norm_first was True
  self.encoder = nn.TransformerEncoder(block, layers)
{"anchor_rank": 1, "anchor": "YLPR", "budget": 640, "r2": 0.3034840090886072, "regret": {"1": {"acquired": 0.006570606958121061, "novel_design": 0.0039236582815647125, "campaign": 0.0039236582815647125}, "2": {"acquired": 0.05052685737609863, "novel_design": 2.013562858104706, "campaign": 0.05052685737609863}, "3": {"acquired": 1.914285659790039, "novel_design": 4.138870000839233, "campaign": 1.914285659790039}, "4": {"acquired": 2.2524867057800293, "novel_design": 5.437678098678589, "campaign": 2.2524867057800293}}}
/media/PM983/Code/PLS/src/pls/editflow/student.py:46: UserWarning: enable_nested_tensor is True, but self.use_nested_tensor is False because encoder_layer.norm_first was True
  self.encoder = nn.TransformerEncoder(block, layers)
{"anchor_rank": 2, "anchor": "DRFS", "budget": 80, "r2": -0.01924079561881853, "regret": {"1": {"acquired": 0.6763363236095756, "novel_design": 0.4149390757083893, "campaign": 0.4149390757083893}, "2": {"acquired": 5.589880084386095, "novel_design": 2.9672582149505615, "campaign": 2.9672582149505615}, "3": {"acquired": 6.32932055182755, "novel_design": 5.497291386127472, "campaign": 5.497291386127472}, "4": {"acquired": 7.443414807319641, "novel_design": 6.9773149490356445, "campaign": 6.9773149490356445}}}
/media/PM983/Code/PLS/src/pls/editflow/student.py:46: UserWarning: enable_nested_tensor is True, but self.use_nested_tensor is False because encoder_layer.norm_first was True
  self.encoder = nn.TransformerEncoder(block, layers)
{"anchor_rank": 2, "anchor": "DRFS", "budget": 160, "r2": 0.05309768896730538, "regret": {"1": {"acquired": 0.6763363236095756, "novel_design": 0.4649016559123993, "campaign": 0.4649016559123993}, "2": {"acquired": 5.589880084386095, "novel_design": 5.12954568862915, "campaign": 5.12954568862915}, "3": {"acquired": 3.7779111862182617, "novel_design": 4.577110767364502, "campaign": 3.7779111862182617}, "4": {"acquired": 4.654721260070801, "novel_design": 3.401912212371826, "campaign": 3.401912212371826}}}
/media/PM983/Code/PLS/src/pls/editflow/student.py:46: UserWarning: enable_nested_tensor is True, but self.use_nested_tensor is False because encoder_layer.norm_first was True
  self.encoder = nn.TransformerEncoder(block, layers)
{"anchor_rank": 2, "anchor": "DRFS", "budget": 320, "r2": 0.42071104026638306, "regret": {"1": {"acquired": 0.6763363236095756, "novel_design": 0.4649016559123993, "campaign": 0.4649016559123993}, "2": {"acquired": 5.589880084386095, "novel_design": 5.498118348419666, "campaign": 5.498118348419666}, "3": {"acquired": 3.7779111862182617, "novel_design": 6.294869586825371, "campaign": 3.7779111862182617}, "4": {"acquired": 1.780632495880127, "novel_design": 3.6050472259521484, "campaign": 1.780632495880127}}}
/media/PM983/Code/PLS/src/pls/editflow/student.py:46: UserWarning: enable_nested_tensor is True, but self.use_nested_tensor is False because encoder_layer.norm_first was True
  self.encoder = nn.TransformerEncoder(block, layers)
{"anchor_rank": 2, "anchor": "DRFS", "budget": 640, "r2": 0.39985904526952365, "regret": {"1": {"acquired": 0.6763363236095756, "novel_design": 0.4411175101995468, "campaign": 0.4411175101995468}, "2": {"acquired": 5.589880084386095, "novel_design": 4.011505126953125, "campaign": 4.011505126953125}, "3": {"acquired": 0.45257043838500977, "novel_design": 1.0080370903015137, "campaign": 0.45257043838500977}, "4": {"acquired": 0.0, "novel_design": 2.0411882400512695, "campaign": 0.0}}}
/media/PM983/Code/PLS/src/pls/editflow/student.py:46: UserWarning: enable_nested_tensor is True, but self.use_nested_tensor is False because encoder_layer.norm_first was True
  self.encoder = nn.TransformerEncoder(block, layers)
{"anchor_rank": 3, "anchor": "TRFP", "budget": 80, "r2": -0.19646139979395127, "regret": {"1": {"acquired": 0.7664656285196543, "novel_design": 0.7717775627970695, "campaign": 0.7664656285196543}, "2": {"acquired": 4.528300762176514, "novel_design": 5.559680249541998, "campaign": 4.528300762176514}, "3": {"acquired": 3.08636736869812, "novel_design": 6.3366451929323375, "campaign": 3.08636736869812}, "4": {"acquired": 5.504835844039917, "novel_design": 8.716957200318575, "campaign": 5.504835844039917}}}
/media/PM983/Code/PLS/src/pls/editflow/student.py:46: UserWarning: enable_nested_tensor is True, but self.use_nested_tensor is False because encoder_layer.norm_first was True
  self.encoder = nn.TransformerEncoder(block, layers)
{"anchor_rank": 3, "anchor": "TRFP", "budget": 160, "r2": 0.12008618544538263, "regret": {"1": {"acquired": 0.7664656285196543, "novel_design": 0.7812611700501293, "campaign": 0.7664656285196543}, "2": {"acquired": 4.528300762176514, "novel_design": 4.017922878265381, "campaign": 4.017922878265381}, "3": {"acquired": 2.0204553604125977, "novel_design": 1.1007752418518066, "campaign": 1.1007752418518066}, "4": {"acquired": 4.4389238357543945, "novel_design": 4.691165924072266, "campaign": 4.4389238357543945}}}
/media/PM983/Code/PLS/src/pls/editflow/student.py:46: UserWarning: enable_nested_tensor is True, but self.use_nested_tensor is False because encoder_layer.norm_first was True
  self.encoder = nn.TransformerEncoder(block, layers)
{"anchor_rank": 3, "anchor": "TRFP", "budget": 320, "r2": 0.12375798507274227, "regret": {"1": {"acquired": 0.7664656285196543, "novel_design": 0.778952275402844, "campaign": 0.7664656285196543}, "2": {"acquired": 4.017922878265381, "novel_design": 4.603891730308533, "campaign": 4.017922878265381}, "3": {"acquired": 1.1007752418518066, "novel_design": 2.9174556732177734, "campaign": 1.1007752418518066}, "4": {"acquired": 2.989933490753174, "novel_design": 4.987751007080078, "campaign": 2.989933490753174}}}
/media/PM983/Code/PLS/src/pls/editflow/student.py:46: UserWarning: enable_nested_tensor is True, but self.use_nested_tensor is False because encoder_layer.norm_first was True
  self.encoder = nn.TransformerEncoder(block, layers)
{"anchor_rank": 3, "anchor": "TRFP", "budget": 640, "r2": 0.16713282743111457, "regret": {"1": {"acquired": 0.7664656285196543, "novel_design": 0.7812611700501293, "campaign": 0.7664656285196543}, "2": {"acquired": 4.017922878265381, "novel_design": 4.145876407623291, "campaign": 4.017922878265381}, "3": {"acquired": 1.1007752418518066, "novel_design": 3.7387428283691406, "campaign": 1.1007752418518066}, "4": {"acquired": 2.989933490753174, "novel_design": 6.1483314037323, "campaign": 2.989933490753174}}}
/media/PM983/Code/PLS/src/pls/editflow/student.py:46: UserWarning: enable_nested_tensor is True, but self.use_nested_tensor is False because encoder_layer.norm_first was True
  self.encoder = nn.TransformerEncoder(block, layers)
{"anchor_rank": 4, "anchor": "CYCQ", "budget": 80, "r2": -0.02072080790147912, "regret": {"1": {"acquired": 2.3929328257218003, "novel_design": 2.3746238593012094, "campaign": 2.3746238593012094}, "2": {"acquired": 5.3729952573776245, "novel_design": 6.4040025770664215, "campaign": 5.3729952573776245}, "3": {"acquired": 6.518411755561829, "novel_design": 7.158981204032898, "campaign": 6.518411755561829}, "4": {"acquired": 7.235225796699524, "novel_design": 7.875795245170593, "campaign": 7.235225796699524}}}
/media/PM983/Code/PLS/src/pls/editflow/student.py:46: UserWarning: enable_nested_tensor is True, but self.use_nested_tensor is False because encoder_layer.norm_first was True
  self.encoder = nn.TransformerEncoder(block, layers)
{"anchor_rank": 4, "anchor": "CYCQ", "budget": 160, "r2": 0.12395706052871902, "regret": {"1": {"acquired": 2.3746238593012094, "novel_design": 2.344935141503811, "campaign": 2.344935141503811}, "2": {"acquired": 5.3729952573776245, "novel_design": 4.456387281417847, "campaign": 4.456387281417847}, "3": {"acquired": 5.405414581298828, "novel_design": 7.828848108649254, "campaign": 5.405414581298828}, "4": {"acquired": 4.733797073364258, "novel_design": 6.01234769821167, "campaign": 4.733797073364258}}}
/media/PM983/Code/PLS/src/pls/editflow/student.py:46: UserWarning: enable_nested_tensor is True, but self.use_nested_tensor is False because encoder_layer.norm_first was True
  self.encoder = nn.TransformerEncoder(block, layers)
{"anchor_rank": 4, "anchor": "CYCQ", "budget": 320, "r2": 0.33857652119630754, "regret": {"1": {"acquired": 2.3746238593012094, "novel_design": 2.344935141503811, "campaign": 2.344935141503811}, "2": {"acquired": 4.456387281417847, "novel_design": 1.2350997924804688, "campaign": 1.2350997924804688}, "3": {"acquired": 4.114823579788208, "novel_design": 4.301795959472656, "campaign": 4.114823579788208}, "4": {"acquired": 3.3669180870056152, "novel_design": 2.319495677947998, "campaign": 2.319495677947998}}}
/media/PM983/Code/PLS/src/pls/editflow/student.py:46: UserWarning: enable_nested_tensor is True, but self.use_nested_tensor is False because encoder_layer.norm_first was True
  self.encoder = nn.TransformerEncoder(block, layers)
{"anchor_rank": 4, "anchor": "CYCQ", "budget": 640, "r2": 0.5520389052171886, "regret": {"1": {"acquired": 2.3746238593012094, "novel_design": 1.860289454460144, "campaign": 1.860289454460144}, "2": {"acquired": 1.2350997924804688, "novel_design": 2.8940281867980957, "campaign": 1.2350997924804688}, "3": {"acquired": 0.8164916038513184, "novel_design": 3.791551113128662, "campaign": 0.8164916038513184}, "4": {"acquired": 1.5333056449890137, "novel_design": 1.884016513824463, "campaign": 1.5333056449890137}}}
/media/PM983/Code/PLS/src/pls/editflow/student.py:46: UserWarning: enable_nested_tensor is True, but self.use_nested_tensor is False because encoder_layer.norm_first was True
  self.encoder = nn.TransformerEncoder(block, layers)
{"anchor_rank": 5, "anchor": "IPKK", "budget": 80, "r2": -0.022663751466446058, "regret": {"1": {"acquired": 0.02108333259820938, "novel_design": 0.009166666306555271, "campaign": 0.009166666306555271}, "2": {"acquired": 3.3375494480133057, "novel_design": 0.0, "campaign": 0.0}, "3": {"acquired": 6.0043596513569355, "novel_design": 6.0145241897553205, "campaign": 6.0043596513569355}, "4": {"acquired": 8.663391917943954, "novel_design": 5.820515155792236, "campaign": 5.820515155792236}}}
/media/PM983/Code/PLS/src/pls/editflow/student.py:46: UserWarning: enable_nested_tensor is True, but self.use_nested_tensor is False because encoder_layer.norm_first was True
  self.encoder = nn.TransformerEncoder(block, layers)
{"anchor_rank": 5, "anchor": "IPKK", "budget": 160, "r2": -2.2719737258520456, "regret": {"1": {"acquired": 0.02108333259820938, "novel_design": 0.02108333259820938, "campaign": 0.02108333259820938}, "2": {"acquired": 3.3375494480133057, "novel_design": 3.336172144860029, "campaign": 3.336172144860029}, "3": {"acquired": 0.034450531005859375, "novel_design": 4.690984725952148, "campaign": 0.034450531005859375}, "4": {"acquired": 1.2073025703430176, "novel_design": 5.7150726318359375, "campaign": 1.2073025703430176}}}
/media/PM983/Code/PLS/src/pls/editflow/student.py:46: UserWarning: enable_nested_tensor is True, but self.use_nested_tensor is False because encoder_layer.norm_first was True
  self.encoder = nn.TransformerEncoder(block, layers)
{"anchor_rank": 5, "anchor": "IPKK", "budget": 320, "r2": 0.4713346885985811, "regret": {"1": {"acquired": 0.02108333259820938, "novel_design": 0.01742888824082911, "campaign": 0.01742888824082911}, "2": {"acquired": 3.3375494480133057, "novel_design": 3.198441833257675, "campaign": 3.198441833257675}, "3": {"acquired": 0.0, "novel_design": 1.1020307540893555, "campaign": 0.0}, "4": {"acquired": 0.0, "novel_design": 1.535672664642334, "campaign": 0.0}}}
/media/PM983/Code/PLS/src/pls/editflow/student.py:46: UserWarning: enable_nested_tensor is True, but self.use_nested_tensor is False because encoder_layer.norm_first was True
  self.encoder = nn.TransformerEncoder(block, layers)
{"anchor_rank": 5, "anchor": "IPKK", "budget": 640, "r2": 0.4594909701954937, "regret": {"1": {"acquired": 0.02108333259820938, "novel_design": 0.01742888824082911, "campaign": 0.01742888824082911}, "2": {"acquired": 3.3375494480133057, "novel_design": 1.0787959098815918, "campaign": 1.0787959098815918}, "3": {"acquired": 0.0, "novel_design": 0.40413618087768555, "campaign": 0.0}, "4": {"acquired": 0.0, "novel_design": 1.3557333946228027, "campaign": 0.0}}}
/media/PM983/Code/PLS/src/pls/editflow/student.py:46: UserWarning: enable_nested_tensor is True, but self.use_nested_tensor is False because encoder_layer.norm_first was True
  self.encoder = nn.TransformerEncoder(block, layers)
{"anchor_rank": 6, "anchor": "LVHA", "budget": 80, "r2": 0.01179827722462945, "regret": {"1": {"acquired": 2.841629147529602, "novel_design": 0.0, "campaign": 0.0}, "2": {"acquired": 5.589051842689514, "novel_design": 6.84332150220871, "campaign": 5.589051842689514}, "3": {"acquired": 7.122357487678528, "novel_design": 8.376627147197723, "campaign": 7.122357487678528}, "4": {"acquired": 7.122357487678528, "novel_design": 8.376627147197723, "campaign": 7.122357487678528}}}
/media/PM983/Code/PLS/src/pls/editflow/student.py:46: UserWarning: enable_nested_tensor is True, but self.use_nested_tensor is False because encoder_layer.norm_first was True
  self.encoder = nn.TransformerEncoder(block, layers)
{"anchor_rank": 6, "anchor": "LVHA", "budget": 160, "r2": 0.03684596005085028, "regret": {"1": {"acquired": 2.841629147529602, "novel_design": 0.0, "campaign": 0.0}, "2": {"acquired": 5.197197914123535, "novel_design": 1.4904794692993164, "campaign": 1.4904794692993164}, "3": {"acquired": 3.2782835960388184, "novel_design": 3.3940696716308594, "campaign": 3.2782835960388184}, "4": {"acquired": 3.2782835960388184, "novel_design": 3.3940696716308594, "campaign": 3.2782835960388184}}}
/media/PM983/Code/PLS/src/pls/editflow/student.py:46: UserWarning: enable_nested_tensor is True, but self.use_nested_tensor is False because encoder_layer.norm_first was True
  self.encoder = nn.TransformerEncoder(block, layers)
{"anchor_rank": 6, "anchor": "LVHA", "budget": 320, "r2": 0.2133629101350737, "regret": {"1": {"acquired": 0.0, "novel_design": 0.0, "campaign": 0.0}, "2": {"acquired": 1.337733268737793, "novel_design": 1.7880687713623047, "campaign": 1.337733268737793}, "3": {"acquired": 2.8710389137268066, "novel_design": 3.3213744163513184, "campaign": 2.8710389137268066}, "4": {"acquired": 2.8710389137268066, "novel_design": 3.3213744163513184, "campaign": 2.8710389137268066}}}
/media/PM983/Code/PLS/src/pls/editflow/student.py:46: UserWarning: enable_nested_tensor is True, but self.use_nested_tensor is False because encoder_layer.norm_first was True
  self.encoder = nn.TransformerEncoder(block, layers)
{"anchor_rank": 6, "anchor": "LVHA", "budget": 640, "r2": 0.36081739325134654, "regret": {"1": {"acquired": 0.0, "novel_design": 0.0, "campaign": 0.0}, "2": {"acquired": 0.0, "novel_design": 0.09488677978515625, "campaign": 0.0}, "3": {"acquired": 1.20509672164917, "novel_design": 2.39479923248291, "campaign": 1.20509672164917}, "4": {"acquired": 1.20509672164917, "novel_design": 2.39479923248291, "campaign": 1.20509672164917}}}
/media/PM983/Code/PLS/src/pls/editflow/student.py:46: UserWarning: enable_nested_tensor is True, but self.use_nested_tensor is False because encoder_layer.norm_first was True
  self.encoder = nn.TransformerEncoder(block, layers)
{"anchor_rank": 7, "anchor": "IPVY", "budget": 80, "r2": -0.03122180974281208, "regret": {"1": {"acquired": 0.01311433594673872, "novel_design": 0.01585540291853249, "campaign": 0.01311433594673872}, "2": {"acquired": 3.3335335748270154, "novel_design": 3.328984343446791, "campaign": 3.328984343446791}, "3": {"acquired": 6.014669207856059, "novel_design": 6.039977286010981, "campaign": 6.014669207856059}, "4": {"acquired": 8.431090384721756, "novel_design": 8.758159038610756, "campaign": 8.431090384721756}}}
/media/PM983/Code/PLS/src/pls/editflow/student.py:46: UserWarning: enable_nested_tensor is True, but self.use_nested_tensor is False because encoder_layer.norm_first was True
  self.encoder = nn.TransformerEncoder(block, layers)
{"anchor_rank": 7, "anchor": "IPVY", "budget": 160, "r2": -0.013815436540983939, "regret": {"1": {"acquired": 0.01311433594673872, "novel_design": 0.01585540291853249, "campaign": 0.01311433594673872}, "2": {"acquired": 3.3335335748270154, "novel_design": 3.304768718779087, "campaign": 3.304768718779087}, "3": {"acquired": 5.923522539436817, "novel_design": 5.682731509208679, "campaign": 5.682731509208679}, "4": {"acquired": 8.117981314659119, "novel_design": 8.062835395336151, "campaign": 8.062835395336151}}}
/media/PM983/Code/PLS/src/pls/editflow/student.py:46: UserWarning: enable_nested_tensor is True, but self.use_nested_tensor is False because encoder_layer.norm_first was True
  self.encoder = nn.TransformerEncoder(block, layers)
{"anchor_rank": 7, "anchor": "IPVY", "budget": 320, "r2": -0.1398409913262193, "regret": {"1": {"acquired": 0.01311433594673872, "novel_design": 0.014078056206926703, "campaign": 0.01311433594673872}, "2": {"acquired": 3.3335335748270154, "novel_design": 3.334405088564381, "campaign": 3.3335335748270154}, "3": {"acquired": 4.398461103439331, "novel_design": 5.671977758407593, "campaign": 4.398461103439331}, "4": {"acquired": 3.8348703384399414, "novel_design": 2.4870190620422363, "campaign": 2.4870190620422363}}}
/media/PM983/Code/PLS/src/pls/editflow/student.py:46: UserWarning: enable_nested_tensor is True, but self.use_nested_tensor is False because encoder_layer.norm_first was True
  self.encoder = nn.TransformerEncoder(block, layers)
{"anchor_rank": 7, "anchor": "IPVY", "budget": 640, "r2": 0.4273903724594347, "regret": {"1": {"acquired": 0.01311433594673872, "novel_design": 0.016563921235501766, "campaign": 0.01311433594673872}, "2": {"acquired": 3.3335335748270154, "novel_design": 2.8288978338241577, "campaign": 2.8288978338241577}, "3": {"acquired": 1.654332160949707, "novel_design": 1.5563278198242188, "campaign": 1.5563278198242188}, "4": {"acquired": 2.4870190620422363, "novel_design": 2.920382499694824, "campaign": 2.4870190620422363}}}
/media/PM983/Code/PLS/src/pls/editflow/student.py:46: UserWarning: enable_nested_tensor is True, but self.use_nested_tensor is False because encoder_layer.norm_first was True
  self.encoder = nn.TransformerEncoder(block, layers)
{"anchor_rank": 8, "anchor": "MYCT", "budget": 80, "r2": -0.01128252419845599, "regret": {"1": {"acquired": 4.058067142963409, "novel_design": 3.7902015447616577, "campaign": 3.7902015447616577}, "2": {"acquired": 6.043925583362579, "novel_design": 6.490529608912766, "campaign": 6.043925583362579}, "3": {"acquired": 7.3585158586502075, "novel_design": 6.246299505233765, "campaign": 6.246299505233765}, "4": {"acquired": 8.075329899787903, "novel_design": 8.748162994161248, "campaign": 8.075329899787903}}}
/media/PM983/Code/PLS/src/pls/editflow/student.py:46: UserWarning: enable_nested_tensor is True, but self.use_nested_tensor is False because encoder_layer.norm_first was True
  self.encoder = nn.TransformerEncoder(block, layers)
{"anchor_rank": 8, "anchor": "MYCT", "budget": 160, "r2": 0.04617855507225632, "regret": {"1": {"acquired": 3.433435320854187, "novel_design": 0.0, "campaign": 0.0}, "2": {"acquired": 4.53725004196167, "novel_design": 1.4225077629089355, "campaign": 1.4225077629089355}, "3": {"acquired": 2.9639077186584473, "novel_design": 2.971884250640869, "campaign": 2.9639077186584473}, "4": {"acquired": 3.6807217597961426, "novel_design": 3.6886982917785645, "campaign": 3.6807217597961426}}}
/media/PM983/Code/PLS/src/pls/editflow/student.py:46: UserWarning: enable_nested_tensor is True, but self.use_nested_tensor is False because encoder_layer.norm_first was True
  self.encoder = nn.TransformerEncoder(block, layers)
{"anchor_rank": 8, "anchor": "MYCT", "budget": 320, "r2": 0.43770798090268603, "regret": {"1": {"acquired": 0.0, "novel_design": 1.7734251618385315, "campaign": 0.0}, "2": {"acquired": 0.6891202926635742, "novel_design": 0.0, "campaign": 0.0}, "3": {"acquired": 2.0704331398010254, "novel_design": 0.8164916038513184, "campaign": 0.8164916038513184}, "4": {"acquired": 2.7872471809387207, "novel_design": 1.5333056449890137, "campaign": 1.5333056449890137}}}
/media/PM983/Code/PLS/src/pls/editflow/student.py:46: UserWarning: enable_nested_tensor is True, but self.use_nested_tensor is False because encoder_layer.norm_first was True
  self.encoder = nn.TransformerEncoder(block, layers)
{"anchor_rank": 8, "anchor": "MYCT", "budget": 640, "r2": 0.40325190394650057, "regret": {"1": {"acquired": 0.0, "novel_design": 0.0, "campaign": 0.0}, "2": {"acquired": 0.0, "novel_design": 1.0807161331176758, "campaign": 0.0}, "3": {"acquired": 0.4882826805114746, "novel_design": 2.888233184814453, "campaign": 0.4882826805114746}, "4": {"acquired": 1.20509672164917, "novel_design": 3.6050472259521484, "campaign": 1.20509672164917}}}
/media/PM983/Code/PLS/src/pls/editflow/student.py:46: UserWarning: enable_nested_tensor is True, but self.use_nested_tensor is False because encoder_layer.norm_first was True
  self.encoder = nn.TransformerEncoder(block, layers)
{"anchor_rank": 9, "anchor": "EEVT", "budget": 80, "r2": 0.01239872378590734, "regret": {"1": {"acquired": 0.34948801435530186, "novel_design": 0.35200578533113003, "campaign": 0.34948801435530186}, "2": {"acquired": 2.011971328407526, "novel_design": 0.36782336235046387, "campaign": 0.36782336235046387}, "3": {"acquired": 3.605600118637085, "novel_design": 5.730437994003296, "campaign": 3.605600118637085}, "4": {"acquired": 5.677836179733276, "novel_design": 7.802674055099487, "campaign": 5.677836179733276}}}
/media/PM983/Code/PLS/src/pls/editflow/student.py:46: UserWarning: enable_nested_tensor is True, but self.use_nested_tensor is False because encoder_layer.norm_first was True
  self.encoder = nn.TransformerEncoder(block, layers)
{"anchor_rank": 9, "anchor": "EEVT", "budget": 160, "r2": 0.28719185507826994, "regret": {"1": {"acquired": 0.34948801435530186, "novel_design": 0.36518114898353815, "campaign": 0.34948801435530186}, "2": {"acquired": 0.36782336235046387, "novel_design": 1.8227148354053497, "campaign": 0.36782336235046387}, "3": {"acquired": 2.136345386505127, "novel_design": 5.462490916252136, "campaign": 2.136345386505127}, "4": {"acquired": 4.118179798126221, "novel_design": 3.5028085708618164, "campaign": 3.5028085708618164}}}
/media/PM983/Code/PLS/src/pls/editflow/student.py:46: UserWarning: enable_nested_tensor is True, but self.use_nested_tensor is False because encoder_layer.norm_first was True
  self.encoder = nn.TransformerEncoder(block, layers)
{"anchor_rank": 9, "anchor": "EEVT", "budget": 320, "r2": 0.16544907938842568, "regret": {"1": {"acquired": 0.34948801435530186, "novel_design": 0.36518114898353815, "campaign": 0.34948801435530186}, "2": {"acquired": 0.36782336235046387, "novel_design": 1.8603578209877014, "campaign": 0.36782336235046387}, "3": {"acquired": 2.136345386505127, "novel_design": 6.652805991470814, "campaign": 2.136345386505127}, "4": {"acquired": 1.20509672164917, "novel_design": 2.7344770431518555, "campaign": 1.20509672164917}}}
/media/PM983/Code/PLS/src/pls/editflow/student.py:46: UserWarning: enable_nested_tensor is True, but self.use_nested_tensor is False because encoder_layer.norm_first was True
  self.encoder = nn.TransformerEncoder(block, layers)
{"anchor_rank": 9, "anchor": "EEVT", "budget": 640, "r2": 0.45899283021041226, "regret": {"1": {"acquired": 0.34948801435530186, "novel_design": 0.36518114898353815, "campaign": 0.34948801435530186}, "2": {"acquired": 0.36782336235046387, "novel_design": 1.4962520003318787, "campaign": 0.36782336235046387}, "3": {"acquired": 2.136345386505127, "novel_design": 4.732965588569641, "campaign": 2.136345386505127}, "4": {"acquired": 0.0, "novel_design": 0.0, "campaign": 0.0}}}
/media/PM983/Code/PLS/src/pls/editflow/student.py:46: UserWarning: enable_nested_tensor is True, but self.use_nested_tensor is False because encoder_layer.norm_first was True
  self.encoder = nn.TransformerEncoder(block, layers)
{"anchor_rank": 10, "anchor": "QMDR", "budget": 80, "r2": 0.02114715823375013, "regret": {"1": {"acquired": 0.011071528075262904, "novel_design": 0.009732817532494664, "campaign": 0.009732817532494664}, "2": {"acquired": 1.8462395707610995, "novel_design": 1.837557272054255, "campaign": 1.837557272054255}, "3": {"acquired": 4.220707431435585, "novel_design": 3.4182189106941223, "campaign": 3.4182189106941223}, "4": {"acquired": 7.985396325588226, "novel_design": 8.71979908645153, "campaign": 7.985396325588226}}}
/media/PM983/Code/PLS/src/pls/editflow/student.py:46: UserWarning: enable_nested_tensor is True, but self.use_nested_tensor is False because encoder_layer.norm_first was True
  self.encoder = nn.TransformerEncoder(block, layers)
{"anchor_rank": 10, "anchor": "QMDR", "budget": 160, "r2": 0.2907919923405987, "regret": {"1": {"acquired": 0.011071528075262904, "novel_design": 0.009859870187938213, "campaign": 0.009859870187938213}, "2": {"acquired": 1.8462395707610995, "novel_design": 1.2027961611747742, "campaign": 1.2027961611747742}, "3": {"acquired": 3.4182189106941223, "novel_design": 2.1451432704925537, "campaign": 2.1451432704925537}, "4": {"acquired": 4.897390842437744, "novel_design": 5.259789705276489, "campaign": 4.897390842437744}}}
/media/PM983/Code/PLS/src/pls/editflow/student.py:46: UserWarning: enable_nested_tensor is True, but self.use_nested_tensor is False because encoder_layer.norm_first was True
  self.encoder = nn.TransformerEncoder(block, layers)
{"anchor_rank": 10, "anchor": "QMDR", "budget": 320, "r2": 0.35771639374935016, "regret": {"1": {"acquired": 0.011071528075262904, "novel_design": 0.009859870187938213, "campaign": 0.009859870187938213}, "2": {"acquired": 1.8462395707610995, "novel_design": 0.0, "campaign": 0.0}, "3": {"acquired": 0.39659595489501953, "novel_design": 0.9376688003540039, "campaign": 0.39659595489501953}, "4": {"acquired": 1.20509672164917, "novel_design": 1.5333056449890137, "campaign": 1.20509672164917}}}
/media/PM983/Code/PLS/src/pls/editflow/student.py:46: UserWarning: enable_nested_tensor is True, but self.use_nested_tensor is False because encoder_layer.norm_first was True
  self.encoder = nn.TransformerEncoder(block, layers)
{"anchor_rank": 10, "anchor": "QMDR", "budget": 640, "r2": 0.4026976168390204, "regret": {"1": {"acquired": 0.011071528075262904, "novel_design": 0.006738021969795227, "campaign": 0.006738021969795227}, "2": {"acquired": 1.8462395707610995, "novel_design": 0.0, "campaign": 0.0}, "3": {"acquired": 0.0, "novel_design": 1.2511203289031982, "campaign": 0.0}, "4": {"acquired": 1.20509672164917, "novel_design": 3.362215995788574, "campaign": 1.20509672164917}}}
/media/PM983/Code/PLS/src/pls/editflow/student.py:46: UserWarning: enable_nested_tensor is True, but self.use_nested_tensor is False because encoder_layer.norm_first was True
  self.encoder = nn.TransformerEncoder(block, layers)
{"anchor_rank": 11, "anchor": "WSCP", "budget": 80, "r2": -0.019996164912804648, "regret": {"1": {"acquired": 4.804046211764216, "novel_design": 4.396329909563065, "campaign": 4.396329909563065}, "2": {"acquired": 6.797673344612122, "novel_design": 7.265414172783494, "campaign": 6.797673344612122}, "3": {"acquired": 7.072209477424622, "novel_design": 7.523922950029373, "campaign": 7.072209477424622}, "4": {"acquired": 8.277306199073792, "novel_design": 8.730158548802137, "campaign": 8.277306199073792}}}
/media/PM983/Code/PLS/src/pls/editflow/student.py:46: UserWarning: enable_nested_tensor is True, but self.use_nested_tensor is False because encoder_layer.norm_first was True
  self.encoder = nn.TransformerEncoder(block, layers)
{"anchor_rank": 11, "anchor": "WSCP", "budget": 160, "r2": 0.1679991110754021, "regret": {"1": {"acquired": 4.00211238861084, "novel_design": 0.0, "campaign": 0.0}, "2": {"acquired": 2.638546943664551, "novel_design": 2.0231757164001465, "campaign": 2.0231757164001465}, "3": {"acquired": 2.913083076477051, "novel_design": 6.295714497566223, "campaign": 2.913083076477051}, "4": {"acquired": 4.118179798126221, "novel_design": 7.500811219215393, "campaign": 4.118179798126221}}}
/media/PM983/Code/PLS/src/pls/editflow/student.py:46: UserWarning: enable_nested_tensor is True, but self.use_nested_tensor is False because encoder_layer.norm_first was True
  self.encoder = nn.TransformerEncoder(block, layers)
{"anchor_rank": 11, "anchor": "WSCP", "budget": 320, "r2": 0.4429490873780181, "regret": {"1": {"acquired": 0.0, "novel_design": 0.0, "campaign": 0.0}, "2": {"acquired": 1.8841981887817383, "novel_design": 0.0, "campaign": 0.0}, "3": {"acquired": 1.7502140998840332, "novel_design": 0.32820892333984375, "campaign": 0.32820892333984375}, "4": {"acquired": 2.955310821533203, "novel_design": 1.5333056449890137, "campaign": 1.5333056449890137}}}
/media/PM983/Code/PLS/src/pls/editflow/student.py:46: UserWarning: enable_nested_tensor is True, but self.use_nested_tensor is False because encoder_layer.norm_first was True
  self.encoder = nn.TransformerEncoder(block, layers)
{"anchor_rank": 11, "anchor": "WSCP", "budget": 640, "r2": 0.43256621011504925, "regret": {"1": {"acquired": 0.0, "novel_design": 0.0, "campaign": 0.0}, "2": {"acquired": 0.0, "novel_design": 4.75868821144104, "campaign": 0.0}, "3": {"acquired": 0.0, "novel_design": 0.5868663787841797, "campaign": 0.0}, "4": {"acquired": 1.20509672164917, "novel_design": 2.4708828926086426, "campaign": 1.20509672164917}}}
/media/PM983/Code/PLS/src/pls/editflow/student.py:46: UserWarning: enable_nested_tensor is True, but self.use_nested_tensor is False because encoder_layer.norm_first was True
  self.encoder = nn.TransformerEncoder(block, layers)
{"anchor_rank": 12, "anchor": "DPHR", "budget": 80, "r2": -0.8315400087230369, "regret": {"1": {"acquired": 0.009426145814359188, "novel_design": 0.016598213696852326, "campaign": 0.009426145814359188}, "2": {"acquired": 0.040409719571471214, "novel_design": 0.061165713937953115, "campaign": 0.040409719571471214}, "3": {"acquired": 3.683054907247424, "novel_design": 3.6884376481175423, "campaign": 3.683054907247424}, "4": {"acquired": 5.444634914398193, "novel_design": 8.28002056479454, "campaign": 5.444634914398193}}}
/media/PM983/Code/PLS/src/pls/editflow/student.py:46: UserWarning: enable_nested_tensor is True, but self.use_nested_tensor is False because encoder_layer.norm_first was True
  self.encoder = nn.TransformerEncoder(block, layers)
{"anchor_rank": 12, "anchor": "DPHR", "budget": 160, "r2": -0.08424724590714172, "regret": {"1": {"acquired": 0.009426145814359188, "novel_design": 0.019577380269765854, "campaign": 0.009426145814359188}, "2": {"acquired": 0.040409719571471214, "novel_design": 0.05765646044164896, "campaign": 0.040409719571471214}, "3": {"acquired": 3.676171349361539, "novel_design": 3.705895185470581, "campaign": 3.676171349361539}, "4": {"acquired": 3.267090320587158, "novel_design": 4.649201393127441, "campaign": 3.267090320587158}}}
/media/PM983/Code/PLS/src/pls/editflow/student.py:46: UserWarning: enable_nested_tensor is True, but self.use_nested_tensor is False because encoder_layer.norm_first was True
  self.encoder = nn.TransformerEncoder(block, layers)
{"anchor_rank": 12, "anchor": "DPHR", "budget": 320, "r2": 0.22201528364221046, "regret": {"1": {"acquired": 0.009426145814359188, "novel_design": 0.019577380269765854, "campaign": 0.009426145814359188}, "2": {"acquired": 0.040409719571471214, "novel_design": 0.06324999779462814, "campaign": 0.040409719571471214}, "3": {"acquired": 3.676171349361539, "novel_design": 3.542489305138588, "campaign": 3.542489305138588}, "4": {"acquired": 3.267090320587158, "novel_design": 3.809692859649658, "campaign": 3.267090320587158}}}
/media/PM983/Code/PLS/src/pls/editflow/student.py:46: UserWarning: enable_nested_tensor is True, but self.use_nested_tensor is False because encoder_layer.norm_first was True
  self.encoder = nn.TransformerEncoder(block, layers)
{"anchor_rank": 12, "anchor": "DPHR", "budget": 640, "r2": 0.30818312724283126, "regret": {"1": {"acquired": 0.009426145814359188, "novel_design": 0.019577380269765854, "campaign": 0.009426145814359188}, "2": {"acquired": 0.040409719571471214, "novel_design": 0.06324999779462814, "campaign": 0.040409719571471214}, "3": {"acquired": 3.3647126257419586, "novel_design": 0.21622705459594727, "campaign": 0.21622705459594727}, "4": {"acquired": 2.989933490753174, "novel_design": 5.13061261177063, "campaign": 2.989933490753174}}}
/media/PM983/Code/PLS/src/pls/editflow/student.py:46: UserWarning: enable_nested_tensor is True, but self.use_nested_tensor is False because encoder_layer.norm_first was True
  self.encoder = nn.TransformerEncoder(block, layers)
{"anchor_rank": 13, "anchor": "LWKN", "budget": 80, "r2": -0.022306071713937836, "regret": {"1": {"acquired": 1.768102071247995, "novel_design": 1.7739974232390523, "campaign": 1.768102071247995}, "2": {"acquired": 7.206055294722319, "novel_design": 7.225744326598942, "campaign": 7.206055294722319}, "3": {"acquired": 8.729808636009693, "novel_design": 7.944366455078125, "campaign": 7.944366455078125}, "4": {"acquired": 8.34653127193451, "novel_design": 7.927210032939911, "campaign": 7.927210032939911}}}
/media/PM983/Code/PLS/src/pls/editflow/student.py:46: UserWarning: enable_nested_tensor is True, but self.use_nested_tensor is False because encoder_layer.norm_first was True
  self.encoder = nn.TransformerEncoder(block, layers)
{"anchor_rank": 13, "anchor": "LWKN", "budget": 160, "r2": 0.13222013780745, "regret": {"1": {"acquired": 1.768102071247995, "novel_design": 1.7744203913025558, "campaign": 1.768102071247995}, "2": {"acquired": 7.206055294722319, "novel_design": 6.43927663564682, "campaign": 6.43927663564682}, "3": {"acquired": 7.49846875667572, "novel_design": 7.8598105907440186, "campaign": 7.49846875667572}, "4": {"acquired": 6.874631762504578, "novel_design": 6.946041703224182, "campaign": 6.874631762504578}}}
/media/PM983/Code/PLS/src/pls/editflow/student.py:46: UserWarning: enable_nested_tensor is True, but self.use_nested_tensor is False because encoder_layer.norm_first was True
  self.encoder = nn.TransformerEncoder(block, layers)
{"anchor_rank": 13, "anchor": "LWKN", "budget": 320, "r2": 0.24606035819068195, "regret": {"1": {"acquired": 1.768102071247995, "novel_design": 1.7744203913025558, "campaign": 1.768102071247995}, "2": {"acquired": 5.178294658660889, "novel_design": 0.0, "campaign": 0.0}, "3": {"acquired": 2.7543387413024902, "novel_design": 1.2073025703430176, "campaign": 1.2073025703430176}, "4": {"acquired": 2.7543387413024902, "novel_design": 1.2073025703430176, "campaign": 1.2073025703430176}}}
/media/PM983/Code/PLS/src/pls/editflow/student.py:46: UserWarning: enable_nested_tensor is True, but self.use_nested_tensor is False because encoder_layer.norm_first was True
  self.encoder = nn.TransformerEncoder(block, layers)
{"anchor_rank": 13, "anchor": "LWKN", "budget": 640, "r2": 0.47887692848404617, "regret": {"1": {"acquired": 1.768102071247995, "novel_design": 0.0, "campaign": 0.0}, "2": {"acquired": 0.0, "novel_design": 1.720761775970459, "campaign": 0.0}, "3": {"acquired": 1.2073025703430176, "novel_design": 0.0, "campaign": 0.0}, "4": {"acquired": 0.7168140411376953, "novel_design": 0.0, "campaign": 0.0}}}
/media/PM983/Code/PLS/src/pls/editflow/student.py:46: UserWarning: enable_nested_tensor is True, but self.use_nested_tensor is False because encoder_layer.norm_first was True
  self.encoder = nn.TransformerEncoder(block, layers)
{"anchor_rank": 14, "anchor": "YWFN", "budget": 80, "r2": 0.022374768680086032, "regret": {"1": {"acquired": 4.952464837580919, "novel_design": 4.001872897148132, "campaign": 4.001872897148132}, "2": {"acquired": 6.282943982630968, "novel_design": 6.085536479949951, "campaign": 6.085536479949951}, "3": {"acquired": 8.104246020317078, "novel_design": 8.586355477571487, "campaign": 8.104246020317078}, "4": {"acquired": 8.104246020317078, "novel_design": 8.76196575164795, "campaign": 8.104246020317078}}}
/media/PM983/Code/PLS/src/pls/editflow/student.py:46: UserWarning: enable_nested_tensor is True, but self.use_nested_tensor is False because encoder_layer.norm_first was True
  self.encoder = nn.TransformerEncoder(block, layers)
{"anchor_rank": 14, "anchor": "YWFN", "budget": 160, "r2": 0.1946278053821825, "regret": {"1": {"acquired": 2.9362010955810547, "novel_design": 0.0, "campaign": 0.0}, "2": {"acquired": 0.36877870559692383, "novel_design": 2.998375415802002, "campaign": 0.36877870559692383}, "3": {"acquired": 2.7872471809387207, "novel_design": 2.7543387413024902, "campaign": 2.7543387413024902}, "4": {"acquired": 2.7872471809387207, "novel_design": 2.717728614807129, "campaign": 2.717728614807129}}}
/media/PM983/Code/PLS/src/pls/editflow/student.py:46: UserWarning: enable_nested_tensor is True, but self.use_nested_tensor is False because encoder_layer.norm_first was True
  self.encoder = nn.TransformerEncoder(block, layers)
{"anchor_rank": 14, "anchor": "YWFN", "budget": 320, "r2": 0.3704365299820874, "regret": {"1": {"acquired": 2.9362010955810547, "novel_design": 0.0, "campaign": 0.0}, "2": {"acquired": 0.36877870559692383, "novel_design": 0.5019140243530273, "campaign": 0.36877870559692383}, "3": {"acquired": 1.2073025703430176, "novel_design": 2.719888210296631, "campaign": 1.2073025703430176}, "4": {"acquired": 1.2073025703430176, "novel_design": 5.595627069473267, "campaign": 1.2073025703430176}}}
/media/PM983/Code/PLS/src/pls/editflow/student.py:46: UserWarning: enable_nested_tensor is True, but self.use_nested_tensor is False because encoder_layer.norm_first was True
  self.encoder = nn.TransformerEncoder(block, layers)
{"anchor_rank": 14, "anchor": "YWFN", "budget": 640, "r2": 0.46052128031840267, "regret": {"1": {"acquired": 2.9362010955810547, "novel_design": 0.0, "campaign": 0.0}, "2": {"acquired": 0.36877870559692383, "novel_design": 0.0, "campaign": 0.0}, "3": {"acquired": 0.0, "novel_design": 0.9691591262817383, "campaign": 0.0}, "4": {"acquired": 0.0, "novel_design": 0.9691591262817383, "campaign": 0.0}}}
/media/PM983/Code/PLS/src/pls/editflow/student.py:46: UserWarning: enable_nested_tensor is True, but self.use_nested_tensor is False because encoder_layer.norm_first was True
  self.encoder = nn.TransformerEncoder(block, layers)
{"anchor_rank": 15, "anchor": "EDDI", "budget": 80, "r2": -0.1461815132577109, "regret": {"1": {"acquired": 0.0686978898011148, "novel_design": 0.06673177052289248, "campaign": 0.06673177052289248}, "2": {"acquired": 2.6097905337810516, "novel_design": 2.9876614483073354, "campaign": 2.6097905337810516}, "3": {"acquired": 4.533920437097549, "novel_design": 4.173451781272888, "campaign": 4.173451781272888}, "4": {"acquired": 5.823999881744385, "novel_design": 8.659184500575066, "campaign": 5.823999881744385}}}
/media/PM983/Code/PLS/src/pls/editflow/student.py:46: UserWarning: enable_nested_tensor is True, but self.use_nested_tensor is False because encoder_layer.norm_first was True
  self.encoder = nn.TransformerEncoder(block, layers)
{"anchor_rank": 15, "anchor": "EDDI", "budget": 160, "r2": 0.14429118000242458, "regret": {"1": {"acquired": 0.0686978898011148, "novel_design": 0.06673177052289248, "campaign": 0.06673177052289248}, "2": {"acquired": 2.6097905337810516, "novel_design": 2.9149153754115105, "campaign": 2.6097905337810516}, "3": {"acquired": 4.533920437097549, "novel_design": 4.666524559259415, "campaign": 4.533920437097549}, "4": {"acquired": 4.663466930389404, "novel_design": 4.164702892303467, "campaign": 4.164702892303467}}}
/media/PM983/Code/PLS/src/pls/editflow/student.py:46: UserWarning: enable_nested_tensor is True, but self.use_nested_tensor is False because encoder_layer.norm_first was True
  self.encoder = nn.TransformerEncoder(block, layers)
{"anchor_rank": 15, "anchor": "EDDI", "budget": 320, "r2": 0.2555169150388422, "regret": {"1": {"acquired": 0.0686978898011148, "novel_design": 0.0, "campaign": 0.0}, "2": {"acquired": 2.6097905337810516, "novel_design": 2.6846605241298676, "campaign": 2.6097905337810516}, "3": {"acquired": 2.5362484455108643, "novel_design": 1.0594911575317383, "campaign": 1.0594911575317383}, "4": {"acquired": 0.0, "novel_design": 3.092878818511963, "campaign": 0.0}}}
/media/PM983/Code/PLS/src/pls/editflow/student.py:46: UserWarning: enable_nested_tensor is True, but self.use_nested_tensor is False because encoder_layer.norm_first was True
  self.encoder = nn.TransformerEncoder(block, layers)
{"anchor_rank": 15, "anchor": "EDDI", "budget": 640, "r2": 0.6537596503678672, "regret": {"1": {"acquired": 0.0686978898011148, "novel_design": 0.0, "campaign": 0.0}, "2": {"acquired": 2.6097905337810516, "novel_design": 2.8073759973049164, "campaign": 2.6097905337810516}, "3": {"acquired": 1.0594911575317383, "novel_design": 0.8271450996398926, "campaign": 0.8271450996398926}, "4": {"acquired": 0.0, "novel_design": 0.678919792175293, "campaign": 0.0}}}
{"aggregate": [{"budget": 80, "anchors": 16, "value_r2": {"mean": -0.11253012786666175, "median": -0.02151343980770848, "standard_deviation": 0.22509947732053923, "minimum": -0.8315400087230369, "maximum": 0.022374768680086032, "count": 16}, "edge_spearman": {"mean": 0.1682934337916947, "median": 0.17112927591511368, "standard_deviation": 0.06508879422726485, "minimum": 0.03248976056661079, "maximum": 0.27366032744455837, "count": 16}, "anchor_macro_kendall_tau": {"mean": 0.1334878944761117, "median": 0.1467327200462818, "standard_deviation": 0.05530835038226309, "minimum": 0.017069328042537295, "maximum": 0.21238698365776926, "count": 16}, "closed_edges": {"mean": 94.1875, "median": 94.5, "standard_deviation": 5.269013190342192, "minimum": 85.0, "maximum": 103.0, "count": 16}, "regret": {"1": {"acquired": {"mean": 1.4221826386346947, "median": 0.5129121689824387, "standard_deviation": 1.8223073461920718, "minimum": 0.006570606958121061, "maximum": 4.952464837580919, "count": 16, "zero_regret_fraction": 0.0, "unavailable_fraction": 0.0}, "novel_design": {"mean": 1.1261584262392716, "median": 0.20936877792701125, "standard_deviation": 1.6145125221022838, "minimum": 0.0, "maximum": 4.396329909563065, "count": 16, "zero_regret_fraction": 0.0625, "unavailable_fraction": 0.0}, "campaign": {"mean": 1.1245119699597126, "median": 0.20810989243909717, "standard_deviation": 1.6150929698254002, "minimum": 0.0, "maximum": 4.396329909563065, "count": 16, "zero_regret_fraction": 0.0625, "unavailable_fraction": 0.0}}, "2": {"acquired": {"mean": 4.206242589280009, "median": 4.238898400217295, "standard_deviation": 2.0437981766004945, "minimum": 0.040409719571471214, "maximum": 7.206055294722319, "count": 16, "zero_regret_fraction": 0.0, "unavailable_fraction": 0.0}, "novel_design": {"mean": 3.8412952842045343, "median": 3.657251380616799, "standard_deviation": 2.7693241696749675, "minimum": 0.0, "maximum": 7.265414172783494, "count": 16, "zero_regret_fraction": 0.0625, "unavailable_fraction": 0.0}, "campaign": {"mean": 3.548461556667462, "median": 3.6392401908524334, "standard_deviation": 2.538471751026345, "minimum": 0.0, "maximum": 7.206055294722319, "count": 16, "zero_regret_fraction": 0.0625, "unavailable_fraction": 0.0}}, "3": {"acquired": {"mean": 5.998593097436242, "median": 6.423866153694689, "standard_deviation": 1.6875756951972474, "minimum": 3.08636736869812, "maximum": 8.729808636009693, "count": 16, "zero_regret_fraction": 0.0, "unavailable_fraction": 0.0}, "novel_design": {"mean": 6.180569569201907, "median": 6.143138395622373, "standard_deviation": 1.5603440721076016, "minimum": 3.4182189106941223, "maximum": 8.586355477571487, "count": 16, "zero_regret_fraction": 0.0, "unavailable_fraction": 0.0}, "campaign": {"mean": 5.665280000772327, "median": 6.009514429606497, "standard_deviation": 1.6413753111600111, "minimum": 3.08636736869812, "maximum": 8.104246020317078, "count": 16, "zero_regret_fraction": 0.0, "unavailable_fraction": 0.0}}, "4": {"acquired": {"mean": 7.066959302872419, "median": 7.3393203020095825, "standard_deviation": 1.2935330279495383, "minimum": 4.828968524932861, "maximum": 8.663391917943954, "count": 16, "zero_regret_fraction": 0.0, "unavailable_fraction": 0.0}, "novel_design": {"mean": 8.095482091157464, "median": 8.517905823886395, "standard_deviation": 0.8994915566993031, "minimum": 5.820515155792236, "maximum": 8.76196575164795, "count": 16, "zero_regret_fraction": 0.0, "unavailable_fraction": 0.0}, "campaign": {"mean": 6.833940686658025, "median": 7.049836218357086, "standard_deviation": 1.2166545054136417, "minimum": 4.828968524932861, "maximum": 8.431090384721756, "count": 16, "zero_regret_fraction": 0.0, "unavailable_fraction": 0.0}}}}, {"budget": 160, "anchors": 16, "value_r2": {"mean": -0.05581933236525283, "median": 0.10131475855482747, "standard_deviation": 0.6041425926307382, "minimum": -2.2719737258520456, "maximum": 0.2907919923405987, "count": 16}, "edge_spearman": {"mean": 0.2882414838218508, "median": 0.2894298662820193, "standard_deviation": 0.04895808127849781, "minimum": 0.17435436784499003, "maximum": 0.3606446893968315, "count": 16}, "anchor_macro_kendall_tau": {"mean": 0.18989893569011945, "median": 0.1886181506798485, "standard_deviation": 0.03361066072682343, "minimum": 0.12037362731562984, "maximum": 0.25686673081524314, "count": 16}, "closed_edges": {"mean": 674.5, "median": 690.0, "standard_deviation": 87.07468059085832, "minimum": 504.0, "maximum": 826.0, "count": 16}, "regret": {"1": {"acquired": {"mean": 1.2058614915295038, "median": 0.5129121689824387, "standard_deviation": 1.4416143242172312, "minimum": 0.006570606958121061, "maximum": 4.00211238861084, "count": 16, "zero_regret_fraction": 0.0, "unavailable_fraction": 0.0}, "novel_design": {"mean": 0.3680811867088778, "median": 0.019135092734359205, "standard_deviation": 0.704529790563798, "minimum": 0.0, "maximum": 2.344935141503811, "count": 16, "zero_regret_fraction": 0.25, "unavailable_fraction": 0.0}, "campaign": {"mean": 0.364756546827266, "median": 0.01427025580778718, "standard_deviation": 0.7036774900223324, "minimum": 0.0, "maximum": 2.344935141503811, "count": 16, "zero_regret_fraction": 0.25, "unavailable_fraction": 0.0}}, "2": {"acquired": {"mean": 3.3552445196546614, "median": 3.3355415114201605, "standard_deviation": 2.048512500880335, "minimum": 0.040409719571471214, "maximum": 7.206055294722319, "count": 16, "zero_regret_fraction": 0.0, "unavailable_fraction": 0.0}, "novel_design": {"mean": 2.7907594757707557, "median": 2.956645395606756, "standard_deviation": 1.7832101800238171, "minimum": 0.05052685737609863, "maximum": 6.43927663564682, "count": 16, "zero_regret_fraction": 0.0, "unavailable_fraction": 0.0}, "campaign": {"mean": 2.5131161046447232, "median": 2.316483125090599, "standard_deviation": 1.9536143191742357, "minimum": 0.040409719571471214, "maximum": 6.43927663564682, "count": 16, "zero_regret_fraction": 0.0, "unavailable_fraction": 0.0}}, "3": {"acquired": {"mean": 3.70617277699057, "median": 3.5471951300278306, "standard_deviation": 1.7542670374570513, "minimum": 0.034450531005859375, "maximum": 7.49846875667572, "count": 16, "zero_regret_fraction": 0.0, "unavailable_fraction": 0.0}, "novel_design": {"mean": 4.399494723416865, "median": 4.621817663311958, "standard_deviation": 1.9372276751487083, "minimum": 1.1007752418518066, "maximum": 7.8598105907440186, "count": 16, "zero_regret_fraction": 0.0, "unavailable_fraction": 0.0}, "campaign": {"mean": 3.4472836825298145, "median": 3.121095657348633, "standard_deviation": 1.8412642132444144, "minimum": 0.034450531005859375, "maximum": 7.49846875667572, "count": 16, "zero_regret_fraction": 0.0, "unavailable_fraction": 0.0}}, "4": {"acquired": {"mean": 4.190696135163307, "median": 4.213488578796387, "standard_deviation": 1.6731076738171553, "minimum": 1.2073025703430176, "maximum": 8.117981314659119, "count": 16, "zero_regret_fraction": 0.0, "unavailable_fraction": 0.0}, "novel_design": {"mean": 4.675470005720854, "median": 4.406952142715454, "standard_deviation": 1.8047162399808334, "minimum": 1.47963285446167, "maximum": 8.062835395336151, "count": 16, "zero_regret_fraction": 0.0, "unavailable_fraction": 0.0}, "campaign": {"mean": 3.9654152132570744, "median": 3.6507115364074707, "standard_deviation": 1.7133377283469038, "minimum": 1.2073025703430176, "maximum": 8.062835395336151, "count": 16, "zero_regret_fraction": 0.0, "unavailable_fraction": 0.0}}}}, {"budget": 320, "anchors": 16, "value_r2": {"mean": 0.2708876401787027, "median": 0.2970467181175749, "standard_deviation": 0.1640273170067006, "minimum": -0.1398409913262193, "maximum": 0.4713346885985811, "count": 16}, "edge_spearman": {"mean": 0.32909555729312223, "median": 0.3332615579860002, "standard_deviation": 0.03959072405083309, "minimum": 0.2528031240456572, "maximum": 0.3897081487220499, "count": 16}, "anchor_macro_kendall_tau": {"mean": 0.21113929086751565, "median": 0.20936791590464593, "standard_deviation": 0.029297491558505938, "minimum": 0.16036139735169164, "maximum": 0.26288029002453683, "count": 16}, "closed_edges": {"mean": 1938.125, "median": 1914.5, "standard_deviation": 259.70903591006095, "minimum": 1603.0, "maximum": 2678.0, "count": 16}, "regret": {"1": {"acquired": {"mean": 0.5635379379673395, "median": 0.01825475413352251, "standard_deviation": 0.9479089576106544, "minimum": 0.0, "maximum": 2.9362010955810547, "count": 16, "zero_regret_fraction": 0.1875, "unavailable_fraction": 0.0}, "novel_design": {"mean": 0.47404904359427746, "median": 0.01703102618921548, "standard_deviation": 0.7812089376611273, "minimum": 0.0, "maximum": 2.344935141503811, "count": 16, "zero_regret_fraction": 0.25, "unavailable_fraction": 0.0}, "campaign": {"mean": 0.3602837181824725, "median": 0.011487103067338467, "standard_deviation": 0.7059135862806216, "minimum": 0.0, "maximum": 2.344935141503811, "count": 16, "zero_regret_fraction": 0.3125, "unavailable_fraction": 0.0}}, "2": {"acquired": {"mean": 2.6104514168109745, "median": 2.6849277983419597, "standard_deviation": 1.7665143360785458, "minimum": 0.040409719571471214, "maximum": 5.589880084386095, "count": 16, "zero_regret_fraction": 0.0, "unavailable_fraction": 0.0}, "novel_design": {"mean": 1.5996370107022813, "median": 1.0052785873413086, "standard_deviation": 1.790396510688842, "minimum": 0.0, "maximum": 5.498118348419666, "count": 16, "zero_regret_fraction": 0.25, "unavailable_fraction": 0.0}, "campaign": {"mean": 1.4271022660541348, "median": 0.5721180438995361, "standard_deviation": 1.7537079210549364, "minimum": 0.0, "maximum": 5.498118348419666, "count": 16, "zero_regret_fraction": 0.25, "unavailable_fraction": 0.0}}, "3": {"acquired": {"mean": 2.3123106240527704, "median": 2.2141849994659424, "standard_deviation": 1.2763686104481669, "minimum": 0.0, "maximum": 4.398461103439331, "count": 16, "zero_regret_fraction": 0.0625, "unavailable_fraction": 0.0}, "novel_design": {"mean": 3.060596473980695, "median": 3.119415044784546, "standard_deviation": 2.0405057372069453, "minimum": 0.32820892333984375, "maximum": 6.652805991470814, "count": 16, "zero_regret_fraction": 0.0, "unavailable_fraction": 0.0}, "campaign": {"mean": 1.947721735574305, "median": 1.5607941150665283, "standard_deviation": 1.4214526448677824, "minimum": 0.0, "maximum": 4.398461103439331, "count": 16, "zero_regret_fraction": 0.0625, "unavailable_fraction": 0.0}}, "4": {"acquired": {"mean": 2.132686108350754, "median": 2.5864036083221436, "standard_deviation": 1.1771506549216633, "minimum": 0.0, "maximum": 3.8348703384399414, "count": 16, "zero_regret_fraction": 0.125, "unavailable_fraction": 0.0}, "novel_design": {"mean": 2.8170897513628006, "median": 2.760862112045288, "standard_deviation": 1.263340196799916, "minimum": 1.2073025703430176, "maximum": 5.595627069473267, "count": 16, "zero_regret_fraction": 0.0, "unavailable_fraction": 0.0}, "campaign": {"mean": 1.7190450727939606, "median": 1.5333056449890137, "standard_deviation": 0.9616166024514181, "minimum": 0.0, "maximum": 3.267090320587158, "count": 16, "zero_regret_fraction": 0.125, "unavailable_fraction": 0.0}}}}, {"budget": 640, "anchors": 16, "value_r2": {"mean": 0.42556289087946736, "median": 0.42997829128724196, "standard_deviation": 0.11221377212360134, "minimum": 0.16713282743111457, "maximum": 0.6537596503678672, "count": 16}, "edge_spearman": {"mean": 0.3566859632943078, "median": 0.3527756880930841, "standard_deviation": 0.04187655794730757, "minimum": 0.24029600618300004, "maximum": 0.4168028643532128, "count": 16}, "anchor_macro_kendall_tau": {"mean": 0.2222400302118797, "median": 0.21916503429949036, "standard_deviation": 0.028621662001508952, "minimum": 0.16164426844077923, "maximum": 0.2669677426330112, "count": 16}, "closed_edges": {"mean": 5077.0, "median": 4913.5, "standard_deviation": 562.320667709567, "minimum": 4162.0, "maximum": 6141.0, "count": 16}, "regret": {"1": {"acquired": {"mean": 0.5635379379673395, "median": 0.01825475413352251, "standard_deviation": 0.9479089576106544, "minimum": 0.0, "maximum": 2.9362010955810547, "count": 16, "zero_regret_fraction": 0.1875, "unavailable_fraction": 0.0}, "novel_design": {"mean": 0.22039643267635256, "median": 0.010499895550310612, "standard_deviation": 0.4914617649788069, "minimum": 0.0, "maximum": 1.860289454460144, "count": 16, "zero_regret_fraction": 0.375, "unavailable_fraction": 0.0}, "campaign": {"mean": 0.2176408391824225, "median": 0.008082083892077208, "standard_deviation": 0.49042982401498303, "minimum": 0.0, "maximum": 1.860289454460144, "count": 16, "zero_regret_fraction": 0.375, "unavailable_fraction": 0.0}}, "2": {"acquired": {"mean": 1.4733132443507202, "median": 0.5721180438995361, "standard_deviation": 1.7801424263331433, "minimum": 0.0, "maximum": 5.589880084386095, "count": 16, "zero_regret_fraction": 0.25, "unavailable_fraction": 0.0}, "novel_design": {"mean": 1.81216232618317, "median": 1.6085068881511688, "standard_deviation": 1.6174272157233673, "minimum": 0.0, "maximum": 4.75868821144104, "count": 16, "zero_regret_fraction": 0.1875, "unavailable_fraction": 0.0}, "campaign": {"mean": 1.015048250905238, "median": 0.045468288473784924, "standard_deviation": 1.4920485256684455, "minimum": 0.0, "maximum": 4.017922878265381, "count": 16, "zero_regret_fraction": 0.4375, "unavailable_fraction": 0.0}}, "3": {"acquired": {"mean": 1.0426005367189646, "median": 1.0801331996917725, "standard_deviation": 0.9270599311165348, "minimum": 0.0, "maximum": 3.3647126257419586, "count": 16, "zero_regret_fraction": 0.25, "unavailable_fraction": 0.0}, "novel_design": {"mean": 1.9458721652626991, "median": 1.4037240743637085, "standard_deviation": 1.5378938338103496, "minimum": 0.0, "maximum": 4.732965588569641, "count": 16, "zero_regret_fraction": 0.0625, "unavailable_fraction": 0.0}, "campaign": {"mean": 0.7497168779373169, "median": 0.6523871421813965, "standard_deviation": 0.7213654611360366, "minimum": 0.0, "maximum": 2.136345386505127, "count": 16, "zero_regret_fraction": 0.3125, "unavailable_fraction": 0.0}}, "4": {"acquired": {"mean": 1.1118674576282501, "median": 1.20509672164917, "standard_deviation": 1.0964262505751563, "minimum": 0.0, "maximum": 2.989933490753174, "count": 16, "zero_regret_fraction": 0.375, "unavailable_fraction": 0.0}, "novel_design": {"mean": 2.558027371764183, "median": 2.4328410625457764, "standard_deviation": 1.844264445611906, "minimum": 0.0, "maximum": 6.1483314037323, "count": 16, "zero_regret_fraction": 0.125, "unavailable_fraction": 0.0}, "campaign": {"mean": 1.0670665800571442, "median": 1.20509672164917, "standard_deviation": 1.1278394090060877, "minimum": 0.0, "maximum": 2.989933490753174, "count": 16, "zero_regret_fraction": 0.4375, "unavailable_fraction": 0.0}}}}], "query_budget": {"acquisition": "greedy", "anchors": 16, "budget_curve": [80, 160, 320, 640], "final_unique_queries_per_anchor": 640, "total_oracle_queries_across_independent_anchors": 10240, "teacher_query_cost_unit": "unique measured node per independent anchor", "same_protocol_required": true, "anchor_protocol_sha256": "3b3ef4a2152d1eac8f0780fe4f5964eb491e7113c3d93837def3dbe64a589566", "test_evaluated": false}, "test_evaluated": false}
