/media/PM983/Code/PLS/src/pls/editflow/student.py:46: UserWarning: enable_nested_tensor is True, but self.use_nested_tensor is False because encoder_layer.norm_first was True
  self.encoder = nn.TransformerEncoder(block, layers)
/media/PM983/Code/PLS/src/pls/editflow/student.py:46: UserWarning: enable_nested_tensor is True, but self.use_nested_tensor is False because encoder_layer.norm_first was True
  self.encoder = nn.TransformerEncoder(block, layers)
{"anchor_rank": 0, "anchor": "IDLS", "budget": 80, "r2": -0.04164477183525617, "regret": {"1": 1.5854580998420715, "2": 2.148078203201294, "3": 4.8389434814453125, "4": 6.288252830505371}}
/media/PM983/Code/PLS/src/pls/editflow/student.py:46: UserWarning: enable_nested_tensor is True, but self.use_nested_tensor is False because encoder_layer.norm_first was True
  self.encoder = nn.TransformerEncoder(block, layers)
{"anchor_rank": 0, "anchor": "IDLS", "budget": 160, "r2": 0.28797608100005545, "regret": {"1": 0.0, "2": 1.6931178569793701, "3": 3.149075508117676, "4": 4.598384857177734}}
/media/PM983/Code/PLS/src/pls/editflow/student.py:46: UserWarning: enable_nested_tensor is True, but self.use_nested_tensor is False because encoder_layer.norm_first was True
  self.encoder = nn.TransformerEncoder(block, layers)
{"anchor_rank": 0, "anchor": "IDLS", "budget": 320, "r2": 0.43021412386780544, "regret": {"1": 0.0, "2": 0.0, "3": 0.8701863288879395, "4": 1.5333056449890137}}
/media/PM983/Code/PLS/src/pls/editflow/student.py:46: UserWarning: enable_nested_tensor is True, but self.use_nested_tensor is False because encoder_layer.norm_first was True
  self.encoder = nn.TransformerEncoder(block, layers)
{"anchor_rank": 0, "anchor": "IDLS", "budget": 640, "r2": 0.5603316337606405, "regret": {"1": 0.0, "2": 0.0, "3": 0.0, "4": 1.2073025703430176}}
/media/PM983/Code/PLS/src/pls/editflow/student.py:46: UserWarning: enable_nested_tensor is True, but self.use_nested_tensor is False because encoder_layer.norm_first was True
  self.encoder = nn.TransformerEncoder(block, layers)
{"anchor_rank": 1, "anchor": "IVGQ", "budget": 80, "r2": -5.205528979941173, "regret": {"1": 0.6910436153411865, "2": 5.444985955953598, "3": 4.182963490486145, "4": 3.617873191833496}}
/media/PM983/Code/PLS/src/pls/editflow/student.py:46: UserWarning: enable_nested_tensor is True, but self.use_nested_tensor is False because encoder_layer.norm_first was True
  self.encoder = nn.TransformerEncoder(block, layers)
{"anchor_rank": 1, "anchor": "IVGQ", "budget": 160, "r2": -0.044103218564802704, "regret": {"1": 0.37053465843200684, "2": 5.4576534032821655, "3": 1.9533066749572754, "4": 3.617873191833496}}
/media/PM983/Code/PLS/src/pls/editflow/student.py:46: UserWarning: enable_nested_tensor is True, but self.use_nested_tensor is False because encoder_layer.norm_first was True
  self.encoder = nn.TransformerEncoder(block, layers)
{"anchor_rank": 1, "anchor": "IVGQ", "budget": 320, "r2": 0.3308445498986383, "regret": {"1": 0.0, "2": 0.0, "3": 0.27004528045654297, "4": 2.989933490753174}}
/media/PM983/Code/PLS/src/pls/editflow/student.py:46: UserWarning: enable_nested_tensor is True, but self.use_nested_tensor is False because encoder_layer.norm_first was True
  self.encoder = nn.TransformerEncoder(block, layers)
{"anchor_rank": 1, "anchor": "IVGQ", "budget": 640, "r2": 0.6125074043555372, "regret": {"1": 0.0, "2": 0.0, "3": 0.27004528045654297, "4": 1.4493093490600586}}
/media/PM983/Code/PLS/src/pls/editflow/student.py:46: UserWarning: enable_nested_tensor is True, but self.use_nested_tensor is False because encoder_layer.norm_first was True
  self.encoder = nn.TransformerEncoder(block, layers)
{"anchor_rank": 2, "anchor": "IDMF", "budget": 80, "r2": 0.0013420655283374883, "regret": {"1": 0.8401250243186951, "2": 5.76873005204834, "3": 6.144945212639868, "4": 7.312262654304504}}
/media/PM983/Code/PLS/src/pls/editflow/student.py:46: UserWarning: enable_nested_tensor is True, but self.use_nested_tensor is False because encoder_layer.norm_first was True
  self.encoder = nn.TransformerEncoder(block, layers)
{"anchor_rank": 2, "anchor": "IDMF", "budget": 160, "r2": 0.21597022764606744, "regret": {"1": 0.0, "2": 0.0, "3": 1.2643165588378906, "4": 4.0413947105407715}}
/media/PM983/Code/PLS/src/pls/editflow/student.py:46: UserWarning: enable_nested_tensor is True, but self.use_nested_tensor is False because encoder_layer.norm_first was True
  self.encoder = nn.TransformerEncoder(block, layers)
{"anchor_rank": 2, "anchor": "IDMF", "budget": 320, "r2": 0.4021777081337671, "regret": {"1": 0.0, "2": 0.0, "3": 3.093018054962158, "4": 1.4493093490600586}}
/media/PM983/Code/PLS/src/pls/editflow/student.py:46: UserWarning: enable_nested_tensor is True, but self.use_nested_tensor is False because encoder_layer.norm_first was True
  self.encoder = nn.TransformerEncoder(block, layers)
{"anchor_rank": 2, "anchor": "IDMF", "budget": 640, "r2": 0.6430364975598625, "regret": {"1": 0.0, "2": 0.0, "3": 0.37526559829711914, "4": 1.4493093490600586}}
/media/PM983/Code/PLS/src/pls/editflow/student.py:46: UserWarning: enable_nested_tensor is True, but self.use_nested_tensor is False because encoder_layer.norm_first was True
  self.encoder = nn.TransformerEncoder(block, layers)
{"anchor_rank": 3, "anchor": "GNAP", "budget": 80, "r2": -0.039271083402655727, "regret": {"1": 0.03887777612544596, "2": 5.348865084350109, "3": 6.684271574020386, "4": 6.684271574020386}}
/media/PM983/Code/PLS/src/pls/editflow/student.py:46: UserWarning: enable_nested_tensor is True, but self.use_nested_tensor is False because encoder_layer.norm_first was True
  self.encoder = nn.TransformerEncoder(block, layers)
{"anchor_rank": 3, "anchor": "GNAP", "budget": 160, "r2": 0.16711453709972046, "regret": {"1": 0.03205476328730583, "2": 3.8909140825271606, "3": 4.696669101715088, "4": 4.696669101715088}}
/media/PM983/Code/PLS/src/pls/editflow/student.py:46: UserWarning: enable_nested_tensor is True, but self.use_nested_tensor is False because encoder_layer.norm_first was True
  self.encoder = nn.TransformerEncoder(block, layers)
{"anchor_rank": 3, "anchor": "GNAP", "budget": 320, "r2": 0.3252844848777795, "regret": {"1": 0.025884969159960747, "2": 1.54549241065979, "3": 3.170665740966797, "4": 2.0722360610961914}}
/media/PM983/Code/PLS/src/pls/editflow/student.py:46: UserWarning: enable_nested_tensor is True, but self.use_nested_tensor is False because encoder_layer.norm_first was True
  self.encoder = nn.TransformerEncoder(block, layers)
{"anchor_rank": 3, "anchor": "GNAP", "budget": 640, "r2": 0.6089645294232944, "regret": {"1": 0.026517309248447418, "2": 0.0, "3": 3.170665740966797, "4": 1.4493093490600586}}
/media/PM983/Code/PLS/src/pls/editflow/student.py:46: UserWarning: enable_nested_tensor is True, but self.use_nested_tensor is False because encoder_layer.norm_first was True
  self.encoder = nn.TransformerEncoder(block, layers)
{"anchor_rank": 4, "anchor": "CFNP", "budget": 80, "r2": 0.06316458554661286, "regret": {"1": 0.03262028656899929, "2": 0.6132628917694092, "3": 4.030128240585327, "4": 5.863837003707886}}
/media/PM983/Code/PLS/src/pls/editflow/student.py:46: UserWarning: enable_nested_tensor is True, but self.use_nested_tensor is False because encoder_layer.norm_first was True
  self.encoder = nn.TransformerEncoder(block, layers)
{"anchor_rank": 4, "anchor": "CFNP", "budget": 160, "r2": 0.17857749081468643, "regret": {"1": 0.03767852485179901, "2": 0.6263737678527832, "3": 3.4193198680877686, "4": 2.989933490753174}}
/media/PM983/Code/PLS/src/pls/editflow/student.py:46: UserWarning: enable_nested_tensor is True, but self.use_nested_tensor is False because encoder_layer.norm_first was True
  self.encoder = nn.TransformerEncoder(block, layers)
{"anchor_rank": 4, "anchor": "CFNP", "budget": 320, "r2": 0.3041487767614549, "regret": {"1": 0.009804919362068176, "2": 0.0, "3": 2.758275032043457, "4": 2.989933490753174}}
/media/PM983/Code/PLS/src/pls/editflow/student.py:46: UserWarning: enable_nested_tensor is True, but self.use_nested_tensor is False because encoder_layer.norm_first was True
  self.encoder = nn.TransformerEncoder(block, layers)
{"anchor_rank": 4, "anchor": "CFNP", "budget": 640, "r2": 0.5350625270992487, "regret": {"1": 0.03262028656899929, "2": 0.0, "3": 0.0, "4": 1.8337087631225586}}
/media/PM983/Code/PLS/src/pls/editflow/student.py:46: UserWarning: enable_nested_tensor is True, but self.use_nested_tensor is False because encoder_layer.norm_first was True
  self.encoder = nn.TransformerEncoder(block, layers)
{"anchor_rank": 5, "anchor": "DTIV", "budget": 80, "r2": -0.020392028880298563, "regret": {"1": 0.003045370802283287, "2": 2.9196960870176554, "3": 6.225027732551098, "4": 8.455661922693253}}
/media/PM983/Code/PLS/src/pls/editflow/student.py:46: UserWarning: enable_nested_tensor is True, but self.use_nested_tensor is False because encoder_layer.norm_first was True
  self.encoder = nn.TransformerEncoder(block, layers)
{"anchor_rank": 5, "anchor": "DTIV", "budget": 160, "r2": -0.02490008800147936, "regret": {"1": 0.012735185446217656, "2": 2.923103709705174, "3": 4.464038968086243, "4": 4.8191282749176025}}
/media/PM983/Code/PLS/src/pls/editflow/student.py:46: UserWarning: enable_nested_tensor is True, but self.use_nested_tensor is False because encoder_layer.norm_first was True
  self.encoder = nn.TransformerEncoder(block, layers)
{"anchor_rank": 5, "anchor": "DTIV", "budget": 320, "r2": 0.3413486201612681, "regret": {"1": 0.01196395535953343, "2": 0.0, "3": 2.903764247894287, "4": 3.694918155670166}}
/media/PM983/Code/PLS/src/pls/editflow/student.py:46: UserWarning: enable_nested_tensor is True, but self.use_nested_tensor is False because encoder_layer.norm_first was True
  self.encoder = nn.TransformerEncoder(block, layers)
{"anchor_rank": 5, "anchor": "DTIV", "budget": 640, "r2": 0.5338305439452966, "regret": {"1": 0.001964755356311798, "2": 0.0, "3": 0.0, "4": 2.2524867057800293}}
/media/PM983/Code/PLS/src/pls/editflow/student.py:46: UserWarning: enable_nested_tensor is True, but self.use_nested_tensor is False because encoder_layer.norm_first was True
  self.encoder = nn.TransformerEncoder(block, layers)
{"anchor_rank": 6, "anchor": "QISI", "budget": 80, "r2": 0.03342372890786682, "regret": {"1": 0.012015536427497864, "2": 3.6581703014671803, "3": 5.217515612952411, "4": 8.122437953948975}}
/media/PM983/Code/PLS/src/pls/editflow/student.py:46: UserWarning: enable_nested_tensor is True, but self.use_nested_tensor is False because encoder_layer.norm_first was True
  self.encoder = nn.TransformerEncoder(block, layers)
{"anchor_rank": 6, "anchor": "QISI", "budget": 160, "r2": 0.11632563620192149, "regret": {"1": 0.21937717776745558, "2": 0.6800045967102051, "3": 2.018571615219116, "4": 6.126549005508423}}
/media/PM983/Code/PLS/src/pls/editflow/student.py:46: UserWarning: enable_nested_tensor is True, but self.use_nested_tensor is False because encoder_layer.norm_first was True
  self.encoder = nn.TransformerEncoder(block, layers)
{"anchor_rank": 6, "anchor": "QISI", "budget": 320, "r2": 0.37458499632573006, "regret": {"1": 0.0, "2": 0.0, "3": 1.2054095268249512, "4": 3.170665740966797}}
/media/PM983/Code/PLS/src/pls/editflow/student.py:46: UserWarning: enable_nested_tensor is True, but self.use_nested_tensor is False because encoder_layer.norm_first was True
  self.encoder = nn.TransformerEncoder(block, layers)
{"anchor_rank": 6, "anchor": "QISI", "budget": 640, "r2": 0.5584394950207139, "regret": {"1": 0.0, "2": 0.0, "3": 0.0, "4": 1.4493093490600586}}
/media/PM983/Code/PLS/src/pls/editflow/student.py:46: UserWarning: enable_nested_tensor is True, but self.use_nested_tensor is False because encoder_layer.norm_first was True
  self.encoder = nn.TransformerEncoder(block, layers)
{"anchor_rank": 7, "anchor": "RITM", "budget": 80, "r2": -0.2520787709929295, "regret": {"1": 0.0, "2": 3.0443171858787537, "3": 5.178509816527367, "4": 5.266642332077026}}
/media/PM983/Code/PLS/src/pls/editflow/student.py:46: UserWarning: enable_nested_tensor is True, but self.use_nested_tensor is False because encoder_layer.norm_first was True
  self.encoder = nn.TransformerEncoder(block, layers)
{"anchor_rank": 7, "anchor": "RITM", "budget": 160, "r2": 0.29557065723958786, "regret": {"1": 0.0, "2": 3.0443171858787537, "3": 0.5601100921630859, "4": 3.3159255981445312}}
/media/PM983/Code/PLS/src/pls/editflow/student.py:46: UserWarning: enable_nested_tensor is True, but self.use_nested_tensor is False because encoder_layer.norm_first was True
  self.encoder = nn.TransformerEncoder(block, layers)
{"anchor_rank": 7, "anchor": "RITM", "budget": 320, "r2": 0.462411040413072, "regret": {"1": 0.0, "2": 0.0, "3": 0.5601100921630859, "4": 2.6381611824035645}}
/media/PM983/Code/PLS/src/pls/editflow/student.py:46: UserWarning: enable_nested_tensor is True, but self.use_nested_tensor is False because encoder_layer.norm_first was True
  self.encoder = nn.TransformerEncoder(block, layers)
{"anchor_rank": 7, "anchor": "RITM", "budget": 640, "r2": 0.5731849031861211, "regret": {"1": 0.0, "2": 0.0, "3": 0.16147804260253906, "4": 0.0}}
/media/PM983/Code/PLS/src/pls/editflow/student.py:46: UserWarning: enable_nested_tensor is True, but self.use_nested_tensor is False because encoder_layer.norm_first was True
  self.encoder = nn.TransformerEncoder(block, layers)
{"anchor_rank": 8, "anchor": "GMIG", "budget": 80, "r2": 0.031430372696123476, "regret": {"1": 0.3919807041529566, "2": 2.434717504773289, "3": 7.250256538391113, "4": 7.744505286216736}}
/media/PM983/Code/PLS/src/pls/editflow/student.py:46: UserWarning: enable_nested_tensor is True, but self.use_nested_tensor is False because encoder_layer.norm_first was True
  self.encoder = nn.TransformerEncoder(block, layers)
{"anchor_rank": 8, "anchor": "GMIG", "budget": 160, "r2": 0.11727717530281201, "regret": {"1": 0.0, "2": 2.4084674827754498, "3": 3.2670722007751465, "4": 4.716381549835205}}
/media/PM983/Code/PLS/src/pls/editflow/student.py:46: UserWarning: enable_nested_tensor is True, but self.use_nested_tensor is False because encoder_layer.norm_first was True
  self.encoder = nn.TransformerEncoder(block, layers)
{"anchor_rank": 8, "anchor": "GMIG", "budget": 320, "r2": 0.42516182657397084, "regret": {"1": 0.0, "2": 0.0023336410522460938, "3": 2.0078787803649902, "4": 3.457188129425049}}
/media/PM983/Code/PLS/src/pls/editflow/student.py:46: UserWarning: enable_nested_tensor is True, but self.use_nested_tensor is False because encoder_layer.norm_first was True
  self.encoder = nn.TransformerEncoder(block, layers)
{"anchor_rank": 8, "anchor": "GMIG", "budget": 640, "r2": 0.507480790089194, "regret": {"1": 0.0, "2": 0.06802535057067871, "3": 0.0, "4": 1.4493093490600586}}
/media/PM983/Code/PLS/src/pls/editflow/student.py:46: UserWarning: enable_nested_tensor is True, but self.use_nested_tensor is False because encoder_layer.norm_first was True
  self.encoder = nn.TransformerEncoder(block, layers)
{"anchor_rank": 9, "anchor": "DFAH", "budget": 80, "r2": -0.03066962860994682, "regret": {"1": 0.016753514704760164, "2": 6.861812546849251, "3": 8.69552130997181, "4": 8.69552130997181}}
/media/PM983/Code/PLS/src/pls/editflow/student.py:46: UserWarning: enable_nested_tensor is True, but self.use_nested_tensor is False because encoder_layer.norm_first was True
  self.encoder = nn.TransformerEncoder(block, layers)
{"anchor_rank": 9, "anchor": "DFAH", "budget": 160, "r2": -0.015664971966181218, "regret": {"1": 0.012540464289486408, "2": 5.406682729721069, "3": 7.03196108341217, "4": 7.03196108341217}}
/media/PM983/Code/PLS/src/pls/editflow/student.py:46: UserWarning: enable_nested_tensor is True, but self.use_nested_tensor is False because encoder_layer.norm_first was True
  self.encoder = nn.TransformerEncoder(block, layers)
{"anchor_rank": 9, "anchor": "DFAH", "budget": 320, "r2": 0.07444391610972267, "regret": {"1": 0.009767403826117516, "2": 4.036089181900024, "3": 4.591983795166016, "4": 4.591983795166016}}
/media/PM983/Code/PLS/src/pls/editflow/student.py:46: UserWarning: enable_nested_tensor is True, but self.use_nested_tensor is False because encoder_layer.norm_first was True
  self.encoder = nn.TransformerEncoder(block, layers)
{"anchor_rank": 9, "anchor": "DFAH", "budget": 640, "r2": 0.18733446692674405, "regret": {"1": 0.01151787443086505, "2": 4.036089181900024, "3": 4.699384689331055, "4": 3.5192437171936035}}
/media/PM983/Code/PLS/src/pls/editflow/student.py:46: UserWarning: enable_nested_tensor is True, but self.use_nested_tensor is False because encoder_layer.norm_first was True
  self.encoder = nn.TransformerEncoder(block, layers)
{"anchor_rank": 10, "anchor": "PYIE", "budget": 80, "r2": -0.03403052541037588, "regret": {"1": 0.0015226854011416435, "2": 0.42028548661619425, "3": 8.045151710510254, "4": 8.737049084156752}}
/media/PM983/Code/PLS/src/pls/editflow/student.py:46: UserWarning: enable_nested_tensor is True, but self.use_nested_tensor is False because encoder_layer.norm_first was True
  self.encoder = nn.TransformerEncoder(block, layers)
{"anchor_rank": 10, "anchor": "PYIE", "budget": 160, "r2": -0.07337743422198861, "regret": {"1": 0.015226852148771286, "2": 0.4270885724108666, "3": 8.034980649128556, "4": 7.232808589935303}}
/media/PM983/Code/PLS/src/pls/editflow/student.py:46: UserWarning: enable_nested_tensor is True, but self.use_nested_tensor is False because encoder_layer.norm_first was True
  self.encoder = nn.TransformerEncoder(block, layers)
{"anchor_rank": 10, "anchor": "PYIE", "budget": 320, "r2": 0.0749648796099035, "regret": {"1": 0.015226852148771286, "2": 0.37982236593961716, "3": 4.5911173820495605, "4": 3.620701313018799}}
/media/PM983/Code/PLS/src/pls/editflow/student.py:46: UserWarning: enable_nested_tensor is True, but self.use_nested_tensor is False because encoder_layer.norm_first was True
  self.encoder = nn.TransformerEncoder(block, layers)
{"anchor_rank": 10, "anchor": "PYIE", "budget": 640, "r2": 0.2807187364199226, "regret": {"1": 0.014147783862426877, "2": 0.09504944086074829, "3": 4.5911173820495605, "4": 2.418468475341797}}
/media/PM983/Code/PLS/src/pls/editflow/student.py:46: UserWarning: enable_nested_tensor is True, but self.use_nested_tensor is False because encoder_layer.norm_first was True
  self.encoder = nn.TransformerEncoder(block, layers)
{"anchor_rank": 11, "anchor": "FGYV", "budget": 80, "r2": 0.03866292198571564, "regret": {"1": 0.35684547014534473, "2": 3.801375240087509, "3": 4.77977442741394, "4": 7.375872731208801}}
/media/PM983/Code/PLS/src/pls/editflow/student.py:46: UserWarning: enable_nested_tensor is True, but self.use_nested_tensor is False because encoder_layer.norm_first was True
  self.encoder = nn.TransformerEncoder(block, layers)
{"anchor_rank": 11, "anchor": "FGYV", "budget": 160, "r2": 0.14885066555053972, "regret": {"1": 0.33666297048330307, "2": 3.4211522340774536, "3": 4.77977442741394, "4": 4.529088497161865}}
/media/PM983/Code/PLS/src/pls/editflow/student.py:46: UserWarning: enable_nested_tensor is True, but self.use_nested_tensor is False because encoder_layer.norm_first was True
  self.encoder = nn.TransformerEncoder(block, layers)
{"anchor_rank": 11, "anchor": "FGYV", "budget": 320, "r2": 0.39836966219042036, "regret": {"1": 0.1987907439470291, "2": 1.4289186000823975, "3": 1.4493093490600586, "4": 1.884016513824463}}
/media/PM983/Code/PLS/src/pls/editflow/student.py:46: UserWarning: enable_nested_tensor is True, but self.use_nested_tensor is False because encoder_layer.norm_first was True
  self.encoder = nn.TransformerEncoder(block, layers)
{"anchor_rank": 11, "anchor": "FGYV", "budget": 640, "r2": 0.5170016801185788, "regret": {"1": 0.0, "2": 0.9318535327911377, "3": 1.4493093490600586, "4": 1.4493093490600586}}
/media/PM983/Code/PLS/src/pls/editflow/student.py:46: UserWarning: enable_nested_tensor is True, but self.use_nested_tensor is False because encoder_layer.norm_first was True
  self.encoder = nn.TransformerEncoder(block, layers)
{"anchor_rank": 12, "anchor": "GVRC", "budget": 80, "r2": -0.029282757714788055, "regret": {"1": 0.21781473309965804, "2": 3.9191353023052216, "3": 6.730746477842331, "4": 8.635169237852097}}
/media/PM983/Code/PLS/src/pls/editflow/student.py:46: UserWarning: enable_nested_tensor is True, but self.use_nested_tensor is False because encoder_layer.norm_first was True
  self.encoder = nn.TransformerEncoder(block, layers)
{"anchor_rank": 12, "anchor": "GVRC", "budget": 160, "r2": -0.050649547761611347, "regret": {"1": 0.0, "2": 0.7759344577789307, "3": 2.769284725189209, "4": 5.936433553695679}}
/media/PM983/Code/PLS/src/pls/editflow/student.py:46: UserWarning: enable_nested_tensor is True, but self.use_nested_tensor is False because encoder_layer.norm_first was True
  self.encoder = nn.TransformerEncoder(block, layers)
{"anchor_rank": 12, "anchor": "GVRC", "budget": 320, "r2": 0.36903685843329637, "regret": {"1": 0.0, "2": 0.0, "3": 0.0, "4": 1.4493093490600586}}
/media/PM983/Code/PLS/src/pls/editflow/student.py:46: UserWarning: enable_nested_tensor is True, but self.use_nested_tensor is False because encoder_layer.norm_first was True
  self.encoder = nn.TransformerEncoder(block, layers)
{"anchor_rank": 12, "anchor": "GVRC", "budget": 640, "r2": 0.5341717551759364, "regret": {"1": 0.18481241911649704, "2": 0.0, "3": 0.0, "4": 1.4493093490600586}}
/media/PM983/Code/PLS/src/pls/editflow/student.py:46: UserWarning: enable_nested_tensor is True, but self.use_nested_tensor is False because encoder_layer.norm_first was True
  self.encoder = nn.TransformerEncoder(block, layers)
{"anchor_rank": 13, "anchor": "VSWN", "budget": 80, "r2": -0.05131634961397058, "regret": {"1": 1.0708874072879553, "2": 0.0, "3": 1.92317533493042, "4": 6.286583185195923}}
/media/PM983/Code/PLS/src/pls/editflow/student.py:46: UserWarning: enable_nested_tensor is True, but self.use_nested_tensor is False because encoder_layer.norm_first was True
  self.encoder = nn.TransformerEncoder(block, layers)
{"anchor_rank": 13, "anchor": "VSWN", "budget": 160, "r2": 0.1720571869068288, "regret": {"1": 0.0, "2": 0.0, "3": 1.0442171096801758, "4": 0.7168140411376953}}
/media/PM983/Code/PLS/src/pls/editflow/student.py:46: UserWarning: enable_nested_tensor is True, but self.use_nested_tensor is False because encoder_layer.norm_first was True
  self.encoder = nn.TransformerEncoder(block, layers)
{"anchor_rank": 13, "anchor": "VSWN", "budget": 320, "r2": 0.4697365557000508, "regret": {"1": 0.0, "2": 0.0, "3": 0.0, "4": 0.7168140411376953}}
/media/PM983/Code/PLS/src/pls/editflow/student.py:46: UserWarning: enable_nested_tensor is True, but self.use_nested_tensor is False because encoder_layer.norm_first was True
  self.encoder = nn.TransformerEncoder(block, layers)
{"anchor_rank": 13, "anchor": "VSWN", "budget": 640, "r2": 0.6523484610907622, "regret": {"1": 0.0, "2": 0.0, "3": 0.0, "4": 0.0}}
/media/PM983/Code/PLS/src/pls/editflow/student.py:46: UserWarning: enable_nested_tensor is True, but self.use_nested_tensor is False because encoder_layer.norm_first was True
  self.encoder = nn.TransformerEncoder(block, layers)
{"anchor_rank": 14, "anchor": "YETT", "budget": 80, "r2": -0.23169630397102536, "regret": {"1": 0.0, "2": 3.2213584184646606, "3": 4.545990705490112, "4": 4.220615863800049}}
/media/PM983/Code/PLS/src/pls/editflow/student.py:46: UserWarning: enable_nested_tensor is True, but self.use_nested_tensor is False because encoder_layer.norm_first was True
  self.encoder = nn.TransformerEncoder(block, layers)
{"anchor_rank": 14, "anchor": "YETT", "budget": 160, "r2": 0.28337095504883913, "regret": {"1": 0.0, "2": 1.4776716232299805, "3": 4.545990705490112, "4": 3.3213510513305664}}
/media/PM983/Code/PLS/src/pls/editflow/student.py:46: UserWarning: enable_nested_tensor is True, but self.use_nested_tensor is False because encoder_layer.norm_first was True
  self.encoder = nn.TransformerEncoder(block, layers)
{"anchor_rank": 14, "anchor": "YETT", "budget": 320, "r2": 0.35666553911821974, "regret": {"1": 0.0, "2": 0.0, "3": 5.123074531555176, "4": 0.0}}
/media/PM983/Code/PLS/src/pls/editflow/student.py:46: UserWarning: enable_nested_tensor is True, but self.use_nested_tensor is False because encoder_layer.norm_first was True
  self.encoder = nn.TransformerEncoder(block, layers)
{"anchor_rank": 14, "anchor": "YETT", "budget": 640, "r2": 0.6203859694089735, "regret": {"1": 0.0, "2": 0.0, "3": 0.0, "4": 0.0}}
/media/PM983/Code/PLS/src/pls/editflow/student.py:46: UserWarning: enable_nested_tensor is True, but self.use_nested_tensor is False because encoder_layer.norm_first was True
  self.encoder = nn.TransformerEncoder(block, layers)
{"anchor_rank": 15, "anchor": "MCGK", "budget": 80, "r2": 0.08721736787908752, "regret": {"1": 0.03973352909088135, "2": 1.6834442615509033, "3": 1.4710116386413574, "4": 5.160218715667725}}
/media/PM983/Code/PLS/src/pls/editflow/student.py:46: UserWarning: enable_nested_tensor is True, but self.use_nested_tensor is False because encoder_layer.norm_first was True
  self.encoder = nn.TransformerEncoder(block, layers)
{"anchor_rank": 15, "anchor": "MCGK", "budget": 160, "r2": 0.31632150170498574, "regret": {"1": 0.0, "2": 2.0902434587478638, "3": 3.4006574153900146, "4": 2.7872471809387207}}
/media/PM983/Code/PLS/src/pls/editflow/student.py:46: UserWarning: enable_nested_tensor is True, but self.use_nested_tensor is False because encoder_layer.norm_first was True
  self.encoder = nn.TransformerEncoder(block, layers)
{"anchor_rank": 15, "anchor": "MCGK", "budget": 320, "r2": 0.5116025434527947, "regret": {"1": 0.0, "2": 0.0, "3": 0.0, "4": 1.2073025703430176}}
/media/PM983/Code/PLS/src/pls/editflow/student.py:46: UserWarning: enable_nested_tensor is True, but self.use_nested_tensor is False because encoder_layer.norm_first was True
  self.encoder = nn.TransformerEncoder(block, layers)
{"anchor_rank": 15, "anchor": "MCGK", "budget": 640, "r2": 0.6983608868371805, "regret": {"1": 0.0, "2": 0.0, "3": 0.0, "4": 0.0}}
{"aggregate": [{"budget": 80, "anchors": 16, "value_r2": {"mean": -0.3550418848642922, "median": -0.029976193162367437, "standard_deviation": 1.29672313071564, "minimum": -5.205528979941173, "maximum": 0.08721736787908752, "count": 16}, "edge_spearman": {"mean": 0.19250491194929517, "median": 0.18636302860951665, "standard_deviation": 0.05475334657106711, "minimum": 0.11331724695215331, "maximum": 0.27355942038705217, "count": 16}, "anchor_macro_kendall_tau": {"mean": 0.14940287899692656, "median": 0.14022586366580464, "standard_deviation": 0.037309957666249095, "minimum": 0.1045866949886833, "maximum": 0.2017919116459866, "count": 16}, "closed_edges": {"mean": 92.625, "median": 92.5, "standard_deviation": 3.5, "minimum": 86.0, "maximum": 98.0, "count": 16}, "regret": {"1": {"mean": 0.33117023458180483, "median": 0.039305652608163655, "standard_deviation": 0.477637990947358, "minimum": 0.0, "maximum": 1.5854580998420715, "count": 16, "zero_regret_fraction": 0.125}, "2": {"mean": 3.2055146576458355, "median": 3.132837802171707, "standard_deviation": 1.99175789735775, "minimum": 0.0, "maximum": 6.861812546849251, "count": 16, "zero_regret_fraction": 0.0625}, "3": {"mean": 5.371495831524953, "median": 5.198012714739889, "standard_deviation": 1.9717628631832214, "minimum": 1.4710116386413574, "maximum": 8.69552130997181, "count": 16, "zero_regret_fraction": 0.0}, "4": {"mean": 6.779173429822549, "median": 6.998267114162445, "standard_deviation": 1.6312930608293998, "minimum": 3.617873191833496, "maximum": 8.737049084156752, "count": 16, "zero_regret_fraction": 0.0}}}, {"budget": 160, "anchors": 16, "value_r2": {"mean": 0.13066980337499884, "median": 0.1579826013251301, "standard_deviation": 0.1350859738191345, "minimum": -0.07337743422198861, "maximum": 0.31632150170498574, "count": 16}, "edge_spearman": {"mean": 0.27767386064293187, "median": 0.29344121872215634, "standard_deviation": 0.06032575565455565, "minimum": 0.13438653955062005, "maximum": 0.3504979209884847, "count": 16}, "anchor_macro_kendall_tau": {"mean": 0.18891416642344738, "median": 0.18701800007179836, "standard_deviation": 0.035139237491340444, "minimum": 0.09265250330969621, "maximum": 0.2224397759720408, "count": 16}, "closed_edges": {"mean": 547.0, "median": 563.5, "standard_deviation": 82.70509859333542, "minimum": 387.0, "maximum": 661.0, "count": 16}, "regret": {"1": {"mean": 0.0648006622941466, "median": 0.006270232144743204, "standard_deviation": 0.12505377666767672, "minimum": 0.0, "maximum": 0.37053465843200684, "count": 16, "zero_regret_fraction": 0.5}, "2": {"mean": 2.1451703226048267, "median": 1.891680657863617, "standard_deviation": 1.7683368636648387, "minimum": 0.0, "maximum": 5.4576534032821655, "count": 16, "zero_regret_fraction": 0.125}, "3": {"mean": 3.5249591689789668, "median": 3.3338648080825806, "standard_deviation": 2.051192463939188, "minimum": 0.5601100921630859, "maximum": 8.034980649128556, "count": 16, "zero_regret_fraction": 0.0}, "4": {"mean": 4.404871486127377, "median": 4.5637366771698, "standard_deviation": 1.6722675465956165, "minimum": 0.7168140411376953, "maximum": 7.232808589935303, "count": 16, "zero_regret_fraction": 0.0}}}, {"budget": 320, "anchors": 16, "value_r2": {"mean": 0.3531872551017434, "median": 0.3718109273795132, "standard_deviation": 0.12269565812720208, "minimum": 0.07444391610972267, "maximum": 0.5116025434527947, "count": 16}, "edge_spearman": {"mean": 0.33653970146043183, "median": 0.35244439542302464, "standard_deviation": 0.04633593254331358, "minimum": 0.23021949941493777, "maximum": 0.38026831672897127, "count": 16}, "anchor_macro_kendall_tau": {"mean": 0.21019483747409473, "median": 0.21236431283436624, "standard_deviation": 0.03311640147735368, "minimum": 0.142401640402121, "maximum": 0.250351683462287, "count": 16}, "closed_edges": {"mean": 1602.125, "median": 1630.0, "standard_deviation": 162.6340985156557, "minimum": 1334.0, "maximum": 1940.0, "count": 16}, "regret": {"1": {"mean": 0.016964927737717517, "median": 0.0, "standard_deviation": 0.0490913318977966, "minimum": 0.0, "maximum": 0.1987907439470291, "count": 16, "zero_regret_fraction": 0.625}, "2": {"mean": 0.4620410124771297, "median": 0.0, "standard_deviation": 1.0785462796898773, "minimum": 0.0, "maximum": 4.036089181900024, "count": 16, "zero_regret_fraction": 0.6875}, "3": {"mean": 2.0371773838996887, "median": 1.7285940647125244, "standard_deviation": 1.758747061011303, "minimum": 0.0, "maximum": 5.123074531555176, "count": 16, "zero_regret_fraction": 0.1875}, "4": {"mean": 2.3416111767292023, "median": 2.355198621749878, "standard_deviation": 1.2471193648032532, "minimum": 0.0, "maximum": 4.591983795166016, "count": 16, "zero_regret_fraction": 0.0625}}}, {"budget": 640, "anchors": 16, "value_r2": {"mean": 0.5389475175261255, "median": 0.5593855643906772, "standard_deviation": 0.13163375670289237, "minimum": 0.18733446692674405, "maximum": 0.6983608868371805, "count": 16}, "edge_spearman": {"mean": 0.37556732455051345, "median": 0.3908799235922171, "standard_deviation": 0.03662386771656857, "minimum": 0.3073484002312049, "maximum": 0.4225982995946397, "count": 16}, "anchor_macro_kendall_tau": {"mean": 0.23039313237380038, "median": 0.23856918738857852, "standard_deviation": 0.0248472058862845, "minimum": 0.18775830655992165, "maximum": 0.2671322621124773, "count": 16}, "closed_edges": {"mean": 4118.5, "median": 4075.0, "standard_deviation": 458.7981400717895, "minimum": 3517.0, "maximum": 5498.0, "count": 16}, "regret": {"1": {"mean": 0.016973776786471717, "median": 0.0, "standard_deviation": 0.045934603480887196, "minimum": 0.0, "maximum": 0.18481241911649704, "count": 16, "zero_regret_fraction": 0.625}, "2": {"mean": 0.3206885941326618, "median": 0.0, "standard_deviation": 1.0174009352215547, "minimum": 0.0, "maximum": 4.036089181900024, "count": 16, "zero_regret_fraction": 0.75}, "3": {"mean": 0.9198291301727295, "median": 0.0, "standard_deviation": 1.6736914874186728, "minimum": 0.0, "maximum": 4.699384689331055, "count": 16, "zero_regret_fraction": 0.5625}, "4": {"mean": 1.3360234797000885, "median": 1.4493093490600586, "standard_deviation": 0.975430609293664, "minimum": 0.0, "maximum": 3.5192437171936035, "count": 16, "zero_regret_fraction": 0.25}}}], "query_budget": {"acquisition": "hybrid_path", "anchors": 16, "budget_curve": [80, 160, 320, 640], "final_unique_queries_per_anchor": 640, "total_oracle_queries_across_independent_anchors": 10240, "teacher_query_cost_unit": "unique measured node per independent anchor", "same_protocol_required": true, "anchor_protocol_sha256": "6bdee1aff328f031ca80083da94d718c4125a6f4ea112433b2df169470d2a8d2", "test_evaluated": false}, "test_evaluated": false}
