/media/PM983/Code/PLS/src/pls/editflow/student.py:46: UserWarning: enable_nested_tensor is True, but self.use_nested_tensor is False because encoder_layer.norm_first was True
  self.encoder = nn.TransformerEncoder(block, layers)
/media/PM983/Code/PLS/src/pls/editflow/student.py:46: UserWarning: enable_nested_tensor is True, but self.use_nested_tensor is False because encoder_layer.norm_first was True
  self.encoder = nn.TransformerEncoder(block, layers)
{"anchor_rank": 0, "anchor": "DNNV", "budget": 80, "r2": -0.4425539943950907, "regret": {"1": 0.017902973107993603, "2": 3.985518417786807, "3": 5.240160226821899, "4": 4.828968524932861}}
/media/PM983/Code/PLS/src/pls/editflow/student.py:46: UserWarning: enable_nested_tensor is True, but self.use_nested_tensor is False because encoder_layer.norm_first was True
  self.encoder = nn.TransformerEncoder(block, layers)
{"anchor_rank": 0, "anchor": "DNNV", "budget": 160, "r2": -0.7714585582843754, "regret": {"1": 0.02187519520521164, "2": 3.981965839397162, "3": 6.447374224662781, "4": 1.9044227600097656}}
/media/PM983/Code/PLS/src/pls/editflow/student.py:46: UserWarning: enable_nested_tensor is True, but self.use_nested_tensor is False because encoder_layer.norm_first was True
  self.encoder = nn.TransformerEncoder(block, layers)
{"anchor_rank": 0, "anchor": "DNNV", "budget": 320, "r2": 0.33957622805101095, "regret": {"1": 0.0176037666387856, "2": 0.7754573822021484, "3": 2.292024612426758, "4": 1.9044227600097656}}
/media/PM983/Code/PLS/src/pls/editflow/student.py:46: UserWarning: enable_nested_tensor is True, but self.use_nested_tensor is False because encoder_layer.norm_first was True
  self.encoder = nn.TransformerEncoder(block, layers)
{"anchor_rank": 0, "anchor": "DNNV", "budget": 640, "r2": 0.554907988860641, "regret": {"1": 0.0, "2": 0.0, "3": 1.2819223403930664, "4": 1.4493093490600586}}
/media/PM983/Code/PLS/src/pls/editflow/student.py:46: UserWarning: enable_nested_tensor is True, but self.use_nested_tensor is False because encoder_layer.norm_first was True
  self.encoder = nn.TransformerEncoder(block, layers)
{"anchor_rank": 1, "anchor": "YLPR", "budget": 80, "r2": -0.10403213206641704, "regret": {"1": 0.006798917893320322, "2": 0.05052685737609863, "3": 6.913415752351284, "4": 6.106783390045166}}
/media/PM983/Code/PLS/src/pls/editflow/student.py:46: UserWarning: enable_nested_tensor is True, but self.use_nested_tensor is False because encoder_layer.norm_first was True
  self.encoder = nn.TransformerEncoder(block, layers)
{"anchor_rank": 1, "anchor": "YLPR", "budget": 160, "r2": 0.04260860791940213, "regret": {"1": 0.006798917893320322, "2": 2.557719975709915, "3": 5.17762303352356, "4": 5.584080696105957}}
/media/PM983/Code/PLS/src/pls/editflow/student.py:46: UserWarning: enable_nested_tensor is True, but self.use_nested_tensor is False because encoder_layer.norm_first was True
  self.encoder = nn.TransformerEncoder(block, layers)
{"anchor_rank": 1, "anchor": "YLPR", "budget": 320, "r2": 0.2645124687102748, "regret": {"1": 0.003474193625152111, "2": 0.05052685737609863, "3": 4.22188925743103, "4": 3.5192437171936035}}
/media/PM983/Code/PLS/src/pls/editflow/student.py:46: UserWarning: enable_nested_tensor is True, but self.use_nested_tensor is False because encoder_layer.norm_first was True
  self.encoder = nn.TransformerEncoder(block, layers)
{"anchor_rank": 1, "anchor": "YLPR", "budget": 640, "r2": 0.49136477703532355, "regret": {"1": 0.00775948294904083, "2": 0.05052685737609863, "3": 1.9683151245117188, "4": 2.989933490753174}}
/media/PM983/Code/PLS/src/pls/editflow/student.py:46: UserWarning: enable_nested_tensor is True, but self.use_nested_tensor is False because encoder_layer.norm_first was True
  self.encoder = nn.TransformerEncoder(block, layers)
{"anchor_rank": 2, "anchor": "DRFS", "budget": 80, "r2": -0.01924079561881853, "regret": {"1": 0.4149390757083893, "2": 2.9672582149505615, "3": 5.497291386127472, "4": 7.443414807319641}}
/media/PM983/Code/PLS/src/pls/editflow/student.py:46: UserWarning: enable_nested_tensor is True, but self.use_nested_tensor is False because encoder_layer.norm_first was True
  self.encoder = nn.TransformerEncoder(block, layers)
{"anchor_rank": 2, "anchor": "DRFS", "budget": 160, "r2": 0.026860854853857252, "regret": {"1": 0.4149390757083893, "2": 5.573494544252753, "3": 5.959541767835617, "4": 5.463595390319824}}
/media/PM983/Code/PLS/src/pls/editflow/student.py:46: UserWarning: enable_nested_tensor is True, but self.use_nested_tensor is False because encoder_layer.norm_first was True
  self.encoder = nn.TransformerEncoder(block, layers)
{"anchor_rank": 2, "anchor": "DRFS", "budget": 320, "r2": 0.2893066214757388, "regret": {"1": 0.4149390757083893, "2": 1.3262152671813965, "3": 2.076333522796631, "4": 4.145496368408203}}
/media/PM983/Code/PLS/src/pls/editflow/student.py:46: UserWarning: enable_nested_tensor is True, but self.use_nested_tensor is False because encoder_layer.norm_first was True
  self.encoder = nn.TransformerEncoder(block, layers)
{"anchor_rank": 2, "anchor": "DRFS", "budget": 640, "r2": 0.7326744255702154, "regret": {"1": 0.0, "2": 0.10815286636352539, "3": 0.8582711219787598, "4": 2.6381611824035645}}
/media/PM983/Code/PLS/src/pls/editflow/student.py:46: UserWarning: enable_nested_tensor is True, but self.use_nested_tensor is False because encoder_layer.norm_first was True
  self.encoder = nn.TransformerEncoder(block, layers)
{"anchor_rank": 3, "anchor": "TRFP", "budget": 80, "r2": -0.19646139979395127, "regret": {"1": 0.7717775627970695, "2": 5.559680249541998, "3": 3.08636736869812, "4": 5.504835844039917}}
/media/PM983/Code/PLS/src/pls/editflow/student.py:46: UserWarning: enable_nested_tensor is True, but self.use_nested_tensor is False because encoder_layer.norm_first was True
  self.encoder = nn.TransformerEncoder(block, layers)
{"anchor_rank": 3, "anchor": "TRFP", "budget": 160, "r2": 0.13780763236578408, "regret": {"1": 0.010425567626953125, "2": 5.191815078258514, "3": 2.657356023788452, "4": 4.716005325317383}}
/media/PM983/Code/PLS/src/pls/editflow/student.py:46: UserWarning: enable_nested_tensor is True, but self.use_nested_tensor is False because encoder_layer.norm_first was True
  self.encoder = nn.TransformerEncoder(block, layers)
{"anchor_rank": 3, "anchor": "TRFP", "budget": 320, "r2": 0.23808855870496548, "regret": {"1": 0.010425567626953125, "2": 0.0, "3": 0.7501182556152344, "4": 2.989933490753174}}
/media/PM983/Code/PLS/src/pls/editflow/student.py:46: UserWarning: enable_nested_tensor is True, but self.use_nested_tensor is False because encoder_layer.norm_first was True
  self.encoder = nn.TransformerEncoder(block, layers)
{"anchor_rank": 3, "anchor": "TRFP", "budget": 640, "r2": 0.4592027539070238, "regret": {"1": 0.010425567626953125, "2": 0.10815286636352539, "3": 0.06855058670043945, "4": 1.4493093490600586}}
/media/PM983/Code/PLS/src/pls/editflow/student.py:46: UserWarning: enable_nested_tensor is True, but self.use_nested_tensor is False because encoder_layer.norm_first was True
  self.encoder = nn.TransformerEncoder(block, layers)
{"anchor_rank": 4, "anchor": "CYCQ", "budget": 80, "r2": -0.02072080790147912, "regret": {"1": 2.3746238593012094, "2": 6.4040025770664215, "3": 6.518411755561829, "4": 7.235225796699524}}
/media/PM983/Code/PLS/src/pls/editflow/student.py:46: UserWarning: enable_nested_tensor is True, but self.use_nested_tensor is False because encoder_layer.norm_first was True
  self.encoder = nn.TransformerEncoder(block, layers)
{"anchor_rank": 4, "anchor": "CYCQ", "budget": 160, "r2": 0.08995559713461598, "regret": {"1": 0.0, "2": 4.097546100616455, "3": 5.405414581298828, "4": 6.122228622436523}}
/media/PM983/Code/PLS/src/pls/editflow/student.py:46: UserWarning: enable_nested_tensor is True, but self.use_nested_tensor is False because encoder_layer.norm_first was True
  self.encoder = nn.TransformerEncoder(block, layers)
{"anchor_rank": 4, "anchor": "CYCQ", "budget": 320, "r2": 0.36831526515203217, "regret": {"1": 0.0, "2": 1.891815185546875, "3": 3.4411916732788086, "4": 4.158005714416504}}
/media/PM983/Code/PLS/src/pls/editflow/student.py:46: UserWarning: enable_nested_tensor is True, but self.use_nested_tensor is False because encoder_layer.norm_first was True
  self.encoder = nn.TransformerEncoder(block, layers)
{"anchor_rank": 4, "anchor": "CYCQ", "budget": 640, "r2": 0.6249833684724994, "regret": {"1": 0.0, "2": 0.0, "3": 0.8164916038513184, "4": 1.5333056449890137}}
/media/PM983/Code/PLS/src/pls/editflow/student.py:46: UserWarning: enable_nested_tensor is True, but self.use_nested_tensor is False because encoder_layer.norm_first was True
  self.encoder = nn.TransformerEncoder(block, layers)
{"anchor_rank": 5, "anchor": "IPKK", "budget": 80, "r2": -0.022663751466446058, "regret": {"1": 0.009166666306555271, "2": 0.0, "3": 6.0145241897553205, "4": 8.663391917943954}}
/media/PM983/Code/PLS/src/pls/editflow/student.py:46: UserWarning: enable_nested_tensor is True, but self.use_nested_tensor is False because encoder_layer.norm_first was True
  self.encoder = nn.TransformerEncoder(block, layers)
{"anchor_rank": 5, "anchor": "IPKK", "budget": 160, "r2": -0.7019007379228501, "regret": {"1": 0.02108333259820938, "2": 3.334752679336816, "3": 6.023399913683534, "4": 1.47963285446167}}
/media/PM983/Code/PLS/src/pls/editflow/student.py:46: UserWarning: enable_nested_tensor is True, but self.use_nested_tensor is False because encoder_layer.norm_first was True
  self.encoder = nn.TransformerEncoder(block, layers)
{"anchor_rank": 5, "anchor": "IPKK", "budget": 320, "r2": 0.2673382827127009, "regret": {"1": 0.018958655651658773, "2": 0.0, "3": 0.034450531005859375, "4": 0.0}}
/media/PM983/Code/PLS/src/pls/editflow/student.py:46: UserWarning: enable_nested_tensor is True, but self.use_nested_tensor is False because encoder_layer.norm_first was True
  self.encoder = nn.TransformerEncoder(block, layers)
{"anchor_rank": 5, "anchor": "IPKK", "budget": 640, "r2": 0.5903212032315028, "regret": {"1": 0.017765132477506995, "2": 0.0, "3": 0.0, "4": 0.0}}
/media/PM983/Code/PLS/src/pls/editflow/student.py:46: UserWarning: enable_nested_tensor is True, but self.use_nested_tensor is False because encoder_layer.norm_first was True
  self.encoder = nn.TransformerEncoder(block, layers)
{"anchor_rank": 6, "anchor": "LVHA", "budget": 80, "r2": 0.01179827722462945, "regret": {"1": 2.841629147529602, "2": 5.589051842689514, "3": 7.122357487678528, "4": 7.122357487678528}}
/media/PM983/Code/PLS/src/pls/editflow/student.py:46: UserWarning: enable_nested_tensor is True, but self.use_nested_tensor is False because encoder_layer.norm_first was True
  self.encoder = nn.TransformerEncoder(block, layers)
{"anchor_rank": 6, "anchor": "LVHA", "budget": 160, "r2": 0.16576260076351979, "regret": {"1": 0.0, "2": 2.747422695159912, "3": 4.280728340148926, "4": 4.280728340148926}}
/media/PM983/Code/PLS/src/pls/editflow/student.py:46: UserWarning: enable_nested_tensor is True, but self.use_nested_tensor is False because encoder_layer.norm_first was True
  self.encoder = nn.TransformerEncoder(block, layers)
{"anchor_rank": 6, "anchor": "LVHA", "budget": 320, "r2": 0.4489555317140299, "regret": {"1": 0.0, "2": 0.0, "3": 1.20509672164917, "4": 1.20509672164917}}
/media/PM983/Code/PLS/src/pls/editflow/student.py:46: UserWarning: enable_nested_tensor is True, but self.use_nested_tensor is False because encoder_layer.norm_first was True
  self.encoder = nn.TransformerEncoder(block, layers)
{"anchor_rank": 6, "anchor": "LVHA", "budget": 640, "r2": 0.545108638181885, "regret": {"1": 0.0, "2": 0.0, "3": 1.2073025703430176, "4": 1.2073025703430176}}
/media/PM983/Code/PLS/src/pls/editflow/student.py:46: UserWarning: enable_nested_tensor is True, but self.use_nested_tensor is False because encoder_layer.norm_first was True
  self.encoder = nn.TransformerEncoder(block, layers)
{"anchor_rank": 7, "anchor": "IPVY", "budget": 80, "r2": -0.03122180974281208, "regret": {"1": 0.01585540291853249, "2": 3.328984343446791, "3": 6.039977286010981, "4": 8.431090384721756}}
/media/PM983/Code/PLS/src/pls/editflow/student.py:46: UserWarning: enable_nested_tensor is True, but self.use_nested_tensor is False because encoder_layer.norm_first was True
  self.encoder = nn.TransformerEncoder(block, layers)
{"anchor_rank": 7, "anchor": "IPVY", "budget": 160, "r2": -0.030148492725281084, "regret": {"1": 0.015175960725173354, "2": 3.3351462893188, "3": 5.633140444755554, "4": 8.158632934093475}}
/media/PM983/Code/PLS/src/pls/editflow/student.py:46: UserWarning: enable_nested_tensor is True, but self.use_nested_tensor is False because encoder_layer.norm_first was True
  self.encoder = nn.TransformerEncoder(block, layers)
{"anchor_rank": 7, "anchor": "IPVY", "budget": 320, "r2": 0.12454123813271767, "regret": {"1": 0.01585540291853249, "2": 1.7168828248977661, "3": 5.994246695190668, "4": 5.109571933746338}}
/media/PM983/Code/PLS/src/pls/editflow/student.py:46: UserWarning: enable_nested_tensor is True, but self.use_nested_tensor is False because encoder_layer.norm_first was True
  self.encoder = nn.TransformerEncoder(block, layers)
{"anchor_rank": 7, "anchor": "IPVY", "budget": 640, "r2": 0.4713389224666372, "regret": {"1": 0.01061411201953888, "2": 0.0, "3": 1.1590962409973145, "4": 2.4870190620422363}}
/media/PM983/Code/PLS/src/pls/editflow/student.py:46: UserWarning: enable_nested_tensor is True, but self.use_nested_tensor is False because encoder_layer.norm_first was True
  self.encoder = nn.TransformerEncoder(block, layers)
{"anchor_rank": 8, "anchor": "MYCT", "budget": 80, "r2": -0.01128252419845599, "regret": {"1": 3.7902015447616577, "2": 6.490529608912766, "3": 7.3585158586502075, "4": 8.075329899787903}}
/media/PM983/Code/PLS/src/pls/editflow/student.py:46: UserWarning: enable_nested_tensor is True, but self.use_nested_tensor is False because encoder_layer.norm_first was True
  self.encoder = nn.TransformerEncoder(block, layers)
{"anchor_rank": 8, "anchor": "MYCT", "budget": 160, "r2": -0.10884301304879385, "regret": {"1": 0.0, "2": 0.0, "3": 2.9639077186584473, "4": 3.6807217597961426}}
/media/PM983/Code/PLS/src/pls/editflow/student.py:46: UserWarning: enable_nested_tensor is True, but self.use_nested_tensor is False because encoder_layer.norm_first was True
  self.encoder = nn.TransformerEncoder(block, layers)
{"anchor_rank": 8, "anchor": "MYCT", "budget": 320, "r2": 0.5133750138216766, "regret": {"1": 0.0, "2": 0.0, "3": 1.5493764877319336, "4": 2.266190528869629}}
/media/PM983/Code/PLS/src/pls/editflow/student.py:46: UserWarning: enable_nested_tensor is True, but self.use_nested_tensor is False because encoder_layer.norm_first was True
  self.encoder = nn.TransformerEncoder(block, layers)
{"anchor_rank": 8, "anchor": "MYCT", "budget": 640, "r2": 0.6399367124913466, "regret": {"1": 0.0, "2": 0.0, "3": 0.0, "4": 0.7168140411376953}}
/media/PM983/Code/PLS/src/pls/editflow/student.py:46: UserWarning: enable_nested_tensor is True, but self.use_nested_tensor is False because encoder_layer.norm_first was True
  self.encoder = nn.TransformerEncoder(block, layers)
{"anchor_rank": 9, "anchor": "EEVT", "budget": 80, "r2": 0.01239872378590734, "regret": {"1": 0.35200578533113003, "2": 0.36782336235046387, "3": 3.605600118637085, "4": 5.677836179733276}}
/media/PM983/Code/PLS/src/pls/editflow/student.py:46: UserWarning: enable_nested_tensor is True, but self.use_nested_tensor is False because encoder_layer.norm_first was True
  self.encoder = nn.TransformerEncoder(block, layers)
{"anchor_rank": 9, "anchor": "EEVT", "budget": 160, "r2": 0.15805609365149442, "regret": {"1": 0.19408132135868073, "2": 0.36782336235046387, "3": 2.1369009017944336, "4": 4.209136962890625}}
/media/PM983/Code/PLS/src/pls/editflow/student.py:46: UserWarning: enable_nested_tensor is True, but self.use_nested_tensor is False because encoder_layer.norm_first was True
  self.encoder = nn.TransformerEncoder(block, layers)
{"anchor_rank": 9, "anchor": "EEVT", "budget": 320, "r2": 0.33649959939119845, "regret": {"1": 0.19408132135868073, "2": 0.36782336235046387, "3": 2.1369009017944336, "4": 1.20509672164917}}
/media/PM983/Code/PLS/src/pls/editflow/student.py:46: UserWarning: enable_nested_tensor is True, but self.use_nested_tensor is False because encoder_layer.norm_first was True
  self.encoder = nn.TransformerEncoder(block, layers)
{"anchor_rank": 9, "anchor": "EEVT", "budget": 640, "r2": 0.5806846836927193, "regret": {"1": 0.19408132135868073, "2": 0.38431477546691895, "3": 1.6990036964416504, "4": 1.2073025703430176}}
/media/PM983/Code/PLS/src/pls/editflow/student.py:46: UserWarning: enable_nested_tensor is True, but self.use_nested_tensor is False because encoder_layer.norm_first was True
  self.encoder = nn.TransformerEncoder(block, layers)
{"anchor_rank": 10, "anchor": "QMDR", "budget": 80, "r2": 0.02114715823375013, "regret": {"1": 0.009732817532494664, "2": 1.837557272054255, "3": 3.4182189106941223, "4": 7.985396325588226}}
/media/PM983/Code/PLS/src/pls/editflow/student.py:46: UserWarning: enable_nested_tensor is True, but self.use_nested_tensor is False because encoder_layer.norm_first was True
  self.encoder = nn.TransformerEncoder(block, layers)
{"anchor_rank": 10, "anchor": "QMDR", "budget": 160, "r2": 0.0735145176588119, "regret": {"1": 0.009859870187938213, "2": 1.780994527041912, "3": 4.1953074634075165, "4": 4.897390842437744}}
/media/PM983/Code/PLS/src/pls/editflow/student.py:46: UserWarning: enable_nested_tensor is True, but self.use_nested_tensor is False because encoder_layer.norm_first was True
  self.encoder = nn.TransformerEncoder(block, layers)
{"anchor_rank": 10, "anchor": "QMDR", "budget": 320, "r2": 0.38550144950389065, "regret": {"1": 0.01050544623285532, "2": 0.0, "3": 0.6444287300109863, "4": 2.39479923248291}}
/media/PM983/Code/PLS/src/pls/editflow/student.py:46: UserWarning: enable_nested_tensor is True, but self.use_nested_tensor is False because encoder_layer.norm_first was True
  self.encoder = nn.TransformerEncoder(block, layers)
{"anchor_rank": 10, "anchor": "QMDR", "budget": 640, "r2": 0.606474258025332, "regret": {"1": 0.004933202639222145, "2": 0.0, "3": 0.0, "4": 0.0}}
/media/PM983/Code/PLS/src/pls/editflow/student.py:46: UserWarning: enable_nested_tensor is True, but self.use_nested_tensor is False because encoder_layer.norm_first was True
  self.encoder = nn.TransformerEncoder(block, layers)
{"anchor_rank": 11, "anchor": "WSCP", "budget": 80, "r2": -0.019996164912804648, "regret": {"1": 4.396329909563065, "2": 6.797673344612122, "3": 7.072209477424622, "4": 8.277306199073792}}
/media/PM983/Code/PLS/src/pls/editflow/student.py:46: UserWarning: enable_nested_tensor is True, but self.use_nested_tensor is False because encoder_layer.norm_first was True
  self.encoder = nn.TransformerEncoder(block, layers)
{"anchor_rank": 11, "anchor": "WSCP", "budget": 160, "r2": 0.05919886742365499, "regret": {"1": 0.0, "2": 2.4590554237365723, "3": 2.7335915565490723, "4": 3.938688278198242}}
/media/PM983/Code/PLS/src/pls/editflow/student.py:46: UserWarning: enable_nested_tensor is True, but self.use_nested_tensor is False because encoder_layer.norm_first was True
  self.encoder = nn.TransformerEncoder(block, layers)
{"anchor_rank": 11, "anchor": "WSCP", "budget": 320, "r2": 0.4940983050123263, "regret": {"1": 0.0, "2": 0.0, "3": 0.2745361328125, "4": 1.47963285446167}}
/media/PM983/Code/PLS/src/pls/editflow/student.py:46: UserWarning: enable_nested_tensor is True, but self.use_nested_tensor is False because encoder_layer.norm_first was True
  self.encoder = nn.TransformerEncoder(block, layers)
{"anchor_rank": 11, "anchor": "WSCP", "budget": 640, "r2": 0.6559224874916962, "regret": {"1": 0.0, "2": 0.0, "3": 0.0022058486938476562, "4": 1.2073025703430176}}
/media/PM983/Code/PLS/src/pls/editflow/student.py:46: UserWarning: enable_nested_tensor is True, but self.use_nested_tensor is False because encoder_layer.norm_first was True
  self.encoder = nn.TransformerEncoder(block, layers)
{"anchor_rank": 12, "anchor": "DPHR", "budget": 80, "r2": -0.8315400087230369, "regret": {"1": 0.016598213696852326, "2": 0.061165713937953115, "3": 3.6884376481175423, "4": 5.444634914398193}}
/media/PM983/Code/PLS/src/pls/editflow/student.py:46: UserWarning: enable_nested_tensor is True, but self.use_nested_tensor is False because encoder_layer.norm_first was True
  self.encoder = nn.TransformerEncoder(block, layers)
{"anchor_rank": 12, "anchor": "DPHR", "budget": 160, "r2": -0.10359071366502626, "regret": {"1": 0.0, "2": 0.06324999779462814, "3": 3.705895185470581, "4": 3.267090320587158}}
/media/PM983/Code/PLS/src/pls/editflow/student.py:46: UserWarning: enable_nested_tensor is True, but self.use_nested_tensor is False because encoder_layer.norm_first was True
  self.encoder = nn.TransformerEncoder(block, layers)
{"anchor_rank": 12, "anchor": "DPHR", "budget": 320, "r2": 0.17147735461376679, "regret": {"1": 0.015445470809936523, "2": 0.05765646044164896, "3": 3.489748165011406, "4": 3.267090320587158}}
/media/PM983/Code/PLS/src/pls/editflow/student.py:46: UserWarning: enable_nested_tensor is True, but self.use_nested_tensor is False because encoder_layer.norm_first was True
  self.encoder = nn.TransformerEncoder(block, layers)
{"anchor_rank": 12, "anchor": "DPHR", "budget": 640, "r2": 0.250951552224276, "regret": {"1": 0.00815724115818739, "2": 0.06182987685315311, "3": 1.0590331554412842, "4": 3.3213510513305664}}
/media/PM983/Code/PLS/src/pls/editflow/student.py:46: UserWarning: enable_nested_tensor is True, but self.use_nested_tensor is False because encoder_layer.norm_first was True
  self.encoder = nn.TransformerEncoder(block, layers)
{"anchor_rank": 13, "anchor": "LWKN", "budget": 80, "r2": -0.022306071713937836, "regret": {"1": 1.7739974232390523, "2": 7.225744326598942, "3": 7.944366455078125, "4": 8.34653127193451}}
/media/PM983/Code/PLS/src/pls/editflow/student.py:46: UserWarning: enable_nested_tensor is True, but self.use_nested_tensor is False because encoder_layer.norm_first was True
  self.encoder = nn.TransformerEncoder(block, layers)
{"anchor_rank": 13, "anchor": "LWKN", "budget": 160, "r2": 0.043316997943057656, "regret": {"1": 0.0, "2": 5.45085597038269, "3": 6.984161615371704, "4": 6.874631762504578}}
/media/PM983/Code/PLS/src/pls/editflow/student.py:46: UserWarning: enable_nested_tensor is True, but self.use_nested_tensor is False because encoder_layer.norm_first was True
  self.encoder = nn.TransformerEncoder(block, layers)
{"anchor_rank": 13, "anchor": "LWKN", "budget": 320, "r2": 0.11243819801053723, "regret": {"1": 0.0, "2": 2.5069518089294434, "3": 0.0, "4": 3.4637856483459473}}
/media/PM983/Code/PLS/src/pls/editflow/student.py:46: UserWarning: enable_nested_tensor is True, but self.use_nested_tensor is False because encoder_layer.norm_first was True
  self.encoder = nn.TransformerEncoder(block, layers)
{"anchor_rank": 13, "anchor": "LWKN", "budget": 640, "r2": 0.5957523682059154, "regret": {"1": 0.0, "2": 0.0, "3": 1.5333056449890137, "4": 1.780632495880127}}
/media/PM983/Code/PLS/src/pls/editflow/student.py:46: UserWarning: enable_nested_tensor is True, but self.use_nested_tensor is False because encoder_layer.norm_first was True
  self.encoder = nn.TransformerEncoder(block, layers)
{"anchor_rank": 14, "anchor": "YWFN", "budget": 80, "r2": 0.022374768680086032, "regret": {"1": 4.001872897148132, "2": 6.085536479949951, "3": 8.104246020317078, "4": 8.104246020317078}}
/media/PM983/Code/PLS/src/pls/editflow/student.py:46: UserWarning: enable_nested_tensor is True, but self.use_nested_tensor is False because encoder_layer.norm_first was True
  self.encoder = nn.TransformerEncoder(block, layers)
{"anchor_rank": 14, "anchor": "YWFN", "budget": 160, "r2": -0.6101788724541102, "regret": {"1": 0.0, "2": 1.3304791450500488, "3": 3.7489476203918457, "4": 3.7489476203918457}}
/media/PM983/Code/PLS/src/pls/editflow/student.py:46: UserWarning: enable_nested_tensor is True, but self.use_nested_tensor is False because encoder_layer.norm_first was True
  self.encoder = nn.TransformerEncoder(block, layers)
{"anchor_rank": 14, "anchor": "YWFN", "budget": 320, "r2": 0.554858111876839, "regret": {"1": 0.0, "2": 0.0, "3": 2.418468475341797, "4": 2.418468475341797}}
/media/PM983/Code/PLS/src/pls/editflow/student.py:46: UserWarning: enable_nested_tensor is True, but self.use_nested_tensor is False because encoder_layer.norm_first was True
  self.encoder = nn.TransformerEncoder(block, layers)
{"anchor_rank": 14, "anchor": "YWFN", "budget": 640, "r2": 0.7132032586004056, "regret": {"1": 0.0, "2": 0.06855058670043945, "3": 0.0, "4": 0.0}}
/media/PM983/Code/PLS/src/pls/editflow/student.py:46: UserWarning: enable_nested_tensor is True, but self.use_nested_tensor is False because encoder_layer.norm_first was True
  self.encoder = nn.TransformerEncoder(block, layers)
{"anchor_rank": 15, "anchor": "EDDI", "budget": 80, "r2": -0.1461815132577109, "regret": {"1": 0.06673177052289248, "2": 2.9876614483073354, "3": 4.173451781272888, "4": 5.823999881744385}}
/media/PM983/Code/PLS/src/pls/editflow/student.py:46: UserWarning: enable_nested_tensor is True, but self.use_nested_tensor is False because encoder_layer.norm_first was True
  self.encoder = nn.TransformerEncoder(block, layers)
{"anchor_rank": 15, "anchor": "EDDI", "budget": 160, "r2": -0.0030541335555620552, "regret": {"1": 0.06673177052289248, "2": 2.965217899531126, "3": 4.585626929998398, "4": 5.019134759902954}}
/media/PM983/Code/PLS/src/pls/editflow/student.py:46: UserWarning: enable_nested_tensor is True, but self.use_nested_tensor is False because encoder_layer.norm_first was True
  self.encoder = nn.TransformerEncoder(block, layers)
{"anchor_rank": 15, "anchor": "EDDI", "budget": 320, "r2": 0.38615915185440386, "regret": {"1": 0.0, "2": 0.002499103546142578, "3": 1.0594911575317383, "4": 3.2654948234558105}}
/media/PM983/Code/PLS/src/pls/editflow/student.py:46: UserWarning: enable_nested_tensor is True, but self.use_nested_tensor is False because encoder_layer.norm_first was True
  self.encoder = nn.TransformerEncoder(block, layers)
{"anchor_rank": 15, "anchor": "EDDI", "budget": 640, "r2": 0.6542739000443136, "regret": {"1": 0.0, "2": 0.0, "3": 1.1013529300689697, "4": 2.717728614807129}}
{"aggregate": [{"budget": 80, "anchors": 16, "value_r2": {"mean": -0.11253012786666175, "median": -0.02151343980770848, "standard_deviation": 0.22509947732053923, "minimum": -0.8315400087230369, "maximum": 0.022374768680086032, "count": 16}, "edge_spearman": {"mean": 0.1682934337916947, "median": 0.17112927591511368, "standard_deviation": 0.06508879422726485, "minimum": 0.03248976056661079, "maximum": 0.27366032744455837, "count": 16}, "anchor_macro_kendall_tau": {"mean": 0.1334878944761117, "median": 0.1467327200462818, "standard_deviation": 0.05530835038226309, "minimum": 0.017069328042537295, "maximum": 0.21238698365776926, "count": 16}, "closed_edges": {"mean": 94.1875, "median": 94.5, "standard_deviation": 5.269013190342192, "minimum": 85.0, "maximum": 103.0, "count": 16}, "regret": {"1": {"mean": 1.3037602479598718, "median": 0.38347243051975965, "standard_deviation": 1.6384889124176825, "minimum": 0.006798917893320322, "maximum": 4.396329909563065, "count": 16, "zero_regret_fraction": 0.0}, "2": {"mean": 3.7336696287238738, "median": 3.657251380616799, "standard_deviation": 2.6571925722559877, "minimum": 0.0, "maximum": 7.225744326598942, "count": 16, "zero_regret_fraction": 0.0625}, "3": {"mean": 5.737346982699819, "median": 6.027250737883151, "standard_deviation": 1.6904056788527284, "minimum": 3.08636736869812, "maximum": 8.104246020317078, "count": 16, "zero_regret_fraction": 0.0}, "4": {"mean": 7.066959302872419, "median": 7.3393203020095825, "standard_deviation": 1.2935330279495383, "minimum": 4.828968524932861, "maximum": 8.663391917943954, "count": 16, "zero_regret_fraction": 0.0}}}, {"budget": 160, "anchors": 16, "value_r2": {"mean": -0.09575579699636255, "median": 0.03473473138662969, "standard_deviation": 0.3087377222125122, "minimum": -0.7714585582843754, "maximum": 0.16576260076351979, "count": 16}, "edge_spearman": {"mean": 0.25305437041113854, "median": 0.2728446384855341, "standard_deviation": 0.05756627468428816, "minimum": 0.1279709730654353, "maximum": 0.3169042567521904, "count": 16}, "anchor_macro_kendall_tau": {"mean": 0.1729927897574543, "median": 0.18644135456595284, "standard_deviation": 0.03544198980337778, "minimum": 0.10125878971759052, "maximum": 0.21696088963480523, "count": 16}, "closed_edges": {"mean": 685.375, "median": 684.0, "standard_deviation": 55.86635839214867, "minimum": 561.0, "maximum": 794.0, "count": 16}, "regret": {"1": {"mean": 0.04756068823917303, "median": 0.008329394040629268, "standard_deviation": 0.10939478831043553, "minimum": 0.0, "maximum": 0.4149390757083893, "count": 16, "zero_regret_fraction": 0.4375}, "2": {"mean": 2.8273462204961106, "median": 2.856320297345519, "standard_deviation": 1.8023926023772145, "minimum": 0.0, "maximum": 5.573494544252753, "count": 16, "zero_regret_fraction": 0.0625}, "3": {"mean": 4.539932332583703, "median": 4.433177635073662, "standard_deviation": 1.477702299370681, "minimum": 2.1369009017944336, "maximum": 6.984161615371704, "count": 16, "zero_regret_fraction": 0.0}, "4": {"mean": 4.584066826850176, "median": 4.498366832733154, "standard_deviation": 1.6967341291750238, "minimum": 1.47963285446167, "maximum": 8.158632934093475, "count": 16, "zero_regret_fraction": 0.0}}}, {"budget": 320, "anchors": 16, "value_r2": {"mean": 0.33094008617113185, "median": 0.3380379137211047, "standard_deviation": 0.13318733903875174, "minimum": 0.11243819801053723, "maximum": 0.554858111876839, "count": 16}, "edge_spearman": {"mean": 0.339822194219623, "median": 0.3322713648967077, "standard_deviation": 0.03256774189008998, "minimum": 0.27832526837533206, "maximum": 0.40156147669985454, "count": 16}, "anchor_macro_kendall_tau": {"mean": 0.21692819354763937, "median": 0.21793515575971675, "standard_deviation": 0.02198409601621588, "minimum": 0.1778067356262098, "maximum": 0.25620964631043863, "count": 16}, "closed_edges": {"mean": 1842.6875, "median": 1852.0, "standard_deviation": 201.20825654033186, "minimum": 1524.0, "maximum": 2267.0, "count": 16}, "regret": {"1": {"mean": 0.043830556285684, "median": 0.006949880626052618, "standard_deviation": 0.10969488584175804, "minimum": 0.0, "maximum": 0.4149390757083893, "count": 16, "zero_regret_fraction": 0.4375}, "2": {"mean": 0.543489265779499, "median": 0.026512980461120605, "standard_deviation": 0.8401082461755275, "minimum": 0.0, "maximum": 2.5069518089294434, "count": 16, "zero_regret_fraction": 0.4375}, "3": {"mean": 1.9742688324768096, "median": 1.8128550052642822, "standard_deviation": 1.6617546700828474, "minimum": 0.0, "maximum": 5.994246695190668, "count": 16, "zero_regret_fraction": 0.0625}, "4": {"mean": 2.674520581960678, "median": 2.7042009830474854, "standard_deviation": 1.3224513866380139, "minimum": 0.0, "maximum": 5.109571933746338, "count": 16, "zero_regret_fraction": 0.0625}}}, {"budget": 640, "anchors": 16, "value_r2": {"mean": 0.5729438311563584, "median": 0.5930367857187091, "standard_deviation": 0.11621360479553339, "minimum": 0.250951552224276, "maximum": 0.7326744255702154, "count": 16}, "edge_spearman": {"mean": 0.3711586845531468, "median": 0.3733675743165253, "standard_deviation": 0.041860436932662344, "minimum": 0.2775400769695944, "maximum": 0.425177669597866, "count": 16}, "anchor_macro_kendall_tau": {"mean": 0.22417126890869388, "median": 0.22338977407987895, "standard_deviation": 0.03364937351012916, "minimum": 0.16302542923897273, "maximum": 0.2803187926196228, "count": 16}, "closed_edges": {"mean": 4240.75, "median": 4222.0, "standard_deviation": 365.46034896643255, "minimum": 3664.0, "maximum": 4948.0, "count": 16}, "regret": {"1": {"mean": 0.01585850376432063, "median": 0.0, "standard_deviation": 0.047841211974282684, "minimum": 0.0, "maximum": 0.19408132135868073, "count": 16, "zero_regret_fraction": 0.5625}, "2": {"mean": 0.04884548932022881, "median": 0.0, "standard_deviation": 0.09797717500911977, "minimum": 0.0, "maximum": 0.38431477546691895, "count": 16, "zero_regret_fraction": 0.625}, "3": {"mean": 0.79717817902565, "median": 0.958652138710022, "standard_deviation": 0.6894899221723146, "minimum": 0.0, "maximum": 1.9683151245117188, "count": 16, "zero_regret_fraction": 0.25}, "4": {"mean": 1.5440919995307922, "median": 1.4493093490600586, "standard_deviation": 1.0634533314829877, "minimum": 0.0, "maximum": 3.3213510513305664, "count": 16, "zero_regret_fraction": 0.1875}}}], "query_budget": {"acquisition": "path_aware", "anchors": 16, "budget_curve": [80, 160, 320, 640], "final_unique_queries_per_anchor": 640, "total_oracle_queries_across_independent_anchors": 10240, "teacher_query_cost_unit": "unique measured node per independent anchor", "same_protocol_required": true, "anchor_protocol_sha256": "3b3ef4a2152d1eac8f0780fe4f5964eb491e7113c3d93837def3dbe64a589566", "test_evaluated": false}, "test_evaluated": false}
