/media/PM983/Code/PLS/src/pls/editflow/student.py:46: UserWarning: enable_nested_tensor is True, but self.use_nested_tensor is False because encoder_layer.norm_first was True
  self.encoder = nn.TransformerEncoder(block, layers)
/media/PM983/Code/PLS/src/pls/editflow/student.py:46: UserWarning: enable_nested_tensor is True, but self.use_nested_tensor is False because encoder_layer.norm_first was True
  self.encoder = nn.TransformerEncoder(block, layers)
{"anchor_rank": 0, "anchor": "DNNV", "budget": 80, "r2": -0.4425539943950907, "regret": {"1": {"acquired": 0.01542617566883564, "novel_design": 0.017902973107993603, "campaign": 0.01542617566883564}, "2": {"acquired": 3.9494960382580757, "novel_design": 3.985518417786807, "campaign": 3.9494960382580757}, "3": {"acquired": 6.673592686653137, "novel_design": 5.240160226821899, "campaign": 5.240160226821899}, "4": {"acquired": 4.828968524932861, "novel_design": 6.61542010307312, "campaign": 4.828968524932861}}}
/media/PM983/Code/PLS/src/pls/editflow/student.py:46: UserWarning: enable_nested_tensor is True, but self.use_nested_tensor is False because encoder_layer.norm_first was True
  self.encoder = nn.TransformerEncoder(block, layers)
{"anchor_rank": 0, "anchor": "DNNV", "budget": 160, "r2": -0.08477498278256057, "regret": {"1": {"acquired": 0.0, "novel_design": 0.008075561374425888, "campaign": 0.0}, "2": {"acquired": 3.9494960382580757, "novel_design": 3.984930210513994, "campaign": 3.9494960382580757}, "3": {"acquired": 5.1914143562316895, "novel_design": 2.292024612426758, "campaign": 2.292024612426758}, "4": {"acquired": 1.9044227600097656, "novel_design": 1.884016513824463, "campaign": 1.884016513824463}}}
/media/PM983/Code/PLS/src/pls/editflow/student.py:46: UserWarning: enable_nested_tensor is True, but self.use_nested_tensor is False because encoder_layer.norm_first was True
  self.encoder = nn.TransformerEncoder(block, layers)
{"anchor_rank": 0, "anchor": "DNNV", "budget": 320, "r2": 0.4298299399471406, "regret": {"1": {"acquired": 0.0, "novel_design": 0.012472722912207246, "campaign": 0.0}, "2": {"acquired": 0.0, "novel_design": 0.9815603494644165, "campaign": 0.0}, "3": {"acquired": 2.292024612426758, "novel_design": 1.2819223403930664, "campaign": 1.2819223403930664}, "4": {"acquired": 1.47963285446167, "novel_design": 2.418468475341797, "campaign": 1.47963285446167}}}
/media/PM983/Code/PLS/src/pls/editflow/student.py:46: UserWarning: enable_nested_tensor is True, but self.use_nested_tensor is False because encoder_layer.norm_first was True
  self.encoder = nn.TransformerEncoder(block, layers)
{"anchor_rank": 0, "anchor": "DNNV", "budget": 640, "r2": 0.5657906081285466, "regret": {"1": {"acquired": 0.0, "novel_design": 0.0148153156042099, "campaign": 0.0}, "2": {"acquired": 0.0, "novel_design": 2.0035836696624756, "campaign": 0.0}, "3": {"acquired": 1.2819223403930664, "novel_design": 3.2241740226745605, "campaign": 1.2819223403930664}, "4": {"acquired": 0.0, "novel_design": 2.01766300201416, "campaign": 0.0}}}
/media/PM983/Code/PLS/src/pls/editflow/student.py:46: UserWarning: enable_nested_tensor is True, but self.use_nested_tensor is False because encoder_layer.norm_first was True
  self.encoder = nn.TransformerEncoder(block, layers)
{"anchor_rank": 1, "anchor": "YLPR", "budget": 80, "r2": -0.10403213206641704, "regret": {"1": {"acquired": 0.006570606958121061, "novel_design": 0.006798917893320322, "campaign": 0.006570606958121061}, "2": {"acquired": 2.760065062902868, "novel_design": 0.05052685737609863, "campaign": 0.05052685737609863}, "3": {"acquired": 6.920347962528467, "novel_design": 6.913415752351284, "campaign": 6.913415752351284}, "4": {"acquired": 6.106783390045166, "novel_design": 8.75774908484891, "campaign": 6.106783390045166}}}
/media/PM983/Code/PLS/src/pls/editflow/student.py:46: UserWarning: enable_nested_tensor is True, but self.use_nested_tensor is False because encoder_layer.norm_first was True
  self.encoder = nn.TransformerEncoder(block, layers)
{"anchor_rank": 1, "anchor": "YLPR", "budget": 160, "r2": 0.09147006669511293, "regret": {"1": {"acquired": 0.0, "novel_design": 0.0031026529613882303, "campaign": 0.0}, "2": {"acquired": 2.7555863428860903, "novel_design": 0.05052685737609863, "campaign": 0.05052685737609863}, "3": {"acquired": 3.7399494647979736, "novel_design": 1.914285659790039, "campaign": 1.914285659790039}, "4": {"acquired": 5.520581960678101, "novel_design": 3.694918155670166, "campaign": 3.694918155670166}}}
/media/PM983/Code/PLS/src/pls/editflow/student.py:46: UserWarning: enable_nested_tensor is True, but self.use_nested_tensor is False because encoder_layer.norm_first was True
  self.encoder = nn.TransformerEncoder(block, layers)
{"anchor_rank": 1, "anchor": "YLPR", "budget": 320, "r2": -0.12537663739096483, "regret": {"1": {"acquired": 0.0, "novel_design": 0.0042108704801648855, "campaign": 0.0}, "2": {"acquired": 0.05052685737609863, "novel_design": 2.587357372045517, "campaign": 0.05052685737609863}, "3": {"acquired": 1.914285659790039, "novel_design": 2.714169502258301, "campaign": 1.914285659790039}, "4": {"acquired": 2.2619376182556152, "novel_design": 7.464546203613281, "campaign": 2.2619376182556152}}}
/media/PM983/Code/PLS/src/pls/editflow/student.py:46: UserWarning: enable_nested_tensor is True, but self.use_nested_tensor is False because encoder_layer.norm_first was True
  self.encoder = nn.TransformerEncoder(block, layers)
{"anchor_rank": 1, "anchor": "YLPR", "budget": 640, "r2": 0.44264467317086686, "regret": {"1": {"acquired": 0.0, "novel_design": 0.0017818489577621222, "campaign": 0.0}, "2": {"acquired": 0.0, "novel_design": 1.4673155546188354, "campaign": 0.0}, "3": {"acquired": 1.914285659790039, "novel_design": 2.377373218536377, "campaign": 1.914285659790039}, "4": {"acquired": 0.7168140411376953, "novel_design": 0.0, "campaign": 0.0}}}
/media/PM983/Code/PLS/src/pls/editflow/student.py:46: UserWarning: enable_nested_tensor is True, but self.use_nested_tensor is False because encoder_layer.norm_first was True
  self.encoder = nn.TransformerEncoder(block, layers)
{"anchor_rank": 2, "anchor": "DRFS", "budget": 80, "r2": -0.01924079561881853, "regret": {"1": {"acquired": 0.6763363236095756, "novel_design": 0.4149390757083893, "campaign": 0.4149390757083893}, "2": {"acquired": 5.589880084386095, "novel_design": 2.9672582149505615, "campaign": 2.9672582149505615}, "3": {"acquired": 6.32932055182755, "novel_design": 5.497291386127472, "campaign": 5.497291386127472}, "4": {"acquired": 7.443414807319641, "novel_design": 6.9773149490356445, "campaign": 6.9773149490356445}}}
/media/PM983/Code/PLS/src/pls/editflow/student.py:46: UserWarning: enable_nested_tensor is True, but self.use_nested_tensor is False because encoder_layer.norm_first was True
  self.encoder = nn.TransformerEncoder(block, layers)
{"anchor_rank": 2, "anchor": "DRFS", "budget": 160, "r2": 0.11471338911392892, "regret": {"1": {"acquired": 0.4149390757083893, "novel_design": 0.6703086765483022, "campaign": 0.4149390757083893}, "2": {"acquired": 5.328482836484909, "novel_design": 4.410010814666748, "campaign": 4.410010814666748}, "3": {"acquired": 5.497291386127472, "novel_design": 5.055514335632324, "campaign": 5.055514335632324}, "4": {"acquired": 5.463595390319824, "novel_design": 8.756285267882049, "campaign": 5.463595390319824}}}
/media/PM983/Code/PLS/src/pls/editflow/student.py:46: UserWarning: enable_nested_tensor is True, but self.use_nested_tensor is False because encoder_layer.norm_first was True
  self.encoder = nn.TransformerEncoder(block, layers)
{"anchor_rank": 2, "anchor": "DRFS", "budget": 320, "r2": 0.30241398366041616, "regret": {"1": {"acquired": 0.0, "novel_design": 0.002800098154693842, "campaign": 0.0}, "2": {"acquired": 2.395341157913208, "novel_design": 4.98551619052887, "campaign": 2.395341157913208}, "3": {"acquired": 3.144763231277466, "novel_design": 2.184844493865967, "campaign": 2.184844493865967}, "4": {"acquired": 4.654721260070801, "novel_design": 3.6807217597961426, "campaign": 3.6807217597961426}}}
/media/PM983/Code/PLS/src/pls/editflow/student.py:46: UserWarning: enable_nested_tensor is True, but self.use_nested_tensor is False because encoder_layer.norm_first was True
  self.encoder = nn.TransformerEncoder(block, layers)
{"anchor_rank": 2, "anchor": "DRFS", "budget": 640, "r2": 0.5634108997475853, "regret": {"1": {"acquired": 0.0, "novel_design": 0.003910510567948222, "campaign": 0.0}, "2": {"acquired": 0.5487794876098633, "novel_design": 0.10815286636352539, "campaign": 0.10815286636352539}, "3": {"acquired": 1.0453171730041504, "novel_design": 3.6995620727539062, "campaign": 1.0453171730041504}, "4": {"acquired": 1.780632495880127, "novel_design": 0.7168140411376953, "campaign": 0.7168140411376953}}}
/media/PM983/Code/PLS/src/pls/editflow/student.py:46: UserWarning: enable_nested_tensor is True, but self.use_nested_tensor is False because encoder_layer.norm_first was True
  self.encoder = nn.TransformerEncoder(block, layers)
{"anchor_rank": 3, "anchor": "TRFP", "budget": 80, "r2": -0.19646139979395127, "regret": {"1": {"acquired": 0.7664656285196543, "novel_design": 0.7717775627970695, "campaign": 0.7664656285196543}, "2": {"acquired": 4.528300762176514, "novel_design": 5.559680249541998, "campaign": 4.528300762176514}, "3": {"acquired": 3.08636736869812, "novel_design": 6.3366451929323375, "campaign": 3.08636736869812}, "4": {"acquired": 5.504835844039917, "novel_design": 8.716957200318575, "campaign": 5.504835844039917}}}
/media/PM983/Code/PLS/src/pls/editflow/student.py:46: UserWarning: enable_nested_tensor is True, but self.use_nested_tensor is False because encoder_layer.norm_first was True
  self.encoder = nn.TransformerEncoder(block, layers)
{"anchor_rank": 3, "anchor": "TRFP", "budget": 160, "r2": 0.1350810335308953, "regret": {"1": {"acquired": 0.0, "novel_design": 0.08560061873868108, "campaign": 0.0}, "2": {"acquired": 4.528300762176514, "novel_design": 5.191815078258514, "campaign": 4.528300762176514}, "3": {"acquired": 2.657356023788452, "novel_design": 2.3569798469543457, "campaign": 2.3569798469543457}, "4": {"acquired": 4.716005325317383, "novel_design": 3.686666488647461, "campaign": 3.686666488647461}}}
/media/PM983/Code/PLS/src/pls/editflow/student.py:46: UserWarning: enable_nested_tensor is True, but self.use_nested_tensor is False because encoder_layer.norm_first was True
  self.encoder = nn.TransformerEncoder(block, layers)
{"anchor_rank": 3, "anchor": "TRFP", "budget": 320, "r2": 0.2549027105931785, "regret": {"1": {"acquired": 0.0, "novel_design": 0.08765966538339853, "campaign": 0.0}, "2": {"acquired": 0.10815286636352539, "novel_design": 5.049886643886566, "campaign": 0.10815286636352539}, "3": {"acquired": 0.8582711219787598, "novel_design": 1.1701741218566895, "campaign": 0.8582711219787598}, "4": {"acquired": 2.989933490753174, "novel_design": 3.5886425971984863, "campaign": 2.989933490753174}}}
/media/PM983/Code/PLS/src/pls/editflow/student.py:46: UserWarning: enable_nested_tensor is True, but self.use_nested_tensor is False because encoder_layer.norm_first was True
  self.encoder = nn.TransformerEncoder(block, layers)
{"anchor_rank": 3, "anchor": "TRFP", "budget": 640, "r2": 0.2857916337021996, "regret": {"1": {"acquired": 0.0, "novel_design": 0.0, "campaign": 0.0}, "2": {"acquired": 0.10815286636352539, "novel_design": 4.017922878265381, "campaign": 0.10815286636352539}, "3": {"acquired": 0.0, "novel_design": 2.1997265815734863, "campaign": 0.0}, "4": {"acquired": 2.418468475341797, "novel_design": 3.845665454864502, "campaign": 2.418468475341797}}}
/media/PM983/Code/PLS/src/pls/editflow/student.py:46: UserWarning: enable_nested_tensor is True, but self.use_nested_tensor is False because encoder_layer.norm_first was True
  self.encoder = nn.TransformerEncoder(block, layers)
{"anchor_rank": 4, "anchor": "CYCQ", "budget": 80, "r2": -0.02072080790147912, "regret": {"1": {"acquired": 2.3929328257218003, "novel_design": 2.3746238593012094, "campaign": 2.3746238593012094}, "2": {"acquired": 5.3729952573776245, "novel_design": 6.4040025770664215, "campaign": 5.3729952573776245}, "3": {"acquired": 6.518411755561829, "novel_design": 7.158981204032898, "campaign": 6.518411755561829}, "4": {"acquired": 7.235225796699524, "novel_design": 7.875795245170593, "campaign": 7.235225796699524}}}
/media/PM983/Code/PLS/src/pls/editflow/student.py:46: UserWarning: enable_nested_tensor is True, but self.use_nested_tensor is False because encoder_layer.norm_first was True
  self.encoder = nn.TransformerEncoder(block, layers)
{"anchor_rank": 4, "anchor": "CYCQ", "budget": 160, "r2": 0.13123662419255422, "regret": {"1": {"acquired": 0.0, "novel_design": 0.7552735395729542, "campaign": 0.0}, "2": {"acquired": 4.097546100616455, "novel_design": 6.040435343980789, "campaign": 4.097546100616455}, "3": {"acquired": 5.405414581298828, "novel_design": 7.828848108649254, "campaign": 5.405414581298828}, "4": {"acquired": 4.733797073364258, "novel_design": 6.01234769821167, "campaign": 4.733797073364258}}}
/media/PM983/Code/PLS/src/pls/editflow/student.py:46: UserWarning: enable_nested_tensor is True, but self.use_nested_tensor is False because encoder_layer.norm_first was True
  self.encoder = nn.TransformerEncoder(block, layers)
{"anchor_rank": 4, "anchor": "CYCQ", "budget": 320, "r2": 0.41120654456260586, "regret": {"1": {"acquired": 0.0, "novel_design": 0.018772032111883163, "campaign": 0.0}, "2": {"acquired": 0.4515380859375, "novel_design": 1.2350997924804688, "campaign": 0.4515380859375}, "3": {"acquired": 2.0009145736694336, "novel_design": 0.8164916038513184, "campaign": 0.8164916038513184}, "4": {"acquired": 2.717728614807129, "novel_design": 1.5333056449890137, "campaign": 1.5333056449890137}}}
/media/PM983/Code/PLS/src/pls/editflow/student.py:46: UserWarning: enable_nested_tensor is True, but self.use_nested_tensor is False because encoder_layer.norm_first was True
  self.encoder = nn.TransformerEncoder(block, layers)
{"anchor_rank": 4, "anchor": "CYCQ", "budget": 640, "r2": 0.5348752270367152, "regret": {"1": {"acquired": 0.0, "novel_design": 0.0036626439541578293, "campaign": 0.0}, "2": {"acquired": 0.0, "novel_design": 1.200321078300476, "campaign": 0.0}, "3": {"acquired": 0.7628188133239746, "novel_design": 1.6779851913452148, "campaign": 0.7628188133239746}, "4": {"acquired": 1.47963285446167, "novel_design": 2.39479923248291, "campaign": 1.47963285446167}}}
/media/PM983/Code/PLS/src/pls/editflow/student.py:46: UserWarning: enable_nested_tensor is True, but self.use_nested_tensor is False because encoder_layer.norm_first was True
  self.encoder = nn.TransformerEncoder(block, layers)
{"anchor_rank": 5, "anchor": "IPKK", "budget": 80, "r2": -0.022663751466446058, "regret": {"1": {"acquired": 0.02108333259820938, "novel_design": 0.009166666306555271, "campaign": 0.009166666306555271}, "2": {"acquired": 3.3375494480133057, "novel_design": 0.0, "campaign": 0.0}, "3": {"acquired": 6.0043596513569355, "novel_design": 6.0145241897553205, "campaign": 6.0043596513569355}, "4": {"acquired": 8.663391917943954, "novel_design": 5.820515155792236, "campaign": 5.820515155792236}}}
/media/PM983/Code/PLS/src/pls/editflow/student.py:46: UserWarning: enable_nested_tensor is True, but self.use_nested_tensor is False because encoder_layer.norm_first was True
  self.encoder = nn.TransformerEncoder(block, layers)
{"anchor_rank": 5, "anchor": "IPKK", "budget": 160, "r2": -1.1450381426143852, "regret": {"1": {"acquired": 0.009166666306555271, "novel_design": 0.02108333259820938, "campaign": 0.009166666306555271}, "2": {"acquired": 3.3256327817216516, "novel_design": 3.336172144860029, "campaign": 3.3256327817216516}, "3": {"acquired": 0.034450531005859375, "novel_design": 5.9462568536400795, "campaign": 0.034450531005859375}, "4": {"acquired": 1.2073025703430176, "novel_design": 3.8599038124084473, "campaign": 1.2073025703430176}}}
/media/PM983/Code/PLS/src/pls/editflow/student.py:46: UserWarning: enable_nested_tensor is True, but self.use_nested_tensor is False because encoder_layer.norm_first was True
  self.encoder = nn.TransformerEncoder(block, layers)
{"anchor_rank": 5, "anchor": "IPKK", "budget": 320, "r2": 0.3971173562363969, "regret": {"1": {"acquired": 0.003953123465180397, "novel_design": 0.02108333259820938, "campaign": 0.003953123465180397}, "2": {"acquired": 0.0, "novel_design": 0.0, "campaign": 0.0}, "3": {"acquired": 0.0, "novel_design": 1.443373680114746, "campaign": 0.0}, "4": {"acquired": 0.0, "novel_design": 0.0, "campaign": 0.0}}}
/media/PM983/Code/PLS/src/pls/editflow/student.py:46: UserWarning: enable_nested_tensor is True, but self.use_nested_tensor is False because encoder_layer.norm_first was True
  self.encoder = nn.TransformerEncoder(block, layers)
{"anchor_rank": 5, "anchor": "IPKK", "budget": 640, "r2": 0.613495643374256, "regret": {"1": {"acquired": 0.0, "novel_design": 0.0, "campaign": 0.0}, "2": {"acquired": 0.0, "novel_design": 0.2555081956088543, "campaign": 0.0}, "3": {"acquired": 0.0, "novel_design": 0.7806153297424316, "campaign": 0.0}, "4": {"acquired": 0.0, "novel_design": 1.213371753692627, "campaign": 0.0}}}
/media/PM983/Code/PLS/src/pls/editflow/student.py:46: UserWarning: enable_nested_tensor is True, but self.use_nested_tensor is False because encoder_layer.norm_first was True
  self.encoder = nn.TransformerEncoder(block, layers)
{"anchor_rank": 6, "anchor": "LVHA", "budget": 80, "r2": 0.01179827722462945, "regret": {"1": {"acquired": 2.841629147529602, "novel_design": 0.0, "campaign": 0.0}, "2": {"acquired": 5.589051842689514, "novel_design": 6.84332150220871, "campaign": 5.589051842689514}, "3": {"acquired": 7.122357487678528, "novel_design": 8.376627147197723, "campaign": 7.122357487678528}, "4": {"acquired": 7.122357487678528, "novel_design": 8.376627147197723, "campaign": 7.122357487678528}}}
/media/PM983/Code/PLS/src/pls/editflow/student.py:46: UserWarning: enable_nested_tensor is True, but self.use_nested_tensor is False because encoder_layer.norm_first was True
  self.encoder = nn.TransformerEncoder(block, layers)
{"anchor_rank": 6, "anchor": "LVHA", "budget": 160, "r2": 0.15194211785223288, "regret": {"1": {"acquired": 0.0, "novel_design": 0.1504691019654274, "campaign": 0.0}, "2": {"acquired": 2.747422695159912, "novel_design": 3.8916666507720947, "campaign": 2.747422695159912}, "3": {"acquired": 4.280728340148926, "novel_design": 5.424972295761108, "campaign": 4.280728340148926}, "4": {"acquired": 4.280728340148926, "novel_design": 5.424972295761108, "campaign": 4.280728340148926}}}
/media/PM983/Code/PLS/src/pls/editflow/student.py:46: UserWarning: enable_nested_tensor is True, but self.use_nested_tensor is False because encoder_layer.norm_first was True
  self.encoder = nn.TransformerEncoder(block, layers)
{"anchor_rank": 6, "anchor": "LVHA", "budget": 320, "r2": 0.26074507521846346, "regret": {"1": {"acquired": 0.0, "novel_design": 0.020210184156894684, "campaign": 0.0}, "2": {"acquired": 1.337733268737793, "novel_design": 4.701727867126465, "campaign": 1.337733268737793}, "3": {"acquired": 2.8710389137268066, "novel_design": 3.4265055656433105, "campaign": 2.8710389137268066}, "4": {"acquired": 2.8710389137268066, "novel_design": 3.4265055656433105, "campaign": 2.8710389137268066}}}
/media/PM983/Code/PLS/src/pls/editflow/student.py:46: UserWarning: enable_nested_tensor is True, but self.use_nested_tensor is False because encoder_layer.norm_first was True
  self.encoder = nn.TransformerEncoder(block, layers)
{"anchor_rank": 6, "anchor": "LVHA", "budget": 640, "r2": 0.3299264668035481, "regret": {"1": {"acquired": 0.0, "novel_design": 0.01009739888831973, "campaign": 0.0}, "2": {"acquired": 0.0, "novel_design": 0.09488677978515625, "campaign": 0.0}, "3": {"acquired": 1.20509672164917, "novel_design": 2.39479923248291, "campaign": 1.20509672164917}, "4": {"acquired": 1.20509672164917, "novel_design": 2.39479923248291, "campaign": 1.20509672164917}}}
/media/PM983/Code/PLS/src/pls/editflow/student.py:46: UserWarning: enable_nested_tensor is True, but self.use_nested_tensor is False because encoder_layer.norm_first was True
  self.encoder = nn.TransformerEncoder(block, layers)
{"anchor_rank": 7, "anchor": "IPVY", "budget": 80, "r2": -0.03122180974281208, "regret": {"1": {"acquired": 0.01311433594673872, "novel_design": 0.01585540291853249, "campaign": 0.01311433594673872}, "2": {"acquired": 3.3335335748270154, "novel_design": 3.328984343446791, "campaign": 3.328984343446791}, "3": {"acquired": 6.014669207856059, "novel_design": 6.039977286010981, "campaign": 6.014669207856059}, "4": {"acquired": 8.431090384721756, "novel_design": 8.758159038610756, "campaign": 8.431090384721756}}}
/media/PM983/Code/PLS/src/pls/editflow/student.py:46: UserWarning: enable_nested_tensor is True, but self.use_nested_tensor is False because encoder_layer.norm_first was True
  self.encoder = nn.TransformerEncoder(block, layers)
{"anchor_rank": 7, "anchor": "IPVY", "budget": 160, "r2": -0.023839747880308293, "regret": {"1": {"acquired": 0.0, "novel_design": 0.008826631121337414, "campaign": 0.0}, "2": {"acquired": 3.3204192388802767, "novel_design": 3.3351462893188, "campaign": 3.3204192388802767}, "3": {"acquired": 5.923522539436817, "novel_design": 6.028008285909891, "campaign": 5.923522539436817}, "4": {"acquired": 8.117981314659119, "novel_design": 8.062835395336151, "campaign": 8.062835395336151}}}
/media/PM983/Code/PLS/src/pls/editflow/student.py:46: UserWarning: enable_nested_tensor is True, but self.use_nested_tensor is False because encoder_layer.norm_first was True
  self.encoder = nn.TransformerEncoder(block, layers)
{"anchor_rank": 7, "anchor": "IPVY", "budget": 320, "r2": 0.039721556512221756, "regret": {"1": {"acquired": 0.0, "novel_design": 0.00485441111959517, "campaign": 0.0}, "2": {"acquired": 2.8288978338241577, "novel_design": 3.334405088564381, "campaign": 2.8288978338241577}, "3": {"acquired": 5.53342592716217, "novel_design": 5.671977758407593, "campaign": 5.53342592716217}, "4": {"acquired": 3.8348703384399414, "novel_design": 8.731942489743233, "campaign": 3.8348703384399414}}}
/media/PM983/Code/PLS/src/pls/editflow/student.py:46: UserWarning: enable_nested_tensor is True, but self.use_nested_tensor is False because encoder_layer.norm_first was True
  self.encoder = nn.TransformerEncoder(block, layers)
{"anchor_rank": 7, "anchor": "IPVY", "budget": 640, "r2": 0.4547717595318852, "regret": {"1": {"acquired": 0.0, "novel_design": 0.004986148560419679, "campaign": 0.0}, "2": {"acquired": 1.7168828248977661, "novel_design": 2.8189024329185486, "campaign": 1.7168828248977661}, "3": {"acquired": 0.27004528045654297, "novel_design": 1.9085478782653809, "campaign": 0.27004528045654297}, "4": {"acquired": 2.4870190620422363, "novel_design": 2.920382499694824, "campaign": 2.4870190620422363}}}
/media/PM983/Code/PLS/src/pls/editflow/student.py:46: UserWarning: enable_nested_tensor is True, but self.use_nested_tensor is False because encoder_layer.norm_first was True
  self.encoder = nn.TransformerEncoder(block, layers)
{"anchor_rank": 8, "anchor": "MYCT", "budget": 80, "r2": -0.01128252419845599, "regret": {"1": {"acquired": 4.058067142963409, "novel_design": 3.7902015447616577, "campaign": 3.7902015447616577}, "2": {"acquired": 6.043925583362579, "novel_design": 6.490529608912766, "campaign": 6.043925583362579}, "3": {"acquired": 7.3585158586502075, "novel_design": 6.246299505233765, "campaign": 6.246299505233765}, "4": {"acquired": 8.075329899787903, "novel_design": 8.748162994161248, "campaign": 8.075329899787903}}}
/media/PM983/Code/PLS/src/pls/editflow/student.py:46: UserWarning: enable_nested_tensor is True, but self.use_nested_tensor is False because encoder_layer.norm_first was True
  self.encoder = nn.TransformerEncoder(block, layers)
{"anchor_rank": 8, "anchor": "MYCT", "budget": 160, "r2": -0.23266633104558654, "regret": {"1": {"acquired": 3.3871368169784546, "novel_design": 0.0, "campaign": 0.0}, "2": {"acquired": 4.577467918395996, "novel_design": 1.4225077629089355, "campaign": 1.4225077629089355}, "3": {"acquired": 2.9639077186584473, "novel_design": 2.971884250640869, "campaign": 2.9639077186584473}, "4": {"acquired": 3.6807217597961426, "novel_design": 3.6886982917785645, "campaign": 3.6807217597961426}}}
/media/PM983/Code/PLS/src/pls/editflow/student.py:46: UserWarning: enable_nested_tensor is True, but self.use_nested_tensor is False because encoder_layer.norm_first was True
  self.encoder = nn.TransformerEncoder(block, layers)
{"anchor_rank": 8, "anchor": "MYCT", "budget": 320, "r2": 0.4367001520446334, "regret": {"1": {"acquired": 0.0, "novel_design": 0.919424295425415, "campaign": 0.0}, "2": {"acquired": 0.6891202926635742, "novel_design": 0.4515380859375, "campaign": 0.4515380859375}, "3": {"acquired": 2.0704331398010254, "novel_design": 0.8164916038513184, "campaign": 0.8164916038513184}, "4": {"acquired": 2.7872471809387207, "novel_design": 1.5333056449890137, "campaign": 1.5333056449890137}}}
/media/PM983/Code/PLS/src/pls/editflow/student.py:46: UserWarning: enable_nested_tensor is True, but self.use_nested_tensor is False because encoder_layer.norm_first was True
  self.encoder = nn.TransformerEncoder(block, layers)
{"anchor_rank": 8, "anchor": "MYCT", "budget": 640, "r2": 0.4912028080659465, "regret": {"1": {"acquired": 0.0, "novel_design": 0.2836693376302719, "campaign": 0.0}, "2": {"acquired": 0.0, "novel_design": 1.0807161331176758, "campaign": 0.0}, "3": {"acquired": 0.4882826805114746, "novel_design": 0.0, "campaign": 0.0}, "4": {"acquired": 1.20509672164917, "novel_design": 0.7168140411376953, "campaign": 0.7168140411376953}}}
/media/PM983/Code/PLS/src/pls/editflow/student.py:46: UserWarning: enable_nested_tensor is True, but self.use_nested_tensor is False because encoder_layer.norm_first was True
  self.encoder = nn.TransformerEncoder(block, layers)
{"anchor_rank": 9, "anchor": "EEVT", "budget": 80, "r2": 0.01239872378590734, "regret": {"1": {"acquired": 0.34948801435530186, "novel_design": 0.35200578533113003, "campaign": 0.34948801435530186}, "2": {"acquired": 2.011971328407526, "novel_design": 0.36782336235046387, "campaign": 0.36782336235046387}, "3": {"acquired": 3.605600118637085, "novel_design": 5.730437994003296, "campaign": 3.605600118637085}, "4": {"acquired": 5.677836179733276, "novel_design": 7.802674055099487, "campaign": 5.677836179733276}}}
/media/PM983/Code/PLS/src/pls/editflow/student.py:46: UserWarning: enable_nested_tensor is True, but self.use_nested_tensor is False because encoder_layer.norm_first was True
  self.encoder = nn.TransformerEncoder(block, layers)
{"anchor_rank": 9, "anchor": "EEVT", "budget": 160, "r2": 0.22829217020135018, "regret": {"1": {"acquired": 0.19408132135868073, "novel_design": 0.3050945773720741, "campaign": 0.19408132135868073}, "2": {"acquired": 0.36782336235046387, "novel_design": 1.8227148354053497, "campaign": 0.36782336235046387}, "3": {"acquired": 2.136345386505127, "novel_design": 5.462490916252136, "campaign": 2.136345386505127}, "4": {"acquired": 4.208581447601318, "novel_design": 3.938688278198242, "campaign": 3.938688278198242}}}
/media/PM983/Code/PLS/src/pls/editflow/student.py:46: UserWarning: enable_nested_tensor is True, but self.use_nested_tensor is False because encoder_layer.norm_first was True
  self.encoder = nn.TransformerEncoder(block, layers)
{"anchor_rank": 9, "anchor": "EEVT", "budget": 320, "r2": 0.24218503063171137, "regret": {"1": {"acquired": 0.19408132135868073, "novel_design": 0.3677917467430234, "campaign": 0.19408132135868073}, "2": {"acquired": 0.36782336235046387, "novel_design": 1.6735982596874237, "campaign": 0.36782336235046387}, "3": {"acquired": 2.136345386505127, "novel_design": 6.647301930934191, "campaign": 2.136345386505127}, "4": {"acquired": 1.20509672164917, "novel_design": 1.5333056449890137, "campaign": 1.20509672164917}}}
/media/PM983/Code/PLS/src/pls/editflow/student.py:46: UserWarning: enable_nested_tensor is True, but self.use_nested_tensor is False because encoder_layer.norm_first was True
  self.encoder = nn.TransformerEncoder(block, layers)
{"anchor_rank": 9, "anchor": "EEVT", "budget": 640, "r2": 0.45146504492867634, "regret": {"1": {"acquired": 0.1335100531578064, "novel_design": 0.37199671170674264, "campaign": 0.1335100531578064}, "2": {"acquired": 0.36782336235046387, "novel_design": 0.38431477546691895, "campaign": 0.36782336235046387}, "3": {"acquired": 2.136345386505127, "novel_design": 4.664851188659668, "campaign": 2.136345386505127}, "4": {"acquired": 0.0, "novel_design": 0.0, "campaign": 0.0}}}
/media/PM983/Code/PLS/src/pls/editflow/student.py:46: UserWarning: enable_nested_tensor is True, but self.use_nested_tensor is False because encoder_layer.norm_first was True
  self.encoder = nn.TransformerEncoder(block, layers)
{"anchor_rank": 10, "anchor": "QMDR", "budget": 80, "r2": 0.02114715823375013, "regret": {"1": {"acquired": 0.011071528075262904, "novel_design": 0.009732817532494664, "campaign": 0.009732817532494664}, "2": {"acquired": 1.8462395707610995, "novel_design": 1.837557272054255, "campaign": 1.837557272054255}, "3": {"acquired": 4.220707431435585, "novel_design": 3.4182189106941223, "campaign": 3.4182189106941223}, "4": {"acquired": 7.985396325588226, "novel_design": 8.71979908645153, "campaign": 7.985396325588226}}}
/media/PM983/Code/PLS/src/pls/editflow/student.py:46: UserWarning: enable_nested_tensor is True, but self.use_nested_tensor is False because encoder_layer.norm_first was True
  self.encoder = nn.TransformerEncoder(block, layers)
{"anchor_rank": 10, "anchor": "QMDR", "budget": 160, "r2": 0.28458074077605355, "regret": {"1": {"acquired": 0.004933202639222145, "novel_design": 0.011599638150073588, "campaign": 0.004933202639222145}, "2": {"acquired": 1.8412940464913845, "novel_design": 1.780994527041912, "campaign": 1.780994527041912}, "3": {"acquired": 3.4182189106941223, "novel_design": 4.1953074634075165, "campaign": 3.4182189106941223}, "4": {"acquired": 4.897390842437744, "novel_design": 5.259789705276489, "campaign": 4.897390842437744}}}
/media/PM983/Code/PLS/src/pls/editflow/student.py:46: UserWarning: enable_nested_tensor is True, but self.use_nested_tensor is False because encoder_layer.norm_first was True
  self.encoder = nn.TransformerEncoder(block, layers)
{"anchor_rank": 10, "anchor": "QMDR", "budget": 320, "r2": 0.35262488634498745, "regret": {"1": {"acquired": 0.0, "novel_design": 4.066922701895237e-05, "campaign": 0.0}, "2": {"acquired": 0.0, "novel_design": 0.8731255382299423, "campaign": 0.0}, "3": {"acquired": 0.6444287300109863, "novel_design": 0.9376688003540039, "campaign": 0.6444287300109863}, "4": {"acquired": 1.20509672164917, "novel_design": 4.132706642150879, "campaign": 1.20509672164917}}}
/media/PM983/Code/PLS/src/pls/editflow/student.py:46: UserWarning: enable_nested_tensor is True, but self.use_nested_tensor is False because encoder_layer.norm_first was True
  self.encoder = nn.TransformerEncoder(block, layers)
{"anchor_rank": 10, "anchor": "QMDR", "budget": 640, "r2": 0.5067266935012047, "regret": {"1": {"acquired": 0.0, "novel_design": 0.002350244903936982, "campaign": 0.0}, "2": {"acquired": 0.0, "novel_design": 1.000404620077461, "campaign": 0.0}, "3": {"acquired": 0.0, "novel_design": 0.8158502578735352, "campaign": 0.0}, "4": {"acquired": 1.20509672164917, "novel_design": 2.4708828926086426, "campaign": 1.20509672164917}}}
/media/PM983/Code/PLS/src/pls/editflow/student.py:46: UserWarning: enable_nested_tensor is True, but self.use_nested_tensor is False because encoder_layer.norm_first was True
  self.encoder = nn.TransformerEncoder(block, layers)
{"anchor_rank": 11, "anchor": "WSCP", "budget": 80, "r2": -0.019996164912804648, "regret": {"1": {"acquired": 4.804046211764216, "novel_design": 4.396329909563065, "campaign": 4.396329909563065}, "2": {"acquired": 6.797673344612122, "novel_design": 7.265414172783494, "campaign": 6.797673344612122}, "3": {"acquired": 7.072209477424622, "novel_design": 7.523922950029373, "campaign": 7.072209477424622}, "4": {"acquired": 8.277306199073792, "novel_design": 8.730158548802137, "campaign": 8.277306199073792}}}
/media/PM983/Code/PLS/src/pls/editflow/student.py:46: UserWarning: enable_nested_tensor is True, but self.use_nested_tensor is False because encoder_layer.norm_first was True
  self.encoder = nn.TransformerEncoder(block, layers)
{"anchor_rank": 11, "anchor": "WSCP", "budget": 160, "r2": -0.19054703240656967, "regret": {"1": {"acquired": 0.0, "novel_design": 0.0, "campaign": 0.0}, "2": {"acquired": 2.4590554237365723, "novel_design": 5.693903684616089, "campaign": 2.4590554237365723}, "3": {"acquired": 2.7335915565490723, "novel_design": 5.97429358959198, "campaign": 2.7335915565490723}, "4": {"acquired": 3.938688278198242, "novel_design": 7.17939031124115, "campaign": 3.938688278198242}}}
/media/PM983/Code/PLS/src/pls/editflow/student.py:46: UserWarning: enable_nested_tensor is True, but self.use_nested_tensor is False because encoder_layer.norm_first was True
  self.encoder = nn.TransformerEncoder(block, layers)
{"anchor_rank": 11, "anchor": "WSCP", "budget": 320, "r2": 0.3658647079665752, "regret": {"1": {"acquired": 0.0, "novel_design": 0.3802997265011072, "campaign": 0.0}, "2": {"acquired": 0.0, "novel_design": 2.6058523654937744, "campaign": 0.0}, "3": {"acquired": 0.2745361328125, "novel_design": 2.1969265937805176, "campaign": 0.2745361328125}, "4": {"acquired": 1.47963285446167, "novel_design": 3.4020233154296875, "campaign": 1.47963285446167}}}
/media/PM983/Code/PLS/src/pls/editflow/student.py:46: UserWarning: enable_nested_tensor is True, but self.use_nested_tensor is False because encoder_layer.norm_first was True
  self.encoder = nn.TransformerEncoder(block, layers)
{"anchor_rank": 11, "anchor": "WSCP", "budget": 640, "r2": 0.48812641250766853, "regret": {"1": {"acquired": 0.0, "novel_design": 0.002510359510779381, "campaign": 0.0}, "2": {"acquired": 0.0, "novel_design": 0.19936227798461914, "campaign": 0.0}, "3": {"acquired": 0.0, "novel_design": 1.5527653694152832, "campaign": 0.0}, "4": {"acquired": 1.20509672164917, "novel_design": 2.719888210296631, "campaign": 1.20509672164917}}}
/media/PM983/Code/PLS/src/pls/editflow/student.py:46: UserWarning: enable_nested_tensor is True, but self.use_nested_tensor is False because encoder_layer.norm_first was True
  self.encoder = nn.TransformerEncoder(block, layers)
{"anchor_rank": 12, "anchor": "DPHR", "budget": 80, "r2": -0.8315400087230369, "regret": {"1": {"acquired": 0.009426145814359188, "novel_design": 0.016598213696852326, "campaign": 0.009426145814359188}, "2": {"acquired": 0.040409719571471214, "novel_design": 0.061165713937953115, "campaign": 0.040409719571471214}, "3": {"acquired": 3.683054907247424, "novel_design": 3.6884376481175423, "campaign": 3.683054907247424}, "4": {"acquired": 5.444634914398193, "novel_design": 8.28002056479454, "campaign": 5.444634914398193}}}
/media/PM983/Code/PLS/src/pls/editflow/student.py:46: UserWarning: enable_nested_tensor is True, but self.use_nested_tensor is False because encoder_layer.norm_first was True
  self.encoder = nn.TransformerEncoder(block, layers)
{"anchor_rank": 12, "anchor": "DPHR", "budget": 160, "r2": 0.03123552413426256, "regret": {"1": {"acquired": 0.00244717113673687, "novel_design": 0.0, "campaign": 0.0}, "2": {"acquired": 0.040409719571471214, "novel_design": 0.06324999779462814, "campaign": 0.040409719571471214}, "3": {"acquired": 3.676171349361539, "novel_design": 3.705895185470581, "campaign": 3.676171349361539}, "4": {"acquired": 3.267090320587158, "novel_design": 4.649201393127441, "campaign": 3.267090320587158}}}
/media/PM983/Code/PLS/src/pls/editflow/student.py:46: UserWarning: enable_nested_tensor is True, but self.use_nested_tensor is False because encoder_layer.norm_first was True
  self.encoder = nn.TransformerEncoder(block, layers)
{"anchor_rank": 12, "anchor": "DPHR", "budget": 320, "r2": 0.1882807110375957, "regret": {"1": {"acquired": 0.0, "novel_design": 0.0028944549267180264, "campaign": 0.0}, "2": {"acquired": 0.040409719571471214, "novel_design": 0.05858695413917303, "campaign": 0.040409719571471214}, "3": {"acquired": 3.676171349361539, "novel_design": 3.542489305138588, "campaign": 3.542489305138588}, "4": {"acquired": 3.267090320587158, "novel_design": 4.442141532897949, "campaign": 3.267090320587158}}}
/media/PM983/Code/PLS/src/pls/editflow/student.py:46: UserWarning: enable_nested_tensor is True, but self.use_nested_tensor is False because encoder_layer.norm_first was True
  self.encoder = nn.TransformerEncoder(block, layers)
{"anchor_rank": 12, "anchor": "DPHR", "budget": 640, "r2": 0.2601482226281403, "regret": {"1": {"acquired": 0.0, "novel_design": 0.0, "campaign": 0.0}, "2": {"acquired": 0.040409719571471214, "novel_design": 0.060204627458006144, "campaign": 0.040409719571471214}, "3": {"acquired": 0.21622705459594727, "novel_design": 0.8137273788452148, "campaign": 0.21622705459594727}, "4": {"acquired": 2.989933490753174, "novel_design": 6.002521753311157, "campaign": 2.989933490753174}}}
/media/PM983/Code/PLS/src/pls/editflow/student.py:46: UserWarning: enable_nested_tensor is True, but self.use_nested_tensor is False because encoder_layer.norm_first was True
  self.encoder = nn.TransformerEncoder(block, layers)
{"anchor_rank": 13, "anchor": "LWKN", "budget": 80, "r2": -0.022306071713937836, "regret": {"1": {"acquired": 1.768102071247995, "novel_design": 1.7739974232390523, "campaign": 1.768102071247995}, "2": {"acquired": 7.206055294722319, "novel_design": 7.225744326598942, "campaign": 7.206055294722319}, "3": {"acquired": 8.729808636009693, "novel_design": 7.944366455078125, "campaign": 7.944366455078125}, "4": {"acquired": 8.34653127193451, "novel_design": 7.927210032939911, "campaign": 7.927210032939911}}}
/media/PM983/Code/PLS/src/pls/editflow/student.py:46: UserWarning: enable_nested_tensor is True, but self.use_nested_tensor is False because encoder_layer.norm_first was True
  self.encoder = nn.TransformerEncoder(block, layers)
{"anchor_rank": 13, "anchor": "LWKN", "budget": 160, "r2": 0.09924694966683001, "regret": {"1": {"acquired": 0.0, "novel_design": 0.05716216750442982, "campaign": 0.0}, "2": {"acquired": 5.45085597038269, "novel_design": 6.43927663564682, "campaign": 5.45085597038269}, "3": {"acquired": 6.984161615371704, "novel_design": 5.7467474937438965, "campaign": 5.7467474937438965}, "4": {"acquired": 6.874631762504578, "novel_design": 6.946041703224182, "campaign": 6.874631762504578}}}
/media/PM983/Code/PLS/src/pls/editflow/student.py:46: UserWarning: enable_nested_tensor is True, but self.use_nested_tensor is False because encoder_layer.norm_first was True
  self.encoder = nn.TransformerEncoder(block, layers)
{"anchor_rank": 13, "anchor": "LWKN", "budget": 320, "r2": 0.22208813265287985, "regret": {"1": {"acquired": 0.0, "novel_design": 0.00740765780210495, "campaign": 0.0}, "2": {"acquired": 2.5069518089294434, "novel_design": 1.2011713981628418, "campaign": 1.2011713981628418}, "3": {"acquired": 3.8682374954223633, "novel_design": 3.267090320587158, "campaign": 3.267090320587158}, "4": {"acquired": 3.4637856483459473, "novel_design": 2.2619376182556152, "campaign": 2.2619376182556152}}}
/media/PM983/Code/PLS/src/pls/editflow/student.py:46: UserWarning: enable_nested_tensor is True, but self.use_nested_tensor is False because encoder_layer.norm_first was True
  self.encoder = nn.TransformerEncoder(block, layers)
{"anchor_rank": 13, "anchor": "LWKN", "budget": 640, "r2": 0.47941705821392444, "regret": {"1": {"acquired": 0.0, "novel_design": 0.005220634862780571, "campaign": 0.0}, "2": {"acquired": 0.0, "novel_design": 3.8459789752960205, "campaign": 0.0}, "3": {"acquired": 1.5333056449890137, "novel_design": 0.0, "campaign": 0.0}, "4": {"acquired": 0.7168140411376953, "novel_design": 0.0, "campaign": 0.0}}}
/media/PM983/Code/PLS/src/pls/editflow/student.py:46: UserWarning: enable_nested_tensor is True, but self.use_nested_tensor is False because encoder_layer.norm_first was True
  self.encoder = nn.TransformerEncoder(block, layers)
{"anchor_rank": 14, "anchor": "YWFN", "budget": 80, "r2": 0.022374768680086032, "regret": {"1": {"acquired": 4.952464837580919, "novel_design": 4.001872897148132, "campaign": 4.001872897148132}, "2": {"acquired": 6.282943982630968, "novel_design": 6.085536479949951, "campaign": 6.085536479949951}, "3": {"acquired": 8.104246020317078, "novel_design": 8.586355477571487, "campaign": 8.104246020317078}, "4": {"acquired": 8.104246020317078, "novel_design": 8.76196575164795, "campaign": 8.104246020317078}}}
/media/PM983/Code/PLS/src/pls/editflow/student.py:46: UserWarning: enable_nested_tensor is True, but self.use_nested_tensor is False because encoder_layer.norm_first was True
  self.encoder = nn.TransformerEncoder(block, layers)
{"anchor_rank": 14, "anchor": "YWFN", "budget": 160, "r2": -0.2996361657345765, "regret": {"1": {"acquired": 0.0, "novel_design": 1.3340751994401217, "campaign": 0.0}, "2": {"acquired": 1.3304791450500488, "novel_design": 2.209967613220215, "campaign": 1.3304791450500488}, "3": {"acquired": 3.7489476203918457, "novel_design": 5.307931423187256, "campaign": 3.7489476203918457}, "4": {"acquired": 3.7489476203918457, "novel_design": 5.307931423187256, "campaign": 3.7489476203918457}}}
/media/PM983/Code/PLS/src/pls/editflow/student.py:46: UserWarning: enable_nested_tensor is True, but self.use_nested_tensor is False because encoder_layer.norm_first was True
  self.encoder = nn.TransformerEncoder(block, layers)
{"anchor_rank": 14, "anchor": "YWFN", "budget": 320, "r2": 0.2862075609837701, "regret": {"1": {"acquired": 0.0, "novel_design": 0.009813251905143261, "campaign": 0.0}, "2": {"acquired": 0.0, "novel_design": 0.0, "campaign": 0.0}, "3": {"acquired": 1.780632495880127, "novel_design": 1.884016513824463, "campaign": 1.780632495880127}, "4": {"acquired": 1.780632495880127, "novel_design": 1.884016513824463, "campaign": 1.780632495880127}}}
/media/PM983/Code/PLS/src/pls/editflow/student.py:46: UserWarning: enable_nested_tensor is True, but self.use_nested_tensor is False because encoder_layer.norm_first was True
  self.encoder = nn.TransformerEncoder(block, layers)
{"anchor_rank": 14, "anchor": "YWFN", "budget": 640, "r2": 0.5428457176370917, "regret": {"1": {"acquired": 0.0, "novel_design": 0.0, "campaign": 0.0}, "2": {"acquired": 0.0, "novel_design": 4.661032140254974, "campaign": 0.0}, "3": {"acquired": 0.0, "novel_design": 0.3260030746459961, "campaign": 0.0}, "4": {"acquired": 0.0, "novel_design": 0.32820892333984375, "campaign": 0.0}}}
/media/PM983/Code/PLS/src/pls/editflow/student.py:46: UserWarning: enable_nested_tensor is True, but self.use_nested_tensor is False because encoder_layer.norm_first was True
  self.encoder = nn.TransformerEncoder(block, layers)
{"anchor_rank": 15, "anchor": "EDDI", "budget": 80, "r2": -0.1461815132577109, "regret": {"1": {"acquired": 0.0686978898011148, "novel_design": 0.06673177052289248, "campaign": 0.06673177052289248}, "2": {"acquired": 2.6097905337810516, "novel_design": 2.9876614483073354, "campaign": 2.6097905337810516}, "3": {"acquired": 4.533920437097549, "novel_design": 4.173451781272888, "campaign": 4.173451781272888}, "4": {"acquired": 5.823999881744385, "novel_design": 8.659184500575066, "campaign": 5.823999881744385}}}
/media/PM983/Code/PLS/src/pls/editflow/student.py:46: UserWarning: enable_nested_tensor is True, but self.use_nested_tensor is False because encoder_layer.norm_first was True
  self.encoder = nn.TransformerEncoder(block, layers)
{"anchor_rank": 15, "anchor": "EDDI", "budget": 160, "r2": 0.12849312291227621, "regret": {"1": {"acquired": 0.0, "novel_design": 0.006913340417668223, "campaign": 0.0}, "2": {"acquired": 2.6097905337810516, "novel_design": 2.9210548996925354, "campaign": 2.6097905337810516}, "3": {"acquired": 4.533920437097549, "novel_design": 4.864871397614479, "campaign": 4.533920437097549}, "4": {"acquired": 5.019134759902954, "novel_design": 8.176454365253448, "campaign": 5.019134759902954}}}
/media/PM983/Code/PLS/src/pls/editflow/student.py:46: UserWarning: enable_nested_tensor is True, but self.use_nested_tensor is False because encoder_layer.norm_first was True
  self.encoder = nn.TransformerEncoder(block, layers)
{"anchor_rank": 15, "anchor": "EDDI", "budget": 320, "r2": 0.3827129310360967, "regret": {"1": {"acquired": 0.0, "novel_design": 0.005030449945479631, "campaign": 0.0}, "2": {"acquired": 1.9732314348220825, "novel_design": 0.002499103546142578, "campaign": 0.002499103546142578}, "3": {"acquired": 2.5362484455108643, "novel_design": 1.0594911575317383, "campaign": 1.0594911575317383}, "4": {"acquired": 2.8710389137268066, "novel_design": 4.001155853271484, "campaign": 2.8710389137268066}}}
/media/PM983/Code/PLS/src/pls/editflow/student.py:46: UserWarning: enable_nested_tensor is True, but self.use_nested_tensor is False because encoder_layer.norm_first was True
  self.encoder = nn.TransformerEncoder(block, layers)
{"anchor_rank": 15, "anchor": "EDDI", "budget": 640, "r2": 0.5776108236509039, "regret": {"1": {"acquired": 0.0, "novel_design": 0.0, "campaign": 0.0}, "2": {"acquired": 0.0, "novel_design": 1.2184059042483568, "campaign": 0.0}, "3": {"acquired": 0.8271450996398926, "novel_design": 0.0, "campaign": 0.0}, "4": {"acquired": 1.5333056449890137, "novel_design": 1.47963285446167, "campaign": 1.47963285446167}}}
{"aggregate": [{"budget": 80, "anchors": 16, "value_r2": {"mean": -0.11253012786666175, "median": -0.02151343980770848, "standard_deviation": 0.22509947732053923, "minimum": -0.8315400087230369, "maximum": 0.022374768680086032, "count": 16}, "edge_spearman": {"mean": 0.1682934337916947, "median": 0.17112927591511368, "standard_deviation": 0.06508879422726485, "minimum": 0.03248976056661079, "maximum": 0.27366032744455837, "count": 16}, "anchor_macro_kendall_tau": {"mean": 0.1334878944761117, "median": 0.1467327200462818, "standard_deviation": 0.05530835038226309, "minimum": 0.017069328042537295, "maximum": 0.21238698365776926, "count": 16}, "closed_edges": {"mean": 94.1875, "median": 94.5, "standard_deviation": 5.269013190342192, "minimum": 85.0, "maximum": 103.0, "count": 16}, "regret": {"1": {"acquired": {"mean": 1.4221826386346947, "median": 0.5129121689824387, "standard_deviation": 1.8223073461920718, "minimum": 0.006570606958121061, "maximum": 4.952464837580919, "count": 16, "zero_regret_fraction": 0.0, "unavailable_fraction": 0.0}, "novel_design": {"mean": 1.1261584262392716, "median": 0.20936877792701125, "standard_deviation": 1.6145125221022838, "minimum": 0.0, "maximum": 4.396329909563065, "count": 16, "zero_regret_fraction": 0.0625, "unavailable_fraction": 0.0}, "campaign": {"mean": 1.1245119699597126, "median": 0.20810989243909717, "standard_deviation": 1.6150929698254002, "minimum": 0.0, "maximum": 4.396329909563065, "count": 16, "zero_regret_fraction": 0.0625, "unavailable_fraction": 0.0}}, "2": {"acquired": {"mean": 4.206242589280009, "median": 4.238898400217295, "standard_deviation": 2.0437981766004945, "minimum": 0.040409719571471214, "maximum": 7.206055294722319, "count": 16, "zero_regret_fraction": 0.0, "unavailable_fraction": 0.0}, "novel_design": {"mean": 3.8412952842045343, "median": 3.657251380616799, "standard_deviation": 2.7693241696749675, "minimum": 0.0, "maximum": 7.265414172783494, "count": 16, "zero_regret_fraction": 0.0625, "unavailable_fraction": 0.0}, "campaign": {"mean": 3.548461556667462, "median": 3.6392401908524334, "standard_deviation": 2.538471751026345, "minimum": 0.0, "maximum": 7.206055294722319, "count": 16, "zero_regret_fraction": 0.0625, "unavailable_fraction": 0.0}}, "3": {"acquired": {"mean": 5.998593097436242, "median": 6.423866153694689, "standard_deviation": 1.6875756951972474, "minimum": 3.08636736869812, "maximum": 8.729808636009693, "count": 16, "zero_regret_fraction": 0.0, "unavailable_fraction": 0.0}, "novel_design": {"mean": 6.180569569201907, "median": 6.143138395622373, "standard_deviation": 1.5603440721076016, "minimum": 3.4182189106941223, "maximum": 8.586355477571487, "count": 16, "zero_regret_fraction": 0.0, "unavailable_fraction": 0.0}, "campaign": {"mean": 5.665280000772327, "median": 6.009514429606497, "standard_deviation": 1.6413753111600111, "minimum": 3.08636736869812, "maximum": 8.104246020317078, "count": 16, "zero_regret_fraction": 0.0, "unavailable_fraction": 0.0}}, "4": {"acquired": {"mean": 7.066959302872419, "median": 7.3393203020095825, "standard_deviation": 1.2935330279495383, "minimum": 4.828968524932861, "maximum": 8.663391917943954, "count": 16, "zero_regret_fraction": 0.0, "unavailable_fraction": 0.0}, "novel_design": {"mean": 8.095482091157464, "median": 8.517905823886395, "standard_deviation": 0.8994915566993031, "minimum": 5.820515155792236, "maximum": 8.76196575164795, "count": 16, "zero_regret_fraction": 0.0, "unavailable_fraction": 0.0}, "campaign": {"mean": 6.833940686658025, "median": 7.049836218357086, "standard_deviation": 1.2166545054136417, "minimum": 4.828968524932861, "maximum": 8.431090384721756, "count": 16, "zero_regret_fraction": 0.0, "unavailable_fraction": 0.0}}}}, {"budget": 160, "anchors": 16, "value_r2": {"mean": -0.03626316646178063, "median": 0.09535850818097147, "standard_deviation": 0.33848414223043743, "minimum": -1.1450381426143852, "maximum": 0.28458074077605355, "count": 16}, "edge_spearman": {"mean": 0.27635088940604124, "median": 0.28676149424771935, "standard_deviation": 0.04537563889439191, "minimum": 0.19829626462905073, "maximum": 0.33181661489545133, "count": 16}, "anchor_macro_kendall_tau": {"mean": 0.18323600153493005, "median": 0.19027077903802717, "standard_deviation": 0.03419399703833909, "minimum": 0.112771963643625, "maximum": 0.23720178896063165, "count": 16}, "closed_edges": {"mean": 651.25, "median": 643.0, "standard_deviation": 76.60852868099391, "minimum": 485.0, "maximum": 792.0, "count": 16}, "regret": {"1": {"acquired": {"mean": 0.25079401588300243, "median": 0.0, "standard_deviation": 0.8436543506769997, "minimum": 0.0, "maximum": 3.3871368169784546, "count": 16, "zero_regret_fraction": 0.625, "unavailable_fraction": 0.0}, "novel_design": {"mean": 0.21359906486031832, "median": 0.016341485374141484, "standard_deviation": 0.3826759939790305, "minimum": 0.0, "maximum": 1.3340751994401217, "count": 16, "zero_regret_fraction": 0.1875, "unavailable_fraction": 0.0}, "campaign": {"mean": 0.038945016625802964, "median": 0.0, "standard_deviation": 0.11126033464799999, "minimum": 0.0, "maximum": 0.4149390757083893, "count": 16, "zero_regret_fraction": 0.75, "unavailable_fraction": 0.0}}, "2": {"acquired": {"mean": 3.0456289322464727, "median": 3.0380027908831835, "standard_deviation": 1.6107974128884621, "minimum": 0.040409719571471214, "maximum": 5.45085597038269, "count": 16, "zero_regret_fraction": 0.0, "unavailable_fraction": 0.0}, "novel_design": {"mean": 3.287148334129597, "median": 3.3356592170894146, "standard_deviation": 1.9850798328008146, "minimum": 0.05052685737609863, "maximum": 6.43927663564682, "count": 16, "zero_regret_fraction": 0.0, "unavailable_fraction": 0.0}, "campaign": {"mean": 2.61820448335493, "median": 2.678606614470482, "standard_deviation": 1.6727314000207965, "minimum": 0.040409719571471214, "maximum": 5.45085597038269, "count": 16, "zero_regret_fraction": 0.0, "unavailable_fraction": 0.0}}, "3": {"acquired": {"mean": 3.932836988591589, "median": 3.7444485425949097, "standard_deviation": 1.6889080131614473, "minimum": 0.034450531005859375, "maximum": 6.984161615371704, "count": 16, "zero_regret_fraction": 0.0, "unavailable_fraction": 0.0}, "novel_design": {"mean": 4.692269482417032, "median": 5.18172287940979, "standard_deviation": 1.647882845111687, "minimum": 1.914285659790039, "maximum": 7.828848108649254, "count": 16, "zero_regret_fraction": 0.0, "unavailable_fraction": 0.0}, "campaign": {"mean": 3.5137981824809685, "median": 3.5471951300278306, "standard_deviation": 1.6077168116425142, "minimum": 0.034450531005859375, "maximum": 5.923522539436817, "count": 16, "zero_regret_fraction": 0.0, "unavailable_fraction": 0.0}}, "4": {"acquired": {"mean": 4.4737250953912735, "median": 4.498366832733154, "standard_deviation": 1.6732957156906787, "minimum": 1.2073025703430176, "maximum": 8.117981314659119, "count": 16, "zero_regret_fraction": 0.0, "unavailable_fraction": 0.0}, "novel_design": {"mean": 5.408008818689268, "median": 5.283860564231873, "standard_deviation": 1.9702411935945396, "minimum": 1.884016513824463, "maximum": 8.756285267882049, "count": 16, "zero_regret_fraction": 0.0, "unavailable_fraction": 0.0}, "campaign": {"mean": 4.273697096854448, "median": 3.938688278198242, "standard_deviation": 1.6603682365624006, "minimum": 1.2073025703430176, "maximum": 8.062835395336151, "count": 16, "zero_regret_fraction": 0.0, "unavailable_fraction": 0.0}}}}, {"budget": 320, "anchors": 16, "value_r2": {"mean": 0.2779515401273568, "median": 0.29431077232209313, "standard_deviation": 0.15008157554128615, "minimum": -0.12537663739096483, "maximum": 0.4367001520446334, "count": 16}, "edge_spearman": {"mean": 0.3286976320888839, "median": 0.33618936914977904, "standard_deviation": 0.043297034465447075, "minimum": 0.24232562353225795, "maximum": 0.39233224219467416, "count": 16}, "anchor_macro_kendall_tau": {"mean": 0.20601336641082277, "median": 0.20362857998254738, "standard_deviation": 0.03273296433152588, "minimum": 0.1490687353796905, "maximum": 0.27134829992703613, "count": 16}, "closed_edges": {"mean": 1867.25, "median": 1806.0, "standard_deviation": 188.79671607313512, "minimum": 1581.0, "maximum": 2269.0, "count": 16}, "regret": {"1": {"acquired": {"mean": 0.01237715280149132, "median": 0.0, "standard_deviation": 0.04846447764560419, "minimum": 0.0, "maximum": 0.19408132135868073, "count": 16, "zero_regret_fraction": 0.875, "unavailable_fraction": 0.0}, "novel_design": {"mean": 0.11654784808706609, "median": 0.011142987408675253, "standard_deviation": 0.24727641761274893, "minimum": 4.066922701895237e-05, "maximum": 0.919424295425415, "count": 16, "zero_regret_fraction": 0.0, "unavailable_fraction": 0.0}, "campaign": {"mean": 0.01237715280149132, "median": 0.0, "standard_deviation": 0.04846447764560419, "minimum": 0.0, "maximum": 0.19408132135868073, "count": 16, "zero_regret_fraction": 0.875, "unavailable_fraction": 0.0}}, "2": {"acquired": {"mean": 0.7968579180305824, "median": 0.23798811435699463, "standard_deviation": 1.0449412078029525, "minimum": 0.0, "maximum": 2.8288978338241577, "count": 16, "zero_regret_fraction": 0.3125, "unavailable_fraction": 0.0}, "novel_design": {"mean": 1.8588703130808426, "median": 1.2181355953216553, "standard_deviation": 1.8162613964947707, "minimum": 0.0, "maximum": 5.049886643886566, "count": 16, "zero_regret_fraction": 0.125, "unavailable_fraction": 0.0}, "campaign": {"mean": 0.5772269837325439, "median": 0.07933986186981201, "standard_deviation": 0.9018708665821724, "minimum": 0.0, "maximum": 2.8288978338241577, "count": 16, "zero_regret_fraction": 0.3125, "unavailable_fraction": 0.0}}, "3": {"acquired": {"mean": 2.225109825958498, "median": 2.103389263153076, "standard_deviation": 1.4286022684892414, "minimum": 0.0, "maximum": 5.53342592716217, "count": 16, "zero_regret_fraction": 0.0625, "unavailable_fraction": 0.0}, "novel_design": {"mean": 2.4413084557745606, "median": 2.034430503845215, "standard_deviation": 1.730308269444754, "minimum": 0.8164916038513184, "maximum": 6.647301930934191, "count": 16, "zero_regret_fraction": 0.0, "unavailable_fraction": 0.0}, "campaign": {"mean": 1.8113615745678544, "median": 1.5312774181365967, "standard_deviation": 1.4396155628703342, "minimum": 0.0, "maximum": 5.53342592716217, "count": 16, "zero_regret_fraction": 0.0625, "unavailable_fraction": 0.0}}, "4": {"acquired": {"mean": 2.429342746734619, "median": 2.752487897872925, "standard_deviation": 1.1766459536180134, "minimum": 0.0, "maximum": 4.654721260070801, "count": 16, "zero_regret_fraction": 0.0625, "unavailable_fraction": 0.0}, "novel_design": {"mean": 3.3771703438833356, "median": 3.414264440536499, "standard_deviation": 2.2152750121347577, "minimum": 0.0, "maximum": 8.731942489743233, "count": 16, "zero_regret_fraction": 0.0625, "unavailable_fraction": 0.0}, "campaign": {"mean": 2.1409544944763184, "median": 2.021285057067871, "standard_deviation": 1.0457165392647292, "minimum": 0.0, "maximum": 3.8348703384399414, "count": 16, "zero_regret_fraction": 0.0625, "unavailable_fraction": 0.0}}}}, {"budget": 640, "anchors": 16, "value_r2": {"mean": 0.4742656057893225, "median": 0.4896646102868075, "standard_deviation": 0.10341734002426063, "minimum": 0.2601482226281403, "maximum": 0.613495643374256, "count": 16}, "edge_spearman": {"mean": 0.3555844319237558, "median": 0.3525854418968317, "standard_deviation": 0.045211078490842854, "minimum": 0.26834794293862163, "maximum": 0.4214910530830208, "count": 16}, "anchor_macro_kendall_tau": {"mean": 0.21756862353967804, "median": 0.21316656617230698, "standard_deviation": 0.03730722386942706, "minimum": 0.1362687491883225, "maximum": 0.27320416883287435, "count": 16}, "closed_edges": {"mean": 4863.125, "median": 4863.0, "standard_deviation": 545.095817265185, "minimum": 3947.0, "maximum": 5848.0, "count": 16}, "regret": {"1": {"acquired": {"mean": 0.0083443783223629, "median": 0.0, "standard_deviation": 0.0333775132894516, "minimum": 0.0, "maximum": 0.1335100531578064, "count": 16, "zero_regret_fraction": 0.9375, "unavailable_fraction": 0.0}, "novel_design": {"mean": 0.04406257219670806, "median": 0.003086501732468605, "standard_deviation": 0.1120127842931961, "minimum": 0.0, "maximum": 0.37199671170674264, "count": 16, "zero_regret_fraction": 0.3125, "unavailable_fraction": 0.0}, "campaign": {"mean": 0.0083443783223629, "median": 0.0, "standard_deviation": 0.0333775132894516, "minimum": 0.0, "maximum": 0.1335100531578064, "count": 16, "zero_regret_fraction": 0.9375, "unavailable_fraction": 0.0}}, "2": {"acquired": {"mean": 0.17387801629956812, "median": 0.0, "standard_deviation": 0.4407366970155918, "minimum": 0.0, "maximum": 1.7168828248977661, "count": 16, "zero_regret_fraction": 0.6875, "unavailable_fraction": 0.0}, "novel_design": {"mean": 1.5260633068392053, "median": 1.140518605709076, "standard_deviation": 1.5249751520019217, "minimum": 0.060204627458006144, "maximum": 4.661032140254974, "count": 16, "zero_regret_fraction": 0.0, "unavailable_fraction": 0.0}, "campaign": {"mean": 0.146338852471672, "median": 0.0, "standard_deviation": 0.4293690514291297, "minimum": 0.0, "maximum": 1.7168828248977661, "count": 16, "zero_regret_fraction": 0.6875, "unavailable_fraction": 0.0}}, "3": {"acquired": {"mean": 0.7300494909286499, "median": 0.6255507469177246, "standard_deviation": 0.7240792942507728, "minimum": 0.0, "maximum": 2.136345386505127, "count": 16, "zero_regret_fraction": 0.3125, "unavailable_fraction": 0.0}, "novel_design": {"mean": 1.6522487998008728, "median": 1.615375280380249, "standard_deviation": 1.39767693768891, "minimum": 0.0, "maximum": 4.664851188659668, "count": 16, "zero_regret_fraction": 0.1875, "unavailable_fraction": 0.0}, "campaign": {"mean": 0.5520036518573761, "median": 0.10811352729797363, "standard_deviation": 0.7413040227958814, "minimum": 0.0, "maximum": 2.136345386505127, "count": 16, "zero_regret_fraction": 0.5, "unavailable_fraction": 0.0}}, "4": {"acquired": {"mean": 1.1839379370212555, "median": 1.20509672164917, "standard_deviation": 0.9343190063507969, "minimum": 0.0, "maximum": 2.989933490753174, "count": 16, "zero_regret_fraction": 0.25, "unavailable_fraction": 0.0}, "novel_design": {"mean": 1.8263402432203293, "median": 1.748647928237915, "standard_deviation": 1.629331975305602, "minimum": 0.0, "maximum": 6.002521753311157, "count": 16, "zero_regret_fraction": 0.1875, "unavailable_fraction": 0.0}, "campaign": {"mean": 0.9939753115177155, "median": 0.9609553813934326, "standard_deviation": 0.9976375752927835, "minimum": 0.0, "maximum": 2.989933490753174, "count": 16, "zero_regret_fraction": 0.375, "unavailable_fraction": 0.0}}}}], "query_budget": {"acquisition": "adaptive_path", "anchors": 16, "budget_curve": [80, 160, 320, 640], "final_unique_queries_per_anchor": 640, "total_oracle_queries_across_independent_anchors": 10240, "teacher_query_cost_unit": "unique measured node per independent anchor", "same_protocol_required": true, "anchor_protocol_sha256": "3b3ef4a2152d1eac8f0780fe4f5964eb491e7113c3d93837def3dbe64a589566", "test_evaluated": false}, "test_evaluated": false}
