/media/PM983/Code/PLS/src/pls/editflow/student.py:46: UserWarning: enable_nested_tensor is True, but self.use_nested_tensor is False because encoder_layer.norm_first was True
  self.encoder = nn.TransformerEncoder(block, layers)
/media/PM983/Code/PLS/src/pls/editflow/student.py:46: UserWarning: enable_nested_tensor is True, but self.use_nested_tensor is False because encoder_layer.norm_first was True
  self.encoder = nn.TransformerEncoder(block, layers)
{"anchor_rank": 0, "anchor": "DNNV", "budget": 80, "r2": -0.4425539943950907, "regret": {"1": {"acquired": 0.01542617566883564, "novel_design": 0.017902973107993603, "campaign": 0.01542617566883564}, "2": {"acquired": 3.9494960382580757, "novel_design": 3.985518417786807, "campaign": 3.9494960382580757}, "3": {"acquired": 6.673592686653137, "novel_design": 5.240160226821899, "campaign": 5.240160226821899}, "4": {"acquired": 4.828968524932861, "novel_design": 6.61542010307312, "campaign": 4.828968524932861}}}
/media/PM983/Code/PLS/src/pls/editflow/student.py:46: UserWarning: enable_nested_tensor is True, but self.use_nested_tensor is False because encoder_layer.norm_first was True
  self.encoder = nn.TransformerEncoder(block, layers)
{"anchor_rank": 0, "anchor": "DNNV", "budget": 160, "r2": 0.1258255440747995, "regret": {"1": {"acquired": 0.01542617566883564, "novel_design": 0.0, "campaign": 0.0}, "2": {"acquired": 3.8137039840221405, "novel_design": 3.5676791965961456, "campaign": 3.5676791965961456}, "3": {"acquired": 6.406697869300842, "novel_design": 4.829808235168457, "campaign": 4.829808235168457}, "4": {"acquired": 4.579998016357422, "novel_design": 6.61542010307312, "campaign": 4.579998016357422}}}
/media/PM983/Code/PLS/src/pls/editflow/student.py:46: UserWarning: enable_nested_tensor is True, but self.use_nested_tensor is False because encoder_layer.norm_first was True
  self.encoder = nn.TransformerEncoder(block, layers)
{"anchor_rank": 0, "anchor": "DNNV", "budget": 320, "r2": 0.28290956762406827, "regret": {"1": {"acquired": 0.01542617566883564, "novel_design": 0.02187519520521164, "campaign": 0.01542617566883564}, "2": {"acquired": 2.6954619884490967, "novel_design": 3.5366537272930145, "campaign": 2.6954619884490967}, "3": {"acquired": 5.1908204555511475, "novel_design": 3.1756186485290527, "campaign": 3.1756186485290527}, "4": {"acquired": 4.579998016357422, "novel_design": 6.0685718059539795, "campaign": 4.579998016357422}}}
/media/PM983/Code/PLS/src/pls/editflow/student.py:46: UserWarning: enable_nested_tensor is True, but self.use_nested_tensor is False because encoder_layer.norm_first was True
  self.encoder = nn.TransformerEncoder(block, layers)
{"anchor_rank": 0, "anchor": "DNNV", "budget": 640, "r2": 0.3516534906055362, "regret": {"1": {"acquired": 0.01542617566883564, "novel_design": 0.0, "campaign": 0.0}, "2": {"acquired": 0.7754573822021484, "novel_design": 3.949214346706867, "campaign": 0.7754573822021484}, "3": {"acquired": 4.34367561340332, "novel_design": 3.354372501373291, "campaign": 3.354372501373291}, "4": {"acquired": 4.309900760650635, "novel_design": 4.3677496910095215, "campaign": 4.309900760650635}}}
/media/PM983/Code/PLS/src/pls/editflow/student.py:46: UserWarning: enable_nested_tensor is True, but self.use_nested_tensor is False because encoder_layer.norm_first was True
  self.encoder = nn.TransformerEncoder(block, layers)
{"anchor_rank": 1, "anchor": "YLPR", "budget": 80, "r2": -0.10403213206641704, "regret": {"1": {"acquired": 0.006570606958121061, "novel_design": 0.006798917893320322, "campaign": 0.006570606958121061}, "2": {"acquired": 2.760065062902868, "novel_design": 0.05052685737609863, "campaign": 0.05052685737609863}, "3": {"acquired": 6.920347962528467, "novel_design": 6.913415752351284, "campaign": 6.913415752351284}, "4": {"acquired": 6.106783390045166, "novel_design": 8.75774908484891, "campaign": 6.106783390045166}}}
/media/PM983/Code/PLS/src/pls/editflow/student.py:46: UserWarning: enable_nested_tensor is True, but self.use_nested_tensor is False because encoder_layer.norm_first was True
  self.encoder = nn.TransformerEncoder(block, layers)
{"anchor_rank": 1, "anchor": "YLPR", "budget": 160, "r2": 0.08216072714922706, "regret": {"1": {"acquired": 0.006570606958121061, "novel_design": 0.006798917893320322, "campaign": 0.006570606958121061}, "2": {"acquired": 2.760065062902868, "novel_design": 2.702019013464451, "campaign": 2.702019013464451}, "3": {"acquired": 6.656766414642334, "novel_design": 6.1787543296813965, "campaign": 6.1787543296813965}, "4": {"acquired": 5.384415626525879, "novel_design": 7.235792517662048, "campaign": 5.384415626525879}}}
/media/PM983/Code/PLS/src/pls/editflow/student.py:46: UserWarning: enable_nested_tensor is True, but self.use_nested_tensor is False because encoder_layer.norm_first was True
  self.encoder = nn.TransformerEncoder(block, layers)
{"anchor_rank": 1, "anchor": "YLPR", "budget": 320, "r2": 0.22546661739504148, "regret": {"1": {"acquired": 0.0036237668246030807, "novel_design": 0.006798917893320322, "campaign": 0.0036237668246030807}, "2": {"acquired": 2.7584685320034623, "novel_design": 0.13555192947387695, "campaign": 0.13555192947387695}, "3": {"acquired": 6.592552006244659, "novel_design": 3.810497283935547, "campaign": 3.810497283935547}, "4": {"acquired": 3.5012903213500977, "novel_design": 3.777538776397705, "campaign": 3.5012903213500977}}}
/media/PM983/Code/PLS/src/pls/editflow/student.py:46: UserWarning: enable_nested_tensor is True, but self.use_nested_tensor is False because encoder_layer.norm_first was True
  self.encoder = nn.TransformerEncoder(block, layers)
{"anchor_rank": 1, "anchor": "YLPR", "budget": 640, "r2": 0.3252069693960139, "regret": {"1": {"acquired": 0.0036237668246030807, "novel_design": 0.006798917893320322, "campaign": 0.0036237668246030807}, "2": {"acquired": 2.7584685320034623, "novel_design": 0.13555192947387695, "campaign": 0.13555192947387695}, "3": {"acquired": 5.048479914665222, "novel_design": 1.9000892639160156, "campaign": 1.9000892639160156}, "4": {"acquired": 3.5012903213500977, "novel_design": 3.777538776397705, "campaign": 3.5012903213500977}}}
/media/PM983/Code/PLS/src/pls/editflow/student.py:46: UserWarning: enable_nested_tensor is True, but self.use_nested_tensor is False because encoder_layer.norm_first was True
  self.encoder = nn.TransformerEncoder(block, layers)
{"anchor_rank": 2, "anchor": "DRFS", "budget": 80, "r2": -0.01924079561881853, "regret": {"1": {"acquired": 0.6763363236095756, "novel_design": 0.4149390757083893, "campaign": 0.4149390757083893}, "2": {"acquired": 5.589880084386095, "novel_design": 2.9672582149505615, "campaign": 2.9672582149505615}, "3": {"acquired": 6.32932055182755, "novel_design": 5.497291386127472, "campaign": 5.497291386127472}, "4": {"acquired": 7.443414807319641, "novel_design": 6.9773149490356445, "campaign": 6.9773149490356445}}}
/media/PM983/Code/PLS/src/pls/editflow/student.py:46: UserWarning: enable_nested_tensor is True, but self.use_nested_tensor is False because encoder_layer.norm_first was True
  self.encoder = nn.TransformerEncoder(block, layers)
{"anchor_rank": 2, "anchor": "DRFS", "budget": 160, "r2": 0.06888827817577325, "regret": {"1": {"acquired": 0.5609557405114174, "novel_design": 0.5574498847126961, "campaign": 0.5574498847126961}, "2": {"acquired": 5.474499501287937, "novel_design": 3.954286217689514, "campaign": 3.954286217689514}, "3": {"acquired": 3.7833986282348633, "novel_design": 6.341020619729534, "campaign": 3.7833986282348633}, "4": {"acquired": 6.20186710357666, "novel_design": 8.75948909507133, "campaign": 6.20186710357666}}}
/media/PM983/Code/PLS/src/pls/editflow/student.py:46: UserWarning: enable_nested_tensor is True, but self.use_nested_tensor is False because encoder_layer.norm_first was True
  self.encoder = nn.TransformerEncoder(block, layers)
{"anchor_rank": 2, "anchor": "DRFS", "budget": 320, "r2": 0.17820156306814716, "regret": {"1": {"acquired": 0.4649016559123993, "novel_design": 0.5574498847126961, "campaign": 0.4649016559123993}, "2": {"acquired": 5.378445416688919, "novel_design": 3.496549606323242, "campaign": 3.496549606323242}, "3": {"acquired": 3.7833986282348633, "novel_design": 0.8470263481140137, "campaign": 0.8470263481140137}, "4": {"acquired": 6.20186710357666, "novel_design": 3.4881091117858887, "campaign": 3.4881091117858887}}}
/media/PM983/Code/PLS/src/pls/editflow/student.py:46: UserWarning: enable_nested_tensor is True, but self.use_nested_tensor is False because encoder_layer.norm_first was True
  self.encoder = nn.TransformerEncoder(block, layers)
{"anchor_rank": 2, "anchor": "DRFS", "budget": 640, "r2": 0.22820538767606235, "regret": {"1": {"acquired": 0.4649016559123993, "novel_design": 0.6759749313350767, "campaign": 0.4649016559123993}, "2": {"acquired": 3.1051323413848877, "novel_design": 4.606235384941101, "campaign": 3.1051323413848877}, "3": {"acquired": 3.7833986282348633, "novel_design": 3.899587631225586, "campaign": 3.7833986282348633}, "4": {"acquired": 6.171436071395874, "novel_design": 6.318056106567383, "campaign": 6.171436071395874}}}
/media/PM983/Code/PLS/src/pls/editflow/student.py:46: UserWarning: enable_nested_tensor is True, but self.use_nested_tensor is False because encoder_layer.norm_first was True
  self.encoder = nn.TransformerEncoder(block, layers)
{"anchor_rank": 3, "anchor": "TRFP", "budget": 80, "r2": -0.19646139979395127, "regret": {"1": {"acquired": 0.7664656285196543, "novel_design": 0.7717775627970695, "campaign": 0.7664656285196543}, "2": {"acquired": 4.528300762176514, "novel_design": 5.559680249541998, "campaign": 4.528300762176514}, "3": {"acquired": 3.08636736869812, "novel_design": 6.3366451929323375, "campaign": 3.08636736869812}, "4": {"acquired": 5.504835844039917, "novel_design": 8.716957200318575, "campaign": 5.504835844039917}}}
/media/PM983/Code/PLS/src/pls/editflow/student.py:46: UserWarning: enable_nested_tensor is True, but self.use_nested_tensor is False because encoder_layer.norm_first was True
  self.encoder = nn.TransformerEncoder(block, layers)
{"anchor_rank": 3, "anchor": "TRFP", "budget": 160, "r2": 0.009622712953879953, "regret": {"1": {"acquired": 0.7664656285196543, "novel_design": 0.7717775627970695, "campaign": 0.7664656285196543}, "2": {"acquired": 4.528300762176514, "novel_design": 5.559680249541998, "campaign": 4.528300762176514}, "3": {"acquired": 3.08636736869812, "novel_design": 6.327182792127132, "campaign": 3.08636736869812}, "4": {"acquired": 5.504835844039917, "novel_design": 7.865120768547058, "campaign": 5.504835844039917}}}
/media/PM983/Code/PLS/src/pls/editflow/student.py:46: UserWarning: enable_nested_tensor is True, but self.use_nested_tensor is False because encoder_layer.norm_first was True
  self.encoder = nn.TransformerEncoder(block, layers)
{"anchor_rank": 3, "anchor": "TRFP", "budget": 320, "r2": 0.015617096790820462, "regret": {"1": {"acquired": 0.712969072163105, "novel_design": 0.7717775627970695, "campaign": 0.712969072163105}, "2": {"acquired": 4.239507675170898, "novel_design": 5.0571290254592896, "campaign": 4.239507675170898}, "3": {"acquired": 3.08636736869812, "novel_design": 4.305765867233276, "campaign": 3.08636736869812}, "4": {"acquired": 4.716005325317383, "novel_design": 8.752880115993321, "campaign": 4.716005325317383}}}
/media/PM983/Code/PLS/src/pls/editflow/student.py:46: UserWarning: enable_nested_tensor is True, but self.use_nested_tensor is False because encoder_layer.norm_first was True
  self.encoder = nn.TransformerEncoder(block, layers)
{"anchor_rank": 3, "anchor": "TRFP", "budget": 640, "r2": 0.23416286208336945, "regret": {"1": {"acquired": 0.712969072163105, "novel_design": 0.7717775627970695, "campaign": 0.712969072163105}, "2": {"acquired": 4.239507675170898, "novel_design": 5.0571290254592896, "campaign": 4.239507675170898}, "3": {"acquired": 3.08636736869812, "novel_design": 6.212336421012878, "campaign": 3.08636736869812}, "4": {"acquired": 4.716005325317383, "novel_design": 8.739899000152946, "campaign": 4.716005325317383}}}
/media/PM983/Code/PLS/src/pls/editflow/student.py:46: UserWarning: enable_nested_tensor is True, but self.use_nested_tensor is False because encoder_layer.norm_first was True
  self.encoder = nn.TransformerEncoder(block, layers)
{"anchor_rank": 4, "anchor": "CYCQ", "budget": 80, "r2": -0.02072080790147912, "regret": {"1": {"acquired": 2.3929328257218003, "novel_design": 2.3746238593012094, "campaign": 2.3746238593012094}, "2": {"acquired": 5.3729952573776245, "novel_design": 6.4040025770664215, "campaign": 5.3729952573776245}, "3": {"acquired": 6.518411755561829, "novel_design": 7.158981204032898, "campaign": 6.518411755561829}, "4": {"acquired": 7.235225796699524, "novel_design": 7.875795245170593, "campaign": 7.235225796699524}}}
/media/PM983/Code/PLS/src/pls/editflow/student.py:46: UserWarning: enable_nested_tensor is True, but self.use_nested_tensor is False because encoder_layer.norm_first was True
  self.encoder = nn.TransformerEncoder(block, layers)
{"anchor_rank": 4, "anchor": "CYCQ", "budget": 160, "r2": 0.04249183225292008, "regret": {"1": {"acquired": 2.3639687038958073, "novel_design": 2.169324353337288, "campaign": 2.169324353337288}, "2": {"acquired": 5.3729952573776245, "novel_design": 3.0319290161132812, "campaign": 3.0319290161132812}, "3": {"acquired": 6.020925998687744, "novel_design": 4.541022062301636, "campaign": 4.541022062301636}, "4": {"acquired": 6.7377400398254395, "novel_design": 5.257836103439331, "campaign": 5.257836103439331}}}
/media/PM983/Code/PLS/src/pls/editflow/student.py:46: UserWarning: enable_nested_tensor is True, but self.use_nested_tensor is False because encoder_layer.norm_first was True
  self.encoder = nn.TransformerEncoder(block, layers)
{"anchor_rank": 4, "anchor": "CYCQ", "budget": 320, "r2": 0.16368942654356478, "regret": {"1": {"acquired": 2.3639687038958073, "novel_design": 2.169324353337288, "campaign": 2.169324353337288}, "2": {"acquired": 5.3729952573776245, "novel_design": 3.0319290161132812, "campaign": 3.0319290161132812}, "3": {"acquired": 6.020925998687744, "novel_design": 4.541022062301636, "campaign": 4.541022062301636}, "4": {"acquired": 6.7377400398254395, "novel_design": 6.761328458786011, "campaign": 6.7377400398254395}}}
/media/PM983/Code/PLS/src/pls/editflow/student.py:46: UserWarning: enable_nested_tensor is True, but self.use_nested_tensor is False because encoder_layer.norm_first was True
  self.encoder = nn.TransformerEncoder(block, layers)
{"anchor_rank": 4, "anchor": "CYCQ", "budget": 640, "r2": 0.31005094367593466, "regret": {"1": {"acquired": 2.3639687038958073, "novel_design": 2.169324353337288, "campaign": 2.169324353337288}, "2": {"acquired": 5.3729952573776245, "novel_design": 3.0319290161132812, "campaign": 3.0319290161132812}, "3": {"acquired": 5.943846225738525, "novel_design": 4.564293384552002, "campaign": 4.564293384552002}, "4": {"acquired": 4.937360048294067, "novel_design": 5.67261528968811, "campaign": 4.937360048294067}}}
/media/PM983/Code/PLS/src/pls/editflow/student.py:46: UserWarning: enable_nested_tensor is True, but self.use_nested_tensor is False because encoder_layer.norm_first was True
  self.encoder = nn.TransformerEncoder(block, layers)
{"anchor_rank": 5, "anchor": "IPKK", "budget": 80, "r2": -0.022663751466446058, "regret": {"1": {"acquired": 0.02108333259820938, "novel_design": 0.009166666306555271, "campaign": 0.009166666306555271}, "2": {"acquired": 3.3375494480133057, "novel_design": 0.0, "campaign": 0.0}, "3": {"acquired": 6.0043596513569355, "novel_design": 6.0145241897553205, "campaign": 6.0043596513569355}, "4": {"acquired": 8.663391917943954, "novel_design": 5.820515155792236, "campaign": 5.820515155792236}}}
/media/PM983/Code/PLS/src/pls/editflow/student.py:46: UserWarning: enable_nested_tensor is True, but self.use_nested_tensor is False because encoder_layer.norm_first was True
  self.encoder = nn.TransformerEncoder(block, layers)
{"anchor_rank": 5, "anchor": "IPKK", "budget": 160, "r2": -0.004948311652118287, "regret": {"1": {"acquired": 0.02108333259820938, "novel_design": 0.009663193486630917, "campaign": 0.009663193486630917}, "2": {"acquired": 3.3357580536976457, "novel_design": 3.3375494480133057, "campaign": 3.3357580536976457}, "3": {"acquired": 6.0043596513569355, "novel_design": 5.5948889553546906, "campaign": 5.5948889553546906}, "4": {"acquired": 8.1847785115242, "novel_design": 8.606366351246834, "campaign": 8.1847785115242}}}
/media/PM983/Code/PLS/src/pls/editflow/student.py:46: UserWarning: enable_nested_tensor is True, but self.use_nested_tensor is False because encoder_layer.norm_first was True
  self.encoder = nn.TransformerEncoder(block, layers)
{"anchor_rank": 5, "anchor": "IPKK", "budget": 320, "r2": 0.17383954537466095, "regret": {"1": {"acquired": 0.018071427708491683, "novel_design": 0.02108333259820938, "campaign": 0.018071427708491683}, "2": {"acquired": 3.3083817958831787, "novel_design": 1.0787959098815918, "campaign": 1.0787959098815918}, "3": {"acquired": 0.0, "novel_design": 0.13844060897827148, "campaign": 0.0}, "4": {"acquired": 2.719888210296631, "novel_design": 2.8927793502807617, "campaign": 2.719888210296631}}}
/media/PM983/Code/PLS/src/pls/editflow/student.py:46: UserWarning: enable_nested_tensor is True, but self.use_nested_tensor is False because encoder_layer.norm_first was True
  self.encoder = nn.TransformerEncoder(block, layers)
{"anchor_rank": 5, "anchor": "IPKK", "budget": 640, "r2": 0.17472411546130096, "regret": {"1": {"acquired": 0.018071427708491683, "novel_design": 0.01742888824082911, "campaign": 0.01742888824082911}, "2": {"acquired": 3.3083817958831787, "novel_design": 1.0787959098815918, "campaign": 1.0787959098815918}, "3": {"acquired": 0.0, "novel_design": 0.13844060897827148, "campaign": 0.0}, "4": {"acquired": 2.719888210296631, "novel_design": 2.8927793502807617, "campaign": 2.719888210296631}}}
/media/PM983/Code/PLS/src/pls/editflow/student.py:46: UserWarning: enable_nested_tensor is True, but self.use_nested_tensor is False because encoder_layer.norm_first was True
  self.encoder = nn.TransformerEncoder(block, layers)
{"anchor_rank": 6, "anchor": "LVHA", "budget": 80, "r2": 0.01179827722462945, "regret": {"1": {"acquired": 2.841629147529602, "novel_design": 0.0, "campaign": 0.0}, "2": {"acquired": 5.589051842689514, "novel_design": 6.84332150220871, "campaign": 5.589051842689514}, "3": {"acquired": 7.122357487678528, "novel_design": 8.376627147197723, "campaign": 7.122357487678528}, "4": {"acquired": 7.122357487678528, "novel_design": 8.376627147197723, "campaign": 7.122357487678528}}}
/media/PM983/Code/PLS/src/pls/editflow/student.py:46: UserWarning: enable_nested_tensor is True, but self.use_nested_tensor is False because encoder_layer.norm_first was True
  self.encoder = nn.TransformerEncoder(block, layers)
{"anchor_rank": 6, "anchor": "LVHA", "budget": 160, "r2": 0.02081633193004695, "regret": {"1": {"acquired": 2.841629147529602, "novel_design": 0.5083065032958984, "campaign": 0.5083065032958984}, "2": {"acquired": 5.589051842689514, "novel_design": 5.484730005264282, "campaign": 5.484730005264282}, "3": {"acquired": 7.122357487678528, "novel_design": 7.018035650253296, "campaign": 7.018035650253296}, "4": {"acquired": 7.122357487678528, "novel_design": 7.018035650253296, "campaign": 7.018035650253296}}}
/media/PM983/Code/PLS/src/pls/editflow/student.py:46: UserWarning: enable_nested_tensor is True, but self.use_nested_tensor is False because encoder_layer.norm_first was True
  self.encoder = nn.TransformerEncoder(block, layers)
{"anchor_rank": 6, "anchor": "LVHA", "budget": 320, "r2": 0.05097143053389386, "regret": {"1": {"acquired": 2.841629147529602, "novel_design": 0.5083065032958984, "campaign": 0.5083065032958984}, "2": {"acquired": 5.589051842689514, "novel_design": 5.484730005264282, "campaign": 5.484730005264282}, "3": {"acquired": 7.122357487678528, "novel_design": 7.954113125801086, "campaign": 7.122357487678528}, "4": {"acquired": 6.777906894683838, "novel_design": 6.148431777954102, "campaign": 6.148431777954102}}}
/media/PM983/Code/PLS/src/pls/editflow/student.py:46: UserWarning: enable_nested_tensor is True, but self.use_nested_tensor is False because encoder_layer.norm_first was True
  self.encoder = nn.TransformerEncoder(block, layers)
{"anchor_rank": 6, "anchor": "LVHA", "budget": 640, "r2": 0.304092769805704, "regret": {"1": {"acquired": 1.4054534435272217, "novel_design": 0.0, "campaign": 0.0}, "2": {"acquired": 4.152876138687134, "novel_design": 0.0, "campaign": 0.0}, "3": {"acquired": 3.2782835960388184, "novel_design": 3.809692859649658, "campaign": 3.2782835960388184}, "4": {"acquired": 2.2524867057800293, "novel_design": 3.809692859649658, "campaign": 2.2524867057800293}}}
/media/PM983/Code/PLS/src/pls/editflow/student.py:46: UserWarning: enable_nested_tensor is True, but self.use_nested_tensor is False because encoder_layer.norm_first was True
  self.encoder = nn.TransformerEncoder(block, layers)
{"anchor_rank": 7, "anchor": "IPVY", "budget": 80, "r2": -0.03122180974281208, "regret": {"1": {"acquired": 0.01311433594673872, "novel_design": 0.01585540291853249, "campaign": 0.01311433594673872}, "2": {"acquired": 3.3335335748270154, "novel_design": 3.328984343446791, "campaign": 3.328984343446791}, "3": {"acquired": 6.014669207856059, "novel_design": 6.039977286010981, "campaign": 6.014669207856059}, "4": {"acquired": 8.431090384721756, "novel_design": 8.758159038610756, "campaign": 8.431090384721756}}}
/media/PM983/Code/PLS/src/pls/editflow/student.py:46: UserWarning: enable_nested_tensor is True, but self.use_nested_tensor is False because encoder_layer.norm_first was True
  self.encoder = nn.TransformerEncoder(block, layers)
{"anchor_rank": 7, "anchor": "IPVY", "budget": 160, "r2": -0.024021318846037643, "regret": {"1": {"acquired": 0.01311433594673872, "novel_design": 0.016563921235501766, "campaign": 0.01311433594673872}, "2": {"acquired": 3.3305812277831137, "novel_design": 3.3089555129408836, "campaign": 3.3089555129408836}, "3": {"acquired": 6.014016628265381, "novel_design": 5.089897453784943, "campaign": 5.089897453784943}, "4": {"acquired": 8.431090384721756, "novel_design": 8.76196575164795, "campaign": 8.431090384721756}}}
/media/PM983/Code/PLS/src/pls/editflow/student.py:46: UserWarning: enable_nested_tensor is True, but self.use_nested_tensor is False because encoder_layer.norm_first was True
  self.encoder = nn.TransformerEncoder(block, layers)
{"anchor_rank": 7, "anchor": "IPVY", "budget": 320, "r2": 0.012979325700749111, "regret": {"1": {"acquired": 0.01311433594673872, "novel_design": 0.01585540291853249, "campaign": 0.01311433594673872}, "2": {"acquired": 3.3305812277831137, "novel_design": 3.3089555129408836, "campaign": 3.3089555129408836}, "3": {"acquired": 6.002986237406731, "novel_design": 6.016858549788594, "campaign": 6.002986237406731}, "4": {"acquired": 8.157293736934662, "novel_design": 7.1615413427352905, "campaign": 7.1615413427352905}}}
/media/PM983/Code/PLS/src/pls/editflow/student.py:46: UserWarning: enable_nested_tensor is True, but self.use_nested_tensor is False because encoder_layer.norm_first was True
  self.encoder = nn.TransformerEncoder(block, layers)
{"anchor_rank": 7, "anchor": "IPVY", "budget": 640, "r2": 0.15756648387022865, "regret": {"1": {"acquired": 0.006018722429871559, "novel_design": 0.01585540291853249, "campaign": 0.006018722429871559}, "2": {"acquired": 3.3050494492053986, "novel_design": 3.267398715019226, "campaign": 3.267398715019226}, "3": {"acquired": 5.386427223682404, "novel_design": 5.905371263623238, "campaign": 5.386427223682404}, "4": {"acquired": 5.426598310470581, "novel_design": 6.006940841674805, "campaign": 5.426598310470581}}}
/media/PM983/Code/PLS/src/pls/editflow/student.py:46: UserWarning: enable_nested_tensor is True, but self.use_nested_tensor is False because encoder_layer.norm_first was True
  self.encoder = nn.TransformerEncoder(block, layers)
{"anchor_rank": 8, "anchor": "MYCT", "budget": 80, "r2": -0.01128252419845599, "regret": {"1": {"acquired": 4.058067142963409, "novel_design": 3.7902015447616577, "campaign": 3.7902015447616577}, "2": {"acquired": 6.043925583362579, "novel_design": 6.490529608912766, "campaign": 6.043925583362579}, "3": {"acquired": 7.3585158586502075, "novel_design": 6.246299505233765, "campaign": 6.246299505233765}, "4": {"acquired": 8.075329899787903, "novel_design": 8.748162994161248, "campaign": 8.075329899787903}}}
/media/PM983/Code/PLS/src/pls/editflow/student.py:46: UserWarning: enable_nested_tensor is True, but self.use_nested_tensor is False because encoder_layer.norm_first was True
  self.encoder = nn.TransformerEncoder(block, layers)
{"anchor_rank": 8, "anchor": "MYCT", "budget": 160, "r2": -0.003431602245706822, "regret": {"1": {"acquired": 4.058067142963409, "novel_design": 3.7902015447616577, "campaign": 3.7902015447616577}, "2": {"acquired": 5.9429978132247925, "novel_design": 4.6842557191848755, "campaign": 4.6842557191848755}, "3": {"acquired": 7.172096014022827, "novel_design": 6.233632206916809, "campaign": 6.233632206916809}, "4": {"acquired": 7.8889100551605225, "novel_design": 6.950446248054504, "campaign": 6.950446248054504}}}
/media/PM983/Code/PLS/src/pls/editflow/student.py:46: UserWarning: enable_nested_tensor is True, but self.use_nested_tensor is False because encoder_layer.norm_first was True
  self.encoder = nn.TransformerEncoder(block, layers)
{"anchor_rank": 8, "anchor": "MYCT", "budget": 320, "r2": 0.1555242739340823, "regret": {"1": {"acquired": 4.058067142963409, "novel_design": 3.7022786736488342, "campaign": 3.7022786736488342}, "2": {"acquired": 1.891815185546875, "novel_design": 0.4515380859375, "campaign": 0.4515380859375}, "3": {"acquired": 3.4411916732788086, "novel_design": 3.610922336578369, "campaign": 3.4411916732788086}, "4": {"acquired": 4.158005714416504, "novel_design": 4.3277363777160645, "campaign": 4.158005714416504}}}
/media/PM983/Code/PLS/src/pls/editflow/student.py:46: UserWarning: enable_nested_tensor is True, but self.use_nested_tensor is False because encoder_layer.norm_first was True
  self.encoder = nn.TransformerEncoder(block, layers)
{"anchor_rank": 8, "anchor": "MYCT", "budget": 640, "r2": 0.24042409292455158, "regret": {"1": {"acquired": 4.058067142963409, "novel_design": 0.0, "campaign": 0.0}, "2": {"acquired": 1.891815185546875, "novel_design": 3.0319290161132812, "campaign": 1.891815185546875}, "3": {"acquired": 3.4411916732788086, "novel_design": 4.581305503845215, "campaign": 3.4411916732788086}, "4": {"acquired": 4.158005714416504, "novel_design": 5.29811954498291, "campaign": 4.158005714416504}}}
/media/PM983/Code/PLS/src/pls/editflow/student.py:46: UserWarning: enable_nested_tensor is True, but self.use_nested_tensor is False because encoder_layer.norm_first was True
  self.encoder = nn.TransformerEncoder(block, layers)
{"anchor_rank": 9, "anchor": "EEVT", "budget": 80, "r2": 0.01239872378590734, "regret": {"1": {"acquired": 0.34948801435530186, "novel_design": 0.35200578533113003, "campaign": 0.34948801435530186}, "2": {"acquired": 2.011971328407526, "novel_design": 0.36782336235046387, "campaign": 0.36782336235046387}, "3": {"acquired": 3.605600118637085, "novel_design": 5.730437994003296, "campaign": 3.605600118637085}, "4": {"acquired": 5.677836179733276, "novel_design": 7.802674055099487, "campaign": 5.677836179733276}}}
/media/PM983/Code/PLS/src/pls/editflow/student.py:46: UserWarning: enable_nested_tensor is True, but self.use_nested_tensor is False because encoder_layer.norm_first was True
  self.encoder = nn.TransformerEncoder(block, layers)
{"anchor_rank": 9, "anchor": "EEVT", "budget": 160, "r2": 0.10615854383455836, "regret": {"1": {"acquired": 0.2996527925133705, "novel_design": 0.35200578533113003, "campaign": 0.2996527925133705}, "2": {"acquired": 1.9839252308011055, "novel_design": 2.042286158539355, "campaign": 1.9839252308011055}, "3": {"acquired": 3.605600118637085, "novel_design": 3.695040464401245, "campaign": 3.605600118637085}, "4": {"acquired": 5.537533521652222, "novel_design": 8.38106620311737, "campaign": 5.537533521652222}}}
/media/PM983/Code/PLS/src/pls/editflow/student.py:46: UserWarning: enable_nested_tensor is True, but self.use_nested_tensor is False because encoder_layer.norm_first was True
  self.encoder = nn.TransformerEncoder(block, layers)
{"anchor_rank": 9, "anchor": "EEVT", "budget": 320, "r2": 0.17907525594451146, "regret": {"1": {"acquired": 0.2996527925133705, "novel_design": 0.19408132135868073, "campaign": 0.19408132135868073}, "2": {"acquired": 1.8158283680677414, "novel_design": 0.36782336235046387, "campaign": 0.36782336235046387}, "3": {"acquired": 2.9109439849853516, "novel_design": 4.988186955451965, "campaign": 2.9109439849853516}, "4": {"acquired": 4.8541295528411865, "novel_design": 5.592410564422607, "campaign": 4.8541295528411865}}}
/media/PM983/Code/PLS/src/pls/editflow/student.py:46: UserWarning: enable_nested_tensor is True, but self.use_nested_tensor is False because encoder_layer.norm_first was True
  self.encoder = nn.TransformerEncoder(block, layers)
{"anchor_rank": 9, "anchor": "EEVT", "budget": 640, "r2": 0.4963504969855692, "regret": {"1": {"acquired": 0.2996527925133705, "novel_design": 0.35200578533113003, "campaign": 0.2996527925133705}, "2": {"acquired": 0.5486479997634888, "novel_design": 0.36782336235046387, "campaign": 0.36782336235046387}, "3": {"acquired": 2.577432155609131, "novel_design": 2.136345386505127, "campaign": 2.136345386505127}, "4": {"acquired": 4.118179798126221, "novel_design": 4.208581447601318, "campaign": 4.118179798126221}}}
/media/PM983/Code/PLS/src/pls/editflow/student.py:46: UserWarning: enable_nested_tensor is True, but self.use_nested_tensor is False because encoder_layer.norm_first was True
  self.encoder = nn.TransformerEncoder(block, layers)
{"anchor_rank": 10, "anchor": "QMDR", "budget": 80, "r2": 0.02114715823375013, "regret": {"1": {"acquired": 0.011071528075262904, "novel_design": 0.009732817532494664, "campaign": 0.009732817532494664}, "2": {"acquired": 1.8462395707610995, "novel_design": 1.837557272054255, "campaign": 1.837557272054255}, "3": {"acquired": 4.220707431435585, "novel_design": 3.4182189106941223, "campaign": 3.4182189106941223}, "4": {"acquired": 7.985396325588226, "novel_design": 8.71979908645153, "campaign": 7.985396325588226}}}
/media/PM983/Code/PLS/src/pls/editflow/student.py:46: UserWarning: enable_nested_tensor is True, but self.use_nested_tensor is False because encoder_layer.norm_first was True
  self.encoder = nn.TransformerEncoder(block, layers)
{"anchor_rank": 10, "anchor": "QMDR", "budget": 160, "r2": -0.028387153030967838, "regret": {"1": {"acquired": 0.010882907314226031, "novel_design": 0.01050544623285532, "campaign": 0.01050544623285532}, "2": {"acquired": 1.8454756163991988, "novel_design": 1.5484687983989716, "campaign": 1.5484687983989716}, "3": {"acquired": 1.701948881149292, "novel_design": 3.9869187772274017, "campaign": 1.701948881149292}, "4": {"acquired": 6.148695707321167, "novel_design": 8.433665603399277, "campaign": 6.148695707321167}}}
/media/PM983/Code/PLS/src/pls/editflow/student.py:46: UserWarning: enable_nested_tensor is True, but self.use_nested_tensor is False because encoder_layer.norm_first was True
  self.encoder = nn.TransformerEncoder(block, layers)
{"anchor_rank": 10, "anchor": "QMDR", "budget": 320, "r2": 0.16537853567399985, "regret": {"1": {"acquired": 0.010477609001100063, "novel_design": 0.006738021969795227, "campaign": 0.006738021969795227}, "2": {"acquired": 1.8454756163991988, "novel_design": 1.207459270954132, "campaign": 1.207459270954132}, "3": {"acquired": 1.3361120223999023, "novel_design": 2.046609878540039, "campaign": 1.3361120223999023}, "4": {"acquired": 5.340282201766968, "novel_design": 6.640030145645142, "campaign": 5.340282201766968}}}
/media/PM983/Code/PLS/src/pls/editflow/student.py:46: UserWarning: enable_nested_tensor is True, but self.use_nested_tensor is False because encoder_layer.norm_first was True
  self.encoder = nn.TransformerEncoder(block, layers)
{"anchor_rank": 10, "anchor": "QMDR", "budget": 640, "r2": 0.33644229710479534, "regret": {"1": {"acquired": 0.0, "novel_design": 0.0032568322494626045, "campaign": 0.0}, "2": {"acquired": 1.8363608438521624, "novel_design": 1.207459270954132, "campaign": 1.207459270954132}, "3": {"acquired": 1.3361120223999023, "novel_design": 3.1824798583984375, "campaign": 1.3361120223999023}, "4": {"acquired": 4.7355217933654785, "novel_design": 4.298322677612305, "campaign": 4.298322677612305}}}
/media/PM983/Code/PLS/src/pls/editflow/student.py:46: UserWarning: enable_nested_tensor is True, but self.use_nested_tensor is False because encoder_layer.norm_first was True
  self.encoder = nn.TransformerEncoder(block, layers)
{"anchor_rank": 11, "anchor": "WSCP", "budget": 80, "r2": -0.019996164912804648, "regret": {"1": {"acquired": 4.804046211764216, "novel_design": 4.396329909563065, "campaign": 4.396329909563065}, "2": {"acquired": 6.797673344612122, "novel_design": 7.265414172783494, "campaign": 6.797673344612122}, "3": {"acquired": 7.072209477424622, "novel_design": 7.523922950029373, "campaign": 7.072209477424622}, "4": {"acquired": 8.277306199073792, "novel_design": 8.730158548802137, "campaign": 8.277306199073792}}}
/media/PM983/Code/PLS/src/pls/editflow/student.py:46: UserWarning: enable_nested_tensor is True, but self.use_nested_tensor is False because encoder_layer.norm_first was True
  self.encoder = nn.TransformerEncoder(block, layers)
{"anchor_rank": 11, "anchor": "WSCP", "budget": 160, "r2": 0.046249379727837714, "regret": {"1": {"acquired": 4.804046211764216, "novel_design": 2.174368143081665, "campaign": 2.174368143081665}, "2": {"acquired": 6.797673344612122, "novel_design": 4.702288389205933, "campaign": 4.702288389205933}, "3": {"acquired": 4.488529205322266, "novel_design": 7.53954192250967, "campaign": 4.488529205322266}, "4": {"acquired": 5.6936259269714355, "novel_design": 7.5730531215667725, "campaign": 5.6936259269714355}}}
/media/PM983/Code/PLS/src/pls/editflow/student.py:46: UserWarning: enable_nested_tensor is True, but self.use_nested_tensor is False because encoder_layer.norm_first was True
  self.encoder = nn.TransformerEncoder(block, layers)
{"anchor_rank": 11, "anchor": "WSCP", "budget": 320, "r2": 0.23263668570283835, "regret": {"1": {"acquired": 4.804046211764216, "novel_design": 0.0, "campaign": 0.0}, "2": {"acquired": 5.781295537948608, "novel_design": 2.7005538940429688, "campaign": 2.7005538940429688}, "3": {"acquired": 2.2830123901367188, "novel_design": 3.302405834197998, "campaign": 2.2830123901367188}, "4": {"acquired": 3.4881091117858887, "novel_design": 4.796558141708374, "campaign": 3.4881091117858887}}}
/media/PM983/Code/PLS/src/pls/editflow/student.py:46: UserWarning: enable_nested_tensor is True, but self.use_nested_tensor is False because encoder_layer.norm_first was True
  self.encoder = nn.TransformerEncoder(block, layers)
{"anchor_rank": 11, "anchor": "WSCP", "budget": 640, "r2": 0.4332998388159981, "regret": {"1": {"acquired": 4.804046211764216, "novel_design": 0.0, "campaign": 0.0}, "2": {"acquired": 4.356053829193115, "novel_design": 4.665518045425415, "campaign": 4.356053829193115}, "3": {"acquired": 2.2830123901367188, "novel_design": 3.302405834197998, "campaign": 2.2830123901367188}, "4": {"acquired": 3.4881091117858887, "novel_design": 4.507502555847168, "campaign": 3.4881091117858887}}}
/media/PM983/Code/PLS/src/pls/editflow/student.py:46: UserWarning: enable_nested_tensor is True, but self.use_nested_tensor is False because encoder_layer.norm_first was True
  self.encoder = nn.TransformerEncoder(block, layers)
{"anchor_rank": 12, "anchor": "DPHR", "budget": 80, "r2": -0.8315400087230369, "regret": {"1": {"acquired": 0.009426145814359188, "novel_design": 0.016598213696852326, "campaign": 0.009426145814359188}, "2": {"acquired": 0.040409719571471214, "novel_design": 0.061165713937953115, "campaign": 0.040409719571471214}, "3": {"acquired": 3.683054907247424, "novel_design": 3.6884376481175423, "campaign": 3.683054907247424}, "4": {"acquired": 5.444634914398193, "novel_design": 8.28002056479454, "campaign": 5.444634914398193}}}
/media/PM983/Code/PLS/src/pls/editflow/student.py:46: UserWarning: enable_nested_tensor is True, but self.use_nested_tensor is False because encoder_layer.norm_first was True
  self.encoder = nn.TransformerEncoder(block, layers)
{"anchor_rank": 12, "anchor": "DPHR", "budget": 160, "r2": -0.041568015510091705, "regret": {"1": {"acquired": 0.009426145814359188, "novel_design": 0.016598213696852326, "campaign": 0.009426145814359188}, "2": {"acquired": 0.040409719571471214, "novel_design": 0.061165713937953115, "campaign": 0.040409719571471214}, "3": {"acquired": 3.6718035377562046, "novel_design": 3.6884376481175423, "campaign": 3.6718035377562046}, "4": {"acquired": 5.444634914398193, "novel_design": 8.684914655983448, "campaign": 5.444634914398193}}}
/media/PM983/Code/PLS/src/pls/editflow/student.py:46: UserWarning: enable_nested_tensor is True, but self.use_nested_tensor is False because encoder_layer.norm_first was True
  self.encoder = nn.TransformerEncoder(block, layers)
{"anchor_rank": 12, "anchor": "DPHR", "budget": 320, "r2": -0.005187062287529631, "regret": {"1": {"acquired": 0.009426145814359188, "novel_design": 0.015445470809936523, "campaign": 0.009426145814359188}, "2": {"acquired": 0.040409719571471214, "novel_design": 0.06158888665959239, "campaign": 0.040409719571471214}, "3": {"acquired": 3.5537487268447876, "novel_design": 3.676171349361539, "campaign": 3.5537487268447876}, "4": {"acquired": 5.444634914398193, "novel_design": 6.1457743644714355, "campaign": 5.444634914398193}}}
/media/PM983/Code/PLS/src/pls/editflow/student.py:46: UserWarning: enable_nested_tensor is True, but self.use_nested_tensor is False because encoder_layer.norm_first was True
  self.encoder = nn.TransformerEncoder(block, layers)
{"anchor_rank": 12, "anchor": "DPHR", "budget": 640, "r2": 0.02659352128122694, "regret": {"1": {"acquired": 0.009426145814359188, "novel_design": 0.019577380269765854, "campaign": 0.009426145814359188}, "2": {"acquired": 0.040409719571471214, "novel_design": 0.06135976791847497, "campaign": 0.040409719571471214}, "3": {"acquired": 3.5537487268447876, "novel_design": 3.676171349361539, "campaign": 3.5537487268447876}, "4": {"acquired": 5.444634914398193, "novel_design": 8.30473917722702, "campaign": 5.444634914398193}}}
/media/PM983/Code/PLS/src/pls/editflow/student.py:46: UserWarning: enable_nested_tensor is True, but self.use_nested_tensor is False because encoder_layer.norm_first was True
  self.encoder = nn.TransformerEncoder(block, layers)
{"anchor_rank": 13, "anchor": "LWKN", "budget": 80, "r2": -0.022306071713937836, "regret": {"1": {"acquired": 1.768102071247995, "novel_design": 1.7739974232390523, "campaign": 1.768102071247995}, "2": {"acquired": 7.206055294722319, "novel_design": 7.225744326598942, "campaign": 7.206055294722319}, "3": {"acquired": 8.729808636009693, "novel_design": 7.944366455078125, "campaign": 7.944366455078125}, "4": {"acquired": 8.34653127193451, "novel_design": 7.927210032939911, "campaign": 7.927210032939911}}}
/media/PM983/Code/PLS/src/pls/editflow/student.py:46: UserWarning: enable_nested_tensor is True, but self.use_nested_tensor is False because encoder_layer.norm_first was True
  self.encoder = nn.TransformerEncoder(block, layers)
{"anchor_rank": 13, "anchor": "LWKN", "budget": 160, "r2": 0.04132883137456722, "regret": {"1": {"acquired": 0.0, "novel_design": 0.0, "campaign": 0.0}, "2": {"acquired": 5.45085597038269, "novel_design": 7.2286601066589355, "campaign": 5.45085597038269}, "3": {"acquired": 6.984161615371704, "novel_design": 8.76196575164795, "campaign": 6.984161615371704}, "4": {"acquired": 6.984161615371704, "novel_design": 8.76196575164795, "campaign": 6.984161615371704}}}
/media/PM983/Code/PLS/src/pls/editflow/student.py:46: UserWarning: enable_nested_tensor is True, but self.use_nested_tensor is False because encoder_layer.norm_first was True
  self.encoder = nn.TransformerEncoder(block, layers)
{"anchor_rank": 13, "anchor": "LWKN", "budget": 320, "r2": 0.06335959879815756, "regret": {"1": {"acquired": 0.0, "novel_design": 0.0, "campaign": 0.0}, "2": {"acquired": 5.45085597038269, "novel_design": 3.724761962890625, "campaign": 3.724761962890625}, "3": {"acquired": 6.984161615371704, "novel_design": 5.914825677871704, "campaign": 5.914825677871704}, "4": {"acquired": 6.984161615371704, "novel_design": 5.914825677871704, "campaign": 5.914825677871704}}}
/media/PM983/Code/PLS/src/pls/editflow/student.py:46: UserWarning: enable_nested_tensor is True, but self.use_nested_tensor is False because encoder_layer.norm_first was True
  self.encoder = nn.TransformerEncoder(block, layers)
{"anchor_rank": 13, "anchor": "LWKN", "budget": 640, "r2": 0.1324360368606211, "regret": {"1": {"acquired": 0.0, "novel_design": 0.010410942137241364, "campaign": 0.0}, "2": {"acquired": 5.45085597038269, "novel_design": 3.182699680328369, "campaign": 3.182699680328369}, "3": {"acquired": 3.686666488647461, "novel_design": 6.501728057861328, "campaign": 3.686666488647461}, "4": {"acquired": 3.686666488647461, "novel_design": 6.358878135681152, "campaign": 3.686666488647461}}}
/media/PM983/Code/PLS/src/pls/editflow/student.py:46: UserWarning: enable_nested_tensor is True, but self.use_nested_tensor is False because encoder_layer.norm_first was True
  self.encoder = nn.TransformerEncoder(block, layers)
{"anchor_rank": 14, "anchor": "YWFN", "budget": 80, "r2": 0.022374768680086032, "regret": {"1": {"acquired": 4.952464837580919, "novel_design": 4.001872897148132, "campaign": 4.001872897148132}, "2": {"acquired": 6.282943982630968, "novel_design": 6.085536479949951, "campaign": 6.085536479949951}, "3": {"acquired": 8.104246020317078, "novel_design": 8.586355477571487, "campaign": 8.104246020317078}, "4": {"acquired": 8.104246020317078, "novel_design": 8.76196575164795, "campaign": 8.104246020317078}}}
/media/PM983/Code/PLS/src/pls/editflow/student.py:46: UserWarning: enable_nested_tensor is True, but self.use_nested_tensor is False because encoder_layer.norm_first was True
  self.encoder = nn.TransformerEncoder(block, layers)
{"anchor_rank": 14, "anchor": "YWFN", "budget": 160, "r2": 0.029242071989927232, "regret": {"1": {"acquired": 4.411612272262573, "novel_design": 4.001872897148132, "campaign": 4.001872897148132}, "2": {"acquired": 5.742091417312622, "novel_design": 4.925182580947876, "campaign": 4.925182580947876}, "3": {"acquired": 7.491540431976318, "novel_design": 8.748162994161248, "campaign": 7.491540431976318}, "4": {"acquired": 7.491540431976318, "novel_design": 8.718895513564348, "campaign": 7.491540431976318}}}
/media/PM983/Code/PLS/src/pls/editflow/student.py:46: UserWarning: enable_nested_tensor is True, but self.use_nested_tensor is False because encoder_layer.norm_first was True
  self.encoder = nn.TransformerEncoder(block, layers)
{"anchor_rank": 14, "anchor": "YWFN", "budget": 320, "r2": 0.1216493646154444, "regret": {"1": {"acquired": 4.411612272262573, "novel_design": 0.0, "campaign": 0.0}, "2": {"acquired": 5.742091417312622, "novel_design": 4.147990465164185, "campaign": 4.147990465164185}, "3": {"acquired": 6.946041703224182, "novel_design": 7.9373995661735535, "campaign": 6.946041703224182}, "4": {"acquired": 6.946041703224182, "novel_design": 7.9373995661735535, "campaign": 6.946041703224182}}}
/media/PM983/Code/PLS/src/pls/editflow/student.py:46: UserWarning: enable_nested_tensor is True, but self.use_nested_tensor is False because encoder_layer.norm_first was True
  self.encoder = nn.TransformerEncoder(block, layers)
{"anchor_rank": 14, "anchor": "YWFN", "budget": 640, "r2": 0.18251111448246105, "regret": {"1": {"acquired": 4.411612272262573, "novel_design": 0.0, "campaign": 0.0}, "2": {"acquired": 5.742091417312622, "novel_design": 3.1761319637298584, "campaign": 3.1761319637298584}, "3": {"acquired": 6.946041703224182, "novel_design": 7.9373995661735535, "campaign": 6.946041703224182}, "4": {"acquired": 4.161889553070068, "novel_design": 6.812564969062805, "campaign": 4.161889553070068}}}
/media/PM983/Code/PLS/src/pls/editflow/student.py:46: UserWarning: enable_nested_tensor is True, but self.use_nested_tensor is False because encoder_layer.norm_first was True
  self.encoder = nn.TransformerEncoder(block, layers)
{"anchor_rank": 15, "anchor": "EDDI", "budget": 80, "r2": -0.1461815132577109, "regret": {"1": {"acquired": 0.0686978898011148, "novel_design": 0.06673177052289248, "campaign": 0.06673177052289248}, "2": {"acquired": 2.6097905337810516, "novel_design": 2.9876614483073354, "campaign": 2.6097905337810516}, "3": {"acquired": 4.533920437097549, "novel_design": 4.173451781272888, "campaign": 4.173451781272888}, "4": {"acquired": 5.823999881744385, "novel_design": 8.659184500575066, "campaign": 5.823999881744385}}}
/media/PM983/Code/PLS/src/pls/editflow/student.py:46: UserWarning: enable_nested_tensor is True, but self.use_nested_tensor is False because encoder_layer.norm_first was True
  self.encoder = nn.TransformerEncoder(block, layers)
{"anchor_rank": 15, "anchor": "EDDI", "budget": 160, "r2": 0.04373854296992641, "regret": {"1": {"acquired": 0.0686978898011148, "novel_design": 0.06673177052289248, "campaign": 0.06673177052289248}, "2": {"acquired": 2.6097905337810516, "novel_design": 2.9877210059203207, "campaign": 2.6097905337810516}, "3": {"acquired": 3.3839454650878906, "novel_design": 3.855842351913452, "campaign": 3.3839454650878906}, "4": {"acquired": 5.823999881744385, "novel_design": 8.659184500575066, "campaign": 5.823999881744385}}}
/media/PM983/Code/PLS/src/pls/editflow/student.py:46: UserWarning: enable_nested_tensor is True, but self.use_nested_tensor is False because encoder_layer.norm_first was True
  self.encoder = nn.TransformerEncoder(block, layers)
{"anchor_rank": 15, "anchor": "EDDI", "budget": 320, "r2": 0.05209221799963637, "regret": {"1": {"acquired": 0.0686978898011148, "novel_design": 0.04710381664335728, "campaign": 0.04710381664335728}, "2": {"acquired": 2.6097905337810516, "novel_design": 1.9732314348220825, "campaign": 1.9732314348220825}, "3": {"acquired": 3.3839454650878906, "novel_design": 3.855842351913452, "campaign": 3.3839454650878906}, "4": {"acquired": 5.823999881744385, "novel_design": 8.659184500575066, "campaign": 5.823999881744385}}}
/media/PM983/Code/PLS/src/pls/editflow/student.py:46: UserWarning: enable_nested_tensor is True, but self.use_nested_tensor is False because encoder_layer.norm_first was True
  self.encoder = nn.TransformerEncoder(block, layers)
{"anchor_rank": 15, "anchor": "EDDI", "budget": 640, "r2": 0.42018115019875435, "regret": {"1": {"acquired": 0.0686978898011148, "novel_design": 0.06529350811615586, "campaign": 0.06529350811615586}, "2": {"acquired": 0.0, "novel_design": 0.8180391788482666, "campaign": 0.0}, "3": {"acquired": 1.9960367679595947, "novel_design": 1.082059383392334, "campaign": 1.082059383392334}, "4": {"acquired": 3.777538776397705, "novel_design": 7.968167304992676, "campaign": 3.777538776397705}}}
{"aggregate": [{"budget": 80, "anchors": 16, "value_r2": {"mean": -0.11253012786666175, "median": -0.02151343980770848, "standard_deviation": 0.22509947732053923, "minimum": -0.8315400087230369, "maximum": 0.022374768680086032, "count": 16}, "edge_spearman": {"mean": 0.1682934337916947, "median": 0.17112927591511368, "standard_deviation": 0.06508879422726485, "minimum": 0.03248976056661079, "maximum": 0.27366032744455837, "count": 16}, "anchor_macro_kendall_tau": {"mean": 0.1334878944761117, "median": 0.1467327200462818, "standard_deviation": 0.05530835038226309, "minimum": 0.017069328042537295, "maximum": 0.21238698365776926, "count": 16}, "closed_edges": {"mean": 94.1875, "median": 94.5, "standard_deviation": 5.269013190342192, "minimum": 85.0, "maximum": 103.0, "count": 16}, "regret": {"1": {"acquired": {"mean": 1.4221826386346947, "median": 0.5129121689824387, "standard_deviation": 1.8223073461920718, "minimum": 0.006570606958121061, "maximum": 4.952464837580919, "count": 16, "zero_regret_fraction": 0.0, "unavailable_fraction": 0.0}, "novel_design": {"mean": 1.1261584262392716, "median": 0.20936877792701125, "standard_deviation": 1.6145125221022838, "minimum": 0.0, "maximum": 4.396329909563065, "count": 16, "zero_regret_fraction": 0.0625, "unavailable_fraction": 0.0}, "campaign": {"mean": 1.1245119699597126, "median": 0.20810989243909717, "standard_deviation": 1.6150929698254002, "minimum": 0.0, "maximum": 4.396329909563065, "count": 16, "zero_regret_fraction": 0.0625, "unavailable_fraction": 0.0}}, "2": {"acquired": {"mean": 4.206242589280009, "median": 4.238898400217295, "standard_deviation": 2.0437981766004945, "minimum": 0.040409719571471214, "maximum": 7.206055294722319, "count": 16, "zero_regret_fraction": 0.0, "unavailable_fraction": 0.0}, "novel_design": {"mean": 3.8412952842045343, "median": 3.657251380616799, "standard_deviation": 2.7693241696749675, "minimum": 0.0, "maximum": 7.265414172783494, "count": 16, "zero_regret_fraction": 0.0625, "unavailable_fraction": 0.0}, "campaign": {"mean": 3.548461556667462, "median": 3.6392401908524334, "standard_deviation": 2.538471751026345, "minimum": 0.0, "maximum": 7.206055294722319, "count": 16, "zero_regret_fraction": 0.0625, "unavailable_fraction": 0.0}}, "3": {"acquired": {"mean": 5.998593097436242, "median": 6.423866153694689, "standard_deviation": 1.6875756951972474, "minimum": 3.08636736869812, "maximum": 8.729808636009693, "count": 16, "zero_regret_fraction": 0.0, "unavailable_fraction": 0.0}, "novel_design": {"mean": 6.180569569201907, "median": 6.143138395622373, "standard_deviation": 1.5603440721076016, "minimum": 3.4182189106941223, "maximum": 8.586355477571487, "count": 16, "zero_regret_fraction": 0.0, "unavailable_fraction": 0.0}, "campaign": {"mean": 5.665280000772327, "median": 6.009514429606497, "standard_deviation": 1.6413753111600111, "minimum": 3.08636736869812, "maximum": 8.104246020317078, "count": 16, "zero_regret_fraction": 0.0, "unavailable_fraction": 0.0}}, "4": {"acquired": {"mean": 7.066959302872419, "median": 7.3393203020095825, "standard_deviation": 1.2935330279495383, "minimum": 4.828968524932861, "maximum": 8.663391917943954, "count": 16, "zero_regret_fraction": 0.0, "unavailable_fraction": 0.0}, "novel_design": {"mean": 8.095482091157464, "median": 8.517905823886395, "standard_deviation": 0.8994915566993031, "minimum": 5.820515155792236, "maximum": 8.76196575164795, "count": 16, "zero_regret_fraction": 0.0, "unavailable_fraction": 0.0}, "campaign": {"mean": 6.833940686658025, "median": 7.049836218357086, "standard_deviation": 1.2166545054136417, "minimum": 4.828968524932861, "maximum": 8.431090384721756, "count": 16, "zero_regret_fraction": 0.0, "unavailable_fraction": 0.0}}}}, {"budget": 160, "anchors": 16, "value_r2": {"mean": 0.03213539969678384, "median": 0.035285451682247226, "standard_deviation": 0.04772732658963422, "minimum": -0.041568015510091705, "maximum": 0.1258255440747995, "count": 16}, "edge_spearman": {"mean": 0.22316561711898492, "median": 0.23069071474242425, "standard_deviation": 0.03546111007163346, "minimum": 0.17110675285884316, "maximum": 0.2728320164498605, "count": 16}, "anchor_macro_kendall_tau": {"mean": 0.17008470322355523, "median": 0.17339209255888566, "standard_deviation": 0.025569467534899356, "minimum": 0.12843595902800434, "maximum": 0.20654074685218893, "count": 16}, "closed_edges": {"mean": 219.125, "median": 218.0, "standard_deviation": 8.845903006477066, "minimum": 206.0, "maximum": 234.0, "count": 16}, "regret": {"1": {"acquired": {"mean": 1.2657249396288535, "median": 0.18417534115724266, "standard_deviation": 1.7895455490837902, "minimum": 0.0, "maximum": 4.804046211764216, "count": 16, "zero_regret_fraction": 0.0625, "unavailable_fraction": 0.0}, "novel_design": {"mean": 0.9032605085958494, "median": 0.20936877792701125, "standard_deviation": 1.3675845904179533, "minimum": 0.0, "maximum": 4.001872897148132, "count": 16, "zero_regret_fraction": 0.125, "unavailable_fraction": 0.0}, "campaign": {"mean": 0.8989783278957475, "median": 0.1831922815181315, "standard_deviation": 1.3695550366180884, "minimum": 0.0, "maximum": 4.001872897148132, "count": 16, "zero_regret_fraction": 0.125, "unavailable_fraction": 0.0}}, "2": {"acquired": {"mean": 4.038635958626401, "median": 4.171002373099327, "standard_deviation": 1.8683451619864584, "minimum": 0.040409719571471214, "maximum": 6.797673344612122, "count": 16, "zero_regret_fraction": 0.0, "unavailable_fraction": 0.0}, "novel_design": {"mean": 3.69542857077613, "median": 3.4526143223047256, "standard_deviation": 1.741713575230403, "minimum": 0.061165713937953115, "maximum": 7.2286601066589355, "count": 16, "zero_regret_fraction": 0.0, "unavailable_fraction": 0.0}, "campaign": {"mean": 3.491177170013543, "median": 3.4517186251468956, "standard_deviation": 1.4984156533554966, "minimum": 0.040409719571471214, "maximum": 5.484730005264282, "count": 16, "zero_regret_fraction": 0.0, "unavailable_fraction": 0.0}}, "3": {"acquired": {"mean": 5.224657207261771, "median": 6.009188139811158, "standard_deviation": 1.8067173340062495, "minimum": 1.701948881149292, "maximum": 7.491540431976318, "count": 16, "zero_regret_fraction": 0.0, "unavailable_fraction": 0.0}, "novel_design": {"mean": 5.776884513456025, "median": 5.8868216425180435, "standard_deviation": 1.6712723096845088, "minimum": 3.6884376481175423, "maximum": 8.76196575164795, "count": 16, "zero_regret_fraction": 0.0, "unavailable_fraction": 0.0}, "campaign": {"mean": 4.855208384105936, "median": 4.685415148735046, "standard_deviation": 1.632902470315585, "minimum": 1.701948881149292, "maximum": 7.491540431976318, "count": 16, "zero_regret_fraction": 0.0, "unavailable_fraction": 0.0}}, "4": {"acquired": {"mean": 6.447511566802859, "median": 6.175281405448914, "standard_deviation": 1.1370995727589694, "minimum": 4.579998016357422, "maximum": 8.431090384721756, "count": 16, "zero_regret_fraction": 0.0, "unavailable_fraction": 0.0}, "novel_design": {"mean": 7.892701121178106, "median": 8.407365903258324, "standard_deviation": 1.03156933932491, "minimum": 5.257836103439331, "maximum": 8.76196575164795, "count": 16, "zero_regret_fraction": 0.0, "unavailable_fraction": 0.0}, "campaign": {"mean": 6.289843467995524, "median": 5.986347794532776, "standard_deviation": 1.1067572287616265, "minimum": 4.579998016357422, "maximum": 8.431090384721756, "count": 16, "zero_regret_fraction": 0.0, "unavailable_fraction": 0.0}}}}, {"budget": 320, "anchors": 16, "value_r2": {"mean": 0.1292627152132554, "median": 0.15960685023882354, "standard_deviation": 0.08740374849089533, "minimum": -0.005187062287529631, "maximum": 0.28290956762406827, "count": 16}, "edge_spearman": {"mean": 0.2970018720607456, "median": 0.3062290081386886, "standard_deviation": 0.02950093126985277, "minimum": 0.23155217666565048, "maximum": 0.3320757662564065, "count": 16}, "anchor_macro_kendall_tau": {"mean": 0.2138357803536022, "median": 0.21237359668781902, "standard_deviation": 0.019552750402048666, "minimum": 0.17517443887206302, "maximum": 0.24135882119780916, "count": 16}, "closed_edges": {"mean": 486.0625, "median": 483.5, "standard_deviation": 16.28688122385621, "minimum": 467.0, "maximum": 532.0, "count": 16}, "regret": {"1": {"acquired": {"mean": 1.255980271860608, "median": 0.18417534115724266, "standard_deviation": 1.7935519855237385, "minimum": 0.0, "maximum": 4.804046211764216, "count": 16, "zero_regret_fraction": 0.0625, "unavailable_fraction": 0.0}, "novel_design": {"mean": 0.5023824035743019, "median": 0.02147926390171051, "standard_deviation": 1.01917560413019, "minimum": 0.0, "maximum": 3.7022786736488342, "count": 16, "zero_regret_fraction": 0.1875, "unavailable_fraction": 0.0}, "campaign": {"mean": 0.49158532939327415, "median": 0.01674880168866366, "standard_deviation": 1.0188209375502781, "minimum": 0.0, "maximum": 3.7022786736488342, "count": 16, "zero_regret_fraction": 0.1875, "unavailable_fraction": 0.0}}, "2": {"acquired": {"mean": 3.615653505316004, "median": 3.319481511833146, "standard_deviation": 1.7880108122010983, "minimum": 0.040409719571471214, "maximum": 5.781295537948608, "count": 16, "zero_regret_fraction": 0.0, "unavailable_fraction": 0.0}, "novel_design": {"mean": 2.485327630973188, "median": 2.866241455078125, "standard_deviation": 1.7692208842863086, "minimum": 0.06158888665959239, "maximum": 5.484730005264282, "count": 16, "zero_regret_fraction": 0.0, "unavailable_fraction": 0.0}, "campaign": {"mean": 2.3803281149594113, "median": 2.6980079412460327, "standard_deviation": 1.6789025955881227, "minimum": 0.040409719571471214, "maximum": 5.484730005264282, "count": 16, "zero_regret_fraction": 0.0, "unavailable_fraction": 0.0}}, "3": {"acquired": {"mean": 4.289910360239446, "median": 3.6685736775398254, "standard_deviation": 2.1791001932359135, "minimum": 0.0, "maximum": 7.122357487678528, "count": 16, "zero_regret_fraction": 0.0625, "unavailable_fraction": 0.0}, "novel_design": {"mean": 4.132606652798131, "median": 3.8331698179244995, "standard_deviation": 2.161813414053226, "minimum": 0.13844060897827148, "maximum": 7.954113125801086, "count": 16, "zero_regret_fraction": 0.0, "unavailable_fraction": 0.0}, "campaign": {"mean": 3.647231067530811, "median": 3.4125685691833496, "standard_deviation": 2.0659325815572775, "minimum": 0.0, "maximum": 7.122357487678528, "count": 16, "zero_regret_fraction": 0.0625, "unavailable_fraction": 0.0}}, "4": {"acquired": {"mean": 5.4019596464931965, "median": 5.392458558082581, "standard_deviation": 1.51532443354216, "minimum": 2.719888210296631, "maximum": 8.157293736934662, "count": 16, "zero_regret_fraction": 0.0, "unavailable_fraction": 0.0}, "novel_design": {"mean": 5.941568754904438, "median": 6.1071730852127075, "standard_deviation": 1.7522708055030207, "minimum": 2.8927793502807617, "maximum": 8.752880115993321, "count": 16, "zero_regret_fraction": 0.0, "unavailable_fraction": 0.0}, "campaign": {"mean": 5.063939556479454, "median": 5.097205877304077, "standard_deviation": 1.3556275992436855, "minimum": 2.719888210296631, "maximum": 7.1615413427352905, "count": 16, "zero_regret_fraction": 0.0, "unavailable_fraction": 0.0}}}}, {"budget": 640, "anchors": 16, "value_r2": {"mean": 0.272118848201758, "median": 0.2722584313651278, "standard_deviation": 0.1234853522547602, "minimum": 0.02659352128122694, "maximum": 0.4963504969855692, "count": 16}, "edge_spearman": {"mean": 0.35845028725396444, "median": 0.3596624134499672, "standard_deviation": 0.026660699692430574, "minimum": 0.2964654298771127, "maximum": 0.3973712346077969, "count": 16}, "anchor_macro_kendall_tau": {"mean": 0.24397303101106954, "median": 0.2445115739086703, "standard_deviation": 0.016009599771151347, "minimum": 0.21522078655518032, "maximum": 0.27082459962270344, "count": 16}, "closed_edges": {"mean": 1060.9375, "median": 1059.5, "standard_deviation": 29.593847896705377, "minimum": 1009.0, "maximum": 1131.0, "count": 16}, "regret": {"1": {"acquired": {"mean": 1.1651209639530862, "median": 0.18417534115724266, "standard_deviation": 1.744941294580004, "minimum": 0.0, "maximum": 4.804046211764216, "count": 16, "zero_regret_fraction": 0.125, "unavailable_fraction": 0.0}, "novel_design": {"mean": 0.256731531539117, "median": 0.013133172527886927, "standard_deviation": 0.5676412343761338, "minimum": 0.0, "maximum": 2.169324353337288, "count": 16, "zero_regret_fraction": 0.3125, "unavailable_fraction": 0.0}, "campaign": {"mean": 0.23428993158449885, "median": 0.00482124462723732, "standard_deviation": 0.556576155806351, "minimum": 0.0, "maximum": 2.169324353337288, "count": 16, "zero_regret_fraction": 0.4375, "unavailable_fraction": 0.0}}, "2": {"acquired": {"mean": 2.9302564710960723, "median": 3.205090895295143, "standard_deviation": 1.9207635714362643, "minimum": 0.0, "maximum": 5.742091417312622, "count": 16, "zero_regret_fraction": 0.0625, "unavailable_fraction": 0.0}, "novel_design": {"mean": 2.3523259133289685, "median": 3.0319290161132812, "standard_deviation": 1.7953118338840333, "minimum": 0.0, "maximum": 5.0571290254592896, "count": 16, "zero_regret_fraction": 0.0625, "unavailable_fraction": 0.0}, "campaign": {"mean": 1.8660103738075122, "median": 1.5496372282505035, "standard_deviation": 1.5900062847776355, "minimum": 0.0, "maximum": 4.356053829193115, "count": 16, "zero_regret_fraction": 0.125, "unavailable_fraction": 0.0}}, "3": {"acquired": {"mean": 3.543170031160116, "median": 3.497470200061798, "standard_deviation": 1.757919586762568, "minimum": 0.0, "maximum": 6.946041703224182, "count": 16, "zero_regret_fraction": 0.0625, "unavailable_fraction": 0.0}, "novel_design": {"mean": 3.8865049296291545, "median": 3.7429321045055985, "standard_deviation": 2.0618552136966657, "minimum": 0.13844060897827148, "maximum": 7.9373995661735535, "count": 16, "zero_regret_fraction": 0.0, "unavailable_fraction": 0.0}, "campaign": {"mean": 3.113650608807802, "median": 3.3163280487060547, "standard_deviation": 1.6974572546995674, "minimum": 0.0, "maximum": 6.946041703224182, "count": 16, "zero_regret_fraction": 0.0625, "unavailable_fraction": 0.0}}, "4": {"acquired": {"mean": 4.225344493985176, "median": 4.159947633743286, "standard_deviation": 1.0155190240729353, "minimum": 2.2524867057800293, "maximum": 6.171436071395874, "count": 16, "zero_regret_fraction": 0.0, "unavailable_fraction": 0.0}, "novel_design": {"mean": 5.583884233026765, "median": 5.48536741733551, "standard_deviation": 1.7473879521195794, "minimum": 2.8927793502807617, "maximum": 8.739899000152946, "count": 16, "zero_regret_fraction": 0.0, "unavailable_fraction": 0.0}, "campaign": {"mean": 4.198019549250603, "median": 4.159947633743286, "standard_deviation": 1.00672014716495, "minimum": 2.2524867057800293, "maximum": 6.171436071395874, "count": 16, "zero_regret_fraction": 0.0, "unavailable_fraction": 0.0}}}}], "query_budget": {"acquisition": "random", "anchors": 16, "budget_curve": [80, 160, 320, 640], "final_unique_queries_per_anchor": 640, "total_oracle_queries_across_independent_anchors": 10240, "teacher_query_cost_unit": "unique measured node per independent anchor", "same_protocol_required": true, "anchor_protocol_sha256": "3b3ef4a2152d1eac8f0780fe4f5964eb491e7113c3d93837def3dbe64a589566", "test_evaluated": false}, "test_evaluated": false}
