/media/PM983/Code/PLS/src/pls/editflow/student.py:46: UserWarning: enable_nested_tensor is True, but self.use_nested_tensor is False because encoder_layer.norm_first was True
  self.encoder = nn.TransformerEncoder(block, layers)
/media/PM983/Code/PLS/src/pls/editflow/student.py:46: UserWarning: enable_nested_tensor is True, but self.use_nested_tensor is False because encoder_layer.norm_first was True
  self.encoder = nn.TransformerEncoder(block, layers)
{"anchor_rank": 0, "anchor": "DNNV", "budget": 80, "r2": -0.4425539943950907, "regret": {"1": {"acquired": 0.01542617566883564, "novel_design": 0.017902973107993603, "campaign": 0.01542617566883564}, "2": {"acquired": 3.9494960382580757, "novel_design": 3.985518417786807, "campaign": 3.9494960382580757}, "3": {"acquired": 6.673592686653137, "novel_design": 5.240160226821899, "campaign": 5.240160226821899}, "4": {"acquired": 4.828968524932861, "novel_design": 6.61542010307312, "campaign": 4.828968524932861}}}
/media/PM983/Code/PLS/src/pls/editflow/student.py:46: UserWarning: enable_nested_tensor is True, but self.use_nested_tensor is False because encoder_layer.norm_first was True
  self.encoder = nn.TransformerEncoder(block, layers)
{"anchor_rank": 0, "anchor": "DNNV", "budget": 160, "r2": 0.04059642060694835, "regret": {"1": {"acquired": 0.01542617566883564, "novel_design": 0.018692805198952556, "campaign": 0.01542617566883564}, "2": {"acquired": 3.9494960382580757, "novel_design": 3.984930210513994, "campaign": 3.9494960382580757}, "3": {"acquired": 5.1914143562316895, "novel_design": 2.292024612426758, "campaign": 2.292024612426758}, "4": {"acquired": 1.9044227600097656, "novel_design": 1.884016513824463, "campaign": 1.884016513824463}}}
/media/PM983/Code/PLS/src/pls/editflow/student.py:46: UserWarning: enable_nested_tensor is True, but self.use_nested_tensor is False because encoder_layer.norm_first was True
  self.encoder = nn.TransformerEncoder(block, layers)
{"anchor_rank": 0, "anchor": "DNNV", "budget": 320, "r2": 0.362250468066298, "regret": {"1": {"acquired": 0.01542617566883564, "novel_design": 0.016633164137601852, "campaign": 0.01542617566883564}, "2": {"acquired": 3.9494960382580757, "novel_design": 0.7754573822021484, "campaign": 0.7754573822021484}, "3": {"acquired": 2.292024612426758, "novel_design": 1.2819223403930664, "campaign": 1.2819223403930664}, "4": {"acquired": 1.47963285446167, "novel_design": 2.418468475341797, "campaign": 1.47963285446167}}}
/media/PM983/Code/PLS/src/pls/editflow/student.py:46: UserWarning: enable_nested_tensor is True, but self.use_nested_tensor is False because encoder_layer.norm_first was True
  self.encoder = nn.TransformerEncoder(block, layers)
{"anchor_rank": 0, "anchor": "DNNV", "budget": 640, "r2": 0.4560426463303011, "regret": {"1": {"acquired": 0.01542617566883564, "novel_design": 0.014261769130825996, "campaign": 0.014261769130825996}, "2": {"acquired": 3.9494960382580757, "novel_design": 0.0, "campaign": 0.0}, "3": {"acquired": 1.2819223403930664, "novel_design": 2.289463520050049, "campaign": 1.2819223403930664}, "4": {"acquired": 0.0, "novel_design": 3.692897319793701, "campaign": 0.0}}}
/media/PM983/Code/PLS/src/pls/editflow/student.py:46: UserWarning: enable_nested_tensor is True, but self.use_nested_tensor is False because encoder_layer.norm_first was True
  self.encoder = nn.TransformerEncoder(block, layers)
{"anchor_rank": 1, "anchor": "YLPR", "budget": 80, "r2": -0.10403213206641704, "regret": {"1": {"acquired": 0.006570606958121061, "novel_design": 0.006798917893320322, "campaign": 0.006570606958121061}, "2": {"acquired": 2.760065062902868, "novel_design": 0.05052685737609863, "campaign": 0.05052685737609863}, "3": {"acquired": 6.920347962528467, "novel_design": 6.913415752351284, "campaign": 6.913415752351284}, "4": {"acquired": 6.106783390045166, "novel_design": 8.75774908484891, "campaign": 6.106783390045166}}}
/media/PM983/Code/PLS/src/pls/editflow/student.py:46: UserWarning: enable_nested_tensor is True, but self.use_nested_tensor is False because encoder_layer.norm_first was True
  self.encoder = nn.TransformerEncoder(block, layers)
{"anchor_rank": 1, "anchor": "YLPR", "budget": 160, "r2": 0.09565100448579722, "regret": {"1": {"acquired": 0.006570606958121061, "novel_design": 0.006798917893320322, "campaign": 0.006570606958121061}, "2": {"acquired": 2.760065062902868, "novel_design": 0.05052685737609863, "campaign": 0.05052685737609863}, "3": {"acquired": 3.7399494647979736, "novel_design": 2.486058235168457, "campaign": 2.486058235168457}, "4": {"acquired": 4.308797359466553, "novel_design": 3.620701313018799, "campaign": 3.620701313018799}}}
/media/PM983/Code/PLS/src/pls/editflow/student.py:46: UserWarning: enable_nested_tensor is True, but self.use_nested_tensor is False because encoder_layer.norm_first was True
  self.encoder = nn.TransformerEncoder(block, layers)
{"anchor_rank": 1, "anchor": "YLPR", "budget": 320, "r2": -0.20685784216042657, "regret": {"1": {"acquired": 0.006570606958121061, "novel_design": 0.005391563521698117, "campaign": 0.005391563521698117}, "2": {"acquired": 0.05052685737609863, "novel_design": 2.013562858104706, "campaign": 0.05052685737609863}, "3": {"acquired": 1.914285659790039, "novel_design": 5.0255348682403564, "campaign": 1.914285659790039}, "4": {"acquired": 2.418468475341797, "novel_design": 5.258067607879639, "campaign": 2.418468475341797}}}
/media/PM983/Code/PLS/src/pls/editflow/student.py:46: UserWarning: enable_nested_tensor is True, but self.use_nested_tensor is False because encoder_layer.norm_first was True
  self.encoder = nn.TransformerEncoder(block, layers)
{"anchor_rank": 1, "anchor": "YLPR", "budget": 640, "r2": 0.2664919286963986, "regret": {"1": {"acquired": 0.006570606958121061, "novel_design": 0.006756309187039733, "campaign": 0.006570606958121061}, "2": {"acquired": 0.05052685737609863, "novel_design": 1.3401585817337036, "campaign": 0.05052685737609863}, "3": {"acquired": 1.914285659790039, "novel_design": 1.0066146850585938, "campaign": 1.0066146850585938}, "4": {"acquired": 2.418468475341797, "novel_design": 2.920382499694824, "campaign": 2.418468475341797}}}
/media/PM983/Code/PLS/src/pls/editflow/student.py:46: UserWarning: enable_nested_tensor is True, but self.use_nested_tensor is False because encoder_layer.norm_first was True
  self.encoder = nn.TransformerEncoder(block, layers)
{"anchor_rank": 2, "anchor": "DRFS", "budget": 80, "r2": -0.01924079561881853, "regret": {"1": {"acquired": 0.6763363236095756, "novel_design": 0.4149390757083893, "campaign": 0.4149390757083893}, "2": {"acquired": 5.589880084386095, "novel_design": 2.9672582149505615, "campaign": 2.9672582149505615}, "3": {"acquired": 6.32932055182755, "novel_design": 5.497291386127472, "campaign": 5.497291386127472}, "4": {"acquired": 7.443414807319641, "novel_design": 6.9773149490356445, "campaign": 6.9773149490356445}}}
/media/PM983/Code/PLS/src/pls/editflow/student.py:46: UserWarning: enable_nested_tensor is True, but self.use_nested_tensor is False because encoder_layer.norm_first was True
  self.encoder = nn.TransformerEncoder(block, layers)
{"anchor_rank": 2, "anchor": "DRFS", "budget": 160, "r2": 0.08384254987948547, "regret": {"1": {"acquired": 0.6763363236095756, "novel_design": 0.4649016559123993, "campaign": 0.4649016559123993}, "2": {"acquired": 5.589880084386095, "novel_design": 5.12954568862915, "campaign": 5.12954568862915}, "3": {"acquired": 3.7779111862182617, "novel_design": 3.678532361984253, "campaign": 3.678532361984253}, "4": {"acquired": 4.654721260070801, "novel_design": 3.401912212371826, "campaign": 3.401912212371826}}}
/media/PM983/Code/PLS/src/pls/editflow/student.py:46: UserWarning: enable_nested_tensor is True, but self.use_nested_tensor is False because encoder_layer.norm_first was True
  self.encoder = nn.TransformerEncoder(block, layers)
{"anchor_rank": 2, "anchor": "DRFS", "budget": 320, "r2": 0.44388742179258744, "regret": {"1": {"acquired": 0.6763363236095756, "novel_design": 0.4149390757083893, "campaign": 0.4149390757083893}, "2": {"acquired": 5.589880084386095, "novel_design": 4.2153438329696655, "campaign": 4.2153438329696655}, "3": {"acquired": 1.5790562629699707, "novel_design": 0.45257043838500977, "campaign": 0.45257043838500977}, "4": {"acquired": 1.780632495880127, "novel_design": 3.6050472259521484, "campaign": 1.780632495880127}}}
/media/PM983/Code/PLS/src/pls/editflow/student.py:46: UserWarning: enable_nested_tensor is True, but self.use_nested_tensor is False because encoder_layer.norm_first was True
  self.encoder = nn.TransformerEncoder(block, layers)
{"anchor_rank": 2, "anchor": "DRFS", "budget": 640, "r2": 0.4509209312889716, "regret": {"1": {"acquired": 0.6763363236095756, "novel_design": 0.4411175101995468, "campaign": 0.4411175101995468}, "2": {"acquired": 5.589880084386095, "novel_design": 4.011505126953125, "campaign": 4.011505126953125}, "3": {"acquired": 0.45257043838500977, "novel_design": 3.8917884826660156, "campaign": 0.45257043838500977}, "4": {"acquired": 0.0, "novel_design": 2.0411882400512695, "campaign": 0.0}}}
/media/PM983/Code/PLS/src/pls/editflow/student.py:46: UserWarning: enable_nested_tensor is True, but self.use_nested_tensor is False because encoder_layer.norm_first was True
  self.encoder = nn.TransformerEncoder(block, layers)
{"anchor_rank": 3, "anchor": "TRFP", "budget": 80, "r2": -0.19646139979395127, "regret": {"1": {"acquired": 0.7664656285196543, "novel_design": 0.7717775627970695, "campaign": 0.7664656285196543}, "2": {"acquired": 4.528300762176514, "novel_design": 5.559680249541998, "campaign": 4.528300762176514}, "3": {"acquired": 3.08636736869812, "novel_design": 6.3366451929323375, "campaign": 3.08636736869812}, "4": {"acquired": 5.504835844039917, "novel_design": 8.716957200318575, "campaign": 5.504835844039917}}}
/media/PM983/Code/PLS/src/pls/editflow/student.py:46: UserWarning: enable_nested_tensor is True, but self.use_nested_tensor is False because encoder_layer.norm_first was True
  self.encoder = nn.TransformerEncoder(block, layers)
{"anchor_rank": 3, "anchor": "TRFP", "budget": 160, "r2": 0.1207910185624328, "regret": {"1": {"acquired": 0.7664656285196543, "novel_design": 0.7812611700501293, "campaign": 0.7664656285196543}, "2": {"acquired": 4.528300762176514, "novel_design": 4.017922878265381, "campaign": 4.017922878265381}, "3": {"acquired": 2.0204553604125977, "novel_design": 1.1007752418518066, "campaign": 1.1007752418518066}, "4": {"acquired": 4.4389238357543945, "novel_design": 4.691165924072266, "campaign": 4.4389238357543945}}}
/media/PM983/Code/PLS/src/pls/editflow/student.py:46: UserWarning: enable_nested_tensor is True, but self.use_nested_tensor is False because encoder_layer.norm_first was True
  self.encoder = nn.TransformerEncoder(block, layers)
{"anchor_rank": 3, "anchor": "TRFP", "budget": 320, "r2": 0.12438625099425904, "regret": {"1": {"acquired": 0.7664656285196543, "novel_design": 0.7812611700501293, "campaign": 0.7664656285196543}, "2": {"acquired": 4.017922878265381, "novel_design": 4.603891730308533, "campaign": 4.017922878265381}, "3": {"acquired": 1.1007752418518066, "novel_design": 4.325247287750244, "campaign": 1.1007752418518066}, "4": {"acquired": 2.989933490753174, "novel_design": 4.987751007080078, "campaign": 2.989933490753174}}}
/media/PM983/Code/PLS/src/pls/editflow/student.py:46: UserWarning: enable_nested_tensor is True, but self.use_nested_tensor is False because encoder_layer.norm_first was True
  self.encoder = nn.TransformerEncoder(block, layers)
{"anchor_rank": 3, "anchor": "TRFP", "budget": 640, "r2": 0.17243306434648453, "regret": {"1": {"acquired": 0.7664656285196543, "novel_design": 0.010425567626953125, "campaign": 0.010425567626953125}, "2": {"acquired": 4.017922878265381, "novel_design": 4.145876407623291, "campaign": 4.017922878265381}, "3": {"acquired": 1.1007752418518066, "novel_design": 4.298413991928101, "campaign": 1.1007752418518066}, "4": {"acquired": 2.989933490753174, "novel_design": 6.886207938194275, "campaign": 2.989933490753174}}}
/media/PM983/Code/PLS/src/pls/editflow/student.py:46: UserWarning: enable_nested_tensor is True, but self.use_nested_tensor is False because encoder_layer.norm_first was True
  self.encoder = nn.TransformerEncoder(block, layers)
{"anchor_rank": 4, "anchor": "CYCQ", "budget": 80, "r2": -0.02072080790147912, "regret": {"1": {"acquired": 2.3929328257218003, "novel_design": 2.3746238593012094, "campaign": 2.3746238593012094}, "2": {"acquired": 5.3729952573776245, "novel_design": 6.4040025770664215, "campaign": 5.3729952573776245}, "3": {"acquired": 6.518411755561829, "novel_design": 7.158981204032898, "campaign": 6.518411755561829}, "4": {"acquired": 7.235225796699524, "novel_design": 7.875795245170593, "campaign": 7.235225796699524}}}
/media/PM983/Code/PLS/src/pls/editflow/student.py:46: UserWarning: enable_nested_tensor is True, but self.use_nested_tensor is False because encoder_layer.norm_first was True
  self.encoder = nn.TransformerEncoder(block, layers)
{"anchor_rank": 4, "anchor": "CYCQ", "budget": 160, "r2": 0.15647687596223092, "regret": {"1": {"acquired": 2.3929328257218003, "novel_design": 2.169324353337288, "campaign": 2.169324353337288}, "2": {"acquired": 3.0319290161132812, "novel_design": 3.6619043350219727, "campaign": 3.0319290161132812}, "3": {"acquired": 4.581305503845215, "novel_design": 4.541022062301636, "campaign": 4.541022062301636}, "4": {"acquired": 5.29811954498291, "novel_design": 8.220521330833435, "campaign": 5.29811954498291}}}
/media/PM983/Code/PLS/src/pls/editflow/student.py:46: UserWarning: enable_nested_tensor is True, but self.use_nested_tensor is False because encoder_layer.norm_first was True
  self.encoder = nn.TransformerEncoder(block, layers)
{"anchor_rank": 4, "anchor": "CYCQ", "budget": 320, "r2": 0.4382297557839663, "regret": {"1": {"acquired": 2.169324353337288, "novel_design": 2.3639687038958073, "campaign": 2.169324353337288}, "2": {"acquired": 2.032132148742676, "novel_design": 5.839993000030518, "campaign": 2.032132148742676}, "3": {"acquired": 2.529470920562744, "novel_design": 3.243110179901123, "campaign": 2.529470920562744}, "4": {"acquired": 3.2462849617004395, "novel_design": 5.437678098678589, "campaign": 3.2462849617004395}}}
/media/PM983/Code/PLS/src/pls/editflow/student.py:46: UserWarning: enable_nested_tensor is True, but self.use_nested_tensor is False because encoder_layer.norm_first was True
  self.encoder = nn.TransformerEncoder(block, layers)
{"anchor_rank": 4, "anchor": "CYCQ", "budget": 640, "r2": 0.4630431612961986, "regret": {"1": {"acquired": 2.169324353337288, "novel_design": 1.860289454460144, "campaign": 1.860289454460144}, "2": {"acquired": 2.032132148742676, "novel_design": 1.2350997924804688, "campaign": 1.2350997924804688}, "3": {"acquired": 0.8164916038513184, "novel_design": 0.0, "campaign": 0.0}, "4": {"acquired": 1.5333056449890137, "novel_design": 0.7168140411376953, "campaign": 0.7168140411376953}}}
/media/PM983/Code/PLS/src/pls/editflow/student.py:46: UserWarning: enable_nested_tensor is True, but self.use_nested_tensor is False because encoder_layer.norm_first was True
  self.encoder = nn.TransformerEncoder(block, layers)
{"anchor_rank": 5, "anchor": "IPKK", "budget": 80, "r2": -0.022663751466446058, "regret": {"1": {"acquired": 0.02108333259820938, "novel_design": 0.009166666306555271, "campaign": 0.009166666306555271}, "2": {"acquired": 3.3375494480133057, "novel_design": 0.0, "campaign": 0.0}, "3": {"acquired": 6.0043596513569355, "novel_design": 6.0145241897553205, "campaign": 6.0043596513569355}, "4": {"acquired": 8.663391917943954, "novel_design": 5.820515155792236, "campaign": 5.820515155792236}}}
/media/PM983/Code/PLS/src/pls/editflow/student.py:46: UserWarning: enable_nested_tensor is True, but self.use_nested_tensor is False because encoder_layer.norm_first was True
  self.encoder = nn.TransformerEncoder(block, layers)
{"anchor_rank": 5, "anchor": "IPKK", "budget": 160, "r2": -2.330919444568785, "regret": {"1": {"acquired": 0.02108333259820938, "novel_design": 0.02108333259820938, "campaign": 0.02108333259820938}, "2": {"acquired": 3.3375494480133057, "novel_design": 0.0, "campaign": 0.0}, "3": {"acquired": 0.034450531005859375, "novel_design": 3.833826780319214, "campaign": 0.034450531005859375}, "4": {"acquired": 1.2073025703430176, "novel_design": 3.8599038124084473, "campaign": 1.2073025703430176}}}
/media/PM983/Code/PLS/src/pls/editflow/student.py:46: UserWarning: enable_nested_tensor is True, but self.use_nested_tensor is False because encoder_layer.norm_first was True
  self.encoder = nn.TransformerEncoder(block, layers)
{"anchor_rank": 5, "anchor": "IPKK", "budget": 320, "r2": 0.20135280960139612, "regret": {"1": {"acquired": 0.02108333259820938, "novel_design": 0.01742888824082911, "campaign": 0.01742888824082911}, "2": {"acquired": 3.3375494480133057, "novel_design": 1.0787959098815918, "campaign": 1.0787959098815918}, "3": {"acquired": 0.0, "novel_design": 1.443373680114746, "campaign": 0.0}, "4": {"acquired": 0.0, "novel_design": 1.7016544342041016, "campaign": 0.0}}}
/media/PM983/Code/PLS/src/pls/editflow/student.py:46: UserWarning: enable_nested_tensor is True, but self.use_nested_tensor is False because encoder_layer.norm_first was True
  self.encoder = nn.TransformerEncoder(block, layers)
{"anchor_rank": 5, "anchor": "IPKK", "budget": 640, "r2": 0.5560344582102541, "regret": {"1": {"acquired": 0.02108333259820938, "novel_design": 0.01742888824082911, "campaign": 0.01742888824082911}, "2": {"acquired": 3.3375494480133057, "novel_design": 0.0, "campaign": 0.0}, "3": {"acquired": 0.0, "novel_design": 3.426100492477417, "campaign": 0.0}, "4": {"acquired": 0.0, "novel_design": 2.0290603637695312, "campaign": 0.0}}}
/media/PM983/Code/PLS/src/pls/editflow/student.py:46: UserWarning: enable_nested_tensor is True, but self.use_nested_tensor is False because encoder_layer.norm_first was True
  self.encoder = nn.TransformerEncoder(block, layers)
{"anchor_rank": 6, "anchor": "LVHA", "budget": 80, "r2": 0.01179827722462945, "regret": {"1": {"acquired": 2.841629147529602, "novel_design": 0.0, "campaign": 0.0}, "2": {"acquired": 5.589051842689514, "novel_design": 6.84332150220871, "campaign": 5.589051842689514}, "3": {"acquired": 7.122357487678528, "novel_design": 8.376627147197723, "campaign": 7.122357487678528}, "4": {"acquired": 7.122357487678528, "novel_design": 8.376627147197723, "campaign": 7.122357487678528}}}
/media/PM983/Code/PLS/src/pls/editflow/student.py:46: UserWarning: enable_nested_tensor is True, but self.use_nested_tensor is False because encoder_layer.norm_first was True
  self.encoder = nn.TransformerEncoder(block, layers)
{"anchor_rank": 6, "anchor": "LVHA", "budget": 160, "r2": 0.05383800568859032, "regret": {"1": {"acquired": 2.841629147529602, "novel_design": 0.0, "campaign": 0.0}, "2": {"acquired": 5.197197914123535, "novel_design": 1.4904794692993164, "campaign": 1.4904794692993164}, "3": {"acquired": 3.2782835960388184, "novel_design": 3.3940696716308594, "campaign": 3.2782835960388184}, "4": {"acquired": 3.2782835960388184, "novel_design": 3.3940696716308594, "campaign": 3.2782835960388184}}}
/media/PM983/Code/PLS/src/pls/editflow/student.py:46: UserWarning: enable_nested_tensor is True, but self.use_nested_tensor is False because encoder_layer.norm_first was True
  self.encoder = nn.TransformerEncoder(block, layers)
{"anchor_rank": 6, "anchor": "LVHA", "budget": 320, "r2": 0.23865493096439583, "regret": {"1": {"acquired": 0.0, "novel_design": 0.0, "campaign": 0.0}, "2": {"acquired": 1.337733268737793, "novel_design": 4.05782413482666, "campaign": 1.337733268737793}, "3": {"acquired": 2.8710389137268066, "novel_design": 3.4265055656433105, "campaign": 2.8710389137268066}, "4": {"acquired": 2.8710389137268066, "novel_design": 3.4265055656433105, "campaign": 2.8710389137268066}}}
/media/PM983/Code/PLS/src/pls/editflow/student.py:46: UserWarning: enable_nested_tensor is True, but self.use_nested_tensor is False because encoder_layer.norm_first was True
  self.encoder = nn.TransformerEncoder(block, layers)
{"anchor_rank": 6, "anchor": "LVHA", "budget": 640, "r2": 0.3176636150894073, "regret": {"1": {"acquired": 0.0, "novel_design": 0.0, "campaign": 0.0}, "2": {"acquired": 0.0, "novel_design": 0.09488677978515625, "campaign": 0.0}, "3": {"acquired": 1.20509672164917, "novel_design": 2.39479923248291, "campaign": 1.20509672164917}, "4": {"acquired": 1.20509672164917, "novel_design": 2.39479923248291, "campaign": 1.20509672164917}}}
/media/PM983/Code/PLS/src/pls/editflow/student.py:46: UserWarning: enable_nested_tensor is True, but self.use_nested_tensor is False because encoder_layer.norm_first was True
  self.encoder = nn.TransformerEncoder(block, layers)
{"anchor_rank": 7, "anchor": "IPVY", "budget": 80, "r2": -0.03122180974281208, "regret": {"1": {"acquired": 0.01311433594673872, "novel_design": 0.01585540291853249, "campaign": 0.01311433594673872}, "2": {"acquired": 3.3335335748270154, "novel_design": 3.328984343446791, "campaign": 3.328984343446791}, "3": {"acquired": 6.014669207856059, "novel_design": 6.039977286010981, "campaign": 6.014669207856059}, "4": {"acquired": 8.431090384721756, "novel_design": 8.758159038610756, "campaign": 8.431090384721756}}}
/media/PM983/Code/PLS/src/pls/editflow/student.py:46: UserWarning: enable_nested_tensor is True, but self.use_nested_tensor is False because encoder_layer.norm_first was True
  self.encoder = nn.TransformerEncoder(block, layers)
{"anchor_rank": 7, "anchor": "IPVY", "budget": 160, "r2": -0.021735802500377766, "regret": {"1": {"acquired": 0.01311433594673872, "novel_design": 0.01585540291853249, "campaign": 0.01311433594673872}, "2": {"acquired": 3.3335335748270154, "novel_design": 3.3361293270718306, "campaign": 3.3335335748270154}, "3": {"acquired": 6.014669207856059, "novel_design": 5.633140444755554, "campaign": 5.633140444755554}, "4": {"acquired": 8.117981314659119, "novel_design": 8.661774262785912, "campaign": 8.117981314659119}}}
/media/PM983/Code/PLS/src/pls/editflow/student.py:46: UserWarning: enable_nested_tensor is True, but self.use_nested_tensor is False because encoder_layer.norm_first was True
  self.encoder = nn.TransformerEncoder(block, layers)
{"anchor_rank": 7, "anchor": "IPVY", "budget": 320, "r2": -0.3240921035569826, "regret": {"1": {"acquired": 0.01311433594673872, "novel_design": 0.014078056206926703, "campaign": 0.01311433594673872}, "2": {"acquired": 3.3335335748270154, "novel_design": 3.334405088564381, "campaign": 3.3335335748270154}, "3": {"acquired": 4.398461103439331, "novel_design": 6.030273145064712, "campaign": 4.398461103439331}, "4": {"acquired": 3.8348703384399414, "novel_design": 8.731942489743233, "campaign": 3.8348703384399414}}}
/media/PM983/Code/PLS/src/pls/editflow/student.py:46: UserWarning: enable_nested_tensor is True, but self.use_nested_tensor is False because encoder_layer.norm_first was True
  self.encoder = nn.TransformerEncoder(block, layers)
{"anchor_rank": 7, "anchor": "IPVY", "budget": 640, "r2": 0.4916817578175605, "regret": {"1": {"acquired": 0.01311433594673872, "novel_design": 0.016563921235501766, "campaign": 0.01311433594673872}, "2": {"acquired": 3.3335335748270154, "novel_design": 1.7168828248977661, "campaign": 1.7168828248977661}, "3": {"acquired": 1.654332160949707, "novel_design": 1.1590962409973145, "campaign": 1.1590962409973145}, "4": {"acquired": 2.4708828926086426, "novel_design": 3.7173662185668945, "campaign": 2.4708828926086426}}}
/media/PM983/Code/PLS/src/pls/editflow/student.py:46: UserWarning: enable_nested_tensor is True, but self.use_nested_tensor is False because encoder_layer.norm_first was True
  self.encoder = nn.TransformerEncoder(block, layers)
{"anchor_rank": 8, "anchor": "MYCT", "budget": 80, "r2": -0.01128252419845599, "regret": {"1": {"acquired": 4.058067142963409, "novel_design": 3.7902015447616577, "campaign": 3.7902015447616577}, "2": {"acquired": 6.043925583362579, "novel_design": 6.490529608912766, "campaign": 6.043925583362579}, "3": {"acquired": 7.3585158586502075, "novel_design": 6.246299505233765, "campaign": 6.246299505233765}, "4": {"acquired": 8.075329899787903, "novel_design": 8.748162994161248, "campaign": 8.075329899787903}}}
/media/PM983/Code/PLS/src/pls/editflow/student.py:46: UserWarning: enable_nested_tensor is True, but self.use_nested_tensor is False because encoder_layer.norm_first was True
  self.encoder = nn.TransformerEncoder(block, layers)
{"anchor_rank": 8, "anchor": "MYCT", "budget": 160, "r2": 0.030627712775413984, "regret": {"1": {"acquired": 3.433435320854187, "novel_design": 0.0, "campaign": 0.0}, "2": {"acquired": 0.6891202926635742, "novel_design": 0.4515380859375, "campaign": 0.4515380859375}, "3": {"acquired": 2.238496780395508, "novel_design": 2.0704331398010254, "campaign": 2.0704331398010254}, "4": {"acquired": 2.955310821533203, "novel_design": 2.7872471809387207, "campaign": 2.7872471809387207}}}
/media/PM983/Code/PLS/src/pls/editflow/student.py:46: UserWarning: enable_nested_tensor is True, but self.use_nested_tensor is False because encoder_layer.norm_first was True
  self.encoder = nn.TransformerEncoder(block, layers)
{"anchor_rank": 8, "anchor": "MYCT", "budget": 320, "r2": 0.4820301393968638, "regret": {"1": {"acquired": 0.0, "novel_design": 0.0, "campaign": 0.0}, "2": {"acquired": 0.6891202926635742, "novel_design": 0.8770670890808105, "campaign": 0.6891202926635742}, "3": {"acquired": 0.49048852920532227, "novel_design": 4.297359943389893, "campaign": 0.49048852920532227}, "4": {"acquired": 1.2073025703430176, "novel_design": 5.014173984527588, "campaign": 1.2073025703430176}}}
/media/PM983/Code/PLS/src/pls/editflow/student.py:46: UserWarning: enable_nested_tensor is True, but self.use_nested_tensor is False because encoder_layer.norm_first was True
  self.encoder = nn.TransformerEncoder(block, layers)
{"anchor_rank": 8, "anchor": "MYCT", "budget": 640, "r2": 0.5124079545937117, "regret": {"1": {"acquired": 0.0, "novel_design": 0.0, "campaign": 0.0}, "2": {"acquired": 0.0, "novel_design": 0.5494911670684814, "campaign": 0.0}, "3": {"acquired": 0.0, "novel_design": 3.15327787399292, "campaign": 0.0}, "4": {"acquired": 0.0, "novel_design": 0.9691591262817383, "campaign": 0.0}}}
/media/PM983/Code/PLS/src/pls/editflow/student.py:46: UserWarning: enable_nested_tensor is True, but self.use_nested_tensor is False because encoder_layer.norm_first was True
  self.encoder = nn.TransformerEncoder(block, layers)
{"anchor_rank": 9, "anchor": "EEVT", "budget": 80, "r2": 0.01239872378590734, "regret": {"1": {"acquired": 0.34948801435530186, "novel_design": 0.35200578533113003, "campaign": 0.34948801435530186}, "2": {"acquired": 2.011971328407526, "novel_design": 0.36782336235046387, "campaign": 0.36782336235046387}, "3": {"acquired": 3.605600118637085, "novel_design": 5.730437994003296, "campaign": 3.605600118637085}, "4": {"acquired": 5.677836179733276, "novel_design": 7.802674055099487, "campaign": 5.677836179733276}}}
/media/PM983/Code/PLS/src/pls/editflow/student.py:46: UserWarning: enable_nested_tensor is True, but self.use_nested_tensor is False because encoder_layer.norm_first was True
  self.encoder = nn.TransformerEncoder(block, layers)
{"anchor_rank": 9, "anchor": "EEVT", "budget": 160, "r2": 0.2459954701457483, "regret": {"1": {"acquired": 0.34948801435530186, "novel_design": 0.19408132135868073, "campaign": 0.19408132135868073}, "2": {"acquired": 0.36782336235046387, "novel_design": 1.8227148354053497, "campaign": 0.36782336235046387}, "3": {"acquired": 2.136345386505127, "novel_design": 4.992665767669678, "campaign": 2.136345386505127}, "4": {"acquired": 4.118179798126221, "novel_design": 3.5028085708618164, "campaign": 3.5028085708618164}}}
/media/PM983/Code/PLS/src/pls/editflow/student.py:46: UserWarning: enable_nested_tensor is True, but self.use_nested_tensor is False because encoder_layer.norm_first was True
  self.encoder = nn.TransformerEncoder(block, layers)
{"anchor_rank": 9, "anchor": "EEVT", "budget": 320, "r2": 0.16555358513156393, "regret": {"1": {"acquired": 0.34948801435530186, "novel_design": 0.19408132135868073, "campaign": 0.19408132135868073}, "2": {"acquired": 0.36782336235046387, "novel_design": 1.2805631160736084, "campaign": 0.36782336235046387}, "3": {"acquired": 2.136345386505127, "novel_design": 2.1369009017944336, "campaign": 2.136345386505127}, "4": {"acquired": 1.2073025703430176, "novel_design": 4.132706642150879, "campaign": 1.2073025703430176}}}
/media/PM983/Code/PLS/src/pls/editflow/student.py:46: UserWarning: enable_nested_tensor is True, but self.use_nested_tensor is False because encoder_layer.norm_first was True
  self.encoder = nn.TransformerEncoder(block, layers)
{"anchor_rank": 9, "anchor": "EEVT", "budget": 640, "r2": 0.4895575367453665, "regret": {"1": {"acquired": 0.34948801435530186, "novel_design": 0.35200578533113003, "campaign": 0.34948801435530186}, "2": {"acquired": 0.36782336235046387, "novel_design": 1.4962520003318787, "campaign": 0.36782336235046387}, "3": {"acquired": 2.136345386505127, "novel_design": 3.318504571914673, "campaign": 2.136345386505127}, "4": {"acquired": 0.0, "novel_design": 0.0, "campaign": 0.0}}}
/media/PM983/Code/PLS/src/pls/editflow/student.py:46: UserWarning: enable_nested_tensor is True, but self.use_nested_tensor is False because encoder_layer.norm_first was True
  self.encoder = nn.TransformerEncoder(block, layers)
{"anchor_rank": 10, "anchor": "QMDR", "budget": 80, "r2": 0.02114715823375013, "regret": {"1": {"acquired": 0.011071528075262904, "novel_design": 0.009732817532494664, "campaign": 0.009732817532494664}, "2": {"acquired": 1.8462395707610995, "novel_design": 1.837557272054255, "campaign": 1.837557272054255}, "3": {"acquired": 4.220707431435585, "novel_design": 3.4182189106941223, "campaign": 3.4182189106941223}, "4": {"acquired": 7.985396325588226, "novel_design": 8.71979908645153, "campaign": 7.985396325588226}}}
/media/PM983/Code/PLS/src/pls/editflow/student.py:46: UserWarning: enable_nested_tensor is True, but self.use_nested_tensor is False because encoder_layer.norm_first was True
  self.encoder = nn.TransformerEncoder(block, layers)
{"anchor_rank": 10, "anchor": "QMDR", "budget": 160, "r2": 0.265909315053528, "regret": {"1": {"acquired": 0.011071528075262904, "novel_design": 0.009859870187938213, "campaign": 0.009859870187938213}, "2": {"acquired": 1.8462395707610995, "novel_design": 1.2027961611747742, "campaign": 1.2027961611747742}, "3": {"acquired": 3.4182189106941223, "novel_design": 1.8494272232055664, "campaign": 1.8494272232055664}, "4": {"acquired": 4.897390842437744, "novel_design": 5.259789705276489, "campaign": 4.897390842437744}}}
/media/PM983/Code/PLS/src/pls/editflow/student.py:46: UserWarning: enable_nested_tensor is True, but self.use_nested_tensor is False because encoder_layer.norm_first was True
  self.encoder = nn.TransformerEncoder(block, layers)
{"anchor_rank": 10, "anchor": "QMDR", "budget": 320, "r2": 0.24358913265148585, "regret": {"1": {"acquired": 0.011071528075262904, "novel_design": 0.009859870187938213, "campaign": 0.009859870187938213}, "2": {"acquired": 1.8462395707610995, "novel_design": 0.9541794061660767, "campaign": 0.9541794061660767}, "3": {"acquired": 1.5869390964508057, "novel_design": 0.5931997299194336, "campaign": 0.5931997299194336}, "4": {"acquired": 1.20509672164917, "novel_design": 3.02378511428833, "campaign": 1.20509672164917}}}
/media/PM983/Code/PLS/src/pls/editflow/student.py:46: UserWarning: enable_nested_tensor is True, but self.use_nested_tensor is False because encoder_layer.norm_first was True
  self.encoder = nn.TransformerEncoder(block, layers)
{"anchor_rank": 10, "anchor": "QMDR", "budget": 640, "r2": 0.38630248906345355, "regret": {"1": {"acquired": 0.011071528075262904, "novel_design": 0.009859870187938213, "campaign": 0.009859870187938213}, "2": {"acquired": 1.8462395707610995, "novel_design": 0.9541794061660767, "campaign": 0.9541794061660767}, "3": {"acquired": 0.5931997299194336, "novel_design": 1.8746113777160645, "campaign": 0.5931997299194336}, "4": {"acquired": 1.20509672164917, "novel_design": 4.600166320800781, "campaign": 1.20509672164917}}}
/media/PM983/Code/PLS/src/pls/editflow/student.py:46: UserWarning: enable_nested_tensor is True, but self.use_nested_tensor is False because encoder_layer.norm_first was True
  self.encoder = nn.TransformerEncoder(block, layers)
{"anchor_rank": 11, "anchor": "WSCP", "budget": 80, "r2": -0.019996164912804648, "regret": {"1": {"acquired": 4.804046211764216, "novel_design": 4.396329909563065, "campaign": 4.396329909563065}, "2": {"acquired": 6.797673344612122, "novel_design": 7.265414172783494, "campaign": 6.797673344612122}, "3": {"acquired": 7.072209477424622, "novel_design": 7.523922950029373, "campaign": 7.072209477424622}, "4": {"acquired": 8.277306199073792, "novel_design": 8.730158548802137, "campaign": 8.277306199073792}}}
/media/PM983/Code/PLS/src/pls/editflow/student.py:46: UserWarning: enable_nested_tensor is True, but self.use_nested_tensor is False because encoder_layer.norm_first was True
  self.encoder = nn.TransformerEncoder(block, layers)
{"anchor_rank": 11, "anchor": "WSCP", "budget": 160, "r2": -0.21870777275507303, "regret": {"1": {"acquired": 4.396329909563065, "novel_design": 0.0, "campaign": 0.0}, "2": {"acquired": 2.3360581398010254, "novel_design": 4.36322808265686, "campaign": 2.3360581398010254}, "3": {"acquired": 2.6105942726135254, "novel_design": 4.63776421546936, "campaign": 2.6105942726135254}, "4": {"acquired": 3.8156909942626953, "novel_design": 5.84286093711853, "campaign": 3.8156909942626953}}}
/media/PM983/Code/PLS/src/pls/editflow/student.py:46: UserWarning: enable_nested_tensor is True, but self.use_nested_tensor is False because encoder_layer.norm_first was True
  self.encoder = nn.TransformerEncoder(block, layers)
{"anchor_rank": 11, "anchor": "WSCP", "budget": 320, "r2": 0.28738208114483643, "regret": {"1": {"acquired": 0.0, "novel_design": 1.4106059074401855, "campaign": 0.0}, "2": {"acquired": 1.8841981887817383, "novel_design": 0.0, "campaign": 0.0}, "3": {"acquired": 1.5492420196533203, "novel_design": 1.1897025108337402, "campaign": 1.1897025108337402}, "4": {"acquired": 2.7543387413024902, "novel_design": 2.39479923248291, "campaign": 2.39479923248291}}}
/media/PM983/Code/PLS/src/pls/editflow/student.py:46: UserWarning: enable_nested_tensor is True, but self.use_nested_tensor is False because encoder_layer.norm_first was True
  self.encoder = nn.TransformerEncoder(block, layers)
{"anchor_rank": 11, "anchor": "WSCP", "budget": 640, "r2": 0.36049046889914804, "regret": {"1": {"acquired": 0.0, "novel_design": 1.4106059074401855, "campaign": 0.0}, "2": {"acquired": 0.0, "novel_design": 4.75868821144104, "campaign": 0.0}, "3": {"acquired": 0.0, "novel_design": 0.5868663787841797, "campaign": 0.0}, "4": {"acquired": 1.20509672164917, "novel_design": 2.4708828926086426, "campaign": 1.20509672164917}}}
/media/PM983/Code/PLS/src/pls/editflow/student.py:46: UserWarning: enable_nested_tensor is True, but self.use_nested_tensor is False because encoder_layer.norm_first was True
  self.encoder = nn.TransformerEncoder(block, layers)
{"anchor_rank": 12, "anchor": "DPHR", "budget": 80, "r2": -0.8315400087230369, "regret": {"1": {"acquired": 0.009426145814359188, "novel_design": 0.016598213696852326, "campaign": 0.009426145814359188}, "2": {"acquired": 0.040409719571471214, "novel_design": 0.061165713937953115, "campaign": 0.040409719571471214}, "3": {"acquired": 3.683054907247424, "novel_design": 3.6884376481175423, "campaign": 3.683054907247424}, "4": {"acquired": 5.444634914398193, "novel_design": 8.28002056479454, "campaign": 5.444634914398193}}}
/media/PM983/Code/PLS/src/pls/editflow/student.py:46: UserWarning: enable_nested_tensor is True, but self.use_nested_tensor is False because encoder_layer.norm_first was True
  self.encoder = nn.TransformerEncoder(block, layers)
{"anchor_rank": 12, "anchor": "DPHR", "budget": 160, "r2": -0.06817029719039835, "regret": {"1": {"acquired": 0.009426145814359188, "novel_design": 0.019577380269765854, "campaign": 0.009426145814359188}, "2": {"acquired": 0.040409719571471214, "novel_design": 0.05765646044164896, "campaign": 0.040409719571471214}, "3": {"acquired": 3.676171349361539, "novel_design": 3.705895185470581, "campaign": 3.676171349361539}, "4": {"acquired": 3.267090320587158, "novel_design": 4.649201393127441, "campaign": 3.267090320587158}}}
/media/PM983/Code/PLS/src/pls/editflow/student.py:46: UserWarning: enable_nested_tensor is True, but self.use_nested_tensor is False because encoder_layer.norm_first was True
  self.encoder = nn.TransformerEncoder(block, layers)
{"anchor_rank": 12, "anchor": "DPHR", "budget": 320, "r2": 0.21621049454281227, "regret": {"1": {"acquired": 0.009426145814359188, "novel_design": 0.019577380269765854, "campaign": 0.009426145814359188}, "2": {"acquired": 0.040409719571471214, "novel_design": 0.06324999779462814, "campaign": 0.040409719571471214}, "3": {"acquired": 3.676171349361539, "novel_design": 3.542489305138588, "campaign": 3.542489305138588}, "4": {"acquired": 3.267090320587158, "novel_design": 3.809692859649658, "campaign": 3.267090320587158}}}
/media/PM983/Code/PLS/src/pls/editflow/student.py:46: UserWarning: enable_nested_tensor is True, but self.use_nested_tensor is False because encoder_layer.norm_first was True
  self.encoder = nn.TransformerEncoder(block, layers)
{"anchor_rank": 12, "anchor": "DPHR", "budget": 640, "r2": 0.23150805972807886, "regret": {"1": {"acquired": 0.009426145814359188, "novel_design": 0.01398384291678667, "campaign": 0.009426145814359188}, "2": {"acquired": 0.040409719571471214, "novel_design": 0.062015388160943985, "campaign": 0.040409719571471214}, "3": {"acquired": 3.676171349361539, "novel_design": 2.078917980194092, "campaign": 2.078917980194092}, "4": {"acquired": 2.989933490753174, "novel_design": 5.099907875061035, "campaign": 2.989933490753174}}}
/media/PM983/Code/PLS/src/pls/editflow/student.py:46: UserWarning: enable_nested_tensor is True, but self.use_nested_tensor is False because encoder_layer.norm_first was True
  self.encoder = nn.TransformerEncoder(block, layers)
{"anchor_rank": 13, "anchor": "LWKN", "budget": 80, "r2": -0.022306071713937836, "regret": {"1": {"acquired": 1.768102071247995, "novel_design": 1.7739974232390523, "campaign": 1.768102071247995}, "2": {"acquired": 7.206055294722319, "novel_design": 7.225744326598942, "campaign": 7.206055294722319}, "3": {"acquired": 8.729808636009693, "novel_design": 7.944366455078125, "campaign": 7.944366455078125}, "4": {"acquired": 8.34653127193451, "novel_design": 7.927210032939911, "campaign": 7.927210032939911}}}
/media/PM983/Code/PLS/src/pls/editflow/student.py:46: UserWarning: enable_nested_tensor is True, but self.use_nested_tensor is False because encoder_layer.norm_first was True
  self.encoder = nn.TransformerEncoder(block, layers)
{"anchor_rank": 13, "anchor": "LWKN", "budget": 160, "r2": 0.14003164965264525, "regret": {"1": {"acquired": 1.768102071247995, "novel_design": 1.7617673445492983, "campaign": 1.7617673445492983}, "2": {"acquired": 7.206055294722319, "novel_design": 1.7129793167114258, "campaign": 1.7129793167114258}, "3": {"acquired": 7.49846875667572, "novel_design": 5.160218715667725, "campaign": 5.160218715667725}, "4": {"acquired": 4.8541295528411865, "novel_design": 5.257836103439331, "campaign": 4.8541295528411865}}}
/media/PM983/Code/PLS/src/pls/editflow/student.py:46: UserWarning: enable_nested_tensor is True, but self.use_nested_tensor is False because encoder_layer.norm_first was True
  self.encoder = nn.TransformerEncoder(block, layers)
{"anchor_rank": 13, "anchor": "LWKN", "budget": 320, "r2": 0.22362089271074526, "regret": {"1": {"acquired": 1.768102071247995, "novel_design": 1.7720460831187665, "campaign": 1.768102071247995}, "2": {"acquired": 5.178294658660889, "novel_design": 0.0, "campaign": 0.0}, "3": {"acquired": 2.7543387413024902, "novel_design": 1.2073025703430176, "campaign": 1.2073025703430176}, "4": {"acquired": 2.717728614807129, "novel_design": 1.2073025703430176, "campaign": 1.2073025703430176}}}
/media/PM983/Code/PLS/src/pls/editflow/student.py:46: UserWarning: enable_nested_tensor is True, but self.use_nested_tensor is False because encoder_layer.norm_first was True
  self.encoder = nn.TransformerEncoder(block, layers)
{"anchor_rank": 13, "anchor": "LWKN", "budget": 640, "r2": 0.49849071427222413, "regret": {"1": {"acquired": 1.768102071247995, "novel_design": 1.7720460831187665, "campaign": 1.768102071247995}, "2": {"acquired": 0.0, "novel_design": 0.0, "campaign": 0.0}, "3": {"acquired": 1.2073025703430176, "novel_design": 0.0, "campaign": 0.0}, "4": {"acquired": 0.7168140411376953, "novel_design": 0.0, "campaign": 0.0}}}
/media/PM983/Code/PLS/src/pls/editflow/student.py:46: UserWarning: enable_nested_tensor is True, but self.use_nested_tensor is False because encoder_layer.norm_first was True
  self.encoder = nn.TransformerEncoder(block, layers)
{"anchor_rank": 14, "anchor": "YWFN", "budget": 80, "r2": 0.022374768680086032, "regret": {"1": {"acquired": 4.952464837580919, "novel_design": 4.001872897148132, "campaign": 4.001872897148132}, "2": {"acquired": 6.282943982630968, "novel_design": 6.085536479949951, "campaign": 6.085536479949951}, "3": {"acquired": 8.104246020317078, "novel_design": 8.586355477571487, "campaign": 8.104246020317078}, "4": {"acquired": 8.104246020317078, "novel_design": 8.76196575164795, "campaign": 8.104246020317078}}}
/media/PM983/Code/PLS/src/pls/editflow/student.py:46: UserWarning: enable_nested_tensor is True, but self.use_nested_tensor is False because encoder_layer.norm_first was True
  self.encoder = nn.TransformerEncoder(block, layers)
{"anchor_rank": 14, "anchor": "YWFN", "budget": 160, "r2": 0.11994124207745349, "regret": {"1": {"acquired": 2.9362010955810547, "novel_design": 0.0, "campaign": 0.0}, "2": {"acquired": 0.36877870559692383, "novel_design": 2.4845778942108154, "campaign": 0.36877870559692383}, "3": {"acquired": 2.7872471809387207, "novel_design": 2.7543387413024902, "campaign": 2.7543387413024902}, "4": {"acquired": 2.7872471809387207, "novel_design": 2.717728614807129, "campaign": 2.717728614807129}}}
/media/PM983/Code/PLS/src/pls/editflow/student.py:46: UserWarning: enable_nested_tensor is True, but self.use_nested_tensor is False because encoder_layer.norm_first was True
  self.encoder = nn.TransformerEncoder(block, layers)
{"anchor_rank": 14, "anchor": "YWFN", "budget": 320, "r2": 0.41610187504974805, "regret": {"1": {"acquired": 2.9362010955810547, "novel_design": 0.0, "campaign": 0.0}, "2": {"acquired": 0.36877870559692383, "novel_design": 0.5019140243530273, "campaign": 0.36877870559692383}, "3": {"acquired": 1.2073025703430176, "novel_design": 2.719888210296631, "campaign": 1.2073025703430176}, "4": {"acquired": 1.2073025703430176, "novel_design": 5.595627069473267, "campaign": 1.2073025703430176}}}
/media/PM983/Code/PLS/src/pls/editflow/student.py:46: UserWarning: enable_nested_tensor is True, but self.use_nested_tensor is False because encoder_layer.norm_first was True
  self.encoder = nn.TransformerEncoder(block, layers)
{"anchor_rank": 14, "anchor": "YWFN", "budget": 640, "r2": 0.3863883786012957, "regret": {"1": {"acquired": 2.9362010955810547, "novel_design": 0.0, "campaign": 0.0}, "2": {"acquired": 0.36877870559692383, "novel_design": 0.0, "campaign": 0.0}, "3": {"acquired": 0.0, "novel_design": 0.9691591262817383, "campaign": 0.0}, "4": {"acquired": 0.0, "novel_design": 0.9691591262817383, "campaign": 0.0}}}
/media/PM983/Code/PLS/src/pls/editflow/student.py:46: UserWarning: enable_nested_tensor is True, but self.use_nested_tensor is False because encoder_layer.norm_first was True
  self.encoder = nn.TransformerEncoder(block, layers)
{"anchor_rank": 15, "anchor": "EDDI", "budget": 80, "r2": -0.1461815132577109, "regret": {"1": {"acquired": 0.0686978898011148, "novel_design": 0.06673177052289248, "campaign": 0.06673177052289248}, "2": {"acquired": 2.6097905337810516, "novel_design": 2.9876614483073354, "campaign": 2.6097905337810516}, "3": {"acquired": 4.533920437097549, "novel_design": 4.173451781272888, "campaign": 4.173451781272888}, "4": {"acquired": 5.823999881744385, "novel_design": 8.659184500575066, "campaign": 5.823999881744385}}}
/media/PM983/Code/PLS/src/pls/editflow/student.py:46: UserWarning: enable_nested_tensor is True, but self.use_nested_tensor is False because encoder_layer.norm_first was True
  self.encoder = nn.TransformerEncoder(block, layers)
{"anchor_rank": 15, "anchor": "EDDI", "budget": 160, "r2": 0.14640366614663136, "regret": {"1": {"acquired": 0.0686978898011148, "novel_design": 0.06673177052289248, "campaign": 0.06673177052289248}, "2": {"acquired": 2.6097905337810516, "novel_design": 2.9149153754115105, "campaign": 2.6097905337810516}, "3": {"acquired": 4.533920437097549, "novel_design": 3.277425169944763, "campaign": 3.277425169944763}, "4": {"acquired": 4.663466930389404, "novel_design": 4.164702892303467, "campaign": 4.164702892303467}}}
/media/PM983/Code/PLS/src/pls/editflow/student.py:46: UserWarning: enable_nested_tensor is True, but self.use_nested_tensor is False because encoder_layer.norm_first was True
  self.encoder = nn.TransformerEncoder(block, layers)
{"anchor_rank": 15, "anchor": "EDDI", "budget": 320, "r2": 0.19825914832049074, "regret": {"1": {"acquired": 0.0686978898011148, "novel_design": 0.0, "campaign": 0.0}, "2": {"acquired": 2.6097905337810516, "novel_design": 2.9503522142767906, "campaign": 2.6097905337810516}, "3": {"acquired": 3.277425169944763, "novel_design": 4.5294637978076935, "campaign": 3.277425169944763}, "4": {"acquired": 3.617873191833496, "novel_design": 3.457188129425049, "campaign": 3.457188129425049}}}
/media/PM983/Code/PLS/src/pls/editflow/student.py:46: UserWarning: enable_nested_tensor is True, but self.use_nested_tensor is False because encoder_layer.norm_first was True
  self.encoder = nn.TransformerEncoder(block, layers)
{"anchor_rank": 15, "anchor": "EDDI", "budget": 640, "r2": 0.46105743896973084, "regret": {"1": {"acquired": 0.0686978898011148, "novel_design": 0.06370351929217577, "campaign": 0.06370351929217577}, "2": {"acquired": 2.6097905337810516, "novel_design": 2.269254744052887, "campaign": 2.269254744052887}, "3": {"acquired": 2.4526515007019043, "novel_design": 0.0, "campaign": 0.0}, "4": {"acquired": 1.9044227600097656, "novel_design": 1.884016513824463, "campaign": 1.884016513824463}}}
{"aggregate": [{"budget": 80, "anchors": 16, "value_r2": {"mean": -0.11253012786666175, "median": -0.02151343980770848, "standard_deviation": 0.22509947732053923, "minimum": -0.8315400087230369, "maximum": 0.022374768680086032, "count": 16}, "edge_spearman": {"mean": 0.1682934337916947, "median": 0.17112927591511368, "standard_deviation": 0.06508879422726485, "minimum": 0.03248976056661079, "maximum": 0.27366032744455837, "count": 16}, "anchor_macro_kendall_tau": {"mean": 0.1334878944761117, "median": 0.1467327200462818, "standard_deviation": 0.05530835038226309, "minimum": 0.017069328042537295, "maximum": 0.21238698365776926, "count": 16}, "closed_edges": {"mean": 94.1875, "median": 94.5, "standard_deviation": 5.269013190342192, "minimum": 85.0, "maximum": 103.0, "count": 16}, "regret": {"1": {"acquired": {"mean": 1.4221826386346947, "median": 0.5129121689824387, "standard_deviation": 1.8223073461920718, "minimum": 0.006570606958121061, "maximum": 4.952464837580919, "count": 16, "zero_regret_fraction": 0.0, "unavailable_fraction": 0.0}, "novel_design": {"mean": 1.1261584262392716, "median": 0.20936877792701125, "standard_deviation": 1.6145125221022838, "minimum": 0.0, "maximum": 4.396329909563065, "count": 16, "zero_regret_fraction": 0.0625, "unavailable_fraction": 0.0}, "campaign": {"mean": 1.1245119699597126, "median": 0.20810989243909717, "standard_deviation": 1.6150929698254002, "minimum": 0.0, "maximum": 4.396329909563065, "count": 16, "zero_regret_fraction": 0.0625, "unavailable_fraction": 0.0}}, "2": {"acquired": {"mean": 4.206242589280009, "median": 4.238898400217295, "standard_deviation": 2.0437981766004945, "minimum": 0.040409719571471214, "maximum": 7.206055294722319, "count": 16, "zero_regret_fraction": 0.0, "unavailable_fraction": 0.0}, "novel_design": {"mean": 3.8412952842045343, "median": 3.657251380616799, "standard_deviation": 2.7693241696749675, "minimum": 0.0, "maximum": 7.265414172783494, "count": 16, "zero_regret_fraction": 0.0625, "unavailable_fraction": 0.0}, "campaign": {"mean": 3.548461556667462, "median": 3.6392401908524334, "standard_deviation": 2.538471751026345, "minimum": 0.0, "maximum": 7.206055294722319, "count": 16, "zero_regret_fraction": 0.0625, "unavailable_fraction": 0.0}}, "3": {"acquired": {"mean": 5.998593097436242, "median": 6.423866153694689, "standard_deviation": 1.6875756951972474, "minimum": 3.08636736869812, "maximum": 8.729808636009693, "count": 16, "zero_regret_fraction": 0.0, "unavailable_fraction": 0.0}, "novel_design": {"mean": 6.180569569201907, "median": 6.143138395622373, "standard_deviation": 1.5603440721076016, "minimum": 3.4182189106941223, "maximum": 8.586355477571487, "count": 16, "zero_regret_fraction": 0.0, "unavailable_fraction": 0.0}, "campaign": {"mean": 5.665280000772327, "median": 6.009514429606497, "standard_deviation": 1.6413753111600111, "minimum": 3.08636736869812, "maximum": 8.104246020317078, "count": 16, "zero_regret_fraction": 0.0, "unavailable_fraction": 0.0}}, "4": {"acquired": {"mean": 7.066959302872419, "median": 7.3393203020095825, "standard_deviation": 1.2935330279495383, "minimum": 4.828968524932861, "maximum": 8.663391917943954, "count": 16, "zero_regret_fraction": 0.0, "unavailable_fraction": 0.0}, "novel_design": {"mean": 8.095482091157464, "median": 8.517905823886395, "standard_deviation": 0.8994915566993031, "minimum": 5.820515155792236, "maximum": 8.76196575164795, "count": 16, "zero_regret_fraction": 0.0, "unavailable_fraction": 0.0}, "campaign": {"mean": 6.833940686658025, "median": 7.049836218357086, "standard_deviation": 1.2166545054136417, "minimum": 4.828968524932861, "maximum": 8.431090384721756, "count": 16, "zero_regret_fraction": 0.0, "unavailable_fraction": 0.0}}}}, {"budget": 160, "anchors": 16, "value_r2": {"mean": -0.07121427412360806, "median": 0.08974677718264135, "standard_deviation": 0.6138612099835914, "minimum": -2.330919444568785, "maximum": 0.265909315053528, "count": 16}, "edge_spearman": {"mean": 0.2795604797693946, "median": 0.2845599819737894, "standard_deviation": 0.046658919619885136, "minimum": 0.18321226043589134, "maximum": 0.36010793376147704, "count": 16}, "anchor_macro_kendall_tau": {"mean": 0.1820295541077056, "median": 0.1804394709441875, "standard_deviation": 0.03153113022125334, "minimum": 0.1219616640233086, "maximum": 0.23812004898641248, "count": 16}, "closed_edges": {"mean": 662.6875, "median": 675.0, "standard_deviation": 76.04360043203285, "minimum": 516.0, "maximum": 788.0, "count": 16}, "regret": {"1": {"acquired": {"mean": 1.2316443969903048, "median": 0.5129121689824387, "standard_deviation": 1.4959131947316489, "minimum": 0.006570606958121061, "maximum": 4.396329909563065, "count": 16, "zero_regret_fraction": 0.0, "unavailable_fraction": 0.0}, "novel_design": {"mean": 0.3456209577998379, "median": 0.019135092734359205, "standard_deviation": 0.671750254910993, "minimum": 0.0, "maximum": 2.169324353337288, "count": 16, "zero_regret_fraction": 0.25, "unavailable_fraction": 0.0}, "campaign": {"mean": 0.34367203383590095, "median": 0.01427025580778718, "standard_deviation": 0.6716562789837769, "minimum": 0.0, "maximum": 2.169324353337288, "count": 16, "zero_regret_fraction": 0.25, "unavailable_fraction": 0.0}}, "2": {"acquired": {"mean": 2.9495142200030386, "median": 2.8959970395080745, "standard_deviation": 2.042572894704797, "minimum": 0.040409719571471214, "maximum": 7.206055294722319, "count": 16, "zero_regret_fraction": 0.0, "unavailable_fraction": 0.0}, "novel_design": {"mean": 2.292615311132977, "median": 2.1536463648080826, "standard_deviation": 1.6856209956798827, "minimum": 0.0, "maximum": 5.12954568862915, "count": 16, "zero_regret_fraction": 0.0625, "unavailable_fraction": 0.0}, "campaign": {"mean": 1.8808504717308097, "median": 1.601729393005371, "standard_deviation": 1.6554558335412894, "minimum": 0.0, "maximum": 5.12954568862915, "count": 16, "zero_regret_fraction": 0.0625, "unavailable_fraction": 0.0}}, "3": {"acquired": {"mean": 3.596118892543018, "median": 3.5471951300278306, "standard_deviation": 1.7594197839755326, "minimum": 0.034450531005859375, "maximum": 7.49846875667572, "count": 16, "zero_regret_fraction": 0.0, "unavailable_fraction": 0.0}, "novel_design": {"mean": 3.462976098060608, "median": 3.536301016807556, "standard_deviation": 1.30907243756738, "minimum": 1.1007752418518066, "maximum": 5.633140444755554, "count": 16, "zero_regret_fraction": 0.0, "unavailable_fraction": 0.0}, "campaign": {"mean": 2.9112025677459314, "median": 2.682466506958008, "standard_deviation": 1.4429895945393096, "minimum": 0.034450531005859375, "maximum": 5.633140444755554, "count": 16, "zero_regret_fraction": 0.0, "unavailable_fraction": 0.0}}, "4": {"acquired": {"mean": 4.035441167652607, "median": 4.213488578796387, "standard_deviation": 1.5742343814796227, "minimum": 1.2073025703430176, "maximum": 8.117981314659119, "count": 16, "zero_regret_fraction": 0.0, "unavailable_fraction": 0.0}, "novel_design": {"mean": 4.494765027426183, "median": 4.012303352355957, "standard_deviation": 1.8591727268582825, "minimum": 1.884016513824463, "maximum": 8.661774262785912, "count": 16, "zero_regret_fraction": 0.0, "unavailable_fraction": 0.0}, "campaign": {"mean": 3.828376866877079, "median": 3.5617549419403076, "standard_deviation": 1.5739240218516524, "minimum": 1.2073025703430176, "maximum": 8.117981314659119, "count": 16, "zero_regret_fraction": 0.0, "unavailable_fraction": 0.0}}}}, {"budget": 320, "anchors": 16, "value_r2": {"mean": 0.2194099400271275, "median": 0.23113791183757054, "standard_deviation": 0.2193533003980155, "minimum": -0.3240921035569826, "maximum": 0.4820301393968638, "count": 16}, "edge_spearman": {"mean": 0.3251080778770872, "median": 0.3291060002061217, "standard_deviation": 0.03603839773722606, "minimum": 0.26441247047881916, "maximum": 0.3808154866878645, "count": 16}, "anchor_macro_kendall_tau": {"mean": 0.2066381534359924, "median": 0.20102550409409897, "standard_deviation": 0.02593300466446394, "minimum": 0.15785112971121826, "maximum": 0.2508481626303852, "count": 16}, "closed_edges": {"mean": 1933.875, "median": 1894.5, "standard_deviation": 210.2651897010059, "minimum": 1628.0, "maximum": 2496.0, "count": 16}, "regret": {"1": {"acquired": {"mean": 0.5507067188445944, "median": 0.01825475413352251, "standard_deviation": 0.9228165015561098, "minimum": 0.0, "maximum": 2.9362010955810547, "count": 16, "zero_regret_fraction": 0.1875, "unavailable_fraction": 0.0}, "novel_design": {"mean": 0.4387419490085449, "median": 0.01703102618921548, "standard_deviation": 0.7509945231108899, "minimum": 0.0, "maximum": 2.3639687038958073, "count": 16, "zero_regret_fraction": 0.25, "unavailable_fraction": 0.0}, "campaign": {"mean": 0.3364724643470254, "median": 0.011487103067338467, "standard_deviation": 0.6742390272861333, "minimum": 0.0, "maximum": 2.169324353337288, "count": 16, "zero_regret_fraction": 0.3125, "unavailable_fraction": 0.0}}, "2": {"acquired": {"mean": 2.2895893331733532, "median": 1.958165168762207, "standard_deviation": 1.800354730464398, "minimum": 0.040409719571471214, "maximum": 5.589880084386095, "count": 16, "zero_regret_fraction": 0.0, "unavailable_fraction": 0.0}, "novel_design": {"mean": 2.0341624865395715, "median": 1.1796795129776, "standard_deviation": 1.8717050354030969, "minimum": 0.0, "maximum": 5.839993000030518, "count": 16, "zero_regret_fraction": 0.125, "unavailable_fraction": 0.0}, "campaign": {"mean": 1.3669717420707457, "median": 0.8648183941841125, "standard_deviation": 1.444150076063759, "minimum": 0.0, "maximum": 4.2153438329696655, "count": 16, "zero_regret_fraction": 0.125, "unavailable_fraction": 0.0}}, "3": {"acquired": {"mean": 2.085210348595865, "median": 2.025315523147583, "standard_deviation": 1.1565377581943657, "minimum": 0.0, "maximum": 4.398461103439331, "count": 16, "zero_regret_fraction": 0.0625, "unavailable_fraction": 0.0}, "novel_design": {"mean": 2.8403027796885, "median": 2.981499195098877, "standard_deviation": 1.7158591144017035, "minimum": 0.45257043838500977, "maximum": 6.030273145064712, "count": 16, "zero_regret_fraction": 0.0, "unavailable_fraction": 0.0}, "campaign": {"mean": 1.7620487743988633, "median": 1.244612455368042, "standard_deviation": 1.2599621142866058, "minimum": 0.0, "maximum": 4.398461103439331, "count": 16, "zero_regret_fraction": 0.0625, "unavailable_fraction": 0.0}}, "4": {"acquired": {"mean": 2.237806051969528, "median": 2.568098545074463, "standard_deviation": 1.097634323522449, "minimum": 0.0, "maximum": 3.8348703384399414, "count": 16, "zero_regret_fraction": 0.0625, "unavailable_fraction": 0.0}, "novel_design": {"mean": 4.012649406678975, "median": 3.7073700428009033, "standard_deviation": 1.835472928828234, "minimum": 1.2073025703430176, "maximum": 8.731942489743233, "count": 16, "zero_regret_fraction": 0.0, "unavailable_fraction": 0.0}, "campaign": {"mean": 2.1108903884887695, "median": 2.0877158641815186, "standard_deviation": 1.0950207057896189, "minimum": 0.0, "maximum": 3.8348703384399414, "count": 16, "zero_regret_fraction": 0.0625, "unavailable_fraction": 0.0}}}}, {"budget": 640, "anchors": 16, "value_r2": {"mean": 0.40628216274678663, "median": 0.45348178880963635, "standard_deviation": 0.1103410985115376, "minimum": 0.17243306434648453, "maximum": 0.5560344582102541, "count": 16}, "edge_spearman": {"mean": 0.34828524868248356, "median": 0.34471203905593556, "standard_deviation": 0.038577401497580925, "minimum": 0.2620136310829907, "maximum": 0.4080926982060258, "count": 16}, "anchor_macro_kendall_tau": {"mean": 0.2153589874968646, "median": 0.21321771590288408, "standard_deviation": 0.02881859614074437, "minimum": 0.16151177418005, "maximum": 0.26821811384141553, "count": 16}, "closed_edges": {"mean": 5052.9375, "median": 4955.0, "standard_deviation": 645.4819872260831, "minimum": 3861.0, "maximum": 6247.0, "count": 16}, "regret": {"1": {"acquired": {"mean": 0.5507067188445944, "median": 0.01825475413352251, "standard_deviation": 0.9228165015561098, "minimum": 0.0, "maximum": 2.9362010955810547, "count": 16, "zero_regret_fraction": 0.1875, "unavailable_fraction": 0.0}, "novel_design": {"mean": 0.37431552677298896, "median": 0.015412845183163881, "standard_deviation": 0.666964211218418, "minimum": 0.0, "maximum": 1.860289454460144, "count": 16, "zero_regret_fraction": 0.1875, "unavailable_fraction": 0.0}, "campaign": {"mean": 0.28523673459130805, "median": 0.011769951786845922, "standard_deviation": 0.6113866003071758, "minimum": 0.0, "maximum": 1.860289454460144, "count": 16, "zero_regret_fraction": 0.25, "unavailable_fraction": 0.0}}, "2": {"acquired": {"mean": 1.7215051826206036, "median": 1.1075091381790116, "standard_deviation": 1.869902482353483, "minimum": 0.0, "maximum": 5.589880084386095, "count": 16, "zero_regret_fraction": 0.25, "unavailable_fraction": 0.0}, "novel_design": {"mean": 1.4146431519184262, "median": 1.0946395993232727, "standard_deviation": 1.6080806923648292, "minimum": 0.0, "maximum": 4.75868821144104, "count": 16, "zero_regret_fraction": 0.25, "unavailable_fraction": 0.0}, "campaign": {"mean": 0.9164752945071086, "median": 0.045468288473784924, "standard_deviation": 1.4016575827974644, "minimum": 0.0, "maximum": 4.017922878265381, "count": 16, "zero_regret_fraction": 0.4375, "unavailable_fraction": 0.0}}, "3": {"acquired": {"mean": 1.1556965439813212, "median": 1.1529359817504883, "standard_deviation": 1.0364391709792857, "minimum": 0.0, "maximum": 3.676171349361539, "count": 16, "zero_regret_fraction": 0.25, "unavailable_fraction": 0.0}, "novel_design": {"mean": 1.9029758721590042, "median": 1.9767646789550781, "standard_deviation": 1.433604719731384, "minimum": 0.0, "maximum": 4.298413991928101, "count": 16, "zero_regret_fraction": 0.1875, "unavailable_fraction": 0.0}, "campaign": {"mean": 0.6884086728096008, "median": 0.5228850841522217, "standard_deviation": 0.7538408247445402, "minimum": 0.0, "maximum": 2.136345386505127, "count": 16, "zero_regret_fraction": 0.4375, "unavailable_fraction": 0.0}}, "4": {"acquired": {"mean": 1.1649406850337982, "median": 1.20509672164917, "standard_deviation": 1.124535955970879, "minimum": 0.0, "maximum": 2.989933490753174, "count": 16, "zero_regret_fraction": 0.375, "unavailable_fraction": 0.0}, "novel_design": {"mean": 2.5245004817843437, "median": 2.21799373626709, "standard_deviation": 1.9091269202579038, "minimum": 0.0, "maximum": 6.886207938194275, "count": 16, "zero_regret_fraction": 0.125, "unavailable_fraction": 0.0}, "campaign": {"mean": 1.0678336918354034, "median": 0.9609553813934326, "standard_deviation": 1.1549739049948553, "minimum": 0.0, "maximum": 2.989933490753174, "count": 16, "zero_regret_fraction": 0.4375, "unavailable_fraction": 0.0}}}}], "query_budget": {"acquisition": "thompson", "anchors": 16, "budget_curve": [80, 160, 320, 640], "final_unique_queries_per_anchor": 640, "total_oracle_queries_across_independent_anchors": 10240, "teacher_query_cost_unit": "unique measured node per independent anchor", "same_protocol_required": true, "anchor_protocol_sha256": "3b3ef4a2152d1eac8f0780fe4f5964eb491e7113c3d93837def3dbe64a589566", "test_evaluated": false}, "test_evaluated": false}
