/media/PM983/Code/PLS/src/pls/editflow/student.py:46: UserWarning: enable_nested_tensor is True, but self.use_nested_tensor is False because encoder_layer.norm_first was True
  self.encoder = nn.TransformerEncoder(block, layers)
/media/PM983/Code/PLS/src/pls/editflow/student.py:46: UserWarning: enable_nested_tensor is True, but self.use_nested_tensor is False because encoder_layer.norm_first was True
  self.encoder = nn.TransformerEncoder(block, layers)
{"anchor_rank": 0, "anchor": "DNNV", "budget": 80, "r2": -0.4425539943950907, "regret": {"1": {"acquired": 0.01542617566883564, "novel_design": 0.017902973107993603, "campaign": 0.01542617566883564}, "2": {"acquired": 3.9494960382580757, "novel_design": 3.985518417786807, "campaign": 3.9494960382580757}, "3": {"acquired": 6.673592686653137, "novel_design": 5.240160226821899, "campaign": 5.240160226821899}, "4": {"acquired": 4.828968524932861, "novel_design": 6.61542010307312, "campaign": 4.828968524932861}}}
/media/PM983/Code/PLS/src/pls/editflow/student.py:46: UserWarning: enable_nested_tensor is True, but self.use_nested_tensor is False because encoder_layer.norm_first was True
  self.encoder = nn.TransformerEncoder(block, layers)
{"anchor_rank": 0, "anchor": "DNNV", "budget": 160, "r2": -0.7714585582843754, "regret": {"1": {"acquired": 0.0, "novel_design": 0.007201889529824257, "campaign": 0.0}, "2": {"acquired": 3.9494960382580757, "novel_design": 3.981965839397162, "campaign": 3.9494960382580757}, "3": {"acquired": 6.673592686653137, "novel_design": 6.447374224662781, "campaign": 6.447374224662781}, "4": {"acquired": 1.9044227600097656, "novel_design": 8.746617085300386, "campaign": 1.9044227600097656}}}
/media/PM983/Code/PLS/src/pls/editflow/student.py:46: UserWarning: enable_nested_tensor is True, but self.use_nested_tensor is False because encoder_layer.norm_first was True
  self.encoder = nn.TransformerEncoder(block, layers)
{"anchor_rank": 0, "anchor": "DNNV", "budget": 320, "r2": 0.27164672189375305, "regret": {"1": {"acquired": 0.0, "novel_design": 0.011603401508182287, "campaign": 0.0}, "2": {"acquired": 0.7754573822021484, "novel_design": 0.0, "campaign": 0.0}, "3": {"acquired": 4.34367561340332, "novel_design": 2.292024612426758, "campaign": 2.292024612426758}, "4": {"acquired": 1.9044227600097656, "novel_design": 3.4971213340759277, "campaign": 1.9044227600097656}}}
/media/PM983/Code/PLS/src/pls/editflow/student.py:46: UserWarning: enable_nested_tensor is True, but self.use_nested_tensor is False because encoder_layer.norm_first was True
  self.encoder = nn.TransformerEncoder(block, layers)
{"anchor_rank": 0, "anchor": "DNNV", "budget": 640, "r2": 0.3987349235795353, "regret": {"1": {"acquired": 0.0, "novel_design": 0.0148153156042099, "campaign": 0.0}, "2": {"acquired": 0.0, "novel_design": 1.5459697246551514, "campaign": 0.0}, "3": {"acquired": 1.2819223403930664, "novel_design": 3.0664262771606445, "campaign": 1.2819223403930664}, "4": {"acquired": 1.47963285446167, "novel_design": 1.5333056449890137, "campaign": 1.47963285446167}}}
/media/PM983/Code/PLS/src/pls/editflow/student.py:46: UserWarning: enable_nested_tensor is True, but self.use_nested_tensor is False because encoder_layer.norm_first was True
  self.encoder = nn.TransformerEncoder(block, layers)
{"anchor_rank": 1, "anchor": "YLPR", "budget": 80, "r2": -0.10403213206641704, "regret": {"1": {"acquired": 0.006570606958121061, "novel_design": 0.006798917893320322, "campaign": 0.006570606958121061}, "2": {"acquired": 2.760065062902868, "novel_design": 0.05052685737609863, "campaign": 0.05052685737609863}, "3": {"acquired": 6.920347962528467, "novel_design": 6.913415752351284, "campaign": 6.913415752351284}, "4": {"acquired": 6.106783390045166, "novel_design": 8.75774908484891, "campaign": 6.106783390045166}}}
/media/PM983/Code/PLS/src/pls/editflow/student.py:46: UserWarning: enable_nested_tensor is True, but self.use_nested_tensor is False because encoder_layer.norm_first was True
  self.encoder = nn.TransformerEncoder(block, layers)
{"anchor_rank": 1, "anchor": "YLPR", "budget": 160, "r2": 0.04260860791940213, "regret": {"1": {"acquired": 0.0, "novel_design": 0.003578959032893181, "campaign": 0.0}, "2": {"acquired": 2.7555863428860903, "novel_design": 2.557719975709915, "campaign": 2.557719975709915}, "3": {"acquired": 6.1787543296813965, "novel_design": 5.17762303352356, "campaign": 5.17762303352356}, "4": {"acquired": 5.584080696105957, "novel_design": 5.397718191146851, "campaign": 5.397718191146851}}}
/media/PM983/Code/PLS/src/pls/editflow/student.py:46: UserWarning: enable_nested_tensor is True, but self.use_nested_tensor is False because encoder_layer.norm_first was True
  self.encoder = nn.TransformerEncoder(block, layers)
{"anchor_rank": 1, "anchor": "YLPR", "budget": 320, "r2": 0.2800554811651498, "regret": {"1": {"acquired": 0.0, "novel_design": 0.0, "campaign": 0.0}, "2": {"acquired": 0.05052685737609863, "novel_design": 1.864021897315979, "campaign": 0.05052685737609863}, "3": {"acquired": 3.940092086791992, "novel_design": 4.22188925743103, "campaign": 3.940092086791992}, "4": {"acquired": 4.239590644836426, "novel_design": 2.989933490753174, "campaign": 2.989933490753174}}}
/media/PM983/Code/PLS/src/pls/editflow/student.py:46: UserWarning: enable_nested_tensor is True, but self.use_nested_tensor is False because encoder_layer.norm_first was True
  self.encoder = nn.TransformerEncoder(block, layers)
{"anchor_rank": 1, "anchor": "YLPR", "budget": 640, "r2": 0.44018188003603187, "regret": {"1": {"acquired": 0.0, "novel_design": 0.0018835733644664288, "campaign": 0.0}, "2": {"acquired": 0.0, "novel_design": 0.5468024015426636, "campaign": 0.0}, "3": {"acquired": 1.914285659790039, "novel_design": 2.377373218536377, "campaign": 1.914285659790039}, "4": {"acquired": 2.418468475341797, "novel_design": 4.542788505554199, "campaign": 2.418468475341797}}}
/media/PM983/Code/PLS/src/pls/editflow/student.py:46: UserWarning: enable_nested_tensor is True, but self.use_nested_tensor is False because encoder_layer.norm_first was True
  self.encoder = nn.TransformerEncoder(block, layers)
{"anchor_rank": 2, "anchor": "DRFS", "budget": 80, "r2": -0.01924079561881853, "regret": {"1": {"acquired": 0.6763363236095756, "novel_design": 0.4149390757083893, "campaign": 0.4149390757083893}, "2": {"acquired": 5.589880084386095, "novel_design": 2.9672582149505615, "campaign": 2.9672582149505615}, "3": {"acquired": 6.32932055182755, "novel_design": 5.497291386127472, "campaign": 5.497291386127472}, "4": {"acquired": 7.443414807319641, "novel_design": 6.9773149490356445, "campaign": 6.9773149490356445}}}
/media/PM983/Code/PLS/src/pls/editflow/student.py:46: UserWarning: enable_nested_tensor is True, but self.use_nested_tensor is False because encoder_layer.norm_first was True
  self.encoder = nn.TransformerEncoder(block, layers)
{"anchor_rank": 2, "anchor": "DRFS", "budget": 160, "r2": 0.026860854853857252, "regret": {"1": {"acquired": 0.4149390757083893, "novel_design": 0.6691973218694329, "campaign": 0.4149390757083893}, "2": {"acquired": 5.328482836484909, "novel_design": 5.573494544252753, "campaign": 5.328482836484909}, "3": {"acquired": 6.078601092100143, "novel_design": 5.959541767835617, "campaign": 5.959541767835617}, "4": {"acquired": 5.463595390319824, "novel_design": 6.355968236923218, "campaign": 5.463595390319824}}}
/media/PM983/Code/PLS/src/pls/editflow/student.py:46: UserWarning: enable_nested_tensor is True, but self.use_nested_tensor is False because encoder_layer.norm_first was True
  self.encoder = nn.TransformerEncoder(block, layers)
{"anchor_rank": 2, "anchor": "DRFS", "budget": 320, "r2": 0.36825194633524116, "regret": {"1": {"acquired": 0.0, "novel_design": 0.002800098154693842, "campaign": 0.0}, "2": {"acquired": 1.3262152671813965, "novel_design": 0.718379020690918, "campaign": 0.718379020690918}, "3": {"acquired": 2.076333522796631, "novel_design": 4.594236493110657, "campaign": 2.076333522796631}, "4": {"acquired": 4.494801998138428, "novel_design": 7.012704968452454, "campaign": 4.494801998138428}}}
/media/PM983/Code/PLS/src/pls/editflow/student.py:46: UserWarning: enable_nested_tensor is True, but self.use_nested_tensor is False because encoder_layer.norm_first was True
  self.encoder = nn.TransformerEncoder(block, layers)
{"anchor_rank": 2, "anchor": "DRFS", "budget": 640, "r2": 0.7252510606006626, "regret": {"1": {"acquired": 0.0, "novel_design": 0.0058679161593317986, "campaign": 0.0}, "2": {"acquired": 0.0, "novel_design": 0.0, "campaign": 0.0}, "3": {"acquired": 0.7501182556152344, "novel_design": 0.0, "campaign": 0.0}, "4": {"acquired": 2.7872471809387207, "novel_design": 2.6381611824035645, "campaign": 2.6381611824035645}}}
/media/PM983/Code/PLS/src/pls/editflow/student.py:46: UserWarning: enable_nested_tensor is True, but self.use_nested_tensor is False because encoder_layer.norm_first was True
  self.encoder = nn.TransformerEncoder(block, layers)
{"anchor_rank": 3, "anchor": "TRFP", "budget": 80, "r2": -0.19646139979395127, "regret": {"1": {"acquired": 0.7664656285196543, "novel_design": 0.7717775627970695, "campaign": 0.7664656285196543}, "2": {"acquired": 4.528300762176514, "novel_design": 5.559680249541998, "campaign": 4.528300762176514}, "3": {"acquired": 3.08636736869812, "novel_design": 6.3366451929323375, "campaign": 3.08636736869812}, "4": {"acquired": 5.504835844039917, "novel_design": 8.716957200318575, "campaign": 5.504835844039917}}}
/media/PM983/Code/PLS/src/pls/editflow/student.py:46: UserWarning: enable_nested_tensor is True, but self.use_nested_tensor is False because encoder_layer.norm_first was True
  self.encoder = nn.TransformerEncoder(block, layers)
{"anchor_rank": 3, "anchor": "TRFP", "budget": 160, "r2": 0.13780763236578408, "regret": {"1": {"acquired": 0.0, "novel_design": 0.06350200297310948, "campaign": 0.0}, "2": {"acquired": 4.528300762176514, "novel_design": 5.191815078258514, "campaign": 4.528300762176514}, "3": {"acquired": 2.657356023788452, "novel_design": 3.16561222076416, "campaign": 2.657356023788452}, "4": {"acquired": 4.716005325317383, "novel_design": 3.686666488647461, "campaign": 3.686666488647461}}}
/media/PM983/Code/PLS/src/pls/editflow/student.py:46: UserWarning: enable_nested_tensor is True, but self.use_nested_tensor is False because encoder_layer.norm_first was True
  self.encoder = nn.TransformerEncoder(block, layers)
{"anchor_rank": 3, "anchor": "TRFP", "budget": 320, "r2": 0.2631775246489052, "regret": {"1": {"acquired": 0.0, "novel_design": 0.005220634862780571, "campaign": 0.0}, "2": {"acquired": 0.0, "novel_design": 4.971463307738304, "campaign": 0.0}, "3": {"acquired": 0.7501182556152344, "novel_design": 1.1701741218566895, "campaign": 0.7501182556152344}, "4": {"acquired": 2.989933490753174, "novel_design": 5.397718191146851, "campaign": 2.989933490753174}}}
/media/PM983/Code/PLS/src/pls/editflow/student.py:46: UserWarning: enable_nested_tensor is True, but self.use_nested_tensor is False because encoder_layer.norm_first was True
  self.encoder = nn.TransformerEncoder(block, layers)
{"anchor_rank": 3, "anchor": "TRFP", "budget": 640, "r2": 0.3355555996208853, "regret": {"1": {"acquired": 0.0, "novel_design": 0.0054123366717249155, "campaign": 0.0}, "2": {"acquired": 0.0, "novel_design": 0.244964599609375, "campaign": 0.0}, "3": {"acquired": 0.0, "novel_design": 0.5861492156982422, "campaign": 0.0}, "4": {"acquired": 2.418468475341797, "novel_design": 3.4971213340759277, "campaign": 2.418468475341797}}}
/media/PM983/Code/PLS/src/pls/editflow/student.py:46: UserWarning: enable_nested_tensor is True, but self.use_nested_tensor is False because encoder_layer.norm_first was True
  self.encoder = nn.TransformerEncoder(block, layers)
{"anchor_rank": 4, "anchor": "CYCQ", "budget": 80, "r2": -0.02072080790147912, "regret": {"1": {"acquired": 2.3929328257218003, "novel_design": 2.3746238593012094, "campaign": 2.3746238593012094}, "2": {"acquired": 5.3729952573776245, "novel_design": 6.4040025770664215, "campaign": 5.3729952573776245}, "3": {"acquired": 6.518411755561829, "novel_design": 7.158981204032898, "campaign": 6.518411755561829}, "4": {"acquired": 7.235225796699524, "novel_design": 7.875795245170593, "campaign": 7.235225796699524}}}
/media/PM983/Code/PLS/src/pls/editflow/student.py:46: UserWarning: enable_nested_tensor is True, but self.use_nested_tensor is False because encoder_layer.norm_first was True
  self.encoder = nn.TransformerEncoder(block, layers)
{"anchor_rank": 4, "anchor": "CYCQ", "budget": 160, "r2": 0.08995559713461598, "regret": {"1": {"acquired": 0.0, "novel_design": 0.7530063651502132, "campaign": 0.0}, "2": {"acquired": 4.097546100616455, "novel_design": 5.646211087703705, "campaign": 4.097546100616455}, "3": {"acquired": 5.405414581298828, "novel_design": 7.284194588661194, "campaign": 5.405414581298828}, "4": {"acquired": 6.122228622436523, "novel_design": 8.00100862979889, "campaign": 6.122228622436523}}}
/media/PM983/Code/PLS/src/pls/editflow/student.py:46: UserWarning: enable_nested_tensor is True, but self.use_nested_tensor is False because encoder_layer.norm_first was True
  self.encoder = nn.TransformerEncoder(block, layers)
{"anchor_rank": 4, "anchor": "CYCQ", "budget": 320, "r2": 0.3649858987949276, "regret": {"1": {"acquired": 0.0, "novel_design": 0.0, "campaign": 0.0}, "2": {"acquired": 1.891815185546875, "novel_design": 1.2350997924804688, "campaign": 1.2350997924804688}, "3": {"acquired": 3.0607247352600098, "novel_design": 2.9639077186584473, "campaign": 2.9639077186584473}, "4": {"acquired": 3.777538776397705, "novel_design": 3.6807217597961426, "campaign": 3.6807217597961426}}}
/media/PM983/Code/PLS/src/pls/editflow/student.py:46: UserWarning: enable_nested_tensor is True, but self.use_nested_tensor is False because encoder_layer.norm_first was True
  self.encoder = nn.TransformerEncoder(block, layers)
{"anchor_rank": 4, "anchor": "CYCQ", "budget": 640, "r2": 0.4166523065554322, "regret": {"1": {"acquired": 0.0, "novel_design": 0.01928772556129843, "campaign": 0.0}, "2": {"acquired": 0.0, "novel_design": 4.020232565701008, "campaign": 0.0}, "3": {"acquired": 0.7628188133239746, "novel_design": 1.6779851913452148, "campaign": 0.7628188133239746}, "4": {"acquired": 1.47963285446167, "novel_design": 2.39479923248291, "campaign": 1.47963285446167}}}
/media/PM983/Code/PLS/src/pls/editflow/student.py:46: UserWarning: enable_nested_tensor is True, but self.use_nested_tensor is False because encoder_layer.norm_first was True
  self.encoder = nn.TransformerEncoder(block, layers)
{"anchor_rank": 5, "anchor": "IPKK", "budget": 80, "r2": -0.022663751466446058, "regret": {"1": {"acquired": 0.02108333259820938, "novel_design": 0.009166666306555271, "campaign": 0.009166666306555271}, "2": {"acquired": 3.3375494480133057, "novel_design": 0.0, "campaign": 0.0}, "3": {"acquired": 6.0043596513569355, "novel_design": 6.0145241897553205, "campaign": 6.0043596513569355}, "4": {"acquired": 8.663391917943954, "novel_design": 5.820515155792236, "campaign": 5.820515155792236}}}
/media/PM983/Code/PLS/src/pls/editflow/student.py:46: UserWarning: enable_nested_tensor is True, but self.use_nested_tensor is False because encoder_layer.norm_first was True
  self.encoder = nn.TransformerEncoder(block, layers)
{"anchor_rank": 5, "anchor": "IPKK", "budget": 160, "r2": -0.7019007379228501, "regret": {"1": {"acquired": 0.0034005362540483475, "novel_design": 0.02108333259820938, "campaign": 0.0034005362540483475}, "2": {"acquired": 3.3198666516691446, "novel_design": 3.334752679336816, "campaign": 3.3198666516691446}, "3": {"acquired": 6.0043596513569355, "novel_design": 6.023399913683534, "campaign": 6.0043596513569355}, "4": {"acquired": 1.47963285446167, "novel_design": 8.052829504013062, "campaign": 1.47963285446167}}}
/media/PM983/Code/PLS/src/pls/editflow/student.py:46: UserWarning: enable_nested_tensor is True, but self.use_nested_tensor is False because encoder_layer.norm_first was True
  self.encoder = nn.TransformerEncoder(block, layers)
{"anchor_rank": 5, "anchor": "IPKK", "budget": 320, "r2": 0.24661157479599405, "regret": {"1": {"acquired": 0.0, "novel_design": 0.0035595237277448177, "campaign": 0.0}, "2": {"acquired": 0.0, "novel_design": 1.3270746022462845, "campaign": 0.0}, "3": {"acquired": 2.7045280933380127, "novel_design": 0.034450531005859375, "campaign": 0.034450531005859375}, "4": {"acquired": 1.47963285446167, "novel_design": 5.195850610733032, "campaign": 1.47963285446167}}}
/media/PM983/Code/PLS/src/pls/editflow/student.py:46: UserWarning: enable_nested_tensor is True, but self.use_nested_tensor is False because encoder_layer.norm_first was True
  self.encoder = nn.TransformerEncoder(block, layers)
{"anchor_rank": 5, "anchor": "IPKK", "budget": 640, "r2": 0.40252444995038994, "regret": {"1": {"acquired": 0.0, "novel_design": null, "campaign": 0.0}, "2": {"acquired": 0.0, "novel_design": 1.1010644007474184, "campaign": 0.0}, "3": {"acquired": 0.0, "novel_design": 0.7806153297424316, "campaign": 0.0}, "4": {"acquired": 0.0, "novel_design": 2.0704331398010254, "campaign": 0.0}}}
/media/PM983/Code/PLS/src/pls/editflow/student.py:46: UserWarning: enable_nested_tensor is True, but self.use_nested_tensor is False because encoder_layer.norm_first was True
  self.encoder = nn.TransformerEncoder(block, layers)
{"anchor_rank": 6, "anchor": "LVHA", "budget": 80, "r2": 0.01179827722462945, "regret": {"1": {"acquired": 2.841629147529602, "novel_design": 0.0, "campaign": 0.0}, "2": {"acquired": 5.589051842689514, "novel_design": 6.84332150220871, "campaign": 5.589051842689514}, "3": {"acquired": 7.122357487678528, "novel_design": 8.376627147197723, "campaign": 7.122357487678528}, "4": {"acquired": 7.122357487678528, "novel_design": 8.376627147197723, "campaign": 7.122357487678528}}}
/media/PM983/Code/PLS/src/pls/editflow/student.py:46: UserWarning: enable_nested_tensor is True, but self.use_nested_tensor is False because encoder_layer.norm_first was True
  self.encoder = nn.TransformerEncoder(block, layers)
{"anchor_rank": 6, "anchor": "LVHA", "budget": 160, "r2": 0.16576260076351979, "regret": {"1": {"acquired": 0.0, "novel_design": 0.0879325270652771, "campaign": 0.0}, "2": {"acquired": 2.747422695159912, "novel_design": 3.8916666507720947, "campaign": 2.747422695159912}, "3": {"acquired": 4.280728340148926, "novel_design": 5.424972295761108, "campaign": 4.280728340148926}, "4": {"acquired": 4.280728340148926, "novel_design": 5.424972295761108, "campaign": 4.280728340148926}}}
/media/PM983/Code/PLS/src/pls/editflow/student.py:46: UserWarning: enable_nested_tensor is True, but self.use_nested_tensor is False because encoder_layer.norm_first was True
  self.encoder = nn.TransformerEncoder(block, layers)
{"anchor_rank": 6, "anchor": "LVHA", "budget": 320, "r2": 0.2721958453474794, "regret": {"1": {"acquired": 0.0, "novel_design": 0.05048333341255784, "campaign": 0.0}, "2": {"acquired": 1.2011713981628418, "novel_design": 0.0, "campaign": 0.0}, "3": {"acquired": 2.7344770431518555, "novel_design": 2.6381611824035645, "campaign": 2.6381611824035645}, "4": {"acquired": 2.7344770431518555, "novel_design": 2.6381611824035645, "campaign": 2.6381611824035645}}}
/media/PM983/Code/PLS/src/pls/editflow/student.py:46: UserWarning: enable_nested_tensor is True, but self.use_nested_tensor is False because encoder_layer.norm_first was True
  self.encoder = nn.TransformerEncoder(block, layers)
{"anchor_rank": 6, "anchor": "LVHA", "budget": 640, "r2": 0.2964177374852903, "regret": {"1": {"acquired": 0.0, "novel_design": 0.05199106549844146, "campaign": 0.0}, "2": {"acquired": 0.0, "novel_design": 1.2182493209838867, "campaign": 0.0}, "3": {"acquired": 0.0, "novel_design": 4.38309383392334, "campaign": 0.0}, "4": {"acquired": 0.0, "novel_design": 4.38309383392334, "campaign": 0.0}}}
/media/PM983/Code/PLS/src/pls/editflow/student.py:46: UserWarning: enable_nested_tensor is True, but self.use_nested_tensor is False because encoder_layer.norm_first was True
  self.encoder = nn.TransformerEncoder(block, layers)
{"anchor_rank": 7, "anchor": "IPVY", "budget": 80, "r2": -0.03122180974281208, "regret": {"1": {"acquired": 0.01311433594673872, "novel_design": 0.01585540291853249, "campaign": 0.01311433594673872}, "2": {"acquired": 3.3335335748270154, "novel_design": 3.328984343446791, "campaign": 3.328984343446791}, "3": {"acquired": 6.014669207856059, "novel_design": 6.039977286010981, "campaign": 6.014669207856059}, "4": {"acquired": 8.431090384721756, "novel_design": 8.758159038610756, "campaign": 8.431090384721756}}}
/media/PM983/Code/PLS/src/pls/editflow/student.py:46: UserWarning: enable_nested_tensor is True, but self.use_nested_tensor is False because encoder_layer.norm_first was True
  self.encoder = nn.TransformerEncoder(block, layers)
{"anchor_rank": 7, "anchor": "IPVY", "budget": 160, "r2": -0.030067145668273065, "regret": {"1": {"acquired": 0.0, "novel_design": 0.0, "campaign": 0.0}, "2": {"acquired": 3.3204192388802767, "novel_design": 3.3351462893188, "campaign": 3.3204192388802767}, "3": {"acquired": 6.014669207856059, "novel_design": 5.633140444755554, "campaign": 5.633140444755554}, "4": {"acquired": 8.158632934093475, "novel_design": 8.070826232433319, "campaign": 8.070826232433319}}}
/media/PM983/Code/PLS/src/pls/editflow/student.py:46: UserWarning: enable_nested_tensor is True, but self.use_nested_tensor is False because encoder_layer.norm_first was True
  self.encoder = nn.TransformerEncoder(block, layers)
{"anchor_rank": 7, "anchor": "IPVY", "budget": 320, "r2": 0.09864670355402416, "regret": {"1": {"acquired": 0.0, "novel_design": 0.00485441111959517, "campaign": 0.0}, "2": {"acquired": 2.205783247947693, "novel_design": 2.704731822013855, "campaign": 2.205783247947693}, "3": {"acquired": 4.910311341285706, "novel_design": 5.671977758407593, "campaign": 4.910311341285706}, "4": {"acquired": 3.8348703384399414, "novel_design": 2.4870190620422363, "campaign": 2.4870190620422363}}}
/media/PM983/Code/PLS/src/pls/editflow/student.py:46: UserWarning: enable_nested_tensor is True, but self.use_nested_tensor is False because encoder_layer.norm_first was True
  self.encoder = nn.TransformerEncoder(block, layers)
{"anchor_rank": 7, "anchor": "IPVY", "budget": 640, "r2": 0.37771102690149594, "regret": {"1": {"acquired": 0.0, "novel_design": 0.0018939266446977854, "campaign": 0.0}, "2": {"acquired": 1.7168828248977661, "novel_design": 0.0, "campaign": 0.0}, "3": {"acquired": 1.2400360107421875, "novel_design": 1.1590962409973145, "campaign": 1.1590962409973145}, "4": {"acquired": 2.4870190620422363, "novel_design": 2.920382499694824, "campaign": 2.4870190620422363}}}
/media/PM983/Code/PLS/src/pls/editflow/student.py:46: UserWarning: enable_nested_tensor is True, but self.use_nested_tensor is False because encoder_layer.norm_first was True
  self.encoder = nn.TransformerEncoder(block, layers)
{"anchor_rank": 8, "anchor": "MYCT", "budget": 80, "r2": -0.01128252419845599, "regret": {"1": {"acquired": 4.058067142963409, "novel_design": 3.7902015447616577, "campaign": 3.7902015447616577}, "2": {"acquired": 6.043925583362579, "novel_design": 6.490529608912766, "campaign": 6.043925583362579}, "3": {"acquired": 7.3585158586502075, "novel_design": 6.246299505233765, "campaign": 6.246299505233765}, "4": {"acquired": 8.075329899787903, "novel_design": 8.748162994161248, "campaign": 8.075329899787903}}}
/media/PM983/Code/PLS/src/pls/editflow/student.py:46: UserWarning: enable_nested_tensor is True, but self.use_nested_tensor is False because encoder_layer.norm_first was True
  self.encoder = nn.TransformerEncoder(block, layers)
{"anchor_rank": 8, "anchor": "MYCT", "budget": 160, "r2": -0.10884301304879385, "regret": {"1": {"acquired": 0.0, "novel_design": 0.6449417173862457, "campaign": 0.0}, "2": {"acquired": 1.98585844039917, "novel_design": 0.0, "campaign": 0.0}, "3": {"acquired": 2.9639077186584473, "novel_design": 3.610922336578369, "campaign": 2.9639077186584473}, "4": {"acquired": 3.6807217597961426, "novel_design": 4.3277363777160645, "campaign": 3.6807217597961426}}}
/media/PM983/Code/PLS/src/pls/editflow/student.py:46: UserWarning: enable_nested_tensor is True, but self.use_nested_tensor is False because encoder_layer.norm_first was True
  self.encoder = nn.TransformerEncoder(block, layers)
{"anchor_rank": 8, "anchor": "MYCT", "budget": 320, "r2": 0.4976735458318293, "regret": {"1": {"acquired": 0.0, "novel_design": 0.25289202481508255, "campaign": 0.0}, "2": {"acquired": 0.0, "novel_design": 0.8995862007141113, "campaign": 0.0}, "3": {"acquired": 1.5493764877319336, "novel_design": 0.8164916038513184, "campaign": 0.8164916038513184}, "4": {"acquired": 2.266190528869629, "novel_design": 1.5333056449890137, "campaign": 1.5333056449890137}}}
/media/PM983/Code/PLS/src/pls/editflow/student.py:46: UserWarning: enable_nested_tensor is True, but self.use_nested_tensor is False because encoder_layer.norm_first was True
  self.encoder = nn.TransformerEncoder(block, layers)
{"anchor_rank": 8, "anchor": "MYCT", "budget": 640, "r2": 0.4870601648166286, "regret": {"1": {"acquired": 0.0, "novel_design": 0.0, "campaign": 0.0}, "2": {"acquired": 0.0, "novel_design": 2.3397955894470215, "campaign": 0.0}, "3": {"acquired": 0.0, "novel_design": 1.581857681274414, "campaign": 0.0}, "4": {"acquired": 0.7168140411376953, "novel_design": 0.0, "campaign": 0.0}}}
/media/PM983/Code/PLS/src/pls/editflow/student.py:46: UserWarning: enable_nested_tensor is True, but self.use_nested_tensor is False because encoder_layer.norm_first was True
  self.encoder = nn.TransformerEncoder(block, layers)
{"anchor_rank": 9, "anchor": "EEVT", "budget": 80, "r2": 0.01239872378590734, "regret": {"1": {"acquired": 0.34948801435530186, "novel_design": 0.35200578533113003, "campaign": 0.34948801435530186}, "2": {"acquired": 2.011971328407526, "novel_design": 0.36782336235046387, "campaign": 0.36782336235046387}, "3": {"acquired": 3.605600118637085, "novel_design": 5.730437994003296, "campaign": 3.605600118637085}, "4": {"acquired": 5.677836179733276, "novel_design": 7.802674055099487, "campaign": 5.677836179733276}}}
/media/PM983/Code/PLS/src/pls/editflow/student.py:46: UserWarning: enable_nested_tensor is True, but self.use_nested_tensor is False because encoder_layer.norm_first was True
  self.encoder = nn.TransformerEncoder(block, layers)
{"anchor_rank": 9, "anchor": "EEVT", "budget": 160, "r2": 0.15805609365149442, "regret": {"1": {"acquired": 0.0, "novel_design": 0.04892234643921256, "campaign": 0.0}, "2": {"acquired": 1.684272438287735, "novel_design": 0.36782336235046387, "campaign": 0.36782336235046387}, "3": {"acquired": 2.136345386505127, "novel_design": 4.663705587387085, "campaign": 2.136345386505127}, "4": {"acquired": 4.208581447601318, "novel_design": 4.132706642150879, "campaign": 4.132706642150879}}}
/media/PM983/Code/PLS/src/pls/editflow/student.py:46: UserWarning: enable_nested_tensor is True, but self.use_nested_tensor is False because encoder_layer.norm_first was True
  self.encoder = nn.TransformerEncoder(block, layers)
{"anchor_rank": 9, "anchor": "EEVT", "budget": 320, "r2": 0.27201583281675357, "regret": {"1": {"acquired": 0.0, "novel_design": 0.016651531448587775, "campaign": 0.0}, "2": {"acquired": 0.36782336235046387, "novel_design": 1.2968580722808838, "campaign": 0.36782336235046387}, "3": {"acquired": 2.136345386505127, "novel_design": 4.999946355819702, "campaign": 2.136345386505127}, "4": {"acquired": 1.20509672164917, "novel_design": 4.351136207580566, "campaign": 1.20509672164917}}}
/media/PM983/Code/PLS/src/pls/editflow/student.py:46: UserWarning: enable_nested_tensor is True, but self.use_nested_tensor is False because encoder_layer.norm_first was True
  self.encoder = nn.TransformerEncoder(block, layers)
{"anchor_rank": 9, "anchor": "EEVT", "budget": 640, "r2": 0.5549478236411907, "regret": {"1": {"acquired": 0.0, "novel_design": 0.0010201449040323496, "campaign": 0.0}, "2": {"acquired": 0.36782336235046387, "novel_design": 0.36918771266937256, "campaign": 0.36782336235046387}, "3": {"acquired": 2.136345386505127, "novel_design": 1.6990036964416504, "campaign": 1.6990036964416504}, "4": {"acquired": 1.20509672164917, "novel_design": 2.7344770431518555, "campaign": 1.20509672164917}}}
/media/PM983/Code/PLS/src/pls/editflow/student.py:46: UserWarning: enable_nested_tensor is True, but self.use_nested_tensor is False because encoder_layer.norm_first was True
  self.encoder = nn.TransformerEncoder(block, layers)
{"anchor_rank": 10, "anchor": "QMDR", "budget": 80, "r2": 0.02114715823375013, "regret": {"1": {"acquired": 0.011071528075262904, "novel_design": 0.009732817532494664, "campaign": 0.009732817532494664}, "2": {"acquired": 1.8462395707610995, "novel_design": 1.837557272054255, "campaign": 1.837557272054255}, "3": {"acquired": 4.220707431435585, "novel_design": 3.4182189106941223, "campaign": 3.4182189106941223}, "4": {"acquired": 7.985396325588226, "novel_design": 8.71979908645153, "campaign": 7.985396325588226}}}
/media/PM983/Code/PLS/src/pls/editflow/student.py:46: UserWarning: enable_nested_tensor is True, but self.use_nested_tensor is False because encoder_layer.norm_first was True
  self.encoder = nn.TransformerEncoder(block, layers)
{"anchor_rank": 10, "anchor": "QMDR", "budget": 160, "r2": 0.04415075477547392, "regret": {"1": {"acquired": 0.0, "novel_design": 0.0037026783684268594, "campaign": 0.0}, "2": {"acquired": 1.8363608438521624, "novel_design": 1.8460191821213812, "campaign": 1.8363608438521624}, "3": {"acquired": 3.4182189106941223, "novel_design": 4.315218925476074, "campaign": 3.4182189106941223}, "4": {"acquired": 4.897390842437744, "novel_design": 5.259789705276489, "campaign": 4.897390842437744}}}
/media/PM983/Code/PLS/src/pls/editflow/student.py:46: UserWarning: enable_nested_tensor is True, but self.use_nested_tensor is False because encoder_layer.norm_first was True
  self.encoder = nn.TransformerEncoder(block, layers)
{"anchor_rank": 10, "anchor": "QMDR", "budget": 320, "r2": 0.3029539050155703, "regret": {"1": {"acquired": 0.0, "novel_design": 0.0020185327157378197, "campaign": 0.0}, "2": {"acquired": 0.0, "novel_design": 1.0016815459821373, "campaign": 0.0}, "3": {"acquired": 2.4657737016677856, "novel_design": 0.0, "campaign": 0.0}, "4": {"acquired": 1.20509672164917, "novel_design": 3.3940696716308594, "campaign": 1.20509672164917}}}
/media/PM983/Code/PLS/src/pls/editflow/student.py:46: UserWarning: enable_nested_tensor is True, but self.use_nested_tensor is False because encoder_layer.norm_first was True
  self.encoder = nn.TransformerEncoder(block, layers)
{"anchor_rank": 10, "anchor": "QMDR", "budget": 640, "r2": 0.5417767609382071, "regret": {"1": {"acquired": 0.0, "novel_design": 0.0, "campaign": 0.0}, "2": {"acquired": 0.0, "novel_design": 1.000404620077461, "campaign": 0.0}, "3": {"acquired": 0.0, "novel_design": 1.1499943733215332, "campaign": 0.0}, "4": {"acquired": 0.0, "novel_design": 0.0, "campaign": 0.0}}}
/media/PM983/Code/PLS/src/pls/editflow/student.py:46: UserWarning: enable_nested_tensor is True, but self.use_nested_tensor is False because encoder_layer.norm_first was True
  self.encoder = nn.TransformerEncoder(block, layers)
{"anchor_rank": 11, "anchor": "WSCP", "budget": 80, "r2": -0.019996164912804648, "regret": {"1": {"acquired": 4.804046211764216, "novel_design": 4.396329909563065, "campaign": 4.396329909563065}, "2": {"acquired": 6.797673344612122, "novel_design": 7.265414172783494, "campaign": 6.797673344612122}, "3": {"acquired": 7.072209477424622, "novel_design": 7.523922950029373, "campaign": 7.072209477424622}, "4": {"acquired": 8.277306199073792, "novel_design": 8.730158548802137, "campaign": 8.277306199073792}}}
/media/PM983/Code/PLS/src/pls/editflow/student.py:46: UserWarning: enable_nested_tensor is True, but self.use_nested_tensor is False because encoder_layer.norm_first was True
  self.encoder = nn.TransformerEncoder(block, layers)
{"anchor_rank": 11, "anchor": "WSCP", "budget": 160, "r2": -0.0027385940853266177, "regret": {"1": {"acquired": 0.0, "novel_design": 0.4739844910800457, "campaign": 0.0}, "2": {"acquired": 2.4590554237365723, "novel_design": 2.628441333770752, "campaign": 2.4590554237365723}, "3": {"acquired": 2.7335915565490723, "novel_design": 5.97429358959198, "campaign": 2.7335915565490723}, "4": {"acquired": 3.938688278198242, "novel_design": 7.17939031124115, "campaign": 3.938688278198242}}}
/media/PM983/Code/PLS/src/pls/editflow/student.py:46: UserWarning: enable_nested_tensor is True, but self.use_nested_tensor is False because encoder_layer.norm_first was True
  self.encoder = nn.TransformerEncoder(block, layers)
{"anchor_rank": 11, "anchor": "WSCP", "budget": 320, "r2": 0.32841988953818013, "regret": {"1": {"acquired": 0.0, "novel_design": 0.010256136767566204, "campaign": 0.0}, "2": {"acquired": 0.0, "novel_design": 2.0894596576690674, "campaign": 0.0}, "3": {"acquired": 0.2745361328125, "novel_design": 1.1897025108337402, "campaign": 0.2745361328125}, "4": {"acquired": 1.47963285446167, "novel_design": 2.39479923248291, "campaign": 1.47963285446167}}}
/media/PM983/Code/PLS/src/pls/editflow/student.py:46: UserWarning: enable_nested_tensor is True, but self.use_nested_tensor is False because encoder_layer.norm_first was True
  self.encoder = nn.TransformerEncoder(block, layers)
{"anchor_rank": 11, "anchor": "WSCP", "budget": 640, "r2": 0.4737043318243107, "regret": {"1": {"acquired": 0.0, "novel_design": 0.00991122703999281, "campaign": 0.0}, "2": {"acquired": 0.0, "novel_design": 0.19936227798461914, "campaign": 0.0}, "3": {"acquired": 0.0, "novel_design": 1.5527653694152832, "campaign": 0.0}, "4": {"acquired": 1.20509672164917, "novel_design": 2.319495677947998, "campaign": 1.20509672164917}}}
/media/PM983/Code/PLS/src/pls/editflow/student.py:46: UserWarning: enable_nested_tensor is True, but self.use_nested_tensor is False because encoder_layer.norm_first was True
  self.encoder = nn.TransformerEncoder(block, layers)
{"anchor_rank": 12, "anchor": "DPHR", "budget": 80, "r2": -0.8315400087230369, "regret": {"1": {"acquired": 0.009426145814359188, "novel_design": 0.016598213696852326, "campaign": 0.009426145814359188}, "2": {"acquired": 0.040409719571471214, "novel_design": 0.061165713937953115, "campaign": 0.040409719571471214}, "3": {"acquired": 3.683054907247424, "novel_design": 3.6884376481175423, "campaign": 3.683054907247424}, "4": {"acquired": 5.444634914398193, "novel_design": 8.28002056479454, "campaign": 5.444634914398193}}}
/media/PM983/Code/PLS/src/pls/editflow/student.py:46: UserWarning: enable_nested_tensor is True, but self.use_nested_tensor is False because encoder_layer.norm_first was True
  self.encoder = nn.TransformerEncoder(block, layers)
{"anchor_rank": 12, "anchor": "DPHR", "budget": 160, "r2": -0.10359071366502626, "regret": {"1": {"acquired": 0.0, "novel_design": 0.014860367868095636, "campaign": 0.0}, "2": {"acquired": 0.040409719571471214, "novel_design": 0.06324999779462814, "campaign": 0.040409719571471214}, "3": {"acquired": 3.676171349361539, "novel_design": 3.705895185470581, "campaign": 3.676171349361539}, "4": {"acquired": 3.267090320587158, "novel_design": 4.649201393127441, "campaign": 3.267090320587158}}}
/media/PM983/Code/PLS/src/pls/editflow/student.py:46: UserWarning: enable_nested_tensor is True, but self.use_nested_tensor is False because encoder_layer.norm_first was True
  self.encoder = nn.TransformerEncoder(block, layers)
{"anchor_rank": 12, "anchor": "DPHR", "budget": 320, "r2": 0.12989724581548778, "regret": {"1": {"acquired": 0.0, "novel_design": 0.0, "campaign": 0.0}, "2": {"acquired": 0.040409719571471214, "novel_design": 0.05206292308866978, "campaign": 0.040409719571471214}, "3": {"acquired": 3.676171349361539, "novel_design": 3.542489305138588, "campaign": 3.542489305138588}, "4": {"acquired": 3.267090320587158, "novel_design": 4.339290142059326, "campaign": 3.267090320587158}}}
/media/PM983/Code/PLS/src/pls/editflow/student.py:46: UserWarning: enable_nested_tensor is True, but self.use_nested_tensor is False because encoder_layer.norm_first was True
  self.encoder = nn.TransformerEncoder(block, layers)
{"anchor_rank": 12, "anchor": "DPHR", "budget": 640, "r2": 0.2600605155123078, "regret": {"1": {"acquired": 0.0, "novel_design": 0.0, "campaign": 0.0}, "2": {"acquired": 0.040409719571471214, "novel_design": 0.055973449256271124, "campaign": 0.040409719571471214}, "3": {"acquired": 2.078917980194092, "novel_design": 3.356023669242859, "campaign": 2.078917980194092}, "4": {"acquired": 3.267090320587158, "novel_design": 4.6142449378967285, "campaign": 3.267090320587158}}}
/media/PM983/Code/PLS/src/pls/editflow/student.py:46: UserWarning: enable_nested_tensor is True, but self.use_nested_tensor is False because encoder_layer.norm_first was True
  self.encoder = nn.TransformerEncoder(block, layers)
{"anchor_rank": 13, "anchor": "LWKN", "budget": 80, "r2": -0.022306071713937836, "regret": {"1": {"acquired": 1.768102071247995, "novel_design": 1.7739974232390523, "campaign": 1.768102071247995}, "2": {"acquired": 7.206055294722319, "novel_design": 7.225744326598942, "campaign": 7.206055294722319}, "3": {"acquired": 8.729808636009693, "novel_design": 7.944366455078125, "campaign": 7.944366455078125}, "4": {"acquired": 8.34653127193451, "novel_design": 7.927210032939911, "campaign": 7.927210032939911}}}
/media/PM983/Code/PLS/src/pls/editflow/student.py:46: UserWarning: enable_nested_tensor is True, but self.use_nested_tensor is False because encoder_layer.norm_first was True
  self.encoder = nn.TransformerEncoder(block, layers)
{"anchor_rank": 13, "anchor": "LWKN", "budget": 160, "r2": 0.04421099315818744, "regret": {"1": {"acquired": 0.0, "novel_design": 0.0063016037456691265, "campaign": 0.0}, "2": {"acquired": 5.45085597038269, "novel_design": 4.481592416763306, "campaign": 4.481592416763306}, "3": {"acquired": 6.984161615371704, "novel_design": 5.7467474937438965, "campaign": 5.7467474937438965}, "4": {"acquired": 6.874631762504578, "novel_design": 6.946041703224182, "campaign": 6.874631762504578}}}
/media/PM983/Code/PLS/src/pls/editflow/student.py:46: UserWarning: enable_nested_tensor is True, but self.use_nested_tensor is False because encoder_layer.norm_first was True
  self.encoder = nn.TransformerEncoder(block, layers)
{"anchor_rank": 13, "anchor": "LWKN", "budget": 320, "r2": 0.14960629452682506, "regret": {"1": {"acquired": 0.0, "novel_design": 0.008141089230775833, "campaign": 0.0}, "2": {"acquired": 2.5069518089294434, "novel_design": 7.1957701072096825, "campaign": 2.5069518089294434}, "3": {"acquired": 4.040257453918457, "novel_design": 3.267090320587158, "campaign": 3.267090320587158}, "4": {"acquired": 3.4637856483459473, "novel_design": 4.649201393127441, "campaign": 3.4637856483459473}}}
/media/PM983/Code/PLS/src/pls/editflow/student.py:46: UserWarning: enable_nested_tensor is True, but self.use_nested_tensor is False because encoder_layer.norm_first was True
  self.encoder = nn.TransformerEncoder(block, layers)
{"anchor_rank": 13, "anchor": "LWKN", "budget": 640, "r2": 0.46168947407848937, "regret": {"1": {"acquired": 0.0, "novel_design": 0.0, "campaign": 0.0}, "2": {"acquired": 0.7861900329589844, "novel_design": 0.0, "campaign": 0.0}, "3": {"acquired": 2.2524867057800293, "novel_design": 0.0, "campaign": 0.0}, "4": {"acquired": 0.7168140411376953, "novel_design": 0.0, "campaign": 0.0}}}
/media/PM983/Code/PLS/src/pls/editflow/student.py:46: UserWarning: enable_nested_tensor is True, but self.use_nested_tensor is False because encoder_layer.norm_first was True
  self.encoder = nn.TransformerEncoder(block, layers)
{"anchor_rank": 14, "anchor": "YWFN", "budget": 80, "r2": 0.022374768680086032, "regret": {"1": {"acquired": 4.952464837580919, "novel_design": 4.001872897148132, "campaign": 4.001872897148132}, "2": {"acquired": 6.282943982630968, "novel_design": 6.085536479949951, "campaign": 6.085536479949951}, "3": {"acquired": 8.104246020317078, "novel_design": 8.586355477571487, "campaign": 8.104246020317078}, "4": {"acquired": 8.104246020317078, "novel_design": 8.76196575164795, "campaign": 8.104246020317078}}}
/media/PM983/Code/PLS/src/pls/editflow/student.py:46: UserWarning: enable_nested_tensor is True, but self.use_nested_tensor is False because encoder_layer.norm_first was True
  self.encoder = nn.TransformerEncoder(block, layers)
{"anchor_rank": 14, "anchor": "YWFN", "budget": 160, "r2": -0.1404082598980101, "regret": {"1": {"acquired": 0.0, "novel_design": 0.23429971653968096, "campaign": 0.0}, "2": {"acquired": 1.3304791450500488, "novel_design": 1.848222255706787, "campaign": 1.3304791450500488}, "3": {"acquired": 3.7489476203918457, "novel_design": 5.307931423187256, "campaign": 3.7489476203918457}, "4": {"acquired": 3.7489476203918457, "novel_design": 5.307931423187256, "campaign": 3.7489476203918457}}}
/media/PM983/Code/PLS/src/pls/editflow/student.py:46: UserWarning: enable_nested_tensor is True, but self.use_nested_tensor is False because encoder_layer.norm_first was True
  self.encoder = nn.TransformerEncoder(block, layers)
{"anchor_rank": 14, "anchor": "YWFN", "budget": 320, "r2": 0.4563588587269455, "regret": {"1": {"acquired": 0.0, "novel_design": 0.024065853795036674, "campaign": 0.0}, "2": {"acquired": 0.0, "novel_design": 3.4060051441192627, "campaign": 0.0}, "3": {"acquired": 1.780632495880127, "novel_design": 1.884016513824463, "campaign": 1.780632495880127}, "4": {"acquired": 1.780632495880127, "novel_design": 4.336153030395508, "campaign": 1.780632495880127}}}
/media/PM983/Code/PLS/src/pls/editflow/student.py:46: UserWarning: enable_nested_tensor is True, but self.use_nested_tensor is False because encoder_layer.norm_first was True
  self.encoder = nn.TransformerEncoder(block, layers)
{"anchor_rank": 14, "anchor": "YWFN", "budget": 640, "r2": 0.47723242004533484, "regret": {"1": {"acquired": 0.0, "novel_design": 0.0, "campaign": 0.0}, "2": {"acquired": 0.0, "novel_design": 0.6464881896972656, "campaign": 0.0}, "3": {"acquired": 0.0, "novel_design": 0.3260030746459961, "campaign": 0.0}, "4": {"acquired": 0.0, "novel_design": 0.32820892333984375, "campaign": 0.0}}}
/media/PM983/Code/PLS/src/pls/editflow/student.py:46: UserWarning: enable_nested_tensor is True, but self.use_nested_tensor is False because encoder_layer.norm_first was True
  self.encoder = nn.TransformerEncoder(block, layers)
{"anchor_rank": 15, "anchor": "EDDI", "budget": 80, "r2": -0.1461815132577109, "regret": {"1": {"acquired": 0.0686978898011148, "novel_design": 0.06673177052289248, "campaign": 0.06673177052289248}, "2": {"acquired": 2.6097905337810516, "novel_design": 2.9876614483073354, "campaign": 2.6097905337810516}, "3": {"acquired": 4.533920437097549, "novel_design": 4.173451781272888, "campaign": 4.173451781272888}, "4": {"acquired": 5.823999881744385, "novel_design": 8.659184500575066, "campaign": 5.823999881744385}}}
/media/PM983/Code/PLS/src/pls/editflow/student.py:46: UserWarning: enable_nested_tensor is True, but self.use_nested_tensor is False because encoder_layer.norm_first was True
  self.encoder = nn.TransformerEncoder(block, layers)
{"anchor_rank": 15, "anchor": "EDDI", "budget": 160, "r2": 0.047271908076124025, "regret": {"1": {"acquired": 0.0, "novel_design": 0.007613426074385643, "campaign": 0.0}, "2": {"acquired": 2.6097905337810516, "novel_design": 2.977342179045081, "campaign": 2.6097905337810516}, "3": {"acquired": 4.533920437097549, "novel_design": 4.585626929998398, "campaign": 4.533920437097549}, "4": {"acquired": 5.019134759902954, "novel_design": 4.341804027557373, "campaign": 4.341804027557373}}}
/media/PM983/Code/PLS/src/pls/editflow/student.py:46: UserWarning: enable_nested_tensor is True, but self.use_nested_tensor is False because encoder_layer.norm_first was True
  self.encoder = nn.TransformerEncoder(block, layers)
{"anchor_rank": 15, "anchor": "EDDI", "budget": 320, "r2": 0.42585564277565724, "regret": {"1": {"acquired": 0.0, "novel_design": 0.0042775365291163325, "campaign": 0.0}, "2": {"acquired": 0.002499103546142578, "novel_design": 1.8492662906646729, "campaign": 0.002499103546142578}, "3": {"acquired": 1.9985358715057373, "novel_design": 0.9451417922973633, "campaign": 0.9451417922973633}, "4": {"acquired": 2.8710389137268066, "novel_design": 4.341804027557373, "campaign": 2.8710389137268066}}}
/media/PM983/Code/PLS/src/pls/editflow/student.py:46: UserWarning: enable_nested_tensor is True, but self.use_nested_tensor is False because encoder_layer.norm_first was True
  self.encoder = nn.TransformerEncoder(block, layers)
{"anchor_rank": 15, "anchor": "EDDI", "budget": 640, "r2": 0.4490215822904807, "regret": {"1": {"acquired": 0.0, "novel_design": 0.0055290586315095425, "campaign": 0.0}, "2": {"acquired": 0.0, "novel_design": 0.6052191853523254, "campaign": 0.0}, "3": {"acquired": 0.0, "novel_design": 0.6640112400054932, "campaign": 0.0}, "4": {"acquired": 1.5333056449890137, "novel_design": 2.4708828926086426, "campaign": 1.5333056449890137}}}
{"aggregate": [{"budget": 80, "anchors": 16, "value_r2": {"mean": -0.11253012786666175, "median": -0.02151343980770848, "standard_deviation": 0.22509947732053923, "minimum": -0.8315400087230369, "maximum": 0.022374768680086032, "count": 16}, "edge_spearman": {"mean": 0.1682934337916947, "median": 0.17112927591511368, "standard_deviation": 0.06508879422726485, "minimum": 0.03248976056661079, "maximum": 0.27366032744455837, "count": 16}, "anchor_macro_kendall_tau": {"mean": 0.1334878944761117, "median": 0.1467327200462818, "standard_deviation": 0.05530835038226309, "minimum": 0.017069328042537295, "maximum": 0.21238698365776926, "count": 16}, "closed_edges": {"mean": 94.1875, "median": 94.5, "standard_deviation": 5.269013190342192, "minimum": 85.0, "maximum": 103.0, "count": 16}, "regret": {"1": {"acquired": {"mean": 1.4221826386346947, "median": 0.5129121689824387, "standard_deviation": 1.8223073461920718, "minimum": 0.006570606958121061, "maximum": 4.952464837580919, "count": 16, "zero_regret_fraction": 0.0, "unavailable_fraction": 0.0}, "novel_design": {"mean": 1.1261584262392716, "median": 0.20936877792701125, "standard_deviation": 1.6145125221022838, "minimum": 0.0, "maximum": 4.396329909563065, "count": 16, "zero_regret_fraction": 0.0625, "unavailable_fraction": 0.0}, "campaign": {"mean": 1.1245119699597126, "median": 0.20810989243909717, "standard_deviation": 1.6150929698254002, "minimum": 0.0, "maximum": 4.396329909563065, "count": 16, "zero_regret_fraction": 0.0625, "unavailable_fraction": 0.0}}, "2": {"acquired": {"mean": 4.206242589280009, "median": 4.238898400217295, "standard_deviation": 2.0437981766004945, "minimum": 0.040409719571471214, "maximum": 7.206055294722319, "count": 16, "zero_regret_fraction": 0.0, "unavailable_fraction": 0.0}, "novel_design": {"mean": 3.8412952842045343, "median": 3.657251380616799, "standard_deviation": 2.7693241696749675, "minimum": 0.0, "maximum": 7.265414172783494, "count": 16, "zero_regret_fraction": 0.0625, "unavailable_fraction": 0.0}, "campaign": {"mean": 3.548461556667462, "median": 3.6392401908524334, "standard_deviation": 2.538471751026345, "minimum": 0.0, "maximum": 7.206055294722319, "count": 16, "zero_regret_fraction": 0.0625, "unavailable_fraction": 0.0}}, "3": {"acquired": {"mean": 5.998593097436242, "median": 6.423866153694689, "standard_deviation": 1.6875756951972474, "minimum": 3.08636736869812, "maximum": 8.729808636009693, "count": 16, "zero_regret_fraction": 0.0, "unavailable_fraction": 0.0}, "novel_design": {"mean": 6.180569569201907, "median": 6.143138395622373, "standard_deviation": 1.5603440721076016, "minimum": 3.4182189106941223, "maximum": 8.586355477571487, "count": 16, "zero_regret_fraction": 0.0, "unavailable_fraction": 0.0}, "campaign": {"mean": 5.665280000772327, "median": 6.009514429606497, "standard_deviation": 1.6413753111600111, "minimum": 3.08636736869812, "maximum": 8.104246020317078, "count": 16, "zero_regret_fraction": 0.0, "unavailable_fraction": 0.0}}, "4": {"acquired": {"mean": 7.066959302872419, "median": 7.3393203020095825, "standard_deviation": 1.2935330279495383, "minimum": 4.828968524932861, "maximum": 8.663391917943954, "count": 16, "zero_regret_fraction": 0.0, "unavailable_fraction": 0.0}, "novel_design": {"mean": 8.095482091157464, "median": 8.517905823886395, "standard_deviation": 0.8994915566993031, "minimum": 5.820515155792236, "maximum": 8.76196575164795, "count": 16, "zero_regret_fraction": 0.0, "unavailable_fraction": 0.0}, "campaign": {"mean": 6.833940686658025, "median": 7.049836218357086, "standard_deviation": 1.2166545054136417, "minimum": 4.828968524932861, "maximum": 8.431090384721756, "count": 16, "zero_regret_fraction": 0.0, "unavailable_fraction": 0.0}}}}, {"budget": 160, "anchors": 16, "value_r2": {"mean": -0.06889512374213727, "median": 0.03473473138662969, "standard_deviation": 0.2760784488481254, "minimum": -0.7714585582843754, "maximum": 0.16576260076351979, "count": 16}, "edge_spearman": {"mean": 0.25369977068633737, "median": 0.2637139928979226, "standard_deviation": 0.06051284377193243, "minimum": 0.1279709730654353, "maximum": 0.3535228372344385, "count": 16}, "anchor_macro_kendall_tau": {"mean": 0.17442050948432317, "median": 0.1882620553050185, "standard_deviation": 0.03806845618604149, "minimum": 0.10125878971759052, "maximum": 0.23118879458489025, "count": 16}, "closed_edges": {"mean": 693.9375, "median": 695.5, "standard_deviation": 59.46255824746639, "minimum": 561.0, "maximum": 794.0, "count": 16}, "regret": {"1": {"acquired": {"mean": 0.026146225747652352, "median": 0.0, "standard_deviation": 0.10368156321577214, "minimum": 0.0, "maximum": 0.4149390757083893, "count": 16, "zero_regret_fraction": 0.875, "unavailable_fraction": 0.0}, "novel_design": {"mean": 0.1900080466075451, "median": 0.03500283951871097, "standard_deviation": 0.27661063109283673, "minimum": 0.0, "maximum": 0.7530063651502132, "count": 16, "zero_regret_fraction": 0.0625, "unavailable_fraction": 0.0}, "campaign": {"mean": 0.026146225747652352, "median": 0.0, "standard_deviation": 0.10368156321577214, "minimum": 0.0, "maximum": 0.4149390757083893, "count": 16, "zero_regret_fraction": 0.875, "unavailable_fraction": 0.0}}, "2": {"acquired": {"mean": 2.9652626988245174, "median": 2.751504519023001, "standard_deviation": 1.4670748104057745, "minimum": 0.040409719571471214, "maximum": 5.45085597038269, "count": 16, "zero_regret_fraction": 0.0, "unavailable_fraction": 0.0}, "novel_design": {"mean": 2.982841429518885, "median": 3.1560474291909486, "standard_deviation": 1.8284560652116588, "minimum": 0.0, "maximum": 5.646211087703705, "count": 16, "zero_regret_fraction": 0.0625, "unavailable_fraction": 0.0}, "campaign": {"mean": 2.6859228590037674, "median": 2.678606614470482, "standard_deviation": 1.6374502451806774, "minimum": 0.0, "maximum": 5.328482836484909, "count": 16, "zero_regret_fraction": 0.0625, "unavailable_fraction": 0.0}}, "3": {"acquired": {"mean": 4.59304628171958, "median": 4.407324388623238, "standard_deviation": 1.5993450475493534, "minimum": 2.136345386505127, "maximum": 6.984161615371704, "count": 16, "zero_regret_fraction": 0.0, "unavailable_fraction": 0.0}, "novel_design": {"mean": 5.189137497567572, "median": 5.366451859474182, "standard_deviation": 1.1149231185782251, "minimum": 3.16561222076416, "maximum": 7.284194588661194, "count": 16, "zero_regret_fraction": 0.0, "unavailable_fraction": 0.0}, "campaign": {"mean": 4.407711783773266, "median": 4.407324388623238, "standard_deviation": 1.3926215166995346, "minimum": 2.136345386505127, "maximum": 6.447374224662781, "count": 16, "zero_regret_fraction": 0.0, "unavailable_fraction": 0.0}}, "4": {"acquired": {"mean": 4.584032107144594, "median": 4.498366832733154, "standard_deviation": 1.6967423183749009, "minimum": 1.47963285446167, "maximum": 8.158632934093475, "count": 16, "zero_regret_fraction": 0.0, "unavailable_fraction": 0.0}, "novel_design": {"mean": 5.9925755154690705, "median": 5.4113452434539795, "standard_deviation": 1.64096439673054, "minimum": 3.686666488647461, "maximum": 8.746617085300386, "count": 16, "zero_regret_fraction": 0.0, "unavailable_fraction": 0.0}, "campaign": {"mean": 4.455487508326769, "median": 4.206717491149902, "standard_deviation": 1.6868417785927383, "minimum": 1.47963285446167, "maximum": 8.070826232433319, "count": 16, "zero_regret_fraction": 0.0, "unavailable_fraction": 0.0}}}}, {"budget": 320, "anchors": 16, "value_r2": {"mean": 0.2955220569739202, "median": 0.2761256632563146, "standard_deviation": 0.11189283702213623, "minimum": 0.09864670355402416, "maximum": 0.4976735458318293, "count": 16}, "edge_spearman": {"mean": 0.321035616752717, "median": 0.32775137370112184, "standard_deviation": 0.04203166667552367, "minimum": 0.24454551352653758, "maximum": 0.3886503866011647, "count": 16}, "anchor_macro_kendall_tau": {"mean": 0.20534373278535556, "median": 0.20859997807270364, "standard_deviation": 0.03161678039212198, "minimum": 0.15095780676312276, "maximum": 0.24976324499208374, "count": 16}, "closed_edges": {"mean": 1923.9375, "median": 1905.5, "standard_deviation": 223.56936842957714, "minimum": 1580.0, "maximum": 2411.0, "count": 16}, "regret": {"1": {"acquired": {"mean": 0.0, "median": 0.0, "standard_deviation": 0.0, "minimum": 0.0, "maximum": 0.0, "count": 16, "zero_regret_fraction": 1.0, "unavailable_fraction": 0.0}, "novel_design": {"mean": 0.024801506755466107, "median": 0.0050375229911878705, "standard_deviation": 0.06213820814815638, "minimum": 0.0, "maximum": 0.25289202481508255, "count": 16, "zero_regret_fraction": 0.1875, "unavailable_fraction": 0.0}, "campaign": {"mean": 0.0, "median": 0.0, "standard_deviation": 0.0, "minimum": 0.0, "maximum": 0.0, "count": 16, "zero_regret_fraction": 1.0, "unavailable_fraction": 0.0}}, "2": {"acquired": {"mean": 0.6480408333009109, "median": 0.045468288473784924, "standard_deviation": 0.8926522672696391, "minimum": 0.0, "maximum": 2.5069518089294434, "count": 16, "zero_regret_fraction": 0.375, "unavailable_fraction": 0.0}, "novel_design": {"mean": 1.9132162740133936, "median": 1.3119663372635841, "standard_deviation": 1.9218862372026413, "minimum": 0.0, "maximum": 7.1957701072096825, "count": 16, "zero_regret_fraction": 0.125, "unavailable_fraction": 0.0}, "campaign": {"mean": 0.4454670570557937, "median": 0.001249551773071289, "standard_deviation": 0.8228510931059847, "minimum": 0.0, "maximum": 2.5069518089294434, "count": 16, "zero_regret_fraction": 0.5, "unavailable_fraction": 0.0}}, "3": {"acquired": {"mean": 2.652618098189123, "median": 2.585150897502899, "standard_deviation": 1.2929875124795012, "minimum": 0.2745361328125, "maximum": 4.910311341285706, "count": 16, "zero_regret_fraction": 0.0, "unavailable_fraction": 0.0}, "novel_design": {"mean": 2.514481254853308, "median": 2.465092897415161, "standard_deviation": 1.771191377129741, "minimum": 0.0, "maximum": 5.671977758407593, "count": 16, "zero_regret_fraction": 0.0625, "unavailable_fraction": 0.0}, "campaign": {"mean": 2.0230078930035233, "median": 2.106339454650879, "standard_deviation": 1.474688859304499, "minimum": 0.0, "maximum": 4.910311341285706, "count": 16, "zero_regret_fraction": 0.0625, "unavailable_fraction": 0.0}}, "4": {"acquired": {"mean": 2.687114506959915, "median": 2.802757978439331, "standard_deviation": 1.1006639153297344, "minimum": 1.20509672164917, "maximum": 4.494801998138428, "count": 16, "zero_regret_fraction": 0.0, "unavailable_fraction": 0.0}, "novel_design": {"mean": 3.8899368718266487, "median": 4.008437395095825, "standard_deviation": 1.3589978613628955, "minimum": 1.5333056449890137, "maximum": 7.012704968452454, "count": 16, "zero_regret_fraction": 0.0, "unavailable_fraction": 0.0}, "campaign": {"mean": 2.466894119977951, "median": 2.5625901222229004, "standard_deviation": 0.9917209564219358, "minimum": 1.20509672164917, "maximum": 4.494801998138428, "count": 16, "zero_regret_fraction": 0.0, "unavailable_fraction": 0.0}}}}, {"budget": 640, "anchors": 16, "value_r2": {"mean": 0.44365762861729213, "median": 0.4446017311632563, "standard_deviation": 0.10998464973453757, "minimum": 0.2600605155123078, "maximum": 0.7252510606006626, "count": 16}, "edge_spearman": {"mean": 0.3670634121503248, "median": 0.3647600599260315, "standard_deviation": 0.02948497106564911, "minimum": 0.3117665671667598, "maximum": 0.43696068356354223, "count": 16}, "anchor_macro_kendall_tau": {"mean": 0.2312050793244524, "median": 0.23400146450540096, "standard_deviation": 0.025259653544122393, "minimum": 0.1772606265394586, "maximum": 0.2800286776329576, "count": 16}, "closed_edges": {"mean": 4957.6875, "median": 4854.0, "standard_deviation": 476.4206430945942, "minimum": 4276.0, "maximum": 5709.0, "count": 16}, "regret": {"1": {"acquired": {"mean": 0.0, "median": 0.0, "standard_deviation": 0.0, "minimum": 0.0, "maximum": 0.0, "count": 16, "zero_regret_fraction": 1.0, "unavailable_fraction": 0.0}, "novel_design": {"mean": 0.007840819338647028, "median": 0.0018939266446977854, "standard_deviation": 0.013557044421876005, "minimum": 0.0, "maximum": 0.05199106549844146, "count": 15, "zero_regret_fraction": 0.3333333333333333, "unavailable_fraction": 0.0625}, "campaign": {"mean": 0.0, "median": 0.0, "standard_deviation": 0.0, "minimum": 0.0, "maximum": 0.0, "count": 16, "zero_regret_fraction": 1.0, "unavailable_fraction": 0.0}}, "2": {"acquired": {"mean": 0.18195662123616785, "median": 0.0, "standard_deviation": 0.45992586224975524, "minimum": 0.0, "maximum": 1.7168828248977661, "count": 16, "zero_regret_fraction": 0.75, "unavailable_fraction": 0.0}, "novel_design": {"mean": 0.86835712735774, "median": 0.5760107934474945, "standard_deviation": 1.0640153308390057, "minimum": 0.0, "maximum": 4.020232565701008, "count": 16, "zero_regret_fraction": 0.1875, "unavailable_fraction": 0.0}, "campaign": {"mean": 0.025514567620120943, "median": 0.0, "standard_deviation": 0.09183720406355948, "minimum": 0.0, "maximum": 0.36782336235046387, "count": 16, "zero_regret_fraction": 0.875, "unavailable_fraction": 0.0}}, "3": {"acquired": {"mean": 0.7760581970214844, "median": 0.3750591278076172, "standard_deviation": 0.9060309213739619, "minimum": 0.0, "maximum": 2.2524867057800293, "count": 16, "zero_regret_fraction": 0.5, "unavailable_fraction": 0.0}, "novel_design": {"mean": 1.5225249007344246, "median": 1.3559308052062988, "standard_deviation": 1.2442314882854955, "minimum": 0.0, "maximum": 4.38309383392334, "count": 16, "zero_regret_fraction": 0.125, "unavailable_fraction": 0.0}, "campaign": {"mean": 0.5560027956962585, "median": 0.0, "standard_deviation": 0.7956338730712559, "minimum": 0.0, "maximum": 2.078917980194092, "count": 16, "zero_regret_fraction": 0.625, "unavailable_fraction": 0.0}}, "4": {"acquired": {"mean": 1.357167899608612, "median": 1.34236478805542, "standard_deviation": 1.0806543684097252, "minimum": 0.0, "maximum": 3.267090320587158, "count": 16, "zero_regret_fraction": 0.25, "unavailable_fraction": 0.0}, "novel_design": {"mean": 2.277962177991867, "median": 2.4328410625457764, "standard_deviation": 1.5763985446060362, "minimum": 0.0, "maximum": 4.6142449378967285, "count": 16, "zero_regret_fraction": 0.1875, "unavailable_fraction": 0.0}, "campaign": {"mean": 1.2582482695579529, "median": 1.34236478805542, "standard_deviation": 1.1494974784693426, "minimum": 0.0, "maximum": 3.267090320587158, "count": 16, "zero_regret_fraction": 0.375, "unavailable_fraction": 0.0}}}}], "query_budget": {"acquisition": "prequential_calibrated_path", "anchors": 16, "budget_curve": [80, 160, 320, 640], "final_unique_queries_per_anchor": 640, "total_oracle_queries_across_independent_anchors": 10240, "teacher_query_cost_unit": "unique measured node per independent anchor", "same_protocol_required": true, "anchor_protocol_sha256": "3b3ef4a2152d1eac8f0780fe4f5964eb491e7113c3d93837def3dbe64a589566", "test_evaluated": false}, "test_evaluated": false}
