/media/PM983/Code/PLS/src/pls/editflow/student.py:46: UserWarning: enable_nested_tensor is True, but self.use_nested_tensor is False because encoder_layer.norm_first was True
  self.encoder = nn.TransformerEncoder(block, layers)
/media/PM983/Code/PLS/src/pls/editflow/student.py:46: UserWarning: enable_nested_tensor is True, but self.use_nested_tensor is False because encoder_layer.norm_first was True
  self.encoder = nn.TransformerEncoder(block, layers)
{"anchor_rank": 0, "anchor": "DNNV", "budget": 80, "r2": -0.4425539943950907, "regret": {"1": {"acquired": 0.01542617566883564, "novel_design": 0.017902973107993603, "campaign": 0.01542617566883564}, "2": {"acquired": 3.9494960382580757, "novel_design": 3.985518417786807, "campaign": 3.9494960382580757}, "3": {"acquired": 6.673592686653137, "novel_design": 5.240160226821899, "campaign": 5.240160226821899}, "4": {"acquired": 4.828968524932861, "novel_design": 6.61542010307312, "campaign": 4.828968524932861}}}
/media/PM983/Code/PLS/src/pls/editflow/student.py:46: UserWarning: enable_nested_tensor is True, but self.use_nested_tensor is False because encoder_layer.norm_first was True
  self.encoder = nn.TransformerEncoder(block, layers)
{"anchor_rank": 0, "anchor": "DNNV", "budget": 160, "r2": -0.8289558294422414, "regret": {"1": {"acquired": 0.0, "novel_design": 0.007201889529824257, "campaign": 0.0}, "2": {"acquired": 3.9494960382580757, "novel_design": 3.981965839397162, "campaign": 3.9494960382580757}, "3": {"acquired": 6.673592686653137, "novel_design": 6.447374224662781, "campaign": 6.447374224662781}, "4": {"acquired": 1.9044227600097656, "novel_design": 8.746617085300386, "campaign": 1.9044227600097656}}}
/media/PM983/Code/PLS/src/pls/editflow/student.py:46: UserWarning: enable_nested_tensor is True, but self.use_nested_tensor is False because encoder_layer.norm_first was True
  self.encoder = nn.TransformerEncoder(block, layers)
{"anchor_rank": 0, "anchor": "DNNV", "budget": 320, "r2": 0.2600989546284067, "regret": {"1": {"acquired": 0.0, "novel_design": 0.011603401508182287, "campaign": 0.0}, "2": {"acquired": 0.7754573822021484, "novel_design": 0.0, "campaign": 0.0}, "3": {"acquired": 4.34367561340332, "novel_design": 2.292024612426758, "campaign": 2.292024612426758}, "4": {"acquired": 1.9044227600097656, "novel_design": 3.4971213340759277, "campaign": 1.9044227600097656}}}
/media/PM983/Code/PLS/src/pls/editflow/student.py:46: UserWarning: enable_nested_tensor is True, but self.use_nested_tensor is False because encoder_layer.norm_first was True
  self.encoder = nn.TransformerEncoder(block, layers)
{"anchor_rank": 0, "anchor": "DNNV", "budget": 640, "r2": 0.535960819791928, "regret": {"1": {"acquired": 0.0, "novel_design": 0.0148153156042099, "campaign": 0.0}, "2": {"acquired": 0.0, "novel_design": 0.9924667179584503, "campaign": 0.0}, "3": {"acquired": 2.292024612426758, "novel_design": 1.2819223403930664, "campaign": 1.2819223403930664}, "4": {"acquired": 1.47963285446167, "novel_design": 2.418468475341797, "campaign": 1.47963285446167}}}
/media/PM983/Code/PLS/src/pls/editflow/student.py:46: UserWarning: enable_nested_tensor is True, but self.use_nested_tensor is False because encoder_layer.norm_first was True
  self.encoder = nn.TransformerEncoder(block, layers)
{"anchor_rank": 1, "anchor": "YLPR", "budget": 80, "r2": -0.10403213206641704, "regret": {"1": {"acquired": 0.006570606958121061, "novel_design": 0.006798917893320322, "campaign": 0.006570606958121061}, "2": {"acquired": 2.760065062902868, "novel_design": 0.05052685737609863, "campaign": 0.05052685737609863}, "3": {"acquired": 6.920347962528467, "novel_design": 6.913415752351284, "campaign": 6.913415752351284}, "4": {"acquired": 6.106783390045166, "novel_design": 8.75774908484891, "campaign": 6.106783390045166}}}
/media/PM983/Code/PLS/src/pls/editflow/student.py:46: UserWarning: enable_nested_tensor is True, but self.use_nested_tensor is False because encoder_layer.norm_first was True
  self.encoder = nn.TransformerEncoder(block, layers)
{"anchor_rank": 1, "anchor": "YLPR", "budget": 160, "r2": 0.041850532528798334, "regret": {"1": {"acquired": 0.0, "novel_design": 0.003578959032893181, "campaign": 0.0}, "2": {"acquired": 2.7555863428860903, "novel_design": 2.557719975709915, "campaign": 2.557719975709915}, "3": {"acquired": 6.1787543296813965, "novel_design": 5.17762303352356, "campaign": 5.17762303352356}, "4": {"acquired": 5.584080696105957, "novel_design": 5.397718191146851, "campaign": 5.397718191146851}}}
/media/PM983/Code/PLS/src/pls/editflow/student.py:46: UserWarning: enable_nested_tensor is True, but self.use_nested_tensor is False because encoder_layer.norm_first was True
  self.encoder = nn.TransformerEncoder(block, layers)
{"anchor_rank": 1, "anchor": "YLPR", "budget": 320, "r2": 0.18365629471567513, "regret": {"1": {"acquired": 0.0, "novel_design": 0.0, "campaign": 0.0}, "2": {"acquired": 0.05052685737609863, "novel_design": 1.864021897315979, "campaign": 0.05052685737609863}, "3": {"acquired": 4.26704216003418, "novel_design": 3.146794319152832, "campaign": 3.146794319152832}, "4": {"acquired": 4.239590644836426, "novel_design": 4.8110926151275635, "campaign": 4.239590644836426}}}
/media/PM983/Code/PLS/src/pls/editflow/student.py:46: UserWarning: enable_nested_tensor is True, but self.use_nested_tensor is False because encoder_layer.norm_first was True
  self.encoder = nn.TransformerEncoder(block, layers)
{"anchor_rank": 1, "anchor": "YLPR", "budget": 640, "r2": 0.4587988479214117, "regret": {"1": {"acquired": 0.0, "novel_design": 0.0015196155291050673, "campaign": 0.0}, "2": {"acquired": 0.0, "novel_design": 0.5468024015426636, "campaign": 0.0}, "3": {"acquired": 1.914285659790039, "novel_design": 1.3500652313232422, "campaign": 1.3500652313232422}, "4": {"acquired": 2.989933490753174, "novel_design": 3.638988494873047, "campaign": 2.989933490753174}}}
/media/PM983/Code/PLS/src/pls/editflow/student.py:46: UserWarning: enable_nested_tensor is True, but self.use_nested_tensor is False because encoder_layer.norm_first was True
  self.encoder = nn.TransformerEncoder(block, layers)
{"anchor_rank": 2, "anchor": "DRFS", "budget": 80, "r2": -0.01924079561881853, "regret": {"1": {"acquired": 0.6763363236095756, "novel_design": 0.4149390757083893, "campaign": 0.4149390757083893}, "2": {"acquired": 5.589880084386095, "novel_design": 2.9672582149505615, "campaign": 2.9672582149505615}, "3": {"acquired": 6.32932055182755, "novel_design": 5.497291386127472, "campaign": 5.497291386127472}, "4": {"acquired": 7.443414807319641, "novel_design": 6.9773149490356445, "campaign": 6.9773149490356445}}}
/media/PM983/Code/PLS/src/pls/editflow/student.py:46: UserWarning: enable_nested_tensor is True, but self.use_nested_tensor is False because encoder_layer.norm_first was True
  self.encoder = nn.TransformerEncoder(block, layers)
{"anchor_rank": 2, "anchor": "DRFS", "budget": 160, "r2": 0.11780091153220962, "regret": {"1": {"acquired": 0.4149390757083893, "novel_design": 0.6718394756317139, "campaign": 0.4149390757083893}, "2": {"acquired": 5.328482836484909, "novel_design": 5.361759305000305, "campaign": 5.328482836484909}, "3": {"acquired": 6.078601092100143, "novel_design": 3.195920705795288, "campaign": 3.195920705795288}, "4": {"acquired": 5.673429250717163, "novel_design": 6.873811960220337, "campaign": 5.673429250717163}}}
/media/PM983/Code/PLS/src/pls/editflow/student.py:46: UserWarning: enable_nested_tensor is True, but self.use_nested_tensor is False because encoder_layer.norm_first was True
  self.encoder = nn.TransformerEncoder(block, layers)
{"anchor_rank": 2, "anchor": "DRFS", "budget": 320, "r2": 0.31821052567295505, "regret": {"1": {"acquired": 0.0, "novel_design": 0.008337135426700115, "campaign": 0.0}, "2": {"acquired": 1.3262152671813965, "novel_design": 0.718379020690918, "campaign": 0.718379020690918}, "3": {"acquired": 2.076333522796631, "novel_design": 1.6157970428466797, "campaign": 1.6157970428466797}, "4": {"acquired": 4.494801998138428, "novel_design": 4.034265518188477, "campaign": 4.034265518188477}}}
/media/PM983/Code/PLS/src/pls/editflow/student.py:46: UserWarning: enable_nested_tensor is True, but self.use_nested_tensor is False because encoder_layer.norm_first was True
  self.encoder = nn.TransformerEncoder(block, layers)
{"anchor_rank": 2, "anchor": "DRFS", "budget": 640, "r2": 0.63713169581147, "regret": {"1": {"acquired": 0.0, "novel_design": 0.0058679161593317986, "campaign": 0.0}, "2": {"acquired": 0.0, "novel_design": 0.0, "campaign": 0.0}, "3": {"acquired": 0.7501182556152344, "novel_design": 0.0, "campaign": 0.0}, "4": {"acquired": 2.7872471809387207, "novel_design": 2.418468475341797, "campaign": 2.418468475341797}}}
/media/PM983/Code/PLS/src/pls/editflow/student.py:46: UserWarning: enable_nested_tensor is True, but self.use_nested_tensor is False because encoder_layer.norm_first was True
  self.encoder = nn.TransformerEncoder(block, layers)
{"anchor_rank": 3, "anchor": "TRFP", "budget": 80, "r2": -0.19646139979395127, "regret": {"1": {"acquired": 0.7664656285196543, "novel_design": 0.7717775627970695, "campaign": 0.7664656285196543}, "2": {"acquired": 4.528300762176514, "novel_design": 5.559680249541998, "campaign": 4.528300762176514}, "3": {"acquired": 3.08636736869812, "novel_design": 6.3366451929323375, "campaign": 3.08636736869812}, "4": {"acquired": 5.504835844039917, "novel_design": 8.716957200318575, "campaign": 5.504835844039917}}}
/media/PM983/Code/PLS/src/pls/editflow/student.py:46: UserWarning: enable_nested_tensor is True, but self.use_nested_tensor is False because encoder_layer.norm_first was True
  self.encoder = nn.TransformerEncoder(block, layers)
{"anchor_rank": 3, "anchor": "TRFP", "budget": 160, "r2": 0.13263923839367853, "regret": {"1": {"acquired": 0.0, "novel_design": 0.0, "campaign": 0.0}, "2": {"acquired": 4.528300762176514, "novel_design": 5.191815078258514, "campaign": 4.528300762176514}, "3": {"acquired": 2.657356023788452, "novel_design": 3.16561222076416, "campaign": 2.657356023788452}, "4": {"acquired": 4.716005325317383, "novel_design": 3.686666488647461, "campaign": 3.686666488647461}}}
/media/PM983/Code/PLS/src/pls/editflow/student.py:46: UserWarning: enable_nested_tensor is True, but self.use_nested_tensor is False because encoder_layer.norm_first was True
  self.encoder = nn.TransformerEncoder(block, layers)
{"anchor_rank": 3, "anchor": "TRFP", "budget": 320, "r2": 0.24274257681563272, "regret": {"1": {"acquired": 0.0, "novel_design": 0.005220634862780571, "campaign": 0.0}, "2": {"acquired": 0.0, "novel_design": 1.8039436340332031, "campaign": 0.0}, "3": {"acquired": 0.7501182556152344, "novel_design": 1.505383014678955, "campaign": 0.7501182556152344}, "4": {"acquired": 2.989933490753174, "novel_design": 5.397718191146851, "campaign": 2.989933490753174}}}
/media/PM983/Code/PLS/src/pls/editflow/student.py:46: UserWarning: enable_nested_tensor is True, but self.use_nested_tensor is False because encoder_layer.norm_first was True
  self.encoder = nn.TransformerEncoder(block, layers)
{"anchor_rank": 3, "anchor": "TRFP", "budget": 640, "r2": 0.4985027351668231, "regret": {"1": {"acquired": 0.0, "novel_design": 0.002700462471693754, "campaign": 0.0}, "2": {"acquired": 0.0, "novel_design": 0.0, "campaign": 0.0}, "3": {"acquired": 0.0, "novel_design": 0.04934358596801758, "campaign": 0.0}, "4": {"acquired": 2.418468475341797, "novel_design": 2.920382499694824, "campaign": 2.418468475341797}}}
/media/PM983/Code/PLS/src/pls/editflow/student.py:46: UserWarning: enable_nested_tensor is True, but self.use_nested_tensor is False because encoder_layer.norm_first was True
  self.encoder = nn.TransformerEncoder(block, layers)
{"anchor_rank": 4, "anchor": "CYCQ", "budget": 80, "r2": -0.02072080790147912, "regret": {"1": {"acquired": 2.3929328257218003, "novel_design": 2.3746238593012094, "campaign": 2.3746238593012094}, "2": {"acquired": 5.3729952573776245, "novel_design": 6.4040025770664215, "campaign": 5.3729952573776245}, "3": {"acquired": 6.518411755561829, "novel_design": 7.158981204032898, "campaign": 6.518411755561829}, "4": {"acquired": 7.235225796699524, "novel_design": 7.875795245170593, "campaign": 7.235225796699524}}}
/media/PM983/Code/PLS/src/pls/editflow/student.py:46: UserWarning: enable_nested_tensor is True, but self.use_nested_tensor is False because encoder_layer.norm_first was True
  self.encoder = nn.TransformerEncoder(block, layers)
{"anchor_rank": 4, "anchor": "CYCQ", "budget": 160, "r2": 0.0893080517424315, "regret": {"1": {"acquired": 0.0, "novel_design": 0.7530063651502132, "campaign": 0.0}, "2": {"acquired": 4.097546100616455, "novel_design": 5.500054776668549, "campaign": 4.097546100616455}, "3": {"acquired": 5.405414581298828, "novel_design": 6.528296232223511, "campaign": 5.405414581298828}, "4": {"acquired": 6.122228622436523, "novel_design": 7.004339218139648, "campaign": 6.122228622436523}}}
/media/PM983/Code/PLS/src/pls/editflow/student.py:46: UserWarning: enable_nested_tensor is True, but self.use_nested_tensor is False because encoder_layer.norm_first was True
  self.encoder = nn.TransformerEncoder(block, layers)
{"anchor_rank": 4, "anchor": "CYCQ", "budget": 320, "r2": 0.41164438993557373, "regret": {"1": {"acquired": 0.0, "novel_design": 0.0, "campaign": 0.0}, "2": {"acquired": 1.891815185546875, "novel_design": 1.2350997924804688, "campaign": 1.2350997924804688}, "3": {"acquired": 3.4411916732788086, "novel_design": 2.7844762802124023, "campaign": 2.7844762802124023}, "4": {"acquired": 4.158005714416504, "novel_design": 3.5012903213500977, "campaign": 3.5012903213500977}}}
/media/PM983/Code/PLS/src/pls/editflow/student.py:46: UserWarning: enable_nested_tensor is True, but self.use_nested_tensor is False because encoder_layer.norm_first was True
  self.encoder = nn.TransformerEncoder(block, layers)
{"anchor_rank": 4, "anchor": "CYCQ", "budget": 640, "r2": 0.5658312306732884, "regret": {"1": {"acquired": 0.0, "novel_design": 0.005171383731067181, "campaign": 0.0}, "2": {"acquired": 0.0, "novel_design": 0.5962607860565186, "campaign": 0.0}, "3": {"acquired": 0.8164916038513184, "novel_design": 0.7628188133239746, "campaign": 0.7628188133239746}, "4": {"acquired": 1.5333056449890137, "novel_design": 3.090053081512451, "campaign": 1.5333056449890137}}}
/media/PM983/Code/PLS/src/pls/editflow/student.py:46: UserWarning: enable_nested_tensor is True, but self.use_nested_tensor is False because encoder_layer.norm_first was True
  self.encoder = nn.TransformerEncoder(block, layers)
{"anchor_rank": 5, "anchor": "IPKK", "budget": 80, "r2": -0.022663751466446058, "regret": {"1": {"acquired": 0.02108333259820938, "novel_design": 0.009166666306555271, "campaign": 0.009166666306555271}, "2": {"acquired": 3.3375494480133057, "novel_design": 0.0, "campaign": 0.0}, "3": {"acquired": 6.0043596513569355, "novel_design": 6.0145241897553205, "campaign": 6.0043596513569355}, "4": {"acquired": 8.663391917943954, "novel_design": 5.820515155792236, "campaign": 5.820515155792236}}}
/media/PM983/Code/PLS/src/pls/editflow/student.py:46: UserWarning: enable_nested_tensor is True, but self.use_nested_tensor is False because encoder_layer.norm_first was True
  self.encoder = nn.TransformerEncoder(block, layers)
{"anchor_rank": 5, "anchor": "IPKK", "budget": 160, "r2": -0.8212301545570253, "regret": {"1": {"acquired": 0.0034005362540483475, "novel_design": 0.02108333259820938, "campaign": 0.0034005362540483475}, "2": {"acquired": 3.3198666516691446, "novel_design": 3.334752679336816, "campaign": 3.3198666516691446}, "3": {"acquired": 6.0043596513569355, "novel_design": 6.03631948819384, "campaign": 6.0043596513569355}, "4": {"acquired": 1.47963285446167, "novel_design": 8.052829504013062, "campaign": 1.47963285446167}}}
/media/PM983/Code/PLS/src/pls/editflow/student.py:46: UserWarning: enable_nested_tensor is True, but self.use_nested_tensor is False because encoder_layer.norm_first was True
  self.encoder = nn.TransformerEncoder(block, layers)
{"anchor_rank": 5, "anchor": "IPKK", "budget": 320, "r2": 0.1618889694630693, "regret": {"1": {"acquired": 0.0034005362540483475, "novel_design": 0.0, "campaign": 0.0}, "2": {"acquired": 0.0, "novel_design": 1.421443596482277, "campaign": 0.0}, "3": {"acquired": 2.7045280933380127, "novel_design": 0.034450531005859375, "campaign": 0.034450531005859375}, "4": {"acquired": 1.47963285446167, "novel_design": 2.7543387413024902, "campaign": 1.47963285446167}}}
/media/PM983/Code/PLS/src/pls/editflow/student.py:46: UserWarning: enable_nested_tensor is True, but self.use_nested_tensor is False because encoder_layer.norm_first was True
  self.encoder = nn.TransformerEncoder(block, layers)
{"anchor_rank": 5, "anchor": "IPKK", "budget": 640, "r2": 0.3372246574343827, "regret": {"1": {"acquired": 0.0, "novel_design": 0.0, "campaign": 0.0}, "2": {"acquired": 0.0, "novel_design": 0.3426131010055542, "campaign": 0.0}, "3": {"acquired": 0.0, "novel_design": 0.8777694702148438, "campaign": 0.0}, "4": {"acquired": 1.2073025703430176, "novel_design": 3.02378511428833, "campaign": 1.2073025703430176}}}
/media/PM983/Code/PLS/src/pls/editflow/student.py:46: UserWarning: enable_nested_tensor is True, but self.use_nested_tensor is False because encoder_layer.norm_first was True
  self.encoder = nn.TransformerEncoder(block, layers)
{"anchor_rank": 6, "anchor": "LVHA", "budget": 80, "r2": 0.01179827722462945, "regret": {"1": {"acquired": 2.841629147529602, "novel_design": 0.0, "campaign": 0.0}, "2": {"acquired": 5.589051842689514, "novel_design": 6.84332150220871, "campaign": 5.589051842689514}, "3": {"acquired": 7.122357487678528, "novel_design": 8.376627147197723, "campaign": 7.122357487678528}, "4": {"acquired": 7.122357487678528, "novel_design": 8.376627147197723, "campaign": 7.122357487678528}}}
/media/PM983/Code/PLS/src/pls/editflow/student.py:46: UserWarning: enable_nested_tensor is True, but self.use_nested_tensor is False because encoder_layer.norm_first was True
  self.encoder = nn.TransformerEncoder(block, layers)
{"anchor_rank": 6, "anchor": "LVHA", "budget": 160, "r2": 0.15646483410108802, "regret": {"1": {"acquired": 0.0, "novel_design": 0.10466666333377361, "campaign": 0.0}, "2": {"acquired": 2.747422695159912, "novel_design": 1.337733268737793, "campaign": 1.337733268737793}, "3": {"acquired": 4.280728340148926, "novel_design": 2.8710389137268066, "campaign": 2.8710389137268066}, "4": {"acquired": 4.280728340148926, "novel_design": 2.8710389137268066, "campaign": 2.8710389137268066}}}
/media/PM983/Code/PLS/src/pls/editflow/student.py:46: UserWarning: enable_nested_tensor is True, but self.use_nested_tensor is False because encoder_layer.norm_first was True
  self.encoder = nn.TransformerEncoder(block, layers)
{"anchor_rank": 6, "anchor": "LVHA", "budget": 320, "r2": 0.22348599768298028, "regret": {"1": {"acquired": 0.0, "novel_design": 0.026721572503447533, "campaign": 0.0}, "2": {"acquired": 1.337733268737793, "novel_design": 4.05782413482666, "campaign": 1.337733268737793}, "3": {"acquired": 2.8710389137268066, "novel_design": 3.4265055656433105, "campaign": 2.8710389137268066}, "4": {"acquired": 2.8710389137268066, "novel_design": 3.4265055656433105, "campaign": 2.8710389137268066}}}
/media/PM983/Code/PLS/src/pls/editflow/student.py:46: UserWarning: enable_nested_tensor is True, but self.use_nested_tensor is False because encoder_layer.norm_first was True
  self.encoder = nn.TransformerEncoder(block, layers)
{"anchor_rank": 6, "anchor": "LVHA", "budget": 640, "r2": 0.3870641632785504, "regret": {"1": {"acquired": 0.0, "novel_design": 0.025559160625562072, "campaign": 0.0}, "2": {"acquired": 0.0, "novel_design": 1.9968595504760742, "campaign": 0.0}, "3": {"acquired": 1.5333056449890137, "novel_design": 4.180186748504639, "campaign": 1.5333056449890137}, "4": {"acquired": 1.5333056449890137, "novel_design": 4.180186748504639, "campaign": 1.5333056449890137}}}
/media/PM983/Code/PLS/src/pls/editflow/student.py:46: UserWarning: enable_nested_tensor is True, but self.use_nested_tensor is False because encoder_layer.norm_first was True
  self.encoder = nn.TransformerEncoder(block, layers)
{"anchor_rank": 7, "anchor": "IPVY", "budget": 80, "r2": -0.03122180974281208, "regret": {"1": {"acquired": 0.01311433594673872, "novel_design": 0.01585540291853249, "campaign": 0.01311433594673872}, "2": {"acquired": 3.3335335748270154, "novel_design": 3.328984343446791, "campaign": 3.328984343446791}, "3": {"acquired": 6.014669207856059, "novel_design": 6.039977286010981, "campaign": 6.014669207856059}, "4": {"acquired": 8.431090384721756, "novel_design": 8.758159038610756, "campaign": 8.431090384721756}}}
/media/PM983/Code/PLS/src/pls/editflow/student.py:46: UserWarning: enable_nested_tensor is True, but self.use_nested_tensor is False because encoder_layer.norm_first was True
  self.encoder = nn.TransformerEncoder(block, layers)
{"anchor_rank": 7, "anchor": "IPVY", "budget": 160, "r2": -0.030126992911968076, "regret": {"1": {"acquired": 0.0, "novel_design": 0.0, "campaign": 0.0}, "2": {"acquired": 3.3204192388802767, "novel_design": 3.3351462893188, "campaign": 3.3204192388802767}, "3": {"acquired": 6.014669207856059, "novel_design": 5.633140444755554, "campaign": 5.633140444755554}, "4": {"acquired": 8.158632934093475, "novel_design": 8.070826232433319, "campaign": 8.070826232433319}}}
/media/PM983/Code/PLS/src/pls/editflow/student.py:46: UserWarning: enable_nested_tensor is True, but self.use_nested_tensor is False because encoder_layer.norm_first was True
  self.encoder = nn.TransformerEncoder(block, layers)
{"anchor_rank": 7, "anchor": "IPVY", "budget": 320, "r2": 0.04918417542621867, "regret": {"1": {"acquired": 0.0, "novel_design": 0.0031455974094569683, "campaign": 0.0}, "2": {"acquired": 1.7168828248977661, "novel_design": 0.0, "campaign": 0.0}, "3": {"acquired": 4.421410918235779, "novel_design": 1.2400360107421875, "campaign": 1.2400360107421875}, "4": {"acquired": 7.14129912853241, "novel_design": 3.9599242210388184, "campaign": 3.9599242210388184}}}
/media/PM983/Code/PLS/src/pls/editflow/student.py:46: UserWarning: enable_nested_tensor is True, but self.use_nested_tensor is False because encoder_layer.norm_first was True
  self.encoder = nn.TransformerEncoder(block, layers)
{"anchor_rank": 7, "anchor": "IPVY", "budget": 640, "r2": 0.4110123929210051, "regret": {"1": {"acquired": 0.0, "novel_design": 0.0, "campaign": 0.0}, "2": {"acquired": 0.0, "novel_design": 1.421443596482277, "campaign": 0.0}, "3": {"acquired": 1.1590962409973145, "novel_design": 0.034450531005859375, "campaign": 0.034450531005859375}, "4": {"acquired": 3.8789844512939453, "novel_design": 4.102549076080322, "campaign": 3.8789844512939453}}}
/media/PM983/Code/PLS/src/pls/editflow/student.py:46: UserWarning: enable_nested_tensor is True, but self.use_nested_tensor is False because encoder_layer.norm_first was True
  self.encoder = nn.TransformerEncoder(block, layers)
{"anchor_rank": 8, "anchor": "MYCT", "budget": 80, "r2": -0.01128252419845599, "regret": {"1": {"acquired": 4.058067142963409, "novel_design": 3.7902015447616577, "campaign": 3.7902015447616577}, "2": {"acquired": 6.043925583362579, "novel_design": 6.490529608912766, "campaign": 6.043925583362579}, "3": {"acquired": 7.3585158586502075, "novel_design": 6.246299505233765, "campaign": 6.246299505233765}, "4": {"acquired": 8.075329899787903, "novel_design": 8.748162994161248, "campaign": 8.075329899787903}}}
/media/PM983/Code/PLS/src/pls/editflow/student.py:46: UserWarning: enable_nested_tensor is True, but self.use_nested_tensor is False because encoder_layer.norm_first was True
  self.encoder = nn.TransformerEncoder(block, layers)
{"anchor_rank": 8, "anchor": "MYCT", "budget": 160, "r2": -0.1551293985051878, "regret": {"1": {"acquired": 0.0, "novel_design": 0.36360645294189453, "campaign": 0.0}, "2": {"acquired": 1.98585844039917, "novel_design": 0.0, "campaign": 0.0}, "3": {"acquired": 2.9639077186584473, "novel_design": 3.610922336578369, "campaign": 2.9639077186584473}, "4": {"acquired": 3.6807217597961426, "novel_design": 4.3277363777160645, "campaign": 3.6807217597961426}}}
/media/PM983/Code/PLS/src/pls/editflow/student.py:46: UserWarning: enable_nested_tensor is True, but self.use_nested_tensor is False because encoder_layer.norm_first was True
  self.encoder = nn.TransformerEncoder(block, layers)
{"anchor_rank": 8, "anchor": "MYCT", "budget": 320, "r2": 0.35934833223986085, "regret": {"1": {"acquired": 0.0, "novel_design": 0.0, "campaign": 0.0}, "2": {"acquired": 0.0, "novel_design": 0.8053381443023682, "campaign": 0.0}, "3": {"acquired": 1.5493764877319336, "novel_design": 1.6779851913452148, "campaign": 1.5493764877319336}, "4": {"acquired": 2.266190528869629, "novel_design": 2.39479923248291, "campaign": 2.266190528869629}}}
/media/PM983/Code/PLS/src/pls/editflow/student.py:46: UserWarning: enable_nested_tensor is True, but self.use_nested_tensor is False because encoder_layer.norm_first was True
  self.encoder = nn.TransformerEncoder(block, layers)
{"anchor_rank": 8, "anchor": "MYCT", "budget": 640, "r2": 0.4949088543982355, "regret": {"1": {"acquired": 0.0, "novel_design": 0.0, "campaign": 0.0}, "2": {"acquired": 0.0, "novel_design": 1.857259750366211, "campaign": 0.0}, "3": {"acquired": 0.4882826805114746, "novel_design": 4.180576801300049, "campaign": 0.4882826805114746}, "4": {"acquired": 1.20509672164917, "novel_design": 2.7344770431518555, "campaign": 1.20509672164917}}}
/media/PM983/Code/PLS/src/pls/editflow/student.py:46: UserWarning: enable_nested_tensor is True, but self.use_nested_tensor is False because encoder_layer.norm_first was True
  self.encoder = nn.TransformerEncoder(block, layers)
{"anchor_rank": 9, "anchor": "EEVT", "budget": 80, "r2": 0.01239872378590734, "regret": {"1": {"acquired": 0.34948801435530186, "novel_design": 0.35200578533113003, "campaign": 0.34948801435530186}, "2": {"acquired": 2.011971328407526, "novel_design": 0.36782336235046387, "campaign": 0.36782336235046387}, "3": {"acquired": 3.605600118637085, "novel_design": 5.730437994003296, "campaign": 3.605600118637085}, "4": {"acquired": 5.677836179733276, "novel_design": 7.802674055099487, "campaign": 5.677836179733276}}}
/media/PM983/Code/PLS/src/pls/editflow/student.py:46: UserWarning: enable_nested_tensor is True, but self.use_nested_tensor is False because encoder_layer.norm_first was True
  self.encoder = nn.TransformerEncoder(block, layers)
{"anchor_rank": 9, "anchor": "EEVT", "budget": 160, "r2": 0.15257705047086945, "regret": {"1": {"acquired": 0.0, "novel_design": 0.07185433572158217, "campaign": 0.0}, "2": {"acquired": 1.684272438287735, "novel_design": 0.36782336235046387, "campaign": 0.36782336235046387}, "3": {"acquired": 2.136345386505127, "novel_design": 4.663705587387085, "campaign": 2.136345386505127}, "4": {"acquired": 4.208581447601318, "novel_design": 3.938688278198242, "campaign": 3.938688278198242}}}
/media/PM983/Code/PLS/src/pls/editflow/student.py:46: UserWarning: enable_nested_tensor is True, but self.use_nested_tensor is False because encoder_layer.norm_first was True
  self.encoder = nn.TransformerEncoder(block, layers)
{"anchor_rank": 9, "anchor": "EEVT", "budget": 320, "r2": 0.3200227878448463, "regret": {"1": {"acquired": 0.0, "novel_design": 0.004716729745268822, "campaign": 0.0}, "2": {"acquired": 0.36782336235046387, "novel_design": 1.2279042601585388, "campaign": 0.36782336235046387}, "3": {"acquired": 2.136345386505127, "novel_design": 4.992665767669678, "campaign": 2.136345386505127}, "4": {"acquired": 1.20509672164917, "novel_design": 4.351136207580566, "campaign": 1.20509672164917}}}
/media/PM983/Code/PLS/src/pls/editflow/student.py:46: UserWarning: enable_nested_tensor is True, but self.use_nested_tensor is False because encoder_layer.norm_first was True
  self.encoder = nn.TransformerEncoder(block, layers)
{"anchor_rank": 9, "anchor": "EEVT", "budget": 640, "r2": 0.48676234218592185, "regret": {"1": {"acquired": 0.0, "novel_design": 0.0, "campaign": 0.0}, "2": {"acquired": 0.0, "novel_design": 0.3366132974624634, "campaign": 0.0}, "3": {"acquired": 1.6990036964416504, "novel_design": 2.9485974311828613, "campaign": 1.6990036964416504}, "4": {"acquired": 1.20509672164917, "novel_design": 1.5333056449890137, "campaign": 1.20509672164917}}}
/media/PM983/Code/PLS/src/pls/editflow/student.py:46: UserWarning: enable_nested_tensor is True, but self.use_nested_tensor is False because encoder_layer.norm_first was True
  self.encoder = nn.TransformerEncoder(block, layers)
{"anchor_rank": 10, "anchor": "QMDR", "budget": 80, "r2": 0.02114715823375013, "regret": {"1": {"acquired": 0.011071528075262904, "novel_design": 0.009732817532494664, "campaign": 0.009732817532494664}, "2": {"acquired": 1.8462395707610995, "novel_design": 1.837557272054255, "campaign": 1.837557272054255}, "3": {"acquired": 4.220707431435585, "novel_design": 3.4182189106941223, "campaign": 3.4182189106941223}, "4": {"acquired": 7.985396325588226, "novel_design": 8.71979908645153, "campaign": 7.985396325588226}}}
/media/PM983/Code/PLS/src/pls/editflow/student.py:46: UserWarning: enable_nested_tensor is True, but self.use_nested_tensor is False because encoder_layer.norm_first was True
  self.encoder = nn.TransformerEncoder(block, layers)
{"anchor_rank": 10, "anchor": "QMDR", "budget": 160, "r2": 0.04166437550188595, "regret": {"1": {"acquired": 0.0, "novel_design": 0.0037026783684268594, "campaign": 0.0}, "2": {"acquired": 1.8363608438521624, "novel_design": 1.8460191821213812, "campaign": 1.8363608438521624}, "3": {"acquired": 3.4182189106941223, "novel_design": 4.315218925476074, "campaign": 3.4182189106941223}, "4": {"acquired": 4.897390842437744, "novel_design": 8.663391917943954, "campaign": 4.897390842437744}}}
/media/PM983/Code/PLS/src/pls/editflow/student.py:46: UserWarning: enable_nested_tensor is True, but self.use_nested_tensor is False because encoder_layer.norm_first was True
  self.encoder = nn.TransformerEncoder(block, layers)
{"anchor_rank": 10, "anchor": "QMDR", "budget": 320, "r2": 0.3455710833596011, "regret": {"1": {"acquired": 0.0, "novel_design": 0.0027685186360031366, "campaign": 0.0}, "2": {"acquired": 0.0, "novel_design": 0.8731255382299423, "campaign": 0.0}, "3": {"acquired": 2.4657737016677856, "novel_design": 0.6444287300109863, "campaign": 0.6444287300109863}, "4": {"acquired": 2.39479923248291, "novel_design": 2.7543387413024902, "campaign": 2.39479923248291}}}
/media/PM983/Code/PLS/src/pls/editflow/student.py:46: UserWarning: enable_nested_tensor is True, but self.use_nested_tensor is False because encoder_layer.norm_first was True
  self.encoder = nn.TransformerEncoder(block, layers)
{"anchor_rank": 10, "anchor": "QMDR", "budget": 640, "r2": 0.4912664694341299, "regret": {"1": {"acquired": 0.0, "novel_design": 0.0007071292493492365, "campaign": 0.0}, "2": {"acquired": 0.0, "novel_design": 0.0, "campaign": 0.0}, "3": {"acquired": 0.0, "novel_design": 1.555422067642212, "campaign": 0.0}, "4": {"acquired": 1.2073025703430176, "novel_design": 2.319495677947998, "campaign": 1.2073025703430176}}}
/media/PM983/Code/PLS/src/pls/editflow/student.py:46: UserWarning: enable_nested_tensor is True, but self.use_nested_tensor is False because encoder_layer.norm_first was True
  self.encoder = nn.TransformerEncoder(block, layers)
{"anchor_rank": 11, "anchor": "WSCP", "budget": 80, "r2": -0.019996164912804648, "regret": {"1": {"acquired": 4.804046211764216, "novel_design": 4.396329909563065, "campaign": 4.396329909563065}, "2": {"acquired": 6.797673344612122, "novel_design": 7.265414172783494, "campaign": 6.797673344612122}, "3": {"acquired": 7.072209477424622, "novel_design": 7.523922950029373, "campaign": 7.072209477424622}, "4": {"acquired": 8.277306199073792, "novel_design": 8.730158548802137, "campaign": 8.277306199073792}}}
/media/PM983/Code/PLS/src/pls/editflow/student.py:46: UserWarning: enable_nested_tensor is True, but self.use_nested_tensor is False because encoder_layer.norm_first was True
  self.encoder = nn.TransformerEncoder(block, layers)
{"anchor_rank": 11, "anchor": "WSCP", "budget": 160, "r2": 0.057380647635920656, "regret": {"1": {"acquired": 0.0, "novel_design": 0.514913460239768, "campaign": 0.0}, "2": {"acquired": 2.4590554237365723, "novel_design": 2.628441333770752, "campaign": 2.4590554237365723}, "3": {"acquired": 2.7335915565490723, "novel_design": 5.97429358959198, "campaign": 2.7335915565490723}, "4": {"acquired": 3.938688278198242, "novel_design": 7.17939031124115, "campaign": 3.938688278198242}}}
/media/PM983/Code/PLS/src/pls/editflow/student.py:46: UserWarning: enable_nested_tensor is True, but self.use_nested_tensor is False because encoder_layer.norm_first was True
  self.encoder = nn.TransformerEncoder(block, layers)
{"anchor_rank": 11, "anchor": "WSCP", "budget": 320, "r2": 0.20047160359962457, "regret": {"1": {"acquired": 0.0, "novel_design": 0.005540661513805389, "campaign": 0.0}, "2": {"acquired": 0.0, "novel_design": 0.6881685256958008, "campaign": 0.0}, "3": {"acquired": 0.2745361328125, "novel_design": 2.1969265937805176, "campaign": 0.2745361328125}, "4": {"acquired": 1.47963285446167, "novel_design": 3.4020233154296875, "campaign": 1.47963285446167}}}
/media/PM983/Code/PLS/src/pls/editflow/student.py:46: UserWarning: enable_nested_tensor is True, but self.use_nested_tensor is False because encoder_layer.norm_first was True
  self.encoder = nn.TransformerEncoder(block, layers)
{"anchor_rank": 11, "anchor": "WSCP", "budget": 640, "r2": 0.48593757028052753, "regret": {"1": {"acquired": 0.0, "novel_design": 0.011052206857129931, "campaign": 0.0}, "2": {"acquired": 0.0, "novel_design": 0.7583894729614258, "campaign": 0.0}, "3": {"acquired": 0.0022058486938476562, "novel_design": 1.2657861709594727, "campaign": 0.0022058486938476562}, "4": {"acquired": 1.2073025703430176, "novel_design": 2.4708828926086426, "campaign": 1.2073025703430176}}}
/media/PM983/Code/PLS/src/pls/editflow/student.py:46: UserWarning: enable_nested_tensor is True, but self.use_nested_tensor is False because encoder_layer.norm_first was True
  self.encoder = nn.TransformerEncoder(block, layers)
{"anchor_rank": 12, "anchor": "DPHR", "budget": 80, "r2": -0.8315400087230369, "regret": {"1": {"acquired": 0.009426145814359188, "novel_design": 0.016598213696852326, "campaign": 0.009426145814359188}, "2": {"acquired": 0.040409719571471214, "novel_design": 0.061165713937953115, "campaign": 0.040409719571471214}, "3": {"acquired": 3.683054907247424, "novel_design": 3.6884376481175423, "campaign": 3.683054907247424}, "4": {"acquired": 5.444634914398193, "novel_design": 8.28002056479454, "campaign": 5.444634914398193}}}
/media/PM983/Code/PLS/src/pls/editflow/student.py:46: UserWarning: enable_nested_tensor is True, but self.use_nested_tensor is False because encoder_layer.norm_first was True
  self.encoder = nn.TransformerEncoder(block, layers)
{"anchor_rank": 12, "anchor": "DPHR", "budget": 160, "r2": -0.13060320035232276, "regret": {"1": {"acquired": 0.0, "novel_design": 0.017130209133028984, "campaign": 0.0}, "2": {"acquired": 0.040409719571471214, "novel_design": 0.06324999779462814, "campaign": 0.040409719571471214}, "3": {"acquired": 3.676171349361539, "novel_design": 3.705895185470581, "campaign": 3.676171349361539}, "4": {"acquired": 3.267090320587158, "novel_design": 4.649201393127441, "campaign": 3.267090320587158}}}
/media/PM983/Code/PLS/src/pls/editflow/student.py:46: UserWarning: enable_nested_tensor is True, but self.use_nested_tensor is False because encoder_layer.norm_first was True
  self.encoder = nn.TransformerEncoder(block, layers)
{"anchor_rank": 12, "anchor": "DPHR", "budget": 320, "r2": 0.12247432619453757, "regret": {"1": {"acquired": 0.0, "novel_design": 0.0, "campaign": 0.0}, "2": {"acquired": 0.040409719571471214, "novel_design": 0.05206292308866978, "campaign": 0.040409719571471214}, "3": {"acquired": 3.650063395500183, "novel_design": 3.542489305138588, "campaign": 3.542489305138588}, "4": {"acquired": 3.267090320587158, "novel_design": 4.339290142059326, "campaign": 3.267090320587158}}}
/media/PM983/Code/PLS/src/pls/editflow/student.py:46: UserWarning: enable_nested_tensor is True, but self.use_nested_tensor is False because encoder_layer.norm_first was True
  self.encoder = nn.TransformerEncoder(block, layers)
{"anchor_rank": 12, "anchor": "DPHR", "budget": 640, "r2": 0.12497726077737992, "regret": {"1": {"acquired": 0.0, "novel_design": 0.0, "campaign": 0.0}, "2": {"acquired": 0.03162499889731407, "novel_design": 0.05447933077812195, "campaign": 0.03162499889731407}, "3": {"acquired": 0.8137273788452148, "novel_design": 0.21622705459594727, "campaign": 0.21622705459594727}, "4": {"acquired": 3.267090320587158, "novel_design": 5.452000379562378, "campaign": 3.267090320587158}}}
/media/PM983/Code/PLS/src/pls/editflow/student.py:46: UserWarning: enable_nested_tensor is True, but self.use_nested_tensor is False because encoder_layer.norm_first was True
  self.encoder = nn.TransformerEncoder(block, layers)
{"anchor_rank": 13, "anchor": "LWKN", "budget": 80, "r2": -0.022306071713937836, "regret": {"1": {"acquired": 1.768102071247995, "novel_design": 1.7739974232390523, "campaign": 1.768102071247995}, "2": {"acquired": 7.206055294722319, "novel_design": 7.225744326598942, "campaign": 7.206055294722319}, "3": {"acquired": 8.729808636009693, "novel_design": 7.944366455078125, "campaign": 7.944366455078125}, "4": {"acquired": 8.34653127193451, "novel_design": 7.927210032939911, "campaign": 7.927210032939911}}}
/media/PM983/Code/PLS/src/pls/editflow/student.py:46: UserWarning: enable_nested_tensor is True, but self.use_nested_tensor is False because encoder_layer.norm_first was True
  self.encoder = nn.TransformerEncoder(block, layers)
{"anchor_rank": 13, "anchor": "LWKN", "budget": 160, "r2": 0.04926431984132229, "regret": {"1": {"acquired": 0.0, "novel_design": 0.004437260329723358, "campaign": 0.0}, "2": {"acquired": 5.45085597038269, "novel_design": 4.481592416763306, "campaign": 4.481592416763306}, "3": {"acquired": 6.984161615371704, "novel_design": 6.6354570388793945, "campaign": 6.6354570388793945}, "4": {"acquired": 6.874631762504578, "novel_design": 6.946041703224182, "campaign": 6.874631762504578}}}
/media/PM983/Code/PLS/src/pls/editflow/student.py:46: UserWarning: enable_nested_tensor is True, but self.use_nested_tensor is False because encoder_layer.norm_first was True
  self.encoder = nn.TransformerEncoder(block, layers)
{"anchor_rank": 13, "anchor": "LWKN", "budget": 320, "r2": 0.17251965669766567, "regret": {"1": {"acquired": 0.0, "novel_design": 0.007212719414383173, "campaign": 0.0}, "2": {"acquired": 2.5069518089294434, "novel_design": 7.1957701072096825, "campaign": 2.5069518089294434}, "3": {"acquired": 4.040257453918457, "novel_design": 5.404444932937622, "campaign": 4.040257453918457}, "4": {"acquired": 4.040257453918457, "novel_design": 5.404444932937622, "campaign": 4.040257453918457}}}
/media/PM983/Code/PLS/src/pls/editflow/student.py:46: UserWarning: enable_nested_tensor is True, but self.use_nested_tensor is False because encoder_layer.norm_first was True
  self.encoder = nn.TransformerEncoder(block, layers)
{"anchor_rank": 13, "anchor": "LWKN", "budget": 640, "r2": 0.3291667505716397, "regret": {"1": {"acquired": 0.0, "novel_design": 0.001992084551602602, "campaign": 0.0}, "2": {"acquired": 1.2011713981628418, "novel_design": 4.510607719421387, "campaign": 1.2011713981628418}, "3": {"acquired": 2.7344770431518555, "novel_design": 3.8682374954223633, "campaign": 2.7344770431518555}, "4": {"acquired": 2.7344770431518555, "novel_design": 5.463595390319824, "campaign": 2.7344770431518555}}}
/media/PM983/Code/PLS/src/pls/editflow/student.py:46: UserWarning: enable_nested_tensor is True, but self.use_nested_tensor is False because encoder_layer.norm_first was True
  self.encoder = nn.TransformerEncoder(block, layers)
{"anchor_rank": 14, "anchor": "YWFN", "budget": 80, "r2": 0.022374768680086032, "regret": {"1": {"acquired": 4.952464837580919, "novel_design": 4.001872897148132, "campaign": 4.001872897148132}, "2": {"acquired": 6.282943982630968, "novel_design": 6.085536479949951, "campaign": 6.085536479949951}, "3": {"acquired": 8.104246020317078, "novel_design": 8.586355477571487, "campaign": 8.104246020317078}, "4": {"acquired": 8.104246020317078, "novel_design": 8.76196575164795, "campaign": 8.104246020317078}}}
/media/PM983/Code/PLS/src/pls/editflow/student.py:46: UserWarning: enable_nested_tensor is True, but self.use_nested_tensor is False because encoder_layer.norm_first was True
  self.encoder = nn.TransformerEncoder(block, layers)
{"anchor_rank": 14, "anchor": "YWFN", "budget": 160, "r2": 0.1273480682103556, "regret": {"1": {"acquired": 0.0, "novel_design": 0.20303723216056824, "campaign": 0.0}, "2": {"acquired": 1.3304791450500488, "novel_design": 4.30479097366333, "campaign": 1.3304791450500488}, "3": {"acquired": 3.7489476203918457, "novel_design": 5.307931423187256, "campaign": 3.7489476203918457}, "4": {"acquired": 3.7489476203918457, "novel_design": 5.307931423187256, "campaign": 3.7489476203918457}}}
/media/PM983/Code/PLS/src/pls/editflow/student.py:46: UserWarning: enable_nested_tensor is True, but self.use_nested_tensor is False because encoder_layer.norm_first was True
  self.encoder = nn.TransformerEncoder(block, layers)
{"anchor_rank": 14, "anchor": "YWFN", "budget": 320, "r2": 0.3848133211334057, "regret": {"1": {"acquired": 0.0, "novel_design": 0.024065853795036674, "campaign": 0.0}, "2": {"acquired": 0.0, "novel_design": 3.6784555912017822, "campaign": 0.0}, "3": {"acquired": 1.780632495880127, "novel_design": 3.638988494873047, "campaign": 1.780632495880127}, "4": {"acquired": 1.780632495880127, "novel_design": 3.638988494873047, "campaign": 1.780632495880127}}}
/media/PM983/Code/PLS/src/pls/editflow/student.py:46: UserWarning: enable_nested_tensor is True, but self.use_nested_tensor is False because encoder_layer.norm_first was True
  self.encoder = nn.TransformerEncoder(block, layers)
{"anchor_rank": 14, "anchor": "YWFN", "budget": 640, "r2": 0.4899743056214607, "regret": {"1": {"acquired": 0.0, "novel_design": 0.001297513023018837, "campaign": 0.0}, "2": {"acquired": 0.0, "novel_design": 0.0, "campaign": 0.0}, "3": {"acquired": 0.0, "novel_design": 0.3260030746459961, "campaign": 0.0}, "4": {"acquired": 0.0, "novel_design": 1.8913235664367676, "campaign": 0.0}}}
/media/PM983/Code/PLS/src/pls/editflow/student.py:46: UserWarning: enable_nested_tensor is True, but self.use_nested_tensor is False because encoder_layer.norm_first was True
  self.encoder = nn.TransformerEncoder(block, layers)
{"anchor_rank": 15, "anchor": "EDDI", "budget": 80, "r2": -0.1461815132577109, "regret": {"1": {"acquired": 0.0686978898011148, "novel_design": 0.06673177052289248, "campaign": 0.06673177052289248}, "2": {"acquired": 2.6097905337810516, "novel_design": 2.9876614483073354, "campaign": 2.6097905337810516}, "3": {"acquired": 4.533920437097549, "novel_design": 4.173451781272888, "campaign": 4.173451781272888}, "4": {"acquired": 5.823999881744385, "novel_design": 8.659184500575066, "campaign": 5.823999881744385}}}
/media/PM983/Code/PLS/src/pls/editflow/student.py:46: UserWarning: enable_nested_tensor is True, but self.use_nested_tensor is False because encoder_layer.norm_first was True
  self.encoder = nn.TransformerEncoder(block, layers)
{"anchor_rank": 15, "anchor": "EDDI", "budget": 160, "r2": 0.006214021332489383, "regret": {"1": {"acquired": 0.0, "novel_design": 0.007613426074385643, "campaign": 0.0}, "2": {"acquired": 2.6097905337810516, "novel_design": 2.965217899531126, "campaign": 2.6097905337810516}, "3": {"acquired": 4.533920437097549, "novel_design": 4.585626929998398, "campaign": 4.533920437097549}, "4": {"acquired": 5.019134759902954, "novel_design": 4.341804027557373, "campaign": 4.341804027557373}}}
/media/PM983/Code/PLS/src/pls/editflow/student.py:46: UserWarning: enable_nested_tensor is True, but self.use_nested_tensor is False because encoder_layer.norm_first was True
  self.encoder = nn.TransformerEncoder(block, layers)
{"anchor_rank": 15, "anchor": "EDDI", "budget": 320, "r2": 0.262052800487818, "regret": {"1": {"acquired": 0.0, "novel_design": 0.0, "campaign": 0.0}, "2": {"acquired": 0.002499103546142578, "novel_design": 0.8205382823944092, "campaign": 0.002499103546142578}, "3": {"acquired": 1.9985358715057373, "novel_design": 1.0594911575317383, "campaign": 1.0594911575317383}, "4": {"acquired": 3.2654948234558105, "novel_design": 4.580737113952637, "campaign": 3.2654948234558105}}}
/media/PM983/Code/PLS/src/pls/editflow/student.py:46: UserWarning: enable_nested_tensor is True, but self.use_nested_tensor is False because encoder_layer.norm_first was True
  self.encoder = nn.TransformerEncoder(block, layers)
{"anchor_rank": 15, "anchor": "EDDI", "budget": 640, "r2": 0.5187782546695932, "regret": {"1": {"acquired": 0.0, "novel_design": null, "campaign": 0.0}, "2": {"acquired": 0.0, "novel_design": 0.624036967754364, "campaign": 0.0}, "3": {"acquired": 0.0, "novel_design": 0.6640112400054932, "campaign": 0.0}, "4": {"acquired": 2.719888210296631, "novel_design": 1.5333056449890137, "campaign": 1.5333056449890137}}}
{"aggregate": [{"budget": 80, "anchors": 16, "value_r2": {"mean": -0.11253012786666175, "median": -0.02151343980770848, "standard_deviation": 0.22509947732053923, "minimum": -0.8315400087230369, "maximum": 0.022374768680086032, "count": 16}, "edge_spearman": {"mean": 0.1682934337916947, "median": 0.17112927591511368, "standard_deviation": 0.06508879422726485, "minimum": 0.03248976056661079, "maximum": 0.27366032744455837, "count": 16}, "anchor_macro_kendall_tau": {"mean": 0.1334878944761117, "median": 0.1467327200462818, "standard_deviation": 0.05530835038226309, "minimum": 0.017069328042537295, "maximum": 0.21238698365776926, "count": 16}, "closed_edges": {"mean": 94.1875, "median": 94.5, "standard_deviation": 5.269013190342192, "minimum": 85.0, "maximum": 103.0, "count": 16}, "regret": {"1": {"acquired": {"mean": 1.4221826386346947, "median": 0.5129121689824387, "standard_deviation": 1.8223073461920718, "minimum": 0.006570606958121061, "maximum": 4.952464837580919, "count": 16, "zero_regret_fraction": 0.0, "unavailable_fraction": 0.0}, "novel_design": {"mean": 1.1261584262392716, "median": 0.20936877792701125, "standard_deviation": 1.6145125221022838, "minimum": 0.0, "maximum": 4.396329909563065, "count": 16, "zero_regret_fraction": 0.0625, "unavailable_fraction": 0.0}, "campaign": {"mean": 1.1245119699597126, "median": 0.20810989243909717, "standard_deviation": 1.6150929698254002, "minimum": 0.0, "maximum": 4.396329909563065, "count": 16, "zero_regret_fraction": 0.0625, "unavailable_fraction": 0.0}}, "2": {"acquired": {"mean": 4.206242589280009, "median": 4.238898400217295, "standard_deviation": 2.0437981766004945, "minimum": 0.040409719571471214, "maximum": 7.206055294722319, "count": 16, "zero_regret_fraction": 0.0, "unavailable_fraction": 0.0}, "novel_design": {"mean": 3.8412952842045343, "median": 3.657251380616799, "standard_deviation": 2.7693241696749675, "minimum": 0.0, "maximum": 7.265414172783494, "count": 16, "zero_regret_fraction": 0.0625, "unavailable_fraction": 0.0}, "campaign": {"mean": 3.548461556667462, "median": 3.6392401908524334, "standard_deviation": 2.538471751026345, "minimum": 0.0, "maximum": 7.206055294722319, "count": 16, "zero_regret_fraction": 0.0625, "unavailable_fraction": 0.0}}, "3": {"acquired": {"mean": 5.998593097436242, "median": 6.423866153694689, "standard_deviation": 1.6875756951972474, "minimum": 3.08636736869812, "maximum": 8.729808636009693, "count": 16, "zero_regret_fraction": 0.0, "unavailable_fraction": 0.0}, "novel_design": {"mean": 6.180569569201907, "median": 6.143138395622373, "standard_deviation": 1.5603440721076016, "minimum": 3.4182189106941223, "maximum": 8.586355477571487, "count": 16, "zero_regret_fraction": 0.0, "unavailable_fraction": 0.0}, "campaign": {"mean": 5.665280000772327, "median": 6.009514429606497, "standard_deviation": 1.6413753111600111, "minimum": 3.08636736869812, "maximum": 8.104246020317078, "count": 16, "zero_regret_fraction": 0.0, "unavailable_fraction": 0.0}}, "4": {"acquired": {"mean": 7.066959302872419, "median": 7.3393203020095825, "standard_deviation": 1.2935330279495383, "minimum": 4.828968524932861, "maximum": 8.663391917943954, "count": 16, "zero_regret_fraction": 0.0, "unavailable_fraction": 0.0}, "novel_design": {"mean": 8.095482091157464, "median": 8.517905823886395, "standard_deviation": 0.8994915566993031, "minimum": 5.820515155792236, "maximum": 8.76196575164795, "count": 16, "zero_regret_fraction": 0.0, "unavailable_fraction": 0.0}, "campaign": {"mean": 6.833940686658025, "median": 7.049836218357086, "standard_deviation": 1.2166545054136417, "minimum": 4.828968524932861, "maximum": 8.431090384721756, "count": 16, "zero_regret_fraction": 0.0, "unavailable_fraction": 0.0}}}}, {"budget": 160, "anchors": 16, "value_r2": {"mean": -0.062095845279856, "median": 0.04555742618506031, "standard_deviation": 0.3114046228113447, "minimum": -0.8289558294422414, "maximum": 0.15646483410108802, "count": 16}, "edge_spearman": {"mean": 0.2501672920340358, "median": 0.2658571262249404, "standard_deviation": 0.058563190155241494, "minimum": 0.12326541808506887, "maximum": 0.31437470821336894, "count": 16}, "anchor_macro_kendall_tau": {"mean": 0.17326439310955555, "median": 0.18356962737093788, "standard_deviation": 0.03772604523975714, "minimum": 0.09743628814072972, "maximum": 0.22657965037261896, "count": 16}, "closed_edges": {"mean": 677.4375, "median": 681.5, "standard_deviation": 65.2829418761134, "minimum": 551.0, "maximum": 795.0, "count": 16}, "regret": {"1": {"acquired": {"mean": 0.026146225747652352, "median": 0.0, "standard_deviation": 0.10368156321577214, "minimum": 0.0, "maximum": 0.4149390757083893, "count": 16, "zero_regret_fraction": 0.875, "unavailable_fraction": 0.0}, "novel_design": {"mean": 0.17172948376537533, "median": 0.019106770865619183, "standard_deviation": 0.2584714562890151, "minimum": 0.0, "maximum": 0.7530063651502132, "count": 16, "zero_regret_fraction": 0.125, "unavailable_fraction": 0.0}, "campaign": {"mean": 0.026146225747652352, "median": 0.0, "standard_deviation": 0.10368156321577214, "minimum": 0.0, "maximum": 0.4149390757083893, "count": 16, "zero_regret_fraction": 0.875, "unavailable_fraction": 0.0}}, "2": {"acquired": {"mean": 2.9652626988245174, "median": 2.751504519023001, "standard_deviation": 1.4670748104057745, "minimum": 0.040409719571471214, "maximum": 5.45085597038269, "count": 16, "zero_regret_fraction": 0.0, "unavailable_fraction": 0.0}, "novel_design": {"mean": 2.9536301486514276, "median": 3.149985289433971, "standard_deviation": 1.8378719687401548, "minimum": 0.0, "maximum": 5.500054776668549, "count": 16, "zero_regret_fraction": 0.0625, "unavailable_fraction": 0.0}, "campaign": {"mean": 2.597817269852385, "median": 2.5837552547454834, "standard_deviation": 1.6714919683853866, "minimum": 0.0, "maximum": 5.328482836484909, "count": 16, "zero_regret_fraction": 0.0625, "unavailable_fraction": 0.0}}, "3": {"acquired": {"mean": 4.59304628171958, "median": 4.407324388623238, "standard_deviation": 1.5993450475493534, "minimum": 2.136345386505127, "maximum": 6.984161615371704, "count": 16, "zero_regret_fraction": 0.0, "unavailable_fraction": 0.0}, "novel_design": {"mean": 4.865898517513415, "median": 4.920664310455322, "standard_deviation": 1.287844156744316, "minimum": 2.8710389137268066, "maximum": 6.6354570388793945, "count": 16, "zero_regret_fraction": 0.0, "unavailable_fraction": 0.0}, "campaign": {"mean": 4.202424224815331, "median": 3.7125594848766923, "standard_deviation": 1.4830591119416354, "minimum": 2.136345386505127, "maximum": 6.6354570388793945, "count": 16, "zero_regret_fraction": 0.0, "unavailable_fraction": 0.0}}, "4": {"acquired": {"mean": 4.597146723419428, "median": 4.498366832733154, "standard_deviation": 1.704785814527581, "minimum": 1.47963285446167, "maximum": 8.158632934093475, "count": 16, "zero_regret_fraction": 0.0, "unavailable_fraction": 0.0}, "novel_design": {"mean": 6.003627064113971, "median": 6.135765075683594, "standard_deviation": 1.9113928047345559, "minimum": 2.8710389137268066, "maximum": 8.746617085300386, "count": 16, "zero_regret_fraction": 0.0, "unavailable_fraction": 0.0}, "campaign": {"mean": 4.36837038770318, "median": 3.938688278198242, "standard_deviation": 1.7448978696316677, "minimum": 1.47963285446167, "maximum": 8.070826232433319, "count": 16, "zero_regret_fraction": 0.0, "unavailable_fraction": 0.0}}}}, {"budget": 320, "anchors": 16, "value_r2": {"mean": 0.25113661224361694, "median": 0.2514207657220197, "standard_deviation": 0.1010424489598919, "minimum": 0.04918417542621867, "maximum": 0.41164438993557373, "count": 16}, "edge_spearman": {"mean": 0.30371134659094906, "median": 0.298509705646018, "standard_deviation": 0.050872313763799706, "minimum": 0.1807752405840015, "maximum": 0.3927776252329212, "count": 16}, "anchor_macro_kendall_tau": {"mean": 0.19613671138833788, "median": 0.19122561496740442, "standard_deviation": 0.03384315241505172, "minimum": 0.11908654100682214, "maximum": 0.24896354138738086, "count": 16}, "closed_edges": {"mean": 1537.375, "median": 1489.5, "standard_deviation": 108.07828952507838, "minimum": 1397.0, "maximum": 1764.0, "count": 16}, "regret": {"1": {"acquired": {"mean": 0.00021253351587802172, "median": 0.0, "standard_deviation": 0.0008501340635120869, "minimum": 0.0, "maximum": 0.0034005362540483475, "count": 16, "zero_regret_fraction": 0.9375, "unavailable_fraction": 0.0}, "novel_design": {"mean": 0.006208301550941542, "median": 0.003931163577362895, "standard_deviation": 0.00828834795355257, "minimum": 0.0, "maximum": 0.026721572503447533, "count": 16, "zero_regret_fraction": 0.375, "unavailable_fraction": 0.0}, "campaign": {"mean": 0.0, "median": 0.0, "standard_deviation": 0.0, "minimum": 0.0, "maximum": 0.0, "count": 16, "zero_regret_fraction": 1.0, "unavailable_fraction": 0.0}}, "2": {"acquired": {"mean": 0.6260196737712249, "median": 0.045468288473784924, "standard_deviation": 0.8497154879439518, "minimum": 0.0, "maximum": 2.5069518089294434, "count": 16, "zero_regret_fraction": 0.375, "unavailable_fraction": 0.0}, "novel_design": {"mean": 1.6526297155069187, "median": 1.0505148991942406, "standard_deviation": 1.8785843656377352, "minimum": 0.0, "maximum": 7.1957701072096825, "count": 16, "zero_regret_fraction": 0.125, "unavailable_fraction": 0.0}, "campaign": {"mean": 0.39121393335517496, "median": 0.001249551773071289, "standard_deviation": 0.7214148274549808, "minimum": 0.0, "maximum": 2.5069518089294434, "count": 16, "zero_regret_fraction": 0.5, "unavailable_fraction": 0.0}}, "3": {"acquired": {"mean": 2.673178754746914, "median": 2.585150897502899, "standard_deviation": 1.2778693644070183, "minimum": 0.2745361328125, "maximum": 4.421410918235779, "count": 16, "zero_regret_fraction": 0.0, "unavailable_fraction": 0.0}, "novel_design": {"mean": 2.4501804718747735, "median": 2.2444756031036377, "standard_deviation": 1.5081507329262482, "minimum": 0.034450531005859375, "maximum": 5.404444932937622, "count": 16, "zero_regret_fraction": 0.0, "unavailable_fraction": 0.0}, "campaign": {"mean": 1.8601433197036386, "median": 1.6982147693634033, "standard_deviation": 1.186686388720414, "minimum": 0.034450531005859375, "maximum": 4.040257453918457, "count": 16, "zero_regret_fraction": 0.0, "unavailable_fraction": 0.0}}, "4": {"acquired": {"mean": 3.061119996011257, "median": 2.9304862022399902, "standard_deviation": 1.5249016806069642, "minimum": 1.20509672164917, "maximum": 7.14129912853241, "count": 16, "zero_regret_fraction": 0.0, "unavailable_fraction": 0.0}, "novel_design": {"mean": 3.890500918030739, "median": 3.7994563579559326, "standard_deviation": 0.8932702247415827, "minimum": 2.39479923248291, "maximum": 5.404444932937622, "count": 16, "zero_regret_fraction": 0.0, "unavailable_fraction": 0.0}, "campaign": {"mean": 2.7924558222293854, "median": 2.9304862022399902, "standard_deviation": 1.0252523937070608, "minimum": 1.20509672164917, "maximum": 4.239590644836426, "count": 16, "zero_regret_fraction": 0.0, "unavailable_fraction": 0.0}}}}, {"budget": 640, "anchors": 16, "value_r2": {"mean": 0.4533311469336092, "median": 0.4883683239036913, "standard_deviation": 0.11809814662091718, "minimum": 0.12497726077737992, "maximum": 0.63713169581147, "count": 16}, "edge_spearman": {"mean": 0.3501604546730861, "median": 0.34967298470594566, "standard_deviation": 0.04532429111095921, "minimum": 0.24885838237516578, "maximum": 0.41432407758187867, "count": 16}, "anchor_macro_kendall_tau": {"mean": 0.21640135865149984, "median": 0.2200812844588006, "standard_deviation": 0.030351994005167752, "minimum": 0.15990646248789936, "maximum": 0.269950580160194, "count": 16}, "closed_edges": {"mean": 2853.5, "median": 3002.5, "standard_deviation": 260.454218625846, "minimum": 2445.0, "maximum": 3166.0, "count": 16}, "regret": {"1": {"acquired": {"mean": 0.0, "median": 0.0, "standard_deviation": 0.0, "minimum": 0.0, "maximum": 0.0, "count": 16, "zero_regret_fraction": 1.0, "unavailable_fraction": 0.0}, "novel_design": {"mean": 0.0047121858534713585, "median": 0.0015196155291050673, "standard_deviation": 0.007264269028847998, "minimum": 0.0, "maximum": 0.025559160625562072, "count": 15, "zero_regret_fraction": 0.3333333333333333, "unavailable_fraction": 0.0625}, "campaign": {"mean": 0.0, "median": 0.0, "standard_deviation": 0.0, "minimum": 0.0, "maximum": 0.0, "count": 16, "zero_regret_fraction": 1.0, "unavailable_fraction": 0.0}}, "2": {"acquired": {"mean": 0.07704977481625974, "median": 0.0, "standard_deviation": 0.2998695475849401, "minimum": 0.0, "maximum": 1.2011713981628418, "count": 16, "zero_regret_fraction": 0.875, "unavailable_fraction": 0.0}, "novel_design": {"mean": 0.8773645432665944, "median": 0.5715315937995911, "standard_deviation": 1.1640273772991918, "minimum": 0.0, "maximum": 4.510607719421387, "count": 16, "zero_regret_fraction": 0.25, "unavailable_fraction": 0.0}, "campaign": {"mean": 0.07704977481625974, "median": 0.0, "standard_deviation": 0.2998695475849401, "minimum": 0.0, "maximum": 1.2011713981628418, "count": 16, "zero_regret_fraction": 0.875, "unavailable_fraction": 0.0}}, "3": {"acquired": {"mean": 0.8876886665821075, "median": 0.7819228172302246, "standard_deviation": 0.9128135732702508, "minimum": 0.0, "maximum": 2.7344770431518555, "count": 16, "zero_regret_fraction": 0.3125, "unavailable_fraction": 0.0}, "novel_design": {"mean": 1.4725886285305023, "median": 1.0717778205871582, "standard_deviation": 1.491082054814286, "minimum": 0.0, "maximum": 4.180576801300049, "count": 16, "zero_regret_fraction": 0.0625, "unavailable_fraction": 0.0}, "campaign": {"mean": 0.6314224302768707, "median": 0.12533879280090332, "standard_deviation": 0.8434119306469232, "minimum": 0.0, "maximum": 2.7344770431518555, "count": 16, "zero_regret_fraction": 0.375, "unavailable_fraction": 0.0}}, "4": {"acquired": {"mean": 1.9609021544456482, "median": 1.5333056449890137, "standard_deviation": 1.0263014290281747, "minimum": 0.0, "maximum": 3.8789844512939453, "count": 16, "zero_regret_fraction": 0.0625, "unavailable_fraction": 0.0}, "novel_design": {"mean": 3.0744542628526688, "median": 2.82742977142334, "standard_deviation": 1.2123296658931393, "minimum": 1.5333056449890137, "maximum": 5.463595390319824, "count": 16, "zero_regret_fraction": 0.0, "unavailable_fraction": 0.0}, "campaign": {"mean": 1.8636920750141144, "median": 1.5333056449890137, "standard_deviation": 0.9926906981472665, "minimum": 0.0, "maximum": 3.8789844512939453, "count": 16, "zero_regret_fraction": 0.0625, "unavailable_fraction": 0.0}}}}], "query_budget": {"acquisition": "occupancy_only", "anchors": 16, "budget_curve": [80, 160, 320, 640], "final_unique_queries_per_anchor": 640, "total_oracle_queries_across_independent_anchors": 10240, "teacher_query_cost_unit": "unique measured node per independent anchor", "same_protocol_required": true, "anchor_protocol_sha256": "3b3ef4a2152d1eac8f0780fe4f5964eb491e7113c3d93837def3dbe64a589566", "test_evaluated": false}, "test_evaluated": false}
