/media/PM983/Code/PLS/src/pls/editflow/student.py:46: UserWarning: enable_nested_tensor is True, but self.use_nested_tensor is False because encoder_layer.norm_first was True
  self.encoder = nn.TransformerEncoder(block, layers)
/media/PM983/Code/PLS/src/pls/editflow/student.py:46: UserWarning: enable_nested_tensor is True, but self.use_nested_tensor is False because encoder_layer.norm_first was True
  self.encoder = nn.TransformerEncoder(block, layers)
{"anchor_rank": 0, "anchor": "IDLS", "budget": 80, "r2": -0.04164477183525617, "regret": {"1": 1.5854580998420715, "2": 2.148078203201294, "3": 4.8389434814453125, "4": 6.288252830505371}}
/media/PM983/Code/PLS/src/pls/editflow/student.py:46: UserWarning: enable_nested_tensor is True, but self.use_nested_tensor is False because encoder_layer.norm_first was True
  self.encoder = nn.TransformerEncoder(block, layers)
{"anchor_rank": 0, "anchor": "IDLS", "budget": 160, "r2": 0.20576647400826342, "regret": {"1": 0.0, "2": 1.6931178569793701, "3": 0.8701863288879395, "4": 3.687100410461426}}
/media/PM983/Code/PLS/src/pls/editflow/student.py:46: UserWarning: enable_nested_tensor is True, but self.use_nested_tensor is False because encoder_layer.norm_first was True
  self.encoder = nn.TransformerEncoder(block, layers)
{"anchor_rank": 0, "anchor": "IDLS", "budget": 320, "r2": 0.482999110022599, "regret": {"1": 0.0, "2": 1.7954652309417725, "3": 0.8701863288879395, "4": 1.5333056449890137}}
/media/PM983/Code/PLS/src/pls/editflow/student.py:46: UserWarning: enable_nested_tensor is True, but self.use_nested_tensor is False because encoder_layer.norm_first was True
  self.encoder = nn.TransformerEncoder(block, layers)
{"anchor_rank": 0, "anchor": "IDLS", "budget": 640, "r2": 0.6374318556917202, "regret": {"1": 0.0, "2": 0.0, "3": 1.3050293922424316, "4": 1.2073025703430176}}
/media/PM983/Code/PLS/src/pls/editflow/student.py:46: UserWarning: enable_nested_tensor is True, but self.use_nested_tensor is False because encoder_layer.norm_first was True
  self.encoder = nn.TransformerEncoder(block, layers)
{"anchor_rank": 1, "anchor": "IVGQ", "budget": 80, "r2": -5.205528979941173, "regret": {"1": 0.6910436153411865, "2": 5.444985955953598, "3": 4.182963490486145, "4": 3.617873191833496}}
/media/PM983/Code/PLS/src/pls/editflow/student.py:46: UserWarning: enable_nested_tensor is True, but self.use_nested_tensor is False because encoder_layer.norm_first was True
  self.encoder = nn.TransformerEncoder(block, layers)
{"anchor_rank": 1, "anchor": "IVGQ", "budget": 160, "r2": -0.05059631961108835, "regret": {"1": 0.37053465843200684, "2": 3.8289196491241455, "3": 2.2174718379974365, "4": 3.617873191833496}}
/media/PM983/Code/PLS/src/pls/editflow/student.py:46: UserWarning: enable_nested_tensor is True, but self.use_nested_tensor is False because encoder_layer.norm_first was True
  self.encoder = nn.TransformerEncoder(block, layers)
{"anchor_rank": 1, "anchor": "IVGQ", "budget": 320, "r2": 0.08787229710111721, "regret": {"1": 0.6910436153411865, "2": 3.8289196491241455, "3": 1.9533066749572754, "4": 2.0722360610961914}}
/media/PM983/Code/PLS/src/pls/editflow/student.py:46: UserWarning: enable_nested_tensor is True, but self.use_nested_tensor is False because encoder_layer.norm_first was True
  self.encoder = nn.TransformerEncoder(block, layers)
{"anchor_rank": 1, "anchor": "IVGQ", "budget": 640, "r2": 0.4425677427818169, "regret": {"1": 0.6910436153411865, "2": 2.9113330841064453, "3": 0.900813102722168, "4": 1.884016513824463}}
/media/PM983/Code/PLS/src/pls/editflow/student.py:46: UserWarning: enable_nested_tensor is True, but self.use_nested_tensor is False because encoder_layer.norm_first was True
  self.encoder = nn.TransformerEncoder(block, layers)
{"anchor_rank": 2, "anchor": "IDMF", "budget": 80, "r2": 0.0013420655283374883, "regret": {"1": 0.8401250243186951, "2": 5.76873005204834, "3": 6.144945212639868, "4": 7.312262654304504}}
/media/PM983/Code/PLS/src/pls/editflow/student.py:46: UserWarning: enable_nested_tensor is True, but self.use_nested_tensor is False because encoder_layer.norm_first was True
  self.encoder = nn.TransformerEncoder(block, layers)
{"anchor_rank": 2, "anchor": "IDMF", "budget": 160, "r2": 0.16698376648369428, "regret": {"1": 0.8127166908234358, "2": 3.5368354320526123, "3": 1.2643165588378906, "4": 4.0413947105407715}}
/media/PM983/Code/PLS/src/pls/editflow/student.py:46: UserWarning: enable_nested_tensor is True, but self.use_nested_tensor is False because encoder_layer.norm_first was True
  self.encoder = nn.TransformerEncoder(block, layers)
{"anchor_rank": 2, "anchor": "IDMF", "budget": 320, "r2": 0.43429026193031073, "regret": {"1": 0.29430097341537476, "2": 3.3352763652801514, "3": 1.2643165588378906, "4": 3.8789844512939453}}
/media/PM983/Code/PLS/src/pls/editflow/student.py:46: UserWarning: enable_nested_tensor is True, but self.use_nested_tensor is False because encoder_layer.norm_first was True
  self.encoder = nn.TransformerEncoder(block, layers)
{"anchor_rank": 2, "anchor": "IDMF", "budget": 640, "r2": 0.601546076650284, "regret": {"1": 0.29430097341537476, "2": 3.3352763652801514, "3": 1.3801422119140625, "4": 2.2619376182556152}}
/media/PM983/Code/PLS/src/pls/editflow/student.py:46: UserWarning: enable_nested_tensor is True, but self.use_nested_tensor is False because encoder_layer.norm_first was True
  self.encoder = nn.TransformerEncoder(block, layers)
{"anchor_rank": 3, "anchor": "GNAP", "budget": 80, "r2": -0.039271083402655727, "regret": {"1": 0.03887777612544596, "2": 5.348865084350109, "3": 6.684271574020386, "4": 6.684271574020386}}
/media/PM983/Code/PLS/src/pls/editflow/student.py:46: UserWarning: enable_nested_tensor is True, but self.use_nested_tensor is False because encoder_layer.norm_first was True
  self.encoder = nn.TransformerEncoder(block, layers)
{"anchor_rank": 3, "anchor": "GNAP", "budget": 160, "r2": 0.2194247361867121, "regret": {"1": 0.036261445842683315, "2": 4.650321066379547, "3": 4.696669101715088, "4": 4.696669101715088}}
/media/PM983/Code/PLS/src/pls/editflow/student.py:46: UserWarning: enable_nested_tensor is True, but self.use_nested_tensor is False because encoder_layer.norm_first was True
  self.encoder = nn.TransformerEncoder(block, layers)
{"anchor_rank": 3, "anchor": "GNAP", "budget": 320, "r2": 0.33277338835472137, "regret": {"1": 0.03560710418969393, "2": 3.429340958595276, "3": 3.170665740966797, "4": 3.170665740966797}}
/media/PM983/Code/PLS/src/pls/editflow/student.py:46: UserWarning: enable_nested_tensor is True, but self.use_nested_tensor is False because encoder_layer.norm_first was True
  self.encoder = nn.TransformerEncoder(block, layers)
{"anchor_rank": 3, "anchor": "GNAP", "budget": 640, "r2": 0.5891186312910486, "regret": {"1": 0.03749351669102907, "2": 1.5324482917785645, "3": 3.170665740966797, "4": 1.9044227600097656}}
/media/PM983/Code/PLS/src/pls/editflow/student.py:46: UserWarning: enable_nested_tensor is True, but self.use_nested_tensor is False because encoder_layer.norm_first was True
  self.encoder = nn.TransformerEncoder(block, layers)
{"anchor_rank": 4, "anchor": "CFNP", "budget": 80, "r2": 0.06316458554661286, "regret": {"1": 0.03262028656899929, "2": 0.6132628917694092, "3": 4.030128240585327, "4": 5.863837003707886}}
/media/PM983/Code/PLS/src/pls/editflow/student.py:46: UserWarning: enable_nested_tensor is True, but self.use_nested_tensor is False because encoder_layer.norm_first was True
  self.encoder = nn.TransformerEncoder(block, layers)
{"anchor_rank": 4, "anchor": "CFNP", "budget": 160, "r2": 0.14710526438107607, "regret": {"1": 0.044413935393095016, "2": 0.6132628917694092, "3": 3.7608115673065186, "4": 2.989933490753174}}
/media/PM983/Code/PLS/src/pls/editflow/student.py:46: UserWarning: enable_nested_tensor is True, but self.use_nested_tensor is False because encoder_layer.norm_first was True
  self.encoder = nn.TransformerEncoder(block, layers)
{"anchor_rank": 4, "anchor": "CFNP", "budget": 320, "r2": 0.4573083279658615, "regret": {"1": 0.044413935393095016, "2": 0.6263737678527832, "3": 2.8404998779296875, "4": 2.989933490753174}}
/media/PM983/Code/PLS/src/pls/editflow/student.py:46: UserWarning: enable_nested_tensor is True, but self.use_nested_tensor is False because encoder_layer.norm_first was True
  self.encoder = nn.TransformerEncoder(block, layers)
{"anchor_rank": 4, "anchor": "CFNP", "budget": 640, "r2": 0.6517070964841376, "regret": {"1": 0.044413935393095016, "2": 0.6263737678527832, "3": 1.3273444175720215, "4": 2.418468475341797}}
/media/PM983/Code/PLS/src/pls/editflow/student.py:46: UserWarning: enable_nested_tensor is True, but self.use_nested_tensor is False because encoder_layer.norm_first was True
  self.encoder = nn.TransformerEncoder(block, layers)
{"anchor_rank": 5, "anchor": "DTIV", "budget": 80, "r2": -0.020392028880298563, "regret": {"1": 0.003045370802283287, "2": 2.9196960870176554, "3": 6.225027732551098, "4": 8.455661922693253}}
/media/PM983/Code/PLS/src/pls/editflow/student.py:46: UserWarning: enable_nested_tensor is True, but self.use_nested_tensor is False because encoder_layer.norm_first was True
  self.encoder = nn.TransformerEncoder(block, layers)
{"anchor_rank": 5, "anchor": "DTIV", "budget": 160, "r2": -0.037187825980013134, "regret": {"1": 0.0, "2": 2.9211197029799223, "3": 4.315705299377441, "4": 4.8191282749176025}}
/media/PM983/Code/PLS/src/pls/editflow/student.py:46: UserWarning: enable_nested_tensor is True, but self.use_nested_tensor is False because encoder_layer.norm_first was True
  self.encoder = nn.TransformerEncoder(block, layers)
{"anchor_rank": 5, "anchor": "DTIV", "budget": 320, "r2": 0.4842733712461522, "regret": {"1": 0.0, "2": 1.7719135284423828, "3": 2.373486042022705, "4": 3.694918155670166}}
/media/PM983/Code/PLS/src/pls/editflow/student.py:46: UserWarning: enable_nested_tensor is True, but self.use_nested_tensor is False because encoder_layer.norm_first was True
  self.encoder = nn.TransformerEncoder(block, layers)
{"anchor_rank": 5, "anchor": "DTIV", "budget": 640, "r2": 0.6291409224016307, "regret": {"1": 0.0, "2": 1.9955533146858215, "3": 2.2289862632751465, "4": 3.2767395973205566}}
/media/PM983/Code/PLS/src/pls/editflow/student.py:46: UserWarning: enable_nested_tensor is True, but self.use_nested_tensor is False because encoder_layer.norm_first was True
  self.encoder = nn.TransformerEncoder(block, layers)
{"anchor_rank": 6, "anchor": "QISI", "budget": 80, "r2": 0.03342372890786682, "regret": {"1": 0.012015536427497864, "2": 3.6581703014671803, "3": 5.217515612952411, "4": 8.122437953948975}}
/media/PM983/Code/PLS/src/pls/editflow/student.py:46: UserWarning: enable_nested_tensor is True, but self.use_nested_tensor is False because encoder_layer.norm_first was True
  self.encoder = nn.TransformerEncoder(block, layers)
{"anchor_rank": 6, "anchor": "QISI", "budget": 160, "r2": 0.01010068184622448, "regret": {"1": 0.2228915491141379, "2": 2.427054762840271, "3": 3.496513247489929, "4": 7.033132433891296}}
/media/PM983/Code/PLS/src/pls/editflow/student.py:46: UserWarning: enable_nested_tensor is True, but self.use_nested_tensor is False because encoder_layer.norm_first was True
  self.encoder = nn.TransformerEncoder(block, layers)
{"anchor_rank": 6, "anchor": "QISI", "budget": 320, "r2": 0.3068907665542312, "regret": {"1": 0.21937717776745558, "2": 3.0996612310409546, "3": 1.7650444507598877, "4": 5.301663637161255}}
/media/PM983/Code/PLS/src/pls/editflow/student.py:46: UserWarning: enable_nested_tensor is True, but self.use_nested_tensor is False because encoder_layer.norm_first was True
  self.encoder = nn.TransformerEncoder(block, layers)
{"anchor_rank": 6, "anchor": "QISI", "budget": 640, "r2": 0.6253146255526625, "regret": {"1": 0.12547463178634644, "2": 0.6800045967102051, "3": 1.3486723899841309, "4": 3.0580925941467285}}
/media/PM983/Code/PLS/src/pls/editflow/student.py:46: UserWarning: enable_nested_tensor is True, but self.use_nested_tensor is False because encoder_layer.norm_first was True
  self.encoder = nn.TransformerEncoder(block, layers)
{"anchor_rank": 7, "anchor": "RITM", "budget": 80, "r2": -0.2520787709929295, "regret": {"1": 0.0, "2": 3.0443171858787537, "3": 5.178509816527367, "4": 5.266642332077026}}
/media/PM983/Code/PLS/src/pls/editflow/student.py:46: UserWarning: enable_nested_tensor is True, but self.use_nested_tensor is False because encoder_layer.norm_first was True
  self.encoder = nn.TransformerEncoder(block, layers)
{"anchor_rank": 7, "anchor": "RITM", "budget": 160, "r2": 0.2368670348340549, "regret": {"1": 0.0, "2": 3.0443171858787537, "3": 1.6226511001586914, "4": 4.118179798126221}}
/media/PM983/Code/PLS/src/pls/editflow/student.py:46: UserWarning: enable_nested_tensor is True, but self.use_nested_tensor is False because encoder_layer.norm_first was True
  self.encoder = nn.TransformerEncoder(block, layers)
{"anchor_rank": 7, "anchor": "RITM", "budget": 320, "r2": 0.45093641340205703, "regret": {"1": 1.2461977787315845, "2": 1.3349502086639404, "3": 1.2829318046569824, "4": 0.0}}
/media/PM983/Code/PLS/src/pls/editflow/student.py:46: UserWarning: enable_nested_tensor is True, but self.use_nested_tensor is False because encoder_layer.norm_first was True
  self.encoder = nn.TransformerEncoder(block, layers)
{"anchor_rank": 7, "anchor": "RITM", "budget": 640, "r2": 0.6261258778409579, "regret": {"1": 0.0, "2": 1.3349502086639404, "3": 0.017375469207763672, "4": 0.0}}
/media/PM983/Code/PLS/src/pls/editflow/student.py:46: UserWarning: enable_nested_tensor is True, but self.use_nested_tensor is False because encoder_layer.norm_first was True
  self.encoder = nn.TransformerEncoder(block, layers)
{"anchor_rank": 8, "anchor": "GMIG", "budget": 80, "r2": 0.031430372696123476, "regret": {"1": 0.3919807041529566, "2": 2.434717504773289, "3": 7.250256538391113, "4": 7.744505286216736}}
/media/PM983/Code/PLS/src/pls/editflow/student.py:46: UserWarning: enable_nested_tensor is True, but self.use_nested_tensor is False because encoder_layer.norm_first was True
  self.encoder = nn.TransformerEncoder(block, layers)
{"anchor_rank": 8, "anchor": "GMIG", "budget": 160, "r2": 0.09284446943272251, "regret": {"1": 0.0, "2": 1.2871735095977783, "3": 3.2670722007751465, "4": 4.716381549835205}}
/media/PM983/Code/PLS/src/pls/editflow/student.py:46: UserWarning: enable_nested_tensor is True, but self.use_nested_tensor is False because encoder_layer.norm_first was True
  self.encoder = nn.TransformerEncoder(block, layers)
{"anchor_rank": 8, "anchor": "GMIG", "budget": 320, "r2": 0.4669031176705738, "regret": {"1": 0.0, "2": 0.04750370979309082, "3": 2.0078787803649902, "4": 3.457188129425049}}
/media/PM983/Code/PLS/src/pls/editflow/student.py:46: UserWarning: enable_nested_tensor is True, but self.use_nested_tensor is False because encoder_layer.norm_first was True
  self.encoder = nn.TransformerEncoder(block, layers)
{"anchor_rank": 8, "anchor": "GMIG", "budget": 640, "r2": 0.5984057652943515, "regret": {"1": 0.0, "2": 0.0, "3": 0.8701863288879395, "4": 1.5333056449890137}}
/media/PM983/Code/PLS/src/pls/editflow/student.py:46: UserWarning: enable_nested_tensor is True, but self.use_nested_tensor is False because encoder_layer.norm_first was True
  self.encoder = nn.TransformerEncoder(block, layers)
{"anchor_rank": 9, "anchor": "DFAH", "budget": 80, "r2": -0.03066962860994682, "regret": {"1": 0.016753514704760164, "2": 6.861812546849251, "3": 8.69552130997181, "4": 8.69552130997181}}
/media/PM983/Code/PLS/src/pls/editflow/student.py:46: UserWarning: enable_nested_tensor is True, but self.use_nested_tensor is False because encoder_layer.norm_first was True
  self.encoder = nn.TransformerEncoder(block, layers)
{"anchor_rank": 9, "anchor": "DFAH", "budget": 160, "r2": 0.002061266210948931, "regret": {"1": 0.0, "2": 5.406682729721069, "3": 7.240391492843628, "4": 7.240391492843628}}
/media/PM983/Code/PLS/src/pls/editflow/student.py:46: UserWarning: enable_nested_tensor is True, but self.use_nested_tensor is False because encoder_layer.norm_first was True
  self.encoder = nn.TransformerEncoder(block, layers)
{"anchor_rank": 9, "anchor": "DFAH", "budget": 320, "r2": 0.07582358032448255, "regret": {"1": 0.012540464289486408, "2": 5.406682729721069, "3": 4.699384689331055, "4": 4.699384689331055}}
/media/PM983/Code/PLS/src/pls/editflow/student.py:46: UserWarning: enable_nested_tensor is True, but self.use_nested_tensor is False because encoder_layer.norm_first was True
  self.encoder = nn.TransformerEncoder(block, layers)
{"anchor_rank": 9, "anchor": "DFAH", "budget": 640, "r2": 0.20654046724590136, "regret": {"1": 0.009767403826117516, "2": 4.036089181900024, "3": 4.258686542510986, "4": 3.759157180786133}}
/media/PM983/Code/PLS/src/pls/editflow/student.py:46: UserWarning: enable_nested_tensor is True, but self.use_nested_tensor is False because encoder_layer.norm_first was True
  self.encoder = nn.TransformerEncoder(block, layers)
{"anchor_rank": 10, "anchor": "PYIE", "budget": 80, "r2": -0.03403052541037588, "regret": {"1": 0.0015226854011416435, "2": 0.42028548661619425, "3": 8.045151710510254, "4": 8.737049084156752}}
/media/PM983/Code/PLS/src/pls/editflow/student.py:46: UserWarning: enable_nested_tensor is True, but self.use_nested_tensor is False because encoder_layer.norm_first was True
  self.encoder = nn.TransformerEncoder(block, layers)
{"anchor_rank": 10, "anchor": "PYIE", "budget": 160, "r2": -0.0013227826670023646, "regret": {"1": 0.015226852148771286, "2": 0.42463088501244783, "3": 8.036970118060708, "4": 6.903447508811951}}
/media/PM983/Code/PLS/src/pls/editflow/student.py:46: UserWarning: enable_nested_tensor is True, but self.use_nested_tensor is False because encoder_layer.norm_first was True
  self.encoder = nn.TransformerEncoder(block, layers)
{"anchor_rank": 10, "anchor": "PYIE", "budget": 320, "r2": 0.13272049102033912, "regret": {"1": 0.011196214705705643, "2": 0.3110122010111809, "3": 4.175878047943115, "4": 4.669936180114746}}
/media/PM983/Code/PLS/src/pls/editflow/student.py:46: UserWarning: enable_nested_tensor is True, but self.use_nested_tensor is False because encoder_layer.norm_first was True
  self.encoder = nn.TransformerEncoder(block, layers)
{"anchor_rank": 10, "anchor": "PYIE", "budget": 640, "r2": 0.475190767930203, "regret": {"1": 0.008969241753220558, "2": 0.3110122010111809, "3": 3.791551113128662, "4": 1.4493093490600586}}
/media/PM983/Code/PLS/src/pls/editflow/student.py:46: UserWarning: enable_nested_tensor is True, but self.use_nested_tensor is False because encoder_layer.norm_first was True
  self.encoder = nn.TransformerEncoder(block, layers)
{"anchor_rank": 11, "anchor": "FGYV", "budget": 80, "r2": 0.03866292198571564, "regret": {"1": 0.35684547014534473, "2": 3.801375240087509, "3": 4.77977442741394, "4": 7.375872731208801}}
/media/PM983/Code/PLS/src/pls/editflow/student.py:46: UserWarning: enable_nested_tensor is True, but self.use_nested_tensor is False because encoder_layer.norm_first was True
  self.encoder = nn.TransformerEncoder(block, layers)
{"anchor_rank": 11, "anchor": "FGYV", "budget": 160, "r2": 0.16271025403198436, "regret": {"1": 0.35684547014534473, "2": 3.1640143394470215, "3": 4.77977442741394, "4": 4.529088497161865}}
/media/PM983/Code/PLS/src/pls/editflow/student.py:46: UserWarning: enable_nested_tensor is True, but self.use_nested_tensor is False because encoder_layer.norm_first was True
  self.encoder = nn.TransformerEncoder(block, layers)
{"anchor_rank": 11, "anchor": "FGYV", "budget": 320, "r2": 0.4269275183560667, "regret": {"1": 0.35684547014534473, "2": 2.8305584192276, "3": 1.4493093490600586, "4": 2.418468475341797}}
/media/PM983/Code/PLS/src/pls/editflow/student.py:46: UserWarning: enable_nested_tensor is True, but self.use_nested_tensor is False because encoder_layer.norm_first was True
  self.encoder = nn.TransformerEncoder(block, layers)
{"anchor_rank": 11, "anchor": "FGYV", "budget": 640, "r2": 0.6257311804660161, "regret": {"1": 0.35684547014534473, "2": 3.629100888967514, "3": 2.2524867057800293, "4": 2.2524867057800293}}
/media/PM983/Code/PLS/src/pls/editflow/student.py:46: UserWarning: enable_nested_tensor is True, but self.use_nested_tensor is False because encoder_layer.norm_first was True
  self.encoder = nn.TransformerEncoder(block, layers)
{"anchor_rank": 12, "anchor": "GVRC", "budget": 80, "r2": -0.029282757714788055, "regret": {"1": 0.21781473309965804, "2": 3.9191353023052216, "3": 6.730746477842331, "4": 8.635169237852097}}
/media/PM983/Code/PLS/src/pls/editflow/student.py:46: UserWarning: enable_nested_tensor is True, but self.use_nested_tensor is False because encoder_layer.norm_first was True
  self.encoder = nn.TransformerEncoder(block, layers)
{"anchor_rank": 12, "anchor": "GVRC", "budget": 160, "r2": -0.11864791245534545, "regret": {"1": 0.15644418075680733, "2": 3.5856182277202606, "3": 4.365501403808594, "4": 6.269924163818359}}
/media/PM983/Code/PLS/src/pls/editflow/student.py:46: UserWarning: enable_nested_tensor is True, but self.use_nested_tensor is False because encoder_layer.norm_first was True
  self.encoder = nn.TransformerEncoder(block, layers)
{"anchor_rank": 12, "anchor": "GVRC", "budget": 320, "r2": 0.308091085520353, "regret": {"1": 0.15644418075680733, "2": 2.7956191301345825, "3": 1.7162785530090332, "4": 3.620701313018799}}
/media/PM983/Code/PLS/src/pls/editflow/student.py:46: UserWarning: enable_nested_tensor is True, but self.use_nested_tensor is False because encoder_layer.norm_first was True
  self.encoder = nn.TransformerEncoder(block, layers)
{"anchor_rank": 12, "anchor": "GVRC", "budget": 640, "r2": 0.4966738211329993, "regret": {"1": 0.2059915866702795, "2": 0.0, "3": 1.6086645126342773, "4": 2.319495677947998}}
/media/PM983/Code/PLS/src/pls/editflow/student.py:46: UserWarning: enable_nested_tensor is True, but self.use_nested_tensor is False because encoder_layer.norm_first was True
  self.encoder = nn.TransformerEncoder(block, layers)
{"anchor_rank": 13, "anchor": "VSWN", "budget": 80, "r2": -0.05131634961397058, "regret": {"1": 1.0708874072879553, "2": 0.0, "3": 1.92317533493042, "4": 6.286583185195923}}
/media/PM983/Code/PLS/src/pls/editflow/student.py:46: UserWarning: enable_nested_tensor is True, but self.use_nested_tensor is False because encoder_layer.norm_first was True
  self.encoder = nn.TransformerEncoder(block, layers)
{"anchor_rank": 13, "anchor": "VSWN", "budget": 160, "r2": 0.213716846159276, "regret": {"1": 0.0, "2": 3.3587708473205566, "3": 1.0442171096801758, "4": 0.7168140411376953}}
/media/PM983/Code/PLS/src/pls/editflow/student.py:46: UserWarning: enable_nested_tensor is True, but self.use_nested_tensor is False because encoder_layer.norm_first was True
  self.encoder = nn.TransformerEncoder(block, layers)
{"anchor_rank": 13, "anchor": "VSWN", "budget": 320, "r2": 0.4447200921929314, "regret": {"1": 0.0, "2": 0.0, "3": 0.0773310661315918, "4": 0.0}}
/media/PM983/Code/PLS/src/pls/editflow/student.py:46: UserWarning: enable_nested_tensor is True, but self.use_nested_tensor is False because encoder_layer.norm_first was True
  self.encoder = nn.TransformerEncoder(block, layers)
{"anchor_rank": 13, "anchor": "VSWN", "budget": 640, "r2": 0.6188056918020874, "regret": {"1": 0.0, "2": 0.0, "3": 0.8411931991577148, "4": 0.0}}
/media/PM983/Code/PLS/src/pls/editflow/student.py:46: UserWarning: enable_nested_tensor is True, but self.use_nested_tensor is False because encoder_layer.norm_first was True
  self.encoder = nn.TransformerEncoder(block, layers)
{"anchor_rank": 14, "anchor": "YETT", "budget": 80, "r2": -0.23169630397102536, "regret": {"1": 0.0, "2": 3.2213584184646606, "3": 4.545990705490112, "4": 4.220615863800049}}
/media/PM983/Code/PLS/src/pls/editflow/student.py:46: UserWarning: enable_nested_tensor is True, but self.use_nested_tensor is False because encoder_layer.norm_first was True
  self.encoder = nn.TransformerEncoder(block, layers)
{"anchor_rank": 14, "anchor": "YETT", "budget": 160, "r2": 0.1536949196000703, "regret": {"1": 0.0, "2": 0.0, "3": 3.5996286869049072, "4": 4.220615863800049}}
/media/PM983/Code/PLS/src/pls/editflow/student.py:46: UserWarning: enable_nested_tensor is True, but self.use_nested_tensor is False because encoder_layer.norm_first was True
  self.encoder = nn.TransformerEncoder(block, layers)
{"anchor_rank": 14, "anchor": "YETT", "budget": 320, "r2": 0.4434245769622498, "regret": {"1": 0.0, "2": 1.3660962581634521, "3": 1.0066146850585938, "4": 1.2073025703430176}}
/media/PM983/Code/PLS/src/pls/editflow/student.py:46: UserWarning: enable_nested_tensor is True, but self.use_nested_tensor is False because encoder_layer.norm_first was True
  self.encoder = nn.TransformerEncoder(block, layers)
{"anchor_rank": 14, "anchor": "YETT", "budget": 640, "r2": 0.618756562317362, "regret": {"1": 0.0, "2": 1.3660962581634521, "3": 0.0, "4": 0.7168140411376953}}
/media/PM983/Code/PLS/src/pls/editflow/student.py:46: UserWarning: enable_nested_tensor is True, but self.use_nested_tensor is False because encoder_layer.norm_first was True
  self.encoder = nn.TransformerEncoder(block, layers)
{"anchor_rank": 15, "anchor": "MCGK", "budget": 80, "r2": 0.08721736787908752, "regret": {"1": 0.03973352909088135, "2": 1.6834442615509033, "3": 1.4710116386413574, "4": 5.160218715667725}}
/media/PM983/Code/PLS/src/pls/editflow/student.py:46: UserWarning: enable_nested_tensor is True, but self.use_nested_tensor is False because encoder_layer.norm_first was True
  self.encoder = nn.TransformerEncoder(block, layers)
{"anchor_rank": 15, "anchor": "MCGK", "budget": 160, "r2": 0.34613967749984076, "regret": {"1": 0.03973352909088135, "2": 1.6998686790466309, "3": 2.3027567863464355, "4": 2.7872471809387207}}
/media/PM983/Code/PLS/src/pls/editflow/student.py:46: UserWarning: enable_nested_tensor is True, but self.use_nested_tensor is False because encoder_layer.norm_first was True
  self.encoder = nn.TransformerEncoder(block, layers)
{"anchor_rank": 15, "anchor": "MCGK", "budget": 320, "r2": 0.5648201971336878, "regret": {"1": 0.22945618629455566, "2": 1.383901596069336, "3": 0.0, "4": 1.2073025703430176}}
/media/PM983/Code/PLS/src/pls/editflow/student.py:46: UserWarning: enable_nested_tensor is True, but self.use_nested_tensor is False because encoder_layer.norm_first was True
  self.encoder = nn.TransformerEncoder(block, layers)
{"anchor_rank": 15, "anchor": "MCGK", "budget": 640, "r2": 0.7232003551519266, "regret": {"1": 0.03973352909088135, "2": 0.30520105361938477, "3": 0.0, "4": 0.0}}
{"aggregate": [{"budget": 80, "anchors": 16, "value_r2": {"mean": -0.3550418848642922, "median": -0.029976193162367437, "standard_deviation": 1.29672313071564, "minimum": -5.205528979941173, "maximum": 0.08721736787908752, "count": 16}, "edge_spearman": {"mean": 0.19250491194929517, "median": 0.18636302860951665, "standard_deviation": 0.05475334657106711, "minimum": 0.11331724695215331, "maximum": 0.27355942038705217, "count": 16}, "anchor_macro_kendall_tau": {"mean": 0.14940287899692656, "median": 0.14022586366580464, "standard_deviation": 0.037309957666249095, "minimum": 0.1045866949886833, "maximum": 0.2017919116459866, "count": 16}, "closed_edges": {"mean": 92.625, "median": 92.5, "standard_deviation": 3.5, "minimum": 86.0, "maximum": 98.0, "count": 16}, "regret": {"1": {"mean": 0.33117023458180483, "median": 0.039305652608163655, "standard_deviation": 0.477637990947358, "minimum": 0.0, "maximum": 1.5854580998420715, "count": 16, "zero_regret_fraction": 0.125}, "2": {"mean": 3.2055146576458355, "median": 3.132837802171707, "standard_deviation": 1.99175789735775, "minimum": 0.0, "maximum": 6.861812546849251, "count": 16, "zero_regret_fraction": 0.0625}, "3": {"mean": 5.371495831524953, "median": 5.198012714739889, "standard_deviation": 1.9717628631832214, "minimum": 1.4710116386413574, "maximum": 8.69552130997181, "count": 16, "zero_regret_fraction": 0.0}, "4": {"mean": 6.779173429822549, "median": 6.998267114162445, "standard_deviation": 1.6312930608293998, "minimum": 3.617873191833496, "maximum": 8.737049084156752, "count": 16, "zero_regret_fraction": 0.0}}}, {"budget": 160, "anchors": 16, "value_r2": {"mean": 0.10935378437258868, "median": 0.1504000919905732, "standard_deviation": 0.1283529696135268, "minimum": -0.11864791245534545, "maximum": 0.34613967749984076, "count": 16}, "edge_spearman": {"mean": 0.25695300882011207, "median": 0.25940734954823785, "standard_deviation": 0.04724527489570003, "minimum": 0.16358933045207996, "maximum": 0.32671462323401407, "count": 16}, "anchor_macro_kendall_tau": {"mean": 0.17766971795342068, "median": 0.17995084767249647, "standard_deviation": 0.03360395983207385, "minimum": 0.1062902029297132, "maximum": 0.2337038816866711, "count": 16}, "closed_edges": {"mean": 484.6875, "median": 462.5, "standard_deviation": 96.7861689499073, "minimum": 306.0, "maximum": 646.0, "count": 16}, "regret": {"1": {"mean": 0.12844176948419772, "median": 0.0257441489957273, "standard_deviation": 0.22217710002985044, "minimum": 0.0, "maximum": 0.8127166908234358, "count": 16, "zero_regret_fraction": 0.4375}, "2": {"mean": 2.6026067353668623, "median": 2.982718444429338, "standard_deviation": 1.5375381688287433, "minimum": 0.0, "maximum": 5.406682729721069, "count": 16, "zero_regret_fraction": 0.0625}, "3": {"mean": 3.5550398292252794, "median": 3.548070967197418, "standard_deviation": 2.060589856352146, "minimum": 0.8701863288879395, "maximum": 8.036970118060708, "count": 16, "zero_regret_fraction": 0.0}, "4": {"mean": 4.524207606911659, "median": 4.374852180480957, "standard_deviation": 1.7207351725996811, "minimum": 0.7168140411376953, "maximum": 7.240391492843628, "count": 16, "zero_regret_fraction": 0.0}}}, {"budget": 320, "anchors": 16, "value_r2": {"mean": 0.36879841223485843, "median": 0.43885741944628026, "standard_deviation": 0.1499576816479793, "minimum": 0.07582358032448255, "maximum": 0.5648201971336878, "count": 16}, "edge_spearman": {"mean": 0.31966699329014736, "median": 0.3437311874862331, "standard_deviation": 0.06538935778123528, "minimum": 0.18779598480040494, "maximum": 0.41613342474029696, "count": 16}, "anchor_macro_kendall_tau": {"mean": 0.1945625437674972, "median": 0.20967543388939536, "standard_deviation": 0.0440349886299219, "minimum": 0.11027617025119196, "maximum": 0.26229210948278137, "count": 16}, "closed_edges": {"mean": 1455.1875, "median": 1461.0, "standard_deviation": 170.66545002821553, "minimum": 1199.0, "maximum": 1734.0, "count": 16}, "regret": {"1": {"mean": 0.20608894381439313, "median": 0.04001051979139447, "standard_deviation": 0.3360271657248625, "minimum": 0.0, "maximum": 1.2461977787315845, "count": 16, "zero_regret_fraction": 0.3125}, "2": {"mean": 2.0852046865038574, "median": 1.7836893796920776, "standard_deviation": 1.5288705690026323, "minimum": 0.0, "maximum": 5.406682729721069, "count": 16, "zero_regret_fraction": 0.0625}, "3": {"mean": 1.9158195406198502, "median": 1.7406615018844604, "standard_deviation": 1.305902040775831, "minimum": 0.0, "maximum": 4.699384689331055, "count": 16, "zero_regret_fraction": 0.0625}, "4": {"mean": 2.7451244443655014, "median": 3.0802996158599854, "standard_deviation": 1.6246344275783982, "minimum": 0.0, "maximum": 5.301663637161255, "count": 16, "zero_regret_fraction": 0.125}}}, {"budget": 640, "anchors": 16, "value_r2": {"mean": 0.5728910900021941, "median": 0.6187811270597248, "standard_deviation": 0.12027946565573144, "minimum": 0.20654046724590136, "maximum": 0.7232003551519266, "count": 16}, "edge_spearman": {"mean": 0.378834308026536, "median": 0.37312192301975716, "standard_deviation": 0.04458581203951626, "minimum": 0.2901682864850836, "maximum": 0.45045662706526196, "count": 16}, "anchor_macro_kendall_tau": {"mean": 0.2265343545756836, "median": 0.2180828195261084, "standard_deviation": 0.03525993208714794, "minimum": 0.15415672741539263, "maximum": 0.2842171635230466, "count": 16}, "closed_edges": {"mean": 3633.1875, "median": 3424.0, "standard_deviation": 463.4642336074417, "minimum": 3188.0, "maximum": 4845.0, "count": 16}, "regret": {"1": {"mean": 0.11337711900705472, "median": 0.023630460258573294, "standard_deviation": 0.19133434510507805, "minimum": 0.0, "maximum": 0.6910436153411865, "count": 16, "zero_regret_fraction": 0.375}, "2": {"mean": 1.3789649507962167, "median": 1.0074774026870728, "standard_deviation": 1.4061573407313928, "minimum": 0.0, "maximum": 4.036089181900024, "count": 16, "zero_regret_fraction": 0.25}, "3": {"mean": 1.5813623368740082, "median": 1.3380084037780762, "standard_deviation": 1.281905128995524, "minimum": 0.0, "maximum": 4.258686542510986, "count": 16, "zero_regret_fraction": 0.125}, "4": {"mean": 1.7525967955589294, "median": 1.8942196369171143, "standard_deviation": 1.1573839758186102, "minimum": 0.0, "maximum": 3.759157180786133, "count": 16, "zero_regret_fraction": 0.1875}}}], "query_budget": {"acquisition": "uncertainty", "anchors": 16, "budget_curve": [80, 160, 320, 640], "final_unique_queries_per_anchor": 640, "total_oracle_queries_across_independent_anchors": 10240, "teacher_query_cost_unit": "unique measured node per independent anchor", "same_protocol_required": true, "anchor_protocol_sha256": "6bdee1aff328f031ca80083da94d718c4125a6f4ea112433b2df169470d2a8d2", "test_evaluated": false}, "test_evaluated": false}
