/media/PM983/Code/PLS/src/pls/editflow/student.py:46: UserWarning: enable_nested_tensor is True, but self.use_nested_tensor is False because encoder_layer.norm_first was True
  self.encoder = nn.TransformerEncoder(block, layers)
/media/PM983/Code/PLS/src/pls/editflow/student.py:46: UserWarning: enable_nested_tensor is True, but self.use_nested_tensor is False because encoder_layer.norm_first was True
  self.encoder = nn.TransformerEncoder(block, layers)
{"anchor_rank": 0, "anchor": "DNNV", "budget": 80, "r2": -0.4425539943950907, "regret": {"1": 0.017902973107993603, "2": 3.985518417786807, "3": 5.240160226821899, "4": 4.828968524932861}}
/media/PM983/Code/PLS/src/pls/editflow/student.py:46: UserWarning: enable_nested_tensor is True, but self.use_nested_tensor is False because encoder_layer.norm_first was True
  self.encoder = nn.TransformerEncoder(block, layers)
{"anchor_rank": 0, "anchor": "DNNV", "budget": 160, "r2": -0.5882438790352571, "regret": {"1": 0.02187519520521164, "2": 3.9807063546031713, "3": 2.292024612426758, "4": 1.9044227600097656}}
/media/PM983/Code/PLS/src/pls/editflow/student.py:46: UserWarning: enable_nested_tensor is True, but self.use_nested_tensor is False because encoder_layer.norm_first was True
  self.encoder = nn.TransformerEncoder(block, layers)
{"anchor_rank": 0, "anchor": "DNNV", "budget": 320, "r2": 0.4186708812920462, "regret": {"1": 0.02187519520521164, "2": 0.7754573822021484, "3": 2.292024612426758, "4": 1.884016513824463}}
/media/PM983/Code/PLS/src/pls/editflow/student.py:46: UserWarning: enable_nested_tensor is True, but self.use_nested_tensor is False because encoder_layer.norm_first was True
  self.encoder = nn.TransformerEncoder(block, layers)
{"anchor_rank": 0, "anchor": "DNNV", "budget": 640, "r2": 0.549138192536003, "regret": {"1": 0.02187519520521164, "2": 0.7754573822021484, "3": 2.292024612426758, "4": 1.4493093490600586}}
/media/PM983/Code/PLS/src/pls/editflow/student.py:46: UserWarning: enable_nested_tensor is True, but self.use_nested_tensor is False because encoder_layer.norm_first was True
  self.encoder = nn.TransformerEncoder(block, layers)
{"anchor_rank": 1, "anchor": "YLPR", "budget": 80, "r2": -0.10403213206641704, "regret": {"1": 0.006798917893320322, "2": 0.05052685737609863, "3": 6.913415752351284, "4": 6.106783390045166}}
/media/PM983/Code/PLS/src/pls/editflow/student.py:46: UserWarning: enable_nested_tensor is True, but self.use_nested_tensor is False because encoder_layer.norm_first was True
  self.encoder = nn.TransformerEncoder(block, layers)
{"anchor_rank": 1, "anchor": "YLPR", "budget": 160, "r2": 0.04405936136278055, "regret": {"1": 0.008126435452140868, "2": 2.557719975709915, "3": 3.940092086791992, "4": 5.584080696105957}}
/media/PM983/Code/PLS/src/pls/editflow/student.py:46: UserWarning: enable_nested_tensor is True, but self.use_nested_tensor is False because encoder_layer.norm_first was True
  self.encoder = nn.TransformerEncoder(block, layers)
{"anchor_rank": 1, "anchor": "YLPR", "budget": 320, "r2": 0.20545729345321195, "regret": {"1": 0.00775948294904083, "2": 0.05052685737609863, "3": 4.22188925743103, "4": 3.5192437171936035}}
/media/PM983/Code/PLS/src/pls/editflow/student.py:46: UserWarning: enable_nested_tensor is True, but self.use_nested_tensor is False because encoder_layer.norm_first was True
  self.encoder = nn.TransformerEncoder(block, layers)
{"anchor_rank": 1, "anchor": "YLPR", "budget": 640, "r2": 0.5495559867489959, "regret": {"1": 0.003474193625152111, "2": 0.05052685737609863, "3": 1.914285659790039, "4": 2.989933490753174}}
/media/PM983/Code/PLS/src/pls/editflow/student.py:46: UserWarning: enable_nested_tensor is True, but self.use_nested_tensor is False because encoder_layer.norm_first was True
  self.encoder = nn.TransformerEncoder(block, layers)
{"anchor_rank": 2, "anchor": "DRFS", "budget": 80, "r2": -0.01924079561881853, "regret": {"1": 0.4149390757083893, "2": 2.9672582149505615, "3": 5.497291386127472, "4": 7.443414807319641}}
/media/PM983/Code/PLS/src/pls/editflow/student.py:46: UserWarning: enable_nested_tensor is True, but self.use_nested_tensor is False because encoder_layer.norm_first was True
  self.encoder = nn.TransformerEncoder(block, layers)
{"anchor_rank": 2, "anchor": "DRFS", "budget": 160, "r2": 0.10752765401809361, "regret": {"1": 0.44147560000419617, "2": 5.510566920042038, "3": 4.0741095542907715, "4": 6.637070655822754}}
/media/PM983/Code/PLS/src/pls/editflow/student.py:46: UserWarning: enable_nested_tensor is True, but self.use_nested_tensor is False because encoder_layer.norm_first was True
  self.encoder = nn.TransformerEncoder(block, layers)
{"anchor_rank": 2, "anchor": "DRFS", "budget": 320, "r2": 0.3994635753547775, "regret": {"1": 0.0, "2": 2.395341157913208, "3": 3.1454594135284424, "4": 3.987475872039795}}
/media/PM983/Code/PLS/src/pls/editflow/student.py:46: UserWarning: enable_nested_tensor is True, but self.use_nested_tensor is False because encoder_layer.norm_first was True
  self.encoder = nn.TransformerEncoder(block, layers)
{"anchor_rank": 2, "anchor": "DRFS", "budget": 640, "r2": 0.7375314996026971, "regret": {"1": 0.0, "2": 0.0, "3": 0.06855058670043945, "4": 2.4708828926086426}}
/media/PM983/Code/PLS/src/pls/editflow/student.py:46: UserWarning: enable_nested_tensor is True, but self.use_nested_tensor is False because encoder_layer.norm_first was True
  self.encoder = nn.TransformerEncoder(block, layers)
{"anchor_rank": 3, "anchor": "TRFP", "budget": 80, "r2": -0.19646139979395127, "regret": {"1": 0.7717775627970695, "2": 5.559680249541998, "3": 3.08636736869812, "4": 5.504835844039917}}
/media/PM983/Code/PLS/src/pls/editflow/student.py:46: UserWarning: enable_nested_tensor is True, but self.use_nested_tensor is False because encoder_layer.norm_first was True
  self.encoder = nn.TransformerEncoder(block, layers)
{"anchor_rank": 3, "anchor": "TRFP", "budget": 160, "r2": 0.12344331511947726, "regret": {"1": 0.010425567626953125, "2": 5.191815078258514, "3": 2.657356023788452, "4": 4.716005325317383}}
/media/PM983/Code/PLS/src/pls/editflow/student.py:46: UserWarning: enable_nested_tensor is True, but self.use_nested_tensor is False because encoder_layer.norm_first was True
  self.encoder = nn.TransformerEncoder(block, layers)
{"anchor_rank": 3, "anchor": "TRFP", "budget": 320, "r2": 0.2441321717097853, "regret": {"1": 0.010425567626953125, "2": 0.10815286636352539, "3": 0.8582711219787598, "4": 2.989933490753174}}
/media/PM983/Code/PLS/src/pls/editflow/student.py:46: UserWarning: enable_nested_tensor is True, but self.use_nested_tensor is False because encoder_layer.norm_first was True
  self.encoder = nn.TransformerEncoder(block, layers)
{"anchor_rank": 3, "anchor": "TRFP", "budget": 640, "r2": 0.4307252996938439, "regret": {"1": 0.010425567626953125, "2": 0.0, "3": 0.06855058670043945, "4": 2.2524867057800293}}
/media/PM983/Code/PLS/src/pls/editflow/student.py:46: UserWarning: enable_nested_tensor is True, but self.use_nested_tensor is False because encoder_layer.norm_first was True
  self.encoder = nn.TransformerEncoder(block, layers)
{"anchor_rank": 4, "anchor": "CYCQ", "budget": 80, "r2": -0.02072080790147912, "regret": {"1": 2.3746238593012094, "2": 6.4040025770664215, "3": 6.518411755561829, "4": 7.235225796699524}}
/media/PM983/Code/PLS/src/pls/editflow/student.py:46: UserWarning: enable_nested_tensor is True, but self.use_nested_tensor is False because encoder_layer.norm_first was True
  self.encoder = nn.TransformerEncoder(block, layers)
{"anchor_rank": 4, "anchor": "CYCQ", "budget": 160, "r2": 0.08122329844703235, "regret": {"1": 0.0, "2": 4.097546100616455, "3": 5.405414581298828, "4": 6.122228622436523}}
/media/PM983/Code/PLS/src/pls/editflow/student.py:46: UserWarning: enable_nested_tensor is True, but self.use_nested_tensor is False because encoder_layer.norm_first was True
  self.encoder = nn.TransformerEncoder(block, layers)
{"anchor_rank": 4, "anchor": "CYCQ", "budget": 320, "r2": 0.3791725905980675, "regret": {"1": 0.0, "2": 1.891815185546875, "3": 3.4411916732788086, "4": 4.158005714416504}}
/media/PM983/Code/PLS/src/pls/editflow/student.py:46: UserWarning: enable_nested_tensor is True, but self.use_nested_tensor is False because encoder_layer.norm_first was True
  self.encoder = nn.TransformerEncoder(block, layers)
{"anchor_rank": 4, "anchor": "CYCQ", "budget": 640, "r2": 0.6674089241284739, "regret": {"1": 0.0, "2": 0.0, "3": 1.0638184547424316, "4": 1.780632495880127}}
/media/PM983/Code/PLS/src/pls/editflow/student.py:46: UserWarning: enable_nested_tensor is True, but self.use_nested_tensor is False because encoder_layer.norm_first was True
  self.encoder = nn.TransformerEncoder(block, layers)
{"anchor_rank": 5, "anchor": "IPKK", "budget": 80, "r2": -0.022663751466446058, "regret": {"1": 0.009166666306555271, "2": 0.0, "3": 6.0145241897553205, "4": 8.663391917943954}}
/media/PM983/Code/PLS/src/pls/editflow/student.py:46: UserWarning: enable_nested_tensor is True, but self.use_nested_tensor is False because encoder_layer.norm_first was True
  self.encoder = nn.TransformerEncoder(block, layers)
{"anchor_rank": 5, "anchor": "IPKK", "budget": 160, "r2": -0.9634777795481217, "regret": {"1": 0.009166666306555271, "2": 3.334752679336816, "3": 6.03631948819384, "4": 1.5333056449890137}}
/media/PM983/Code/PLS/src/pls/editflow/student.py:46: UserWarning: enable_nested_tensor is True, but self.use_nested_tensor is False because encoder_layer.norm_first was True
  self.encoder = nn.TransformerEncoder(block, layers)
{"anchor_rank": 5, "anchor": "IPKK", "budget": 320, "r2": 0.28034750950466136, "regret": {"1": 0.01789631717838347, "2": 0.0, "3": 0.034450531005859375, "4": 0.0}}
/media/PM983/Code/PLS/src/pls/editflow/student.py:46: UserWarning: enable_nested_tensor is True, but self.use_nested_tensor is False because encoder_layer.norm_first was True
  self.encoder = nn.TransformerEncoder(block, layers)
{"anchor_rank": 5, "anchor": "IPKK", "budget": 640, "r2": 0.48834974195794767, "regret": {"1": 0.01742888824082911, "2": 0.0, "3": 0.0, "4": 0.0}}
/media/PM983/Code/PLS/src/pls/editflow/student.py:46: UserWarning: enable_nested_tensor is True, but self.use_nested_tensor is False because encoder_layer.norm_first was True
  self.encoder = nn.TransformerEncoder(block, layers)
{"anchor_rank": 6, "anchor": "LVHA", "budget": 80, "r2": 0.01179827722462945, "regret": {"1": 2.841629147529602, "2": 5.589051842689514, "3": 7.122357487678528, "4": 7.122357487678528}}
/media/PM983/Code/PLS/src/pls/editflow/student.py:46: UserWarning: enable_nested_tensor is True, but self.use_nested_tensor is False because encoder_layer.norm_first was True
  self.encoder = nn.TransformerEncoder(block, layers)
{"anchor_rank": 6, "anchor": "LVHA", "budget": 160, "r2": 0.1333185011366449, "regret": {"1": 0.0, "2": 2.747422695159912, "3": 4.280728340148926, "4": 4.280728340148926}}
/media/PM983/Code/PLS/src/pls/editflow/student.py:46: UserWarning: enable_nested_tensor is True, but self.use_nested_tensor is False because encoder_layer.norm_first was True
  self.encoder = nn.TransformerEncoder(block, layers)
{"anchor_rank": 6, "anchor": "LVHA", "budget": 320, "r2": 0.3972262980008757, "regret": {"1": 0.0, "2": 1.2011713981628418, "3": 1.20509672164917, "4": 1.20509672164917}}
/media/PM983/Code/PLS/src/pls/editflow/student.py:46: UserWarning: enable_nested_tensor is True, but self.use_nested_tensor is False because encoder_layer.norm_first was True
  self.encoder = nn.TransformerEncoder(block, layers)
{"anchor_rank": 6, "anchor": "LVHA", "budget": 640, "r2": 0.543989262034684, "regret": {"1": 0.0, "2": 0.0, "3": 0.0, "4": 0.0}}
/media/PM983/Code/PLS/src/pls/editflow/student.py:46: UserWarning: enable_nested_tensor is True, but self.use_nested_tensor is False because encoder_layer.norm_first was True
  self.encoder = nn.TransformerEncoder(block, layers)
{"anchor_rank": 7, "anchor": "IPVY", "budget": 80, "r2": -0.03122180974281208, "regret": {"1": 0.01585540291853249, "2": 3.328984343446791, "3": 6.039977286010981, "4": 8.431090384721756}}
/media/PM983/Code/PLS/src/pls/editflow/student.py:46: UserWarning: enable_nested_tensor is True, but self.use_nested_tensor is False because encoder_layer.norm_first was True
  self.encoder = nn.TransformerEncoder(block, layers)
{"anchor_rank": 7, "anchor": "IPVY", "budget": 160, "r2": -0.030148492725281084, "regret": {"1": 0.015175960725173354, "2": 3.3351462893188, "3": 5.633140444755554, "4": 8.158632934093475}}
/media/PM983/Code/PLS/src/pls/editflow/student.py:46: UserWarning: enable_nested_tensor is True, but self.use_nested_tensor is False because encoder_layer.norm_first was True
  self.encoder = nn.TransformerEncoder(block, layers)
{"anchor_rank": 7, "anchor": "IPVY", "budget": 320, "r2": 0.12454123813271767, "regret": {"1": 0.01585540291853249, "2": 1.7168828248977661, "3": 5.994246695190668, "4": 5.109571933746338}}
/media/PM983/Code/PLS/src/pls/editflow/student.py:46: UserWarning: enable_nested_tensor is True, but self.use_nested_tensor is False because encoder_layer.norm_first was True
  self.encoder = nn.TransformerEncoder(block, layers)
{"anchor_rank": 7, "anchor": "IPVY", "budget": 640, "r2": 0.4713389224666372, "regret": {"1": 0.01061411201953888, "2": 0.0, "3": 1.1590962409973145, "4": 2.4870190620422363}}
/media/PM983/Code/PLS/src/pls/editflow/student.py:46: UserWarning: enable_nested_tensor is True, but self.use_nested_tensor is False because encoder_layer.norm_first was True
  self.encoder = nn.TransformerEncoder(block, layers)
{"anchor_rank": 8, "anchor": "MYCT", "budget": 80, "r2": -0.01128252419845599, "regret": {"1": 3.7902015447616577, "2": 6.490529608912766, "3": 7.3585158586502075, "4": 8.075329899787903}}
/media/PM983/Code/PLS/src/pls/editflow/student.py:46: UserWarning: enable_nested_tensor is True, but self.use_nested_tensor is False because encoder_layer.norm_first was True
  self.encoder = nn.TransformerEncoder(block, layers)
{"anchor_rank": 8, "anchor": "MYCT", "budget": 160, "r2": -0.1099570725033927, "regret": {"1": 0.0, "2": 0.0, "3": 2.9639077186584473, "4": 3.6807217597961426}}
/media/PM983/Code/PLS/src/pls/editflow/student.py:46: UserWarning: enable_nested_tensor is True, but self.use_nested_tensor is False because encoder_layer.norm_first was True
  self.encoder = nn.TransformerEncoder(block, layers)
{"anchor_rank": 8, "anchor": "MYCT", "budget": 320, "r2": 0.5317323488510782, "regret": {"1": 0.0, "2": 0.0, "3": 1.5493764877319336, "4": 2.266190528869629}}
/media/PM983/Code/PLS/src/pls/editflow/student.py:46: UserWarning: enable_nested_tensor is True, but self.use_nested_tensor is False because encoder_layer.norm_first was True
  self.encoder = nn.TransformerEncoder(block, layers)
{"anchor_rank": 8, "anchor": "MYCT", "budget": 640, "r2": 0.6607691223661697, "regret": {"1": 0.0, "2": 0.0, "3": 0.0, "4": 0.7168140411376953}}
/media/PM983/Code/PLS/src/pls/editflow/student.py:46: UserWarning: enable_nested_tensor is True, but self.use_nested_tensor is False because encoder_layer.norm_first was True
  self.encoder = nn.TransformerEncoder(block, layers)
{"anchor_rank": 9, "anchor": "EEVT", "budget": 80, "r2": 0.01239872378590734, "regret": {"1": 0.35200578533113003, "2": 0.36782336235046387, "3": 3.605600118637085, "4": 5.677836179733276}}
/media/PM983/Code/PLS/src/pls/editflow/student.py:46: UserWarning: enable_nested_tensor is True, but self.use_nested_tensor is False because encoder_layer.norm_first was True
  self.encoder = nn.TransformerEncoder(block, layers)
{"anchor_rank": 9, "anchor": "EEVT", "budget": 160, "r2": 0.13763741247130812, "regret": {"1": 0.19408132135868073, "2": 0.36782336235046387, "3": 2.136345386505127, "4": 4.208581447601318}}
/media/PM983/Code/PLS/src/pls/editflow/student.py:46: UserWarning: enable_nested_tensor is True, but self.use_nested_tensor is False because encoder_layer.norm_first was True
  self.encoder = nn.TransformerEncoder(block, layers)
{"anchor_rank": 9, "anchor": "EEVT", "budget": 320, "r2": 0.30714145029795814, "regret": {"1": 0.1335100531578064, "2": 0.36782336235046387, "3": 2.1369009017944336, "4": 1.20509672164917}}
/media/PM983/Code/PLS/src/pls/editflow/student.py:46: UserWarning: enable_nested_tensor is True, but self.use_nested_tensor is False because encoder_layer.norm_first was True
  self.encoder = nn.TransformerEncoder(block, layers)
{"anchor_rank": 9, "anchor": "EEVT", "budget": 640, "r2": 0.5496930001107359, "regret": {"1": 0.1335100531578064, "2": 0.38431477546691895, "3": 1.6990036964416504, "4": 1.2073025703430176}}
/media/PM983/Code/PLS/src/pls/editflow/student.py:46: UserWarning: enable_nested_tensor is True, but self.use_nested_tensor is False because encoder_layer.norm_first was True
  self.encoder = nn.TransformerEncoder(block, layers)
{"anchor_rank": 10, "anchor": "QMDR", "budget": 80, "r2": 0.02114715823375013, "regret": {"1": 0.009732817532494664, "2": 1.837557272054255, "3": 3.4182189106941223, "4": 7.985396325588226}}
/media/PM983/Code/PLS/src/pls/editflow/student.py:46: UserWarning: enable_nested_tensor is True, but self.use_nested_tensor is False because encoder_layer.norm_first was True
  self.encoder = nn.TransformerEncoder(block, layers)
{"anchor_rank": 10, "anchor": "QMDR", "budget": 160, "r2": 0.0735145176588119, "regret": {"1": 0.009859870187938213, "2": 1.780994527041912, "3": 4.1953074634075165, "4": 4.897390842437744}}
/media/PM983/Code/PLS/src/pls/editflow/student.py:46: UserWarning: enable_nested_tensor is True, but self.use_nested_tensor is False because encoder_layer.norm_first was True
  self.encoder = nn.TransformerEncoder(block, layers)
{"anchor_rank": 10, "anchor": "QMDR", "budget": 320, "r2": 0.38550144950389065, "regret": {"1": 0.01050544623285532, "2": 0.0, "3": 0.6444287300109863, "4": 2.39479923248291}}
/media/PM983/Code/PLS/src/pls/editflow/student.py:46: UserWarning: enable_nested_tensor is True, but self.use_nested_tensor is False because encoder_layer.norm_first was True
  self.encoder = nn.TransformerEncoder(block, layers)
{"anchor_rank": 10, "anchor": "QMDR", "budget": 640, "r2": 0.606474258025332, "regret": {"1": 0.004933202639222145, "2": 0.0, "3": 0.0, "4": 0.0}}
/media/PM983/Code/PLS/src/pls/editflow/student.py:46: UserWarning: enable_nested_tensor is True, but self.use_nested_tensor is False because encoder_layer.norm_first was True
  self.encoder = nn.TransformerEncoder(block, layers)
{"anchor_rank": 11, "anchor": "WSCP", "budget": 80, "r2": -0.019996164912804648, "regret": {"1": 4.396329909563065, "2": 6.797673344612122, "3": 7.072209477424622, "4": 8.277306199073792}}
/media/PM983/Code/PLS/src/pls/editflow/student.py:46: UserWarning: enable_nested_tensor is True, but self.use_nested_tensor is False because encoder_layer.norm_first was True
  self.encoder = nn.TransformerEncoder(block, layers)
{"anchor_rank": 11, "anchor": "WSCP", "budget": 160, "r2": 0.05919886742365499, "regret": {"1": 0.0, "2": 2.4590554237365723, "3": 2.7335915565490723, "4": 3.938688278198242}}
/media/PM983/Code/PLS/src/pls/editflow/student.py:46: UserWarning: enable_nested_tensor is True, but self.use_nested_tensor is False because encoder_layer.norm_first was True
  self.encoder = nn.TransformerEncoder(block, layers)
{"anchor_rank": 11, "anchor": "WSCP", "budget": 320, "r2": 0.4940983050123263, "regret": {"1": 0.0, "2": 0.0, "3": 0.2745361328125, "4": 1.47963285446167}}
/media/PM983/Code/PLS/src/pls/editflow/student.py:46: UserWarning: enable_nested_tensor is True, but self.use_nested_tensor is False because encoder_layer.norm_first was True
  self.encoder = nn.TransformerEncoder(block, layers)
{"anchor_rank": 11, "anchor": "WSCP", "budget": 640, "r2": 0.6559224874916962, "regret": {"1": 0.0, "2": 0.0, "3": 0.0022058486938476562, "4": 1.2073025703430176}}
/media/PM983/Code/PLS/src/pls/editflow/student.py:46: UserWarning: enable_nested_tensor is True, but self.use_nested_tensor is False because encoder_layer.norm_first was True
  self.encoder = nn.TransformerEncoder(block, layers)
{"anchor_rank": 12, "anchor": "DPHR", "budget": 80, "r2": -0.8315400087230369, "regret": {"1": 0.016598213696852326, "2": 0.061165713937953115, "3": 3.6884376481175423, "4": 5.444634914398193}}
/media/PM983/Code/PLS/src/pls/editflow/student.py:46: UserWarning: enable_nested_tensor is True, but self.use_nested_tensor is False because encoder_layer.norm_first was True
  self.encoder = nn.TransformerEncoder(block, layers)
{"anchor_rank": 12, "anchor": "DPHR", "budget": 160, "r2": -0.0819253938332023, "regret": {"1": 0.0, "2": 0.06324999779462814, "3": 3.705895185470581, "4": 3.267090320587158}}
/media/PM983/Code/PLS/src/pls/editflow/student.py:46: UserWarning: enable_nested_tensor is True, but self.use_nested_tensor is False because encoder_layer.norm_first was True
  self.encoder = nn.TransformerEncoder(block, layers)
{"anchor_rank": 12, "anchor": "DPHR", "budget": 320, "r2": 0.13763924032431496, "regret": {"1": 0.019577380269765854, "2": 0.05765646044164896, "3": 3.534593105316162, "4": 3.267090320587158}}
/media/PM983/Code/PLS/src/pls/editflow/student.py:46: UserWarning: enable_nested_tensor is True, but self.use_nested_tensor is False because encoder_layer.norm_first was True
  self.encoder = nn.TransformerEncoder(block, layers)
{"anchor_rank": 12, "anchor": "DPHR", "budget": 640, "r2": 0.2336008664420467, "regret": {"1": 0.019577380269765854, "2": 0.06324999779462814, "3": 0.8137273788452148, "4": 3.267090320587158}}
/media/PM983/Code/PLS/src/pls/editflow/student.py:46: UserWarning: enable_nested_tensor is True, but self.use_nested_tensor is False because encoder_layer.norm_first was True
  self.encoder = nn.TransformerEncoder(block, layers)
{"anchor_rank": 13, "anchor": "LWKN", "budget": 80, "r2": -0.022306071713937836, "regret": {"1": 1.7739974232390523, "2": 7.225744326598942, "3": 7.944366455078125, "4": 8.34653127193451}}
/media/PM983/Code/PLS/src/pls/editflow/student.py:46: UserWarning: enable_nested_tensor is True, but self.use_nested_tensor is False because encoder_layer.norm_first was True
  self.encoder = nn.TransformerEncoder(block, layers)
{"anchor_rank": 13, "anchor": "LWKN", "budget": 160, "r2": 0.043316997943057656, "regret": {"1": 0.0, "2": 5.45085597038269, "3": 6.984161615371704, "4": 6.874631762504578}}
/media/PM983/Code/PLS/src/pls/editflow/student.py:46: UserWarning: enable_nested_tensor is True, but self.use_nested_tensor is False because encoder_layer.norm_first was True
  self.encoder = nn.TransformerEncoder(block, layers)
{"anchor_rank": 13, "anchor": "LWKN", "budget": 320, "r2": 0.11243819801053723, "regret": {"1": 0.0, "2": 2.5069518089294434, "3": 0.0, "4": 3.4637856483459473}}
/media/PM983/Code/PLS/src/pls/editflow/student.py:46: UserWarning: enable_nested_tensor is True, but self.use_nested_tensor is False because encoder_layer.norm_first was True
  self.encoder = nn.TransformerEncoder(block, layers)
{"anchor_rank": 13, "anchor": "LWKN", "budget": 640, "r2": 0.5957523682059154, "regret": {"1": 0.0, "2": 0.0, "3": 1.5333056449890137, "4": 1.780632495880127}}
/media/PM983/Code/PLS/src/pls/editflow/student.py:46: UserWarning: enable_nested_tensor is True, but self.use_nested_tensor is False because encoder_layer.norm_first was True
  self.encoder = nn.TransformerEncoder(block, layers)
{"anchor_rank": 14, "anchor": "YWFN", "budget": 80, "r2": 0.022374768680086032, "regret": {"1": 4.001872897148132, "2": 6.085536479949951, "3": 8.104246020317078, "4": 8.104246020317078}}
/media/PM983/Code/PLS/src/pls/editflow/student.py:46: UserWarning: enable_nested_tensor is True, but self.use_nested_tensor is False because encoder_layer.norm_first was True
  self.encoder = nn.TransformerEncoder(block, layers)
{"anchor_rank": 14, "anchor": "YWFN", "budget": 160, "r2": -0.6101788724541102, "regret": {"1": 0.0, "2": 1.3304791450500488, "3": 3.7489476203918457, "4": 3.7489476203918457}}
/media/PM983/Code/PLS/src/pls/editflow/student.py:46: UserWarning: enable_nested_tensor is True, but self.use_nested_tensor is False because encoder_layer.norm_first was True
  self.encoder = nn.TransformerEncoder(block, layers)
{"anchor_rank": 14, "anchor": "YWFN", "budget": 320, "r2": 0.554858111876839, "regret": {"1": 0.0, "2": 0.0, "3": 2.418468475341797, "4": 2.418468475341797}}
/media/PM983/Code/PLS/src/pls/editflow/student.py:46: UserWarning: enable_nested_tensor is True, but self.use_nested_tensor is False because encoder_layer.norm_first was True
  self.encoder = nn.TransformerEncoder(block, layers)
{"anchor_rank": 14, "anchor": "YWFN", "budget": 640, "r2": 0.7132032586004056, "regret": {"1": 0.0, "2": 0.06855058670043945, "3": 0.0, "4": 0.0}}
/media/PM983/Code/PLS/src/pls/editflow/student.py:46: UserWarning: enable_nested_tensor is True, but self.use_nested_tensor is False because encoder_layer.norm_first was True
  self.encoder = nn.TransformerEncoder(block, layers)
{"anchor_rank": 15, "anchor": "EDDI", "budget": 80, "r2": -0.1461815132577109, "regret": {"1": 0.06673177052289248, "2": 2.9876614483073354, "3": 4.173451781272888, "4": 5.823999881744385}}
/media/PM983/Code/PLS/src/pls/editflow/student.py:46: UserWarning: enable_nested_tensor is True, but self.use_nested_tensor is False because encoder_layer.norm_first was True
  self.encoder = nn.TransformerEncoder(block, layers)
{"anchor_rank": 15, "anchor": "EDDI", "budget": 160, "r2": -0.0030541335555620552, "regret": {"1": 0.06673177052289248, "2": 2.965217899531126, "3": 4.585626929998398, "4": 5.019134759902954}}
/media/PM983/Code/PLS/src/pls/editflow/student.py:46: UserWarning: enable_nested_tensor is True, but self.use_nested_tensor is False because encoder_layer.norm_first was True
  self.encoder = nn.TransformerEncoder(block, layers)
{"anchor_rank": 15, "anchor": "EDDI", "budget": 320, "r2": 0.38615915185440386, "regret": {"1": 0.0, "2": 0.002499103546142578, "3": 1.0594911575317383, "4": 3.2654948234558105}}
/media/PM983/Code/PLS/src/pls/editflow/student.py:46: UserWarning: enable_nested_tensor is True, but self.use_nested_tensor is False because encoder_layer.norm_first was True
  self.encoder = nn.TransformerEncoder(block, layers)
{"anchor_rank": 15, "anchor": "EDDI", "budget": 640, "r2": 0.6542739000443136, "regret": {"1": 0.0, "2": 0.0, "3": 1.1013529300689697, "4": 2.717728614807129}}
{"aggregate": [{"budget": 80, "anchors": 16, "value_r2": {"mean": -0.11253012786666175, "median": -0.02151343980770848, "standard_deviation": 0.22509947732053923, "minimum": -0.8315400087230369, "maximum": 0.022374768680086032, "count": 16}, "edge_spearman": {"mean": 0.1682934337916947, "median": 0.17112927591511368, "standard_deviation": 0.06508879422726485, "minimum": 0.03248976056661079, "maximum": 0.27366032744455837, "count": 16}, "anchor_macro_kendall_tau": {"mean": 0.1334878944761117, "median": 0.1467327200462818, "standard_deviation": 0.05530835038226309, "minimum": 0.017069328042537295, "maximum": 0.21238698365776926, "count": 16}, "closed_edges": {"mean": 94.1875, "median": 94.5, "standard_deviation": 5.269013190342192, "minimum": 85.0, "maximum": 103.0, "count": 16}, "regret": {"1": {"mean": 1.3037602479598718, "median": 0.38347243051975965, "standard_deviation": 1.6384889124176825, "minimum": 0.006798917893320322, "maximum": 4.396329909563065, "count": 16, "zero_regret_fraction": 0.0}, "2": {"mean": 3.7336696287238738, "median": 3.657251380616799, "standard_deviation": 2.6571925722559877, "minimum": 0.0, "maximum": 7.225744326598942, "count": 16, "zero_regret_fraction": 0.0625}, "3": {"mean": 5.737346982699819, "median": 6.027250737883151, "standard_deviation": 1.6904056788527284, "minimum": 3.08636736869812, "maximum": 8.104246020317078, "count": 16, "zero_regret_fraction": 0.0}, "4": {"mean": 7.066959302872419, "median": 7.3393203020095825, "standard_deviation": 1.2935330279495383, "minimum": 4.828968524932861, "maximum": 8.663391917943954, "count": 16, "zero_regret_fraction": 0.0}}}, {"budget": 160, "anchors": 16, "value_r2": {"mean": -0.0989841061296291, "median": 0.0436881796529191, "standard_deviation": 0.3258256708596703, "minimum": -0.9634777795481217, "maximum": 0.13763741247130812, "count": 16}, "edge_spearman": {"mean": 0.2537448886620175, "median": 0.27161601562436466, "standard_deviation": 0.05977894542363949, "minimum": 0.1308778922007534, "maximum": 0.32734758586420903, "count": 16}, "anchor_macro_kendall_tau": {"mean": 0.17480398574835754, "median": 0.18554954864514972, "standard_deviation": 0.038449814396674255, "minimum": 0.10130459201235345, "maximum": 0.23719213923667515, "count": 16}, "closed_edges": {"mean": 689.375, "median": 685.0, "standard_deviation": 45.00203699093335, "minimum": 596.0, "maximum": 774.0, "count": 16}, "regret": {"1": {"mean": 0.048557399211858865, "median": 0.00864655087934807, "standard_deviation": 0.11557423812684152, "minimum": 0.0, "maximum": 0.44147560000419617, "count": 16, "zero_regret_fraction": 0.4375}, "2": {"mean": 2.8233345261833165, "median": 2.856320297345519, "standard_deviation": 1.7960041710882901, "minimum": 0.0, "maximum": 5.510566920042038, "count": 16, "zero_regret_fraction": 0.0625}, "3": {"mean": 4.085810538002988, "median": 4.007100820541382, "standard_deviation": 1.3920061678258522, "minimum": 2.136345386505127, "maximum": 6.984161615371704, "count": 16, "zero_regret_fraction": 0.0}, "4": {"mean": 4.660728860646486, "median": 4.498366832733154, "standard_deviation": 1.7550094414292357, "minimum": 1.5333056449890137, "maximum": 8.158632934093475, "count": 16, "zero_regret_fraction": 0.0}}}, {"budget": 320, "anchors": 16, "value_r2": {"mean": 0.3349112383610932, "median": 0.3823370200509791, "standard_deviation": 0.1404943389766325, "minimum": 0.11243819801053723, "maximum": 0.554858111876839, "count": 16}, "edge_spearman": {"mean": 0.33177096937966793, "median": 0.327131361378598, "standard_deviation": 0.04271579307752467, "minimum": 0.255594851021796, "maximum": 0.40850199862376063, "count": 16}, "anchor_macro_kendall_tau": {"mean": 0.21411808833960572, "median": 0.21388890647146044, "standard_deviation": 0.031204174612000677, "minimum": 0.1665634549119516, "maximum": 0.2854479805718705, "count": 16}, "closed_edges": {"mean": 1836.0625, "median": 1847.0, "standard_deviation": 181.95767593958033, "minimum": 1548.0, "maximum": 2208.0, "count": 16}, "regret": {"1": {"mean": 0.01483780284615932, "median": 0.003879741474520415, "standard_deviation": 0.03267527545577326, "minimum": 0.0, "maximum": 0.1335100531578064, "count": 16, "zero_regret_fraction": 0.5}, "2": {"mean": 0.6921424004831351, "median": 0.08290466340258718, "standard_deviation": 0.9338508713591128, "minimum": 0.0, "maximum": 2.5069518089294434, "count": 16, "zero_regret_fraction": 0.3125}, "3": {"mean": 2.0506515635643154, "median": 1.8431386947631836, "standard_deviation": 1.6847193686706519, "minimum": 0.0, "maximum": 5.994246695190668, "count": 16, "zero_regret_fraction": 0.0625}, "4": {"mean": 2.663368910551071, "median": 2.7042009830474854, "standard_deviation": 1.3120747730142677, "minimum": 0.0, "maximum": 5.109571933746338, "count": 16, "zero_regret_fraction": 0.0625}}}, {"budget": 640, "anchors": 16, "value_r2": {"mean": 0.5692329431534935, "median": 0.5727226841583256, "standard_deviation": 0.12481322371862091, "minimum": 0.2336008664420467, "maximum": 0.7375314996026971, "count": 16}, "edge_spearman": {"mean": 0.37066184878376496, "median": 0.37780169190827084, "standard_deviation": 0.031088289340409934, "minimum": 0.3078422821237949, "maximum": 0.4233641291513609, "count": 16}, "anchor_macro_kendall_tau": {"mean": 0.2248520394954946, "median": 0.22094783730298406, "standard_deviation": 0.023236317295465825, "minimum": 0.18520513502617864, "maximum": 0.2639893528963544, "count": 16}, "closed_edges": {"mean": 4209.0, "median": 4225.5, "standard_deviation": 312.4592773466648, "minimum": 3675.0, "maximum": 4714.0, "count": 16}, "regret": {"1": {"mean": 0.013864912049029954, "median": 0.0017370968125760555, "standard_deviation": 0.03283543227358674, "minimum": 0.0, "maximum": 0.1335100531578064, "count": 16, "zero_regret_fraction": 0.5}, "2": {"mean": 0.0838812249712646, "median": 0.0, "standard_deviation": 0.20779922173184678, "minimum": 0.0, "maximum": 0.7754573822021484, "count": 16, "zero_regret_fraction": 0.6875}, "3": {"mean": 0.7322451025247574, "median": 0.44113898277282715, "standard_deviation": 0.8138930104062573, "minimum": 0.0, "maximum": 2.292024612426758, "count": 16, "zero_regret_fraction": 0.3125}, "4": {"mean": 1.5204459130764008, "median": 1.6149709224700928, "standard_deviation": 1.1327413190510345, "minimum": 0.0, "maximum": 3.267090320587158, "count": 16, "zero_regret_fraction": 0.25}}}], "query_budget": {"acquisition": "bound_aware", "anchors": 16, "budget_curve": [80, 160, 320, 640], "final_unique_queries_per_anchor": 640, "total_oracle_queries_across_independent_anchors": 10240, "teacher_query_cost_unit": "unique measured node per independent anchor", "same_protocol_required": true, "anchor_protocol_sha256": "3b3ef4a2152d1eac8f0780fe4f5964eb491e7113c3d93837def3dbe64a589566", "test_evaluated": false}, "test_evaluated": false}
