/media/PM983/Code/PLS/src/pls/editflow/student.py:46: UserWarning: enable_nested_tensor is True, but self.use_nested_tensor is False because encoder_layer.norm_first was True
  self.encoder = nn.TransformerEncoder(block, layers)
/media/PM983/Code/PLS/src/pls/editflow/student.py:46: UserWarning: enable_nested_tensor is True, but self.use_nested_tensor is False because encoder_layer.norm_first was True
  self.encoder = nn.TransformerEncoder(block, layers)
{"anchor_rank": 0, "anchor": "DNNV", "budget": 80, "r2": -0.4425539943950907, "regret": {"1": {"acquired": 0.01542617566883564, "novel_design": 0.017902973107993603, "campaign": 0.01542617566883564}, "2": {"acquired": 3.9494960382580757, "novel_design": 3.985518417786807, "campaign": 3.9494960382580757}, "3": {"acquired": 6.673592686653137, "novel_design": 5.240160226821899, "campaign": 5.240160226821899}, "4": {"acquired": 4.828968524932861, "novel_design": 6.61542010307312, "campaign": 4.828968524932861}}}
/media/PM983/Code/PLS/src/pls/editflow/student.py:46: UserWarning: enable_nested_tensor is True, but self.use_nested_tensor is False because encoder_layer.norm_first was True
  self.encoder = nn.TransformerEncoder(block, layers)
{"anchor_rank": 0, "anchor": "DNNV", "budget": 160, "r2": -0.13766785756571398, "regret": {"1": {"acquired": 0.01542617566883564, "novel_design": 0.017902973107993603, "campaign": 0.01542617566883564}, "2": {"acquired": 3.9494960382580757, "novel_design": 2.62764048576355, "campaign": 2.62764048576355}, "3": {"acquired": 5.1914143562316895, "novel_design": 4.769535303115845, "campaign": 4.769535303115845}, "4": {"acquired": 1.9044227600097656, "novel_design": 1.47963285446167, "campaign": 1.47963285446167}}}
/media/PM983/Code/PLS/src/pls/editflow/student.py:46: UserWarning: enable_nested_tensor is True, but self.use_nested_tensor is False because encoder_layer.norm_first was True
  self.encoder = nn.TransformerEncoder(block, layers)
{"anchor_rank": 0, "anchor": "DNNV", "budget": 320, "r2": 0.39961338490334286, "regret": {"1": {"acquired": 0.01542617566883564, "novel_design": 0.016633164137601852, "campaign": 0.01542617566883564}, "2": {"acquired": 3.9494960382580757, "novel_design": 0.7754573822021484, "campaign": 0.7754573822021484}, "3": {"acquired": 2.292024612426758, "novel_design": 4.769535303115845, "campaign": 2.292024612426758}, "4": {"acquired": 1.47963285446167, "novel_design": 2.7872471809387207, "campaign": 1.47963285446167}}}
/media/PM983/Code/PLS/src/pls/editflow/student.py:46: UserWarning: enable_nested_tensor is True, but self.use_nested_tensor is False because encoder_layer.norm_first was True
  self.encoder = nn.TransformerEncoder(block, layers)
{"anchor_rank": 0, "anchor": "DNNV", "budget": 640, "r2": 0.5227257623287498, "regret": {"1": {"acquired": 0.01542617566883564, "novel_design": 0.014261769130825996, "campaign": 0.014261769130825996}, "2": {"acquired": 0.7754573822021484, "novel_design": 0.0, "campaign": 0.0}, "3": {"acquired": 1.2819223403930664, "novel_design": 2.6297736167907715, "campaign": 1.2819223403930664}, "4": {"acquired": 0.0, "novel_design": 1.535672664642334, "campaign": 0.0}}}
/media/PM983/Code/PLS/src/pls/editflow/student.py:46: UserWarning: enable_nested_tensor is True, but self.use_nested_tensor is False because encoder_layer.norm_first was True
  self.encoder = nn.TransformerEncoder(block, layers)
{"anchor_rank": 1, "anchor": "YLPR", "budget": 80, "r2": -0.10403213206641704, "regret": {"1": {"acquired": 0.006570606958121061, "novel_design": 0.006798917893320322, "campaign": 0.006570606958121061}, "2": {"acquired": 2.760065062902868, "novel_design": 0.05052685737609863, "campaign": 0.05052685737609863}, "3": {"acquired": 6.920347962528467, "novel_design": 6.913415752351284, "campaign": 6.913415752351284}, "4": {"acquired": 6.106783390045166, "novel_design": 8.75774908484891, "campaign": 6.106783390045166}}}
/media/PM983/Code/PLS/src/pls/editflow/student.py:46: UserWarning: enable_nested_tensor is True, but self.use_nested_tensor is False because encoder_layer.norm_first was True
  self.encoder = nn.TransformerEncoder(block, layers)
{"anchor_rank": 1, "anchor": "YLPR", "budget": 160, "r2": 0.11900407404932156, "regret": {"1": {"acquired": 0.006570606958121061, "novel_design": 0.006798917893320322, "campaign": 0.006570606958121061}, "2": {"acquired": 2.760065062902868, "novel_design": 0.05052685737609863, "campaign": 0.05052685737609863}, "3": {"acquired": 3.7399494647979736, "novel_design": 1.914285659790039, "campaign": 1.914285659790039}, "4": {"acquired": 5.33592414855957, "novel_design": 4.27621603012085, "campaign": 4.27621603012085}}}
/media/PM983/Code/PLS/src/pls/editflow/student.py:46: UserWarning: enable_nested_tensor is True, but self.use_nested_tensor is False because encoder_layer.norm_first was True
  self.encoder = nn.TransformerEncoder(block, layers)
{"anchor_rank": 1, "anchor": "YLPR", "budget": 320, "r2": 0.016692379721489403, "regret": {"1": {"acquired": 0.006570606958121061, "novel_design": 0.0039236582815647125, "campaign": 0.0039236582815647125}, "2": {"acquired": 2.760065062902868, "novel_design": 0.05052685737609863, "campaign": 0.05052685737609863}, "3": {"acquired": 1.914285659790039, "novel_design": 4.22188925743103, "campaign": 1.914285659790039}, "4": {"acquired": 2.418468475341797, "novel_design": 5.707685947418213, "campaign": 2.418468475341797}}}
/media/PM983/Code/PLS/src/pls/editflow/student.py:46: UserWarning: enable_nested_tensor is True, but self.use_nested_tensor is False because encoder_layer.norm_first was True
  self.encoder = nn.TransformerEncoder(block, layers)
{"anchor_rank": 1, "anchor": "YLPR", "budget": 640, "r2": 0.35806823285765077, "regret": {"1": {"acquired": 0.006570606958121061, "novel_design": 0.006346522597596049, "campaign": 0.006346522597596049}, "2": {"acquired": 0.05052685737609863, "novel_design": 1.3401585817337036, "campaign": 0.05052685737609863}, "3": {"acquired": 1.914285659790039, "novel_design": 3.146794319152832, "campaign": 1.914285659790039}, "4": {"acquired": 2.2524867057800293, "novel_design": 3.8348703384399414, "campaign": 2.2524867057800293}}}
/media/PM983/Code/PLS/src/pls/editflow/student.py:46: UserWarning: enable_nested_tensor is True, but self.use_nested_tensor is False because encoder_layer.norm_first was True
  self.encoder = nn.TransformerEncoder(block, layers)
{"anchor_rank": 2, "anchor": "DRFS", "budget": 80, "r2": -0.01924079561881853, "regret": {"1": {"acquired": 0.6763363236095756, "novel_design": 0.4149390757083893, "campaign": 0.4149390757083893}, "2": {"acquired": 5.589880084386095, "novel_design": 2.9672582149505615, "campaign": 2.9672582149505615}, "3": {"acquired": 6.32932055182755, "novel_design": 5.497291386127472, "campaign": 5.497291386127472}, "4": {"acquired": 7.443414807319641, "novel_design": 6.9773149490356445, "campaign": 6.9773149490356445}}}
/media/PM983/Code/PLS/src/pls/editflow/student.py:46: UserWarning: enable_nested_tensor is True, but self.use_nested_tensor is False because encoder_layer.norm_first was True
  self.encoder = nn.TransformerEncoder(block, layers)
{"anchor_rank": 2, "anchor": "DRFS", "budget": 160, "r2": 0.087353174857973, "regret": {"1": {"acquired": 0.6763363236095756, "novel_design": 0.4649016559123993, "campaign": 0.4649016559123993}, "2": {"acquired": 5.589880084386095, "novel_design": 5.546633519232273, "campaign": 5.546633519232273}, "3": {"acquired": 3.7779111862182617, "novel_design": 4.8902812004089355, "campaign": 3.7779111862182617}, "4": {"acquired": 4.654721260070801, "novel_design": 7.800212264060974, "campaign": 4.654721260070801}}}
/media/PM983/Code/PLS/src/pls/editflow/student.py:46: UserWarning: enable_nested_tensor is True, but self.use_nested_tensor is False because encoder_layer.norm_first was True
  self.encoder = nn.TransformerEncoder(block, layers)
{"anchor_rank": 2, "anchor": "DRFS", "budget": 320, "r2": 0.38019847419100194, "regret": {"1": {"acquired": 0.6763363236095756, "novel_design": 0.6761314310133457, "campaign": 0.6761314310133457}, "2": {"acquired": 5.589880084386095, "novel_design": 5.498118348419666, "campaign": 5.498118348419666}, "3": {"acquired": 1.5790562629699707, "novel_design": 6.294869586825371, "campaign": 1.5790562629699707}, "4": {"acquired": 1.780632495880127, "novel_design": 3.6050472259521484, "campaign": 1.780632495880127}}}
/media/PM983/Code/PLS/src/pls/editflow/student.py:46: UserWarning: enable_nested_tensor is True, but self.use_nested_tensor is False because encoder_layer.norm_first was True
  self.encoder = nn.TransformerEncoder(block, layers)
{"anchor_rank": 2, "anchor": "DRFS", "budget": 640, "r2": 0.42046564734402647, "regret": {"1": {"acquired": 0.6763363236095756, "novel_design": 0.4411175101995468, "campaign": 0.4411175101995468}, "2": {"acquired": 5.498118348419666, "novel_design": 4.011505126953125, "campaign": 4.011505126953125}, "3": {"acquired": 0.45257043838500977, "novel_design": 3.7470061779022217, "campaign": 0.45257043838500977}, "4": {"acquired": 0.0, "novel_design": 1.7969756126403809, "campaign": 0.0}}}
/media/PM983/Code/PLS/src/pls/editflow/student.py:46: UserWarning: enable_nested_tensor is True, but self.use_nested_tensor is False because encoder_layer.norm_first was True
  self.encoder = nn.TransformerEncoder(block, layers)
{"anchor_rank": 3, "anchor": "TRFP", "budget": 80, "r2": -0.19646139979395127, "regret": {"1": {"acquired": 0.7664656285196543, "novel_design": 0.7717775627970695, "campaign": 0.7664656285196543}, "2": {"acquired": 4.528300762176514, "novel_design": 5.559680249541998, "campaign": 4.528300762176514}, "3": {"acquired": 3.08636736869812, "novel_design": 6.3366451929323375, "campaign": 3.08636736869812}, "4": {"acquired": 5.504835844039917, "novel_design": 8.716957200318575, "campaign": 5.504835844039917}}}
/media/PM983/Code/PLS/src/pls/editflow/student.py:46: UserWarning: enable_nested_tensor is True, but self.use_nested_tensor is False because encoder_layer.norm_first was True
  self.encoder = nn.TransformerEncoder(block, layers)
{"anchor_rank": 3, "anchor": "TRFP", "budget": 160, "r2": 0.11310685529158349, "regret": {"1": {"acquired": 0.7664656285196543, "novel_design": 0.7812611700501293, "campaign": 0.7664656285196543}, "2": {"acquired": 4.528300762176514, "novel_design": 4.017922878265381, "campaign": 4.017922878265381}, "3": {"acquired": 2.0204553604125977, "novel_design": 1.1007752418518066, "campaign": 1.1007752418518066}, "4": {"acquired": 4.4389238357543945, "novel_design": 4.691165924072266, "campaign": 4.4389238357543945}}}
/media/PM983/Code/PLS/src/pls/editflow/student.py:46: UserWarning: enable_nested_tensor is True, but self.use_nested_tensor is False because encoder_layer.norm_first was True
  self.encoder = nn.TransformerEncoder(block, layers)
{"anchor_rank": 3, "anchor": "TRFP", "budget": 320, "r2": 0.13118034052406524, "regret": {"1": {"acquired": 0.7664656285196543, "novel_design": 0.7812611700501293, "campaign": 0.7664656285196543}, "2": {"acquired": 4.528300762176514, "novel_design": 4.017922878265381, "campaign": 4.017922878265381}, "3": {"acquired": 1.1007752418518066, "novel_design": 4.0741095542907715, "campaign": 1.1007752418518066}, "4": {"acquired": 2.989933490753174, "novel_design": 4.987751007080078, "campaign": 2.989933490753174}}}
/media/PM983/Code/PLS/src/pls/editflow/student.py:46: UserWarning: enable_nested_tensor is True, but self.use_nested_tensor is False because encoder_layer.norm_first was True
  self.encoder = nn.TransformerEncoder(block, layers)
{"anchor_rank": 3, "anchor": "TRFP", "budget": 640, "r2": 0.17650174461290624, "regret": {"1": {"acquired": 0.7664656285196543, "novel_design": 0.7812611700501293, "campaign": 0.7664656285196543}, "2": {"acquired": 4.528300762176514, "novel_design": 4.017922878265381, "campaign": 4.017922878265381}, "3": {"acquired": 1.1007752418518066, "novel_design": 3.5959789752960205, "campaign": 1.1007752418518066}, "4": {"acquired": 2.989933490753174, "novel_design": 5.535812854766846, "campaign": 2.989933490753174}}}
/media/PM983/Code/PLS/src/pls/editflow/student.py:46: UserWarning: enable_nested_tensor is True, but self.use_nested_tensor is False because encoder_layer.norm_first was True
  self.encoder = nn.TransformerEncoder(block, layers)
{"anchor_rank": 4, "anchor": "CYCQ", "budget": 80, "r2": -0.02072080790147912, "regret": {"1": {"acquired": 2.3929328257218003, "novel_design": 2.3746238593012094, "campaign": 2.3746238593012094}, "2": {"acquired": 5.3729952573776245, "novel_design": 6.4040025770664215, "campaign": 5.3729952573776245}, "3": {"acquired": 6.518411755561829, "novel_design": 7.158981204032898, "campaign": 6.518411755561829}, "4": {"acquired": 7.235225796699524, "novel_design": 7.875795245170593, "campaign": 7.235225796699524}}}
/media/PM983/Code/PLS/src/pls/editflow/student.py:46: UserWarning: enable_nested_tensor is True, but self.use_nested_tensor is False because encoder_layer.norm_first was True
  self.encoder = nn.TransformerEncoder(block, layers)
{"anchor_rank": 4, "anchor": "CYCQ", "budget": 160, "r2": 0.22766380560012, "regret": {"1": {"acquired": 2.3746238593012094, "novel_design": 2.169324353337288, "campaign": 2.169324353337288}, "2": {"acquired": 3.0319290161132812, "novel_design": 2.8940281867980957, "campaign": 2.8940281867980957}, "3": {"acquired": 4.581305503845215, "novel_design": 4.175878047943115, "campaign": 4.175878047943115}, "4": {"acquired": 4.733797073364258, "novel_design": 6.01234769821167, "campaign": 4.733797073364258}}}
/media/PM983/Code/PLS/src/pls/editflow/student.py:46: UserWarning: enable_nested_tensor is True, but self.use_nested_tensor is False because encoder_layer.norm_first was True
  self.encoder = nn.TransformerEncoder(block, layers)
{"anchor_rank": 4, "anchor": "CYCQ", "budget": 320, "r2": 0.46008700806890335, "regret": {"1": {"acquired": 2.169324353337288, "novel_design": 2.3857075488194823, "campaign": 2.169324353337288}, "2": {"acquired": 2.032132148742676, "novel_design": 1.2350997924804688, "campaign": 1.2350997924804688}, "3": {"acquired": 2.529470920562744, "novel_design": 3.692897319793701, "campaign": 2.529470920562744}, "4": {"acquired": 3.2462849617004395, "novel_design": 2.319495677947998, "campaign": 2.319495677947998}}}
/media/PM983/Code/PLS/src/pls/editflow/student.py:46: UserWarning: enable_nested_tensor is True, but self.use_nested_tensor is False because encoder_layer.norm_first was True
  self.encoder = nn.TransformerEncoder(block, layers)
{"anchor_rank": 4, "anchor": "CYCQ", "budget": 640, "r2": 0.5091733071681368, "regret": {"1": {"acquired": 2.169324353337288, "novel_design": 1.860289454460144, "campaign": 1.860289454460144}, "2": {"acquired": 1.2350997924804688, "novel_design": 0.4515380859375, "campaign": 0.4515380859375}, "3": {"acquired": 0.8164916038513184, "novel_design": 0.0, "campaign": 0.0}, "4": {"acquired": 1.5333056449890137, "novel_design": 0.7168140411376953, "campaign": 0.7168140411376953}}}
/media/PM983/Code/PLS/src/pls/editflow/student.py:46: UserWarning: enable_nested_tensor is True, but self.use_nested_tensor is False because encoder_layer.norm_first was True
  self.encoder = nn.TransformerEncoder(block, layers)
{"anchor_rank": 5, "anchor": "IPKK", "budget": 80, "r2": -0.022663751466446058, "regret": {"1": {"acquired": 0.02108333259820938, "novel_design": 0.009166666306555271, "campaign": 0.009166666306555271}, "2": {"acquired": 3.3375494480133057, "novel_design": 0.0, "campaign": 0.0}, "3": {"acquired": 6.0043596513569355, "novel_design": 6.0145241897553205, "campaign": 6.0043596513569355}, "4": {"acquired": 8.663391917943954, "novel_design": 5.820515155792236, "campaign": 5.820515155792236}}}
/media/PM983/Code/PLS/src/pls/editflow/student.py:46: UserWarning: enable_nested_tensor is True, but self.use_nested_tensor is False because encoder_layer.norm_first was True
  self.encoder = nn.TransformerEncoder(block, layers)
{"anchor_rank": 5, "anchor": "IPKK", "budget": 160, "r2": -1.8048601512146227, "regret": {"1": {"acquired": 0.02108333259820938, "novel_design": 0.02108333259820938, "campaign": 0.02108333259820938}, "2": {"acquired": 3.3375494480133057, "novel_design": 3.336172144860029, "campaign": 3.336172144860029}, "3": {"acquired": 0.034450531005859375, "novel_design": 3.833826780319214, "campaign": 0.034450531005859375}, "4": {"acquired": 1.2073025703430176, "novel_design": 3.8599038124084473, "campaign": 1.2073025703430176}}}
/media/PM983/Code/PLS/src/pls/editflow/student.py:46: UserWarning: enable_nested_tensor is True, but self.use_nested_tensor is False because encoder_layer.norm_first was True
  self.encoder = nn.TransformerEncoder(block, layers)
{"anchor_rank": 5, "anchor": "IPKK", "budget": 320, "r2": 0.5169775796997017, "regret": {"1": {"acquired": 0.02108333259820938, "novel_design": 0.01742888824082911, "campaign": 0.01742888824082911}, "2": {"acquired": 3.3375494480133057, "novel_design": 3.198441833257675, "campaign": 3.198441833257675}, "3": {"acquired": 0.0, "novel_design": 0.0, "campaign": 0.0}, "4": {"acquired": 0.0, "novel_design": 0.0, "campaign": 0.0}}}
/media/PM983/Code/PLS/src/pls/editflow/student.py:46: UserWarning: enable_nested_tensor is True, but self.use_nested_tensor is False because encoder_layer.norm_first was True
  self.encoder = nn.TransformerEncoder(block, layers)
{"anchor_rank": 5, "anchor": "IPKK", "budget": 640, "r2": 0.44950645858798577, "regret": {"1": {"acquired": 0.02108333259820938, "novel_design": 0.01742888824082911, "campaign": 0.01742888824082911}, "2": {"acquired": 3.3375494480133057, "novel_design": 1.0787959098815918, "campaign": 1.0787959098815918}, "3": {"acquired": 0.0, "novel_design": 0.7806153297424316, "campaign": 0.0}, "4": {"acquired": 0.0, "novel_design": 1.3557333946228027, "campaign": 0.0}}}
/media/PM983/Code/PLS/src/pls/editflow/student.py:46: UserWarning: enable_nested_tensor is True, but self.use_nested_tensor is False because encoder_layer.norm_first was True
  self.encoder = nn.TransformerEncoder(block, layers)
{"anchor_rank": 6, "anchor": "LVHA", "budget": 80, "r2": 0.01179827722462945, "regret": {"1": {"acquired": 2.841629147529602, "novel_design": 0.0, "campaign": 0.0}, "2": {"acquired": 5.589051842689514, "novel_design": 6.84332150220871, "campaign": 5.589051842689514}, "3": {"acquired": 7.122357487678528, "novel_design": 8.376627147197723, "campaign": 7.122357487678528}, "4": {"acquired": 7.122357487678528, "novel_design": 8.376627147197723, "campaign": 7.122357487678528}}}
/media/PM983/Code/PLS/src/pls/editflow/student.py:46: UserWarning: enable_nested_tensor is True, but self.use_nested_tensor is False because encoder_layer.norm_first was True
  self.encoder = nn.TransformerEncoder(block, layers)
{"anchor_rank": 6, "anchor": "LVHA", "budget": 160, "r2": 0.05148645342051772, "regret": {"1": {"acquired": 2.841629147529602, "novel_design": 0.0, "campaign": 0.0}, "2": {"acquired": 5.197197914123535, "novel_design": 1.4904794692993164, "campaign": 1.4904794692993164}, "3": {"acquired": 3.2782835960388184, "novel_design": 3.3940696716308594, "campaign": 3.2782835960388184}, "4": {"acquired": 3.2782835960388184, "novel_design": 3.3940696716308594, "campaign": 3.2782835960388184}}}
/media/PM983/Code/PLS/src/pls/editflow/student.py:46: UserWarning: enable_nested_tensor is True, but self.use_nested_tensor is False because encoder_layer.norm_first was True
  self.encoder = nn.TransformerEncoder(block, layers)
{"anchor_rank": 6, "anchor": "LVHA", "budget": 320, "r2": 0.2556278629463812, "regret": {"1": {"acquired": 0.0, "novel_design": 0.0, "campaign": 0.0}, "2": {"acquired": 1.337733268737793, "novel_design": 0.0, "campaign": 0.0}, "3": {"acquired": 2.8710389137268066, "novel_design": 1.5333056449890137, "campaign": 1.5333056449890137}, "4": {"acquired": 2.8710389137268066, "novel_design": 1.5333056449890137, "campaign": 1.5333056449890137}}}
/media/PM983/Code/PLS/src/pls/editflow/student.py:46: UserWarning: enable_nested_tensor is True, but self.use_nested_tensor is False because encoder_layer.norm_first was True
  self.encoder = nn.TransformerEncoder(block, layers)
{"anchor_rank": 6, "anchor": "LVHA", "budget": 640, "r2": 0.3426272663333837, "regret": {"1": {"acquired": 0.0, "novel_design": 0.0, "campaign": 0.0}, "2": {"acquired": 0.0, "novel_design": 2.6523873805999756, "campaign": 0.0}, "3": {"acquired": 1.20509672164917, "novel_design": 0.0, "campaign": 0.0}, "4": {"acquired": 1.20509672164917, "novel_design": 0.0, "campaign": 0.0}}}
/media/PM983/Code/PLS/src/pls/editflow/student.py:46: UserWarning: enable_nested_tensor is True, but self.use_nested_tensor is False because encoder_layer.norm_first was True
  self.encoder = nn.TransformerEncoder(block, layers)
{"anchor_rank": 7, "anchor": "IPVY", "budget": 80, "r2": -0.03122180974281208, "regret": {"1": {"acquired": 0.01311433594673872, "novel_design": 0.01585540291853249, "campaign": 0.01311433594673872}, "2": {"acquired": 3.3335335748270154, "novel_design": 3.328984343446791, "campaign": 3.328984343446791}, "3": {"acquired": 6.014669207856059, "novel_design": 6.039977286010981, "campaign": 6.014669207856059}, "4": {"acquired": 8.431090384721756, "novel_design": 8.758159038610756, "campaign": 8.431090384721756}}}
/media/PM983/Code/PLS/src/pls/editflow/student.py:46: UserWarning: enable_nested_tensor is True, but self.use_nested_tensor is False because encoder_layer.norm_first was True
  self.encoder = nn.TransformerEncoder(block, layers)
{"anchor_rank": 7, "anchor": "IPVY", "budget": 160, "r2": -0.015475248680497433, "regret": {"1": {"acquired": 0.01311433594673872, "novel_design": 0.01585540291853249, "campaign": 0.01311433594673872}, "2": {"acquired": 3.3335335748270154, "novel_design": 3.304768718779087, "campaign": 3.304768718779087}, "3": {"acquired": 5.923522539436817, "novel_design": 2.3217992782592773, "campaign": 2.3217992782592773}, "4": {"acquired": 8.117981314659119, "novel_design": 8.062835395336151, "campaign": 8.062835395336151}}}
/media/PM983/Code/PLS/src/pls/editflow/student.py:46: UserWarning: enable_nested_tensor is True, but self.use_nested_tensor is False because encoder_layer.norm_first was True
  self.encoder = nn.TransformerEncoder(block, layers)
{"anchor_rank": 7, "anchor": "IPVY", "budget": 320, "r2": -0.06846745732145876, "regret": {"1": {"acquired": 0.01311433594673872, "novel_design": 0.014078056206926703, "campaign": 0.01311433594673872}, "2": {"acquired": 3.3335335748270154, "novel_design": 3.334405088564381, "campaign": 3.3335335748270154}, "3": {"acquired": 4.398461103439331, "novel_design": 5.671977758407593, "campaign": 4.398461103439331}, "4": {"acquired": 3.8348703384399414, "novel_design": 8.391865968704224, "campaign": 3.8348703384399414}}}
/media/PM983/Code/PLS/src/pls/editflow/student.py:46: UserWarning: enable_nested_tensor is True, but self.use_nested_tensor is False because encoder_layer.norm_first was True
  self.encoder = nn.TransformerEncoder(block, layers)
{"anchor_rank": 7, "anchor": "IPVY", "budget": 640, "r2": 0.3414728803300616, "regret": {"1": {"acquired": 0.01311433594673872, "novel_design": 0.01480746897868812, "campaign": 0.01311433594673872}, "2": {"acquired": 3.3335335748270154, "novel_design": 2.8288978338241577, "campaign": 2.8288978338241577}, "3": {"acquired": 1.654332160949707, "novel_design": 1.5563278198242188, "campaign": 1.5563278198242188}, "4": {"acquired": 2.4870190620422363, "novel_design": 2.920382499694824, "campaign": 2.4870190620422363}}}
/media/PM983/Code/PLS/src/pls/editflow/student.py:46: UserWarning: enable_nested_tensor is True, but self.use_nested_tensor is False because encoder_layer.norm_first was True
  self.encoder = nn.TransformerEncoder(block, layers)
{"anchor_rank": 8, "anchor": "MYCT", "budget": 80, "r2": -0.01128252419845599, "regret": {"1": {"acquired": 4.058067142963409, "novel_design": 3.7902015447616577, "campaign": 3.7902015447616577}, "2": {"acquired": 6.043925583362579, "novel_design": 6.490529608912766, "campaign": 6.043925583362579}, "3": {"acquired": 7.3585158586502075, "novel_design": 6.246299505233765, "campaign": 6.246299505233765}, "4": {"acquired": 8.075329899787903, "novel_design": 8.748162994161248, "campaign": 8.075329899787903}}}
/media/PM983/Code/PLS/src/pls/editflow/student.py:46: UserWarning: enable_nested_tensor is True, but self.use_nested_tensor is False because encoder_layer.norm_first was True
  self.encoder = nn.TransformerEncoder(block, layers)
{"anchor_rank": 8, "anchor": "MYCT", "budget": 160, "r2": 0.08916916649171291, "regret": {"1": {"acquired": 3.579593241214752, "novel_design": 0.0, "campaign": 0.0}, "2": {"acquired": 4.577467918395996, "novel_design": 1.4225077629089355, "campaign": 1.4225077629089355}, "3": {"acquired": 2.9639077186584473, "novel_design": 2.971884250640869, "campaign": 2.9639077186584473}, "4": {"acquired": 3.6807217597961426, "novel_design": 3.6886982917785645, "campaign": 3.6807217597961426}}}
/media/PM983/Code/PLS/src/pls/editflow/student.py:46: UserWarning: enable_nested_tensor is True, but self.use_nested_tensor is False because encoder_layer.norm_first was True
  self.encoder = nn.TransformerEncoder(block, layers)
{"anchor_rank": 8, "anchor": "MYCT", "budget": 320, "r2": 0.5065604657012142, "regret": {"1": {"acquired": 0.0, "novel_design": 0.0, "campaign": 0.0}, "2": {"acquired": 0.6891202926635742, "novel_design": 0.0, "campaign": 0.0}, "3": {"acquired": 2.0704331398010254, "novel_design": 1.6779851913452148, "campaign": 1.6779851913452148}, "4": {"acquired": 2.7872471809387207, "novel_design": 2.39479923248291, "campaign": 2.39479923248291}}}
/media/PM983/Code/PLS/src/pls/editflow/student.py:46: UserWarning: enable_nested_tensor is True, but self.use_nested_tensor is False because encoder_layer.norm_first was True
  self.encoder = nn.TransformerEncoder(block, layers)
{"anchor_rank": 8, "anchor": "MYCT", "budget": 640, "r2": 0.42022196275478785, "regret": {"1": {"acquired": 0.0, "novel_design": 0.0, "campaign": 0.0}, "2": {"acquired": 0.0, "novel_design": 1.0807161331176758, "campaign": 0.0}, "3": {"acquired": 0.4882826805114746, "novel_design": 0.0, "campaign": 0.0}, "4": {"acquired": 1.20509672164917, "novel_design": 0.7168140411376953, "campaign": 0.7168140411376953}}}
/media/PM983/Code/PLS/src/pls/editflow/student.py:46: UserWarning: enable_nested_tensor is True, but self.use_nested_tensor is False because encoder_layer.norm_first was True
  self.encoder = nn.TransformerEncoder(block, layers)
{"anchor_rank": 9, "anchor": "EEVT", "budget": 80, "r2": 0.01239872378590734, "regret": {"1": {"acquired": 0.34948801435530186, "novel_design": 0.35200578533113003, "campaign": 0.34948801435530186}, "2": {"acquired": 2.011971328407526, "novel_design": 0.36782336235046387, "campaign": 0.36782336235046387}, "3": {"acquired": 3.605600118637085, "novel_design": 5.730437994003296, "campaign": 3.605600118637085}, "4": {"acquired": 5.677836179733276, "novel_design": 7.802674055099487, "campaign": 5.677836179733276}}}
/media/PM983/Code/PLS/src/pls/editflow/student.py:46: UserWarning: enable_nested_tensor is True, but self.use_nested_tensor is False because encoder_layer.norm_first was True
  self.encoder = nn.TransformerEncoder(block, layers)
{"anchor_rank": 9, "anchor": "EEVT", "budget": 160, "r2": 0.2697086643100006, "regret": {"1": {"acquired": 0.34948801435530186, "novel_design": 0.36518114898353815, "campaign": 0.34948801435530186}, "2": {"acquired": 0.36782336235046387, "novel_design": 1.8227148354053497, "campaign": 0.36782336235046387}, "3": {"acquired": 2.136345386505127, "novel_design": 5.182271361351013, "campaign": 2.136345386505127}, "4": {"acquired": 4.180186748504639, "novel_design": 3.5028085708618164, "campaign": 3.5028085708618164}}}
/media/PM983/Code/PLS/src/pls/editflow/student.py:46: UserWarning: enable_nested_tensor is True, but self.use_nested_tensor is False because encoder_layer.norm_first was True
  self.encoder = nn.TransformerEncoder(block, layers)
{"anchor_rank": 9, "anchor": "EEVT", "budget": 320, "r2": 0.17261804739226327, "regret": {"1": {"acquired": 0.34948801435530186, "novel_design": 0.36518114898353815, "campaign": 0.34948801435530186}, "2": {"acquired": 0.36782336235046387, "novel_design": 1.8603578209877014, "campaign": 0.36782336235046387}, "3": {"acquired": 2.136345386505127, "novel_design": 6.652805991470814, "campaign": 2.136345386505127}, "4": {"acquired": 1.20509672164917, "novel_design": 2.7344770431518555, "campaign": 1.20509672164917}}}
/media/PM983/Code/PLS/src/pls/editflow/student.py:46: UserWarning: enable_nested_tensor is True, but self.use_nested_tensor is False because encoder_layer.norm_first was True
  self.encoder = nn.TransformerEncoder(block, layers)
{"anchor_rank": 9, "anchor": "EEVT", "budget": 640, "r2": 0.4365361492108907, "regret": {"1": {"acquired": 0.34948801435530186, "novel_design": 0.36518114898353815, "campaign": 0.34948801435530186}, "2": {"acquired": 0.36782336235046387, "novel_design": 2.0485965767875314, "campaign": 0.36782336235046387}, "3": {"acquired": 2.136345386505127, "novel_design": 4.507457494735718, "campaign": 2.136345386505127}, "4": {"acquired": 0.0, "novel_design": 0.0, "campaign": 0.0}}}
/media/PM983/Code/PLS/src/pls/editflow/student.py:46: UserWarning: enable_nested_tensor is True, but self.use_nested_tensor is False because encoder_layer.norm_first was True
  self.encoder = nn.TransformerEncoder(block, layers)
{"anchor_rank": 10, "anchor": "QMDR", "budget": 80, "r2": 0.02114715823375013, "regret": {"1": {"acquired": 0.011071528075262904, "novel_design": 0.009732817532494664, "campaign": 0.009732817532494664}, "2": {"acquired": 1.8462395707610995, "novel_design": 1.837557272054255, "campaign": 1.837557272054255}, "3": {"acquired": 4.220707431435585, "novel_design": 3.4182189106941223, "campaign": 3.4182189106941223}, "4": {"acquired": 7.985396325588226, "novel_design": 8.71979908645153, "campaign": 7.985396325588226}}}
/media/PM983/Code/PLS/src/pls/editflow/student.py:46: UserWarning: enable_nested_tensor is True, but self.use_nested_tensor is False because encoder_layer.norm_first was True
  self.encoder = nn.TransformerEncoder(block, layers)
{"anchor_rank": 10, "anchor": "QMDR", "budget": 160, "r2": 0.308014661639189, "regret": {"1": {"acquired": 0.011071528075262904, "novel_design": 0.009859870187938213, "campaign": 0.009859870187938213}, "2": {"acquired": 1.8462395707610995, "novel_design": 1.2027961611747742, "campaign": 1.2027961611747742}, "3": {"acquired": 3.4182189106941223, "novel_design": 2.1451432704925537, "campaign": 2.1451432704925537}, "4": {"acquired": 4.897390842437744, "novel_design": 5.259789705276489, "campaign": 4.897390842437744}}}
/media/PM983/Code/PLS/src/pls/editflow/student.py:46: UserWarning: enable_nested_tensor is True, but self.use_nested_tensor is False because encoder_layer.norm_first was True
  self.encoder = nn.TransformerEncoder(block, layers)
{"anchor_rank": 10, "anchor": "QMDR", "budget": 320, "r2": 0.40082184683199296, "regret": {"1": {"acquired": 0.011071528075262904, "novel_design": 0.009859870187938213, "campaign": 0.009859870187938213}, "2": {"acquired": 1.8462395707610995, "novel_design": 0.0, "campaign": 0.0}, "3": {"acquired": 0.6444287300109863, "novel_design": 0.9376688003540039, "campaign": 0.6444287300109863}, "4": {"acquired": 1.20509672164917, "novel_design": 3.4020233154296875, "campaign": 1.20509672164917}}}
/media/PM983/Code/PLS/src/pls/editflow/student.py:46: UserWarning: enable_nested_tensor is True, but self.use_nested_tensor is False because encoder_layer.norm_first was True
  self.encoder = nn.TransformerEncoder(block, layers)
{"anchor_rank": 10, "anchor": "QMDR", "budget": 640, "r2": 0.5098258274880372, "regret": {"1": {"acquired": 0.011071528075262904, "novel_design": 0.010546571342274547, "campaign": 0.010546571342274547}, "2": {"acquired": 1.8462395707610995, "novel_design": 0.0, "campaign": 0.0}, "3": {"acquired": 0.0, "novel_design": 0.0, "campaign": 0.0}, "4": {"acquired": 1.20509672164917, "novel_design": 2.6146678924560547, "campaign": 1.20509672164917}}}
/media/PM983/Code/PLS/src/pls/editflow/student.py:46: UserWarning: enable_nested_tensor is True, but self.use_nested_tensor is False because encoder_layer.norm_first was True
  self.encoder = nn.TransformerEncoder(block, layers)
{"anchor_rank": 11, "anchor": "WSCP", "budget": 80, "r2": -0.019996164912804648, "regret": {"1": {"acquired": 4.804046211764216, "novel_design": 4.396329909563065, "campaign": 4.396329909563065}, "2": {"acquired": 6.797673344612122, "novel_design": 7.265414172783494, "campaign": 6.797673344612122}, "3": {"acquired": 7.072209477424622, "novel_design": 7.523922950029373, "campaign": 7.072209477424622}, "4": {"acquired": 8.277306199073792, "novel_design": 8.730158548802137, "campaign": 8.277306199073792}}}
/media/PM983/Code/PLS/src/pls/editflow/student.py:46: UserWarning: enable_nested_tensor is True, but self.use_nested_tensor is False because encoder_layer.norm_first was True
  self.encoder = nn.TransformerEncoder(block, layers)
{"anchor_rank": 11, "anchor": "WSCP", "budget": 160, "r2": 0.1883200755180391, "regret": {"1": {"acquired": 4.00211238861084, "novel_design": 0.0, "campaign": 0.0}, "2": {"acquired": 2.638546943664551, "novel_design": 2.0231757164001465, "campaign": 2.0231757164001465}, "3": {"acquired": 2.913083076477051, "novel_design": 6.295714497566223, "campaign": 2.913083076477051}, "4": {"acquired": 4.118179798126221, "novel_design": 7.500811219215393, "campaign": 4.118179798126221}}}
/media/PM983/Code/PLS/src/pls/editflow/student.py:46: UserWarning: enable_nested_tensor is True, but self.use_nested_tensor is False because encoder_layer.norm_first was True
  self.encoder = nn.TransformerEncoder(block, layers)
{"anchor_rank": 11, "anchor": "WSCP", "budget": 320, "r2": 0.3744070290616306, "regret": {"1": {"acquired": 0.0, "novel_design": 0.0, "campaign": 0.0}, "2": {"acquired": 1.8841981887817383, "novel_design": 0.0, "campaign": 0.0}, "3": {"acquired": 1.7502140998840332, "novel_design": 2.1969265937805176, "campaign": 1.7502140998840332}, "4": {"acquired": 2.955310821533203, "novel_design": 3.4020233154296875, "campaign": 2.955310821533203}}}
/media/PM983/Code/PLS/src/pls/editflow/student.py:46: UserWarning: enable_nested_tensor is True, but self.use_nested_tensor is False because encoder_layer.norm_first was True
  self.encoder = nn.TransformerEncoder(block, layers)
{"anchor_rank": 11, "anchor": "WSCP", "budget": 640, "r2": 0.49589140487074335, "regret": {"1": {"acquired": 0.0, "novel_design": 0.0, "campaign": 0.0}, "2": {"acquired": 0.0, "novel_design": 2.635267734527588, "campaign": 0.0}, "3": {"acquired": 0.0, "novel_design": 0.5868663787841797, "campaign": 0.0}, "4": {"acquired": 1.20509672164917, "novel_design": 2.4708828926086426, "campaign": 1.20509672164917}}}
/media/PM983/Code/PLS/src/pls/editflow/student.py:46: UserWarning: enable_nested_tensor is True, but self.use_nested_tensor is False because encoder_layer.norm_first was True
  self.encoder = nn.TransformerEncoder(block, layers)
{"anchor_rank": 12, "anchor": "DPHR", "budget": 80, "r2": -0.8315400087230369, "regret": {"1": {"acquired": 0.009426145814359188, "novel_design": 0.016598213696852326, "campaign": 0.009426145814359188}, "2": {"acquired": 0.040409719571471214, "novel_design": 0.061165713937953115, "campaign": 0.040409719571471214}, "3": {"acquired": 3.683054907247424, "novel_design": 3.6884376481175423, "campaign": 3.683054907247424}, "4": {"acquired": 5.444634914398193, "novel_design": 8.28002056479454, "campaign": 5.444634914398193}}}
/media/PM983/Code/PLS/src/pls/editflow/student.py:46: UserWarning: enable_nested_tensor is True, but self.use_nested_tensor is False because encoder_layer.norm_first was True
  self.encoder = nn.TransformerEncoder(block, layers)
{"anchor_rank": 12, "anchor": "DPHR", "budget": 160, "r2": -0.07430170529043711, "regret": {"1": {"acquired": 0.009426145814359188, "novel_design": 0.019577380269765854, "campaign": 0.009426145814359188}, "2": {"acquired": 0.040409719571471214, "novel_design": 0.05765646044164896, "campaign": 0.040409719571471214}, "3": {"acquired": 3.676171349361539, "novel_design": 3.705895185470581, "campaign": 3.676171349361539}, "4": {"acquired": 3.267090320587158, "novel_design": 4.649201393127441, "campaign": 3.267090320587158}}}
/media/PM983/Code/PLS/src/pls/editflow/student.py:46: UserWarning: enable_nested_tensor is True, but self.use_nested_tensor is False because encoder_layer.norm_first was True
  self.encoder = nn.TransformerEncoder(block, layers)
{"anchor_rank": 12, "anchor": "DPHR", "budget": 320, "r2": 0.23205709119895734, "regret": {"1": {"acquired": 0.009426145814359188, "novel_design": 0.019577380269765854, "campaign": 0.009426145814359188}, "2": {"acquired": 0.040409719571471214, "novel_design": 0.06324999779462814, "campaign": 0.040409719571471214}, "3": {"acquired": 3.676171349361539, "novel_design": 3.542489305138588, "campaign": 3.542489305138588}, "4": {"acquired": 3.267090320587158, "novel_design": 4.339290142059326, "campaign": 3.267090320587158}}}
/media/PM983/Code/PLS/src/pls/editflow/student.py:46: UserWarning: enable_nested_tensor is True, but self.use_nested_tensor is False because encoder_layer.norm_first was True
  self.encoder = nn.TransformerEncoder(block, layers)
{"anchor_rank": 12, "anchor": "DPHR", "budget": 640, "r2": 0.3162260172273458, "regret": {"1": {"acquired": 0.009426145814359188, "novel_design": 0.019577380269765854, "campaign": 0.009426145814359188}, "2": {"acquired": 0.040409719571471214, "novel_design": 0.055973449256271124, "campaign": 0.040409719571471214}, "3": {"acquired": 3.3647126257419586, "novel_design": 3.6572674959897995, "campaign": 3.3647126257419586}, "4": {"acquired": 0.7168140411376953, "novel_design": 0.0, "campaign": 0.0}}}
/media/PM983/Code/PLS/src/pls/editflow/student.py:46: UserWarning: enable_nested_tensor is True, but self.use_nested_tensor is False because encoder_layer.norm_first was True
  self.encoder = nn.TransformerEncoder(block, layers)
{"anchor_rank": 13, "anchor": "LWKN", "budget": 80, "r2": -0.022306071713937836, "regret": {"1": {"acquired": 1.768102071247995, "novel_design": 1.7739974232390523, "campaign": 1.768102071247995}, "2": {"acquired": 7.206055294722319, "novel_design": 7.225744326598942, "campaign": 7.206055294722319}, "3": {"acquired": 8.729808636009693, "novel_design": 7.944366455078125, "campaign": 7.944366455078125}, "4": {"acquired": 8.34653127193451, "novel_design": 7.927210032939911, "campaign": 7.927210032939911}}}
/media/PM983/Code/PLS/src/pls/editflow/student.py:46: UserWarning: enable_nested_tensor is True, but self.use_nested_tensor is False because encoder_layer.norm_first was True
  self.encoder = nn.TransformerEncoder(block, layers)
{"anchor_rank": 13, "anchor": "LWKN", "budget": 160, "r2": 0.12228216519105262, "regret": {"1": {"acquired": 1.768102071247995, "novel_design": 1.7759646507911384, "campaign": 1.768102071247995}, "2": {"acquired": 7.206055294722319, "novel_design": 1.7129793167114258, "campaign": 1.7129793167114258}, "3": {"acquired": 7.49846875667572, "novel_design": 5.160218715667725, "campaign": 5.160218715667725}, "4": {"acquired": 4.8541295528411865, "novel_design": 5.257836103439331, "campaign": 4.8541295528411865}}}
/media/PM983/Code/PLS/src/pls/editflow/student.py:46: UserWarning: enable_nested_tensor is True, but self.use_nested_tensor is False because encoder_layer.norm_first was True
  self.encoder = nn.TransformerEncoder(block, layers)
{"anchor_rank": 13, "anchor": "LWKN", "budget": 320, "r2": 0.34037085013595914, "regret": {"1": {"acquired": 1.768102071247995, "novel_design": 1.7466374691575766, "campaign": 1.7466374691575766}, "2": {"acquired": 5.178294658660889, "novel_design": 0.0, "campaign": 0.0}, "3": {"acquired": 2.7543387413024902, "novel_design": 1.2073025703430176, "campaign": 1.2073025703430176}, "4": {"acquired": 2.7543387413024902, "novel_design": 1.2073025703430176, "campaign": 1.2073025703430176}}}
/media/PM983/Code/PLS/src/pls/editflow/student.py:46: UserWarning: enable_nested_tensor is True, but self.use_nested_tensor is False because encoder_layer.norm_first was True
  self.encoder = nn.TransformerEncoder(block, layers)
{"anchor_rank": 13, "anchor": "LWKN", "budget": 640, "r2": 0.529345879166856, "regret": {"1": {"acquired": 1.768102071247995, "novel_design": 0.0, "campaign": 0.0}, "2": {"acquired": 0.0, "novel_design": 3.7244176864624023, "campaign": 0.0}, "3": {"acquired": 1.2073025703430176, "novel_design": 0.0, "campaign": 0.0}, "4": {"acquired": 0.7168140411376953, "novel_design": 0.0, "campaign": 0.0}}}
/media/PM983/Code/PLS/src/pls/editflow/student.py:46: UserWarning: enable_nested_tensor is True, but self.use_nested_tensor is False because encoder_layer.norm_first was True
  self.encoder = nn.TransformerEncoder(block, layers)
{"anchor_rank": 14, "anchor": "YWFN", "budget": 80, "r2": 0.022374768680086032, "regret": {"1": {"acquired": 4.952464837580919, "novel_design": 4.001872897148132, "campaign": 4.001872897148132}, "2": {"acquired": 6.282943982630968, "novel_design": 6.085536479949951, "campaign": 6.085536479949951}, "3": {"acquired": 8.104246020317078, "novel_design": 8.586355477571487, "campaign": 8.104246020317078}, "4": {"acquired": 8.104246020317078, "novel_design": 8.76196575164795, "campaign": 8.104246020317078}}}
/media/PM983/Code/PLS/src/pls/editflow/student.py:46: UserWarning: enable_nested_tensor is True, but self.use_nested_tensor is False because encoder_layer.norm_first was True
  self.encoder = nn.TransformerEncoder(block, layers)
{"anchor_rank": 14, "anchor": "YWFN", "budget": 160, "r2": 0.09758855660123777, "regret": {"1": {"acquired": 2.9362010955810547, "novel_design": 0.0, "campaign": 0.0}, "2": {"acquired": 0.36877870559692383, "novel_design": 2.998375415802002, "campaign": 0.36877870559692383}, "3": {"acquired": 2.7872471809387207, "novel_design": 2.7543387413024902, "campaign": 2.7543387413024902}, "4": {"acquired": 2.7872471809387207, "novel_design": 2.717728614807129, "campaign": 2.717728614807129}}}
/media/PM983/Code/PLS/src/pls/editflow/student.py:46: UserWarning: enable_nested_tensor is True, but self.use_nested_tensor is False because encoder_layer.norm_first was True
  self.encoder = nn.TransformerEncoder(block, layers)
{"anchor_rank": 14, "anchor": "YWFN", "budget": 320, "r2": 0.4314410222398366, "regret": {"1": {"acquired": 2.9362010955810547, "novel_design": 0.0, "campaign": 0.0}, "2": {"acquired": 0.36877870559692383, "novel_design": 2.533437728881836, "campaign": 0.36877870559692383}, "3": {"acquired": 1.2073025703430176, "novel_design": 1.884016513824463, "campaign": 1.2073025703430176}, "4": {"acquired": 1.2073025703430176, "novel_design": 2.717728614807129, "campaign": 1.2073025703430176}}}
/media/PM983/Code/PLS/src/pls/editflow/student.py:46: UserWarning: enable_nested_tensor is True, but self.use_nested_tensor is False because encoder_layer.norm_first was True
  self.encoder = nn.TransformerEncoder(block, layers)
{"anchor_rank": 14, "anchor": "YWFN", "budget": 640, "r2": 0.3389675223492812, "regret": {"1": {"acquired": 0.0, "novel_design": 2.0353225469589233, "campaign": 0.0}, "2": {"acquired": 0.36877870559692383, "novel_design": 1.4648137092590332, "campaign": 0.36877870559692383}, "3": {"acquired": 0.0, "novel_design": 1.6307954788208008, "campaign": 0.0}, "4": {"acquired": 0.0, "novel_design": 1.6307954788208008, "campaign": 0.0}}}
/media/PM983/Code/PLS/src/pls/editflow/student.py:46: UserWarning: enable_nested_tensor is True, but self.use_nested_tensor is False because encoder_layer.norm_first was True
  self.encoder = nn.TransformerEncoder(block, layers)
{"anchor_rank": 15, "anchor": "EDDI", "budget": 80, "r2": -0.1461815132577109, "regret": {"1": {"acquired": 0.0686978898011148, "novel_design": 0.06673177052289248, "campaign": 0.06673177052289248}, "2": {"acquired": 2.6097905337810516, "novel_design": 2.9876614483073354, "campaign": 2.6097905337810516}, "3": {"acquired": 4.533920437097549, "novel_design": 4.173451781272888, "campaign": 4.173451781272888}, "4": {"acquired": 5.823999881744385, "novel_design": 8.659184500575066, "campaign": 5.823999881744385}}}
/media/PM983/Code/PLS/src/pls/editflow/student.py:46: UserWarning: enable_nested_tensor is True, but self.use_nested_tensor is False because encoder_layer.norm_first was True
  self.encoder = nn.TransformerEncoder(block, layers)
{"anchor_rank": 15, "anchor": "EDDI", "budget": 160, "r2": 0.23020268591261295, "regret": {"1": {"acquired": 0.0686978898011148, "novel_design": 0.06673177052289248, "campaign": 0.06673177052289248}, "2": {"acquired": 2.6097905337810516, "novel_design": 2.9775590170174837, "campaign": 2.6097905337810516}, "3": {"acquired": 4.533920437097549, "novel_design": 4.340987265110016, "campaign": 4.340987265110016}, "4": {"acquired": 3.777538776397705, "novel_design": 7.968167304992676, "campaign": 3.777538776397705}}}
/media/PM983/Code/PLS/src/pls/editflow/student.py:46: UserWarning: enable_nested_tensor is True, but self.use_nested_tensor is False because encoder_layer.norm_first was True
  self.encoder = nn.TransformerEncoder(block, layers)
{"anchor_rank": 15, "anchor": "EDDI", "budget": 320, "r2": 0.19113819716938618, "regret": {"1": {"acquired": 0.0686978898011148, "novel_design": 0.06529350811615586, "campaign": 0.06529350811615586}, "2": {"acquired": 2.6097905337810516, "novel_design": 2.9925423592794687, "campaign": 2.6097905337810516}, "3": {"acquired": 0.8271450996398926, "novel_design": 2.515343427658081, "campaign": 0.8271450996398926}, "4": {"acquired": 1.5333056449890137, "novel_design": 0.0, "campaign": 0.0}}}
/media/PM983/Code/PLS/src/pls/editflow/student.py:46: UserWarning: enable_nested_tensor is True, but self.use_nested_tensor is False because encoder_layer.norm_first was True
  self.encoder = nn.TransformerEncoder(block, layers)
{"anchor_rank": 15, "anchor": "EDDI", "budget": 640, "r2": 0.5102626909357896, "regret": {"1": {"acquired": 0.0686978898011148, "novel_design": 0.06930829421617091, "campaign": 0.0686978898011148}, "2": {"acquired": 2.6097905337810516, "novel_design": 0.0, "campaign": 0.0}, "3": {"acquired": 0.8271450996398926, "novel_design": 0.8605737686157227, "campaign": 0.8271450996398926}, "4": {"acquired": 0.0, "novel_design": 2.047811985015869, "campaign": 0.0}}}
{"aggregate": [{"budget": 80, "anchors": 16, "value_r2": {"mean": -0.11253012786666175, "median": -0.02151343980770848, "standard_deviation": 0.22509947732053923, "minimum": -0.8315400087230369, "maximum": 0.022374768680086032, "count": 16}, "edge_spearman": {"mean": 0.1682934337916947, "median": 0.17112927591511368, "standard_deviation": 0.06508879422726485, "minimum": 0.03248976056661079, "maximum": 0.27366032744455837, "count": 16}, "anchor_macro_kendall_tau": {"mean": 0.1334878944761117, "median": 0.1467327200462818, "standard_deviation": 0.05530835038226309, "minimum": 0.017069328042537295, "maximum": 0.21238698365776926, "count": 16}, "closed_edges": {"mean": 94.1875, "median": 94.5, "standard_deviation": 5.269013190342192, "minimum": 85.0, "maximum": 103.0, "count": 16}, "regret": {"1": {"acquired": {"mean": 1.4221826386346947, "median": 0.5129121689824387, "standard_deviation": 1.8223073461920718, "minimum": 0.006570606958121061, "maximum": 4.952464837580919, "count": 16, "zero_regret_fraction": 0.0, "unavailable_fraction": 0.0}, "novel_design": {"mean": 1.1261584262392716, "median": 0.20936877792701125, "standard_deviation": 1.6145125221022838, "minimum": 0.0, "maximum": 4.396329909563065, "count": 16, "zero_regret_fraction": 0.0625, "unavailable_fraction": 0.0}, "campaign": {"mean": 1.1245119699597126, "median": 0.20810989243909717, "standard_deviation": 1.6150929698254002, "minimum": 0.0, "maximum": 4.396329909563065, "count": 16, "zero_regret_fraction": 0.0625, "unavailable_fraction": 0.0}}, "2": {"acquired": {"mean": 4.206242589280009, "median": 4.238898400217295, "standard_deviation": 2.0437981766004945, "minimum": 0.040409719571471214, "maximum": 7.206055294722319, "count": 16, "zero_regret_fraction": 0.0, "unavailable_fraction": 0.0}, "novel_design": {"mean": 3.8412952842045343, "median": 3.657251380616799, "standard_deviation": 2.7693241696749675, "minimum": 0.0, "maximum": 7.265414172783494, "count": 16, "zero_regret_fraction": 0.0625, "unavailable_fraction": 0.0}, "campaign": {"mean": 3.548461556667462, "median": 3.6392401908524334, "standard_deviation": 2.538471751026345, "minimum": 0.0, "maximum": 7.206055294722319, "count": 16, "zero_regret_fraction": 0.0625, "unavailable_fraction": 0.0}}, "3": {"acquired": {"mean": 5.998593097436242, "median": 6.423866153694689, "standard_deviation": 1.6875756951972474, "minimum": 3.08636736869812, "maximum": 8.729808636009693, "count": 16, "zero_regret_fraction": 0.0, "unavailable_fraction": 0.0}, "novel_design": {"mean": 6.180569569201907, "median": 6.143138395622373, "standard_deviation": 1.5603440721076016, "minimum": 3.4182189106941223, "maximum": 8.586355477571487, "count": 16, "zero_regret_fraction": 0.0, "unavailable_fraction": 0.0}, "campaign": {"mean": 5.665280000772327, "median": 6.009514429606497, "standard_deviation": 1.6413753111600111, "minimum": 3.08636736869812, "maximum": 8.104246020317078, "count": 16, "zero_regret_fraction": 0.0, "unavailable_fraction": 0.0}}, "4": {"acquired": {"mean": 7.066959302872419, "median": 7.3393203020095825, "standard_deviation": 1.2935330279495383, "minimum": 4.828968524932861, "maximum": 8.663391917943954, "count": 16, "zero_regret_fraction": 0.0, "unavailable_fraction": 0.0}, "novel_design": {"mean": 8.095482091157464, "median": 8.517905823886395, "standard_deviation": 0.8994915566993031, "minimum": 5.820515155792236, "maximum": 8.76196575164795, "count": 16, "zero_regret_fraction": 0.0, "unavailable_fraction": 0.0}, "campaign": {"mean": 6.833940686658025, "median": 7.049836218357086, "standard_deviation": 1.2166545054136417, "minimum": 4.828968524932861, "maximum": 8.431090384721756, "count": 16, "zero_regret_fraction": 0.0, "unavailable_fraction": 0.0}}}}, {"budget": 160, "anchors": 16, "value_r2": {"mean": -0.008025288991744414, "median": 0.10534770594641063, "standard_deviation": 0.4938806087259705, "minimum": -1.8048601512146227, "maximum": 0.308014661639189, "count": 16}, "edge_spearman": {"mean": 0.2909452531218779, "median": 0.29713784169744345, "standard_deviation": 0.0448178372627628, "minimum": 0.21463850747014815, "maximum": 0.3513720245006965, "count": 16}, "anchor_macro_kendall_tau": {"mean": 0.19021375054802178, "median": 0.19209579226471757, "standard_deviation": 0.03021285970020866, "minimum": 0.13514252032257174, "maximum": 0.237210939168537, "count": 16}, "closed_edges": {"mean": 677.1875, "median": 692.5, "standard_deviation": 85.06485271054471, "minimum": 484.0, "maximum": 803.0, "count": 16}, "regret": {"1": {"acquired": {"mean": 1.2149963615520392, "median": 0.5129121689824387, "standard_deviation": 1.4570509031966103, "minimum": 0.006570606958121061, "maximum": 4.00211238861084, "count": 16, "zero_regret_fraction": 0.0, "unavailable_fraction": 0.0}, "novel_design": {"mean": 0.3571526641608216, "median": 0.01874017668887973, "standard_deviation": 0.6725546462129575, "minimum": 0.0, "maximum": 2.169324353337288, "count": 16, "zero_regret_fraction": 0.25, "unavailable_fraction": 0.0}, "campaign": {"mean": 0.3537808725668583, "median": 0.01427025580778718, "standard_deviation": 0.6713598341739762, "minimum": 0.0, "maximum": 2.169324353337288, "count": 16, "zero_regret_fraction": 0.25, "unavailable_fraction": 0.0}}, "2": {"acquired": {"mean": 3.2114414968527853, "median": 3.1827312954701483, "standard_deviation": 1.9789743286357366, "minimum": 0.040409719571471214, "maximum": 7.206055294722319, "count": 16, "zero_regret_fraction": 0.0, "unavailable_fraction": 0.0}, "novel_design": {"mean": 2.342871059139725, "median": 2.325408101081848, "standard_deviation": 1.4217163086331845, "minimum": 0.05052685737609863, "maximum": 5.546633519232273, "count": 16, "zero_regret_fraction": 0.0, "unavailable_fraction": 0.0}, "campaign": {"mean": 2.063527096179314, "median": 1.8680775165557861, "standard_deviation": 1.5473800516919336, "minimum": 0.040409719571471214, "maximum": 5.546633519232273, "count": 16, "zero_regret_fraction": 0.0, "unavailable_fraction": 0.0}}, "3": {"acquired": {"mean": 3.6546659596497193, "median": 3.5471951300278306, "standard_deviation": 1.7126544684593563, "minimum": 0.034450531005859375, "maximum": 7.49846875667572, "count": 16, "zero_regret_fraction": 0.0, "unavailable_fraction": 0.0}, "novel_design": {"mean": 3.684806529432535, "median": 3.7698609828948975, "standard_deviation": 1.4156066845304698, "minimum": 1.1007752418518066, "maximum": 6.295714497566223, "count": 16, "zero_regret_fraction": 0.0, "unavailable_fraction": 0.0}, "campaign": {"mean": 2.966444647987373, "median": 2.938495397567749, "standard_deviation": 1.3585941792507699, "minimum": 0.034450531005859375, "maximum": 5.160218715667725, "count": 16, "zero_regret_fraction": 0.0, "unavailable_fraction": 0.0}}, "4": {"acquired": {"mean": 4.077115096151829, "median": 4.14918327331543, "standard_deviation": 1.5547604368913919, "minimum": 1.2073025703430176, "maximum": 8.117981314659119, "count": 16, "zero_regret_fraction": 0.0, "unavailable_fraction": 0.0}, "novel_design": {"mean": 5.007589053362608, "median": 4.6701836585998535, "standard_deviation": 1.993791941302469, "minimum": 1.47963285446167, "maximum": 8.062835395336151, "count": 16, "zero_regret_fraction": 0.0, "unavailable_fraction": 0.0}, "campaign": {"mean": 3.9342063032090664, "median": 3.947859287261963, "standard_deviation": 1.5593703756319712, "minimum": 1.2073025703430176, "maximum": 8.062835395336151, "count": 16, "zero_regret_fraction": 0.0, "unavailable_fraction": 0.0}}}}, {"budget": 320, "anchors": 16, "value_r2": {"mean": 0.29633275765404166, "median": 0.35738893959879486, "standard_deviation": 0.17230119356035647, "minimum": -0.06846745732145876, "maximum": 0.5169775796997017, "count": 16}, "edge_spearman": {"mean": 0.33712025658750655, "median": 0.34505653924394053, "standard_deviation": 0.04058434683179215, "minimum": 0.2688236057010447, "maximum": 0.3964616597323852, "count": 16}, "anchor_macro_kendall_tau": {"mean": 0.21585873790158314, "median": 0.21512276600385477, "standard_deviation": 0.03176010338875299, "minimum": 0.1564114985998262, "maximum": 0.2659330928053084, "count": 16}, "closed_edges": {"mean": 1946.0, "median": 1898.5, "standard_deviation": 239.56349193202763, "minimum": 1548.0, "maximum": 2659.0, "count": 16}, "regret": {"1": {"acquired": {"mean": 0.5507067188445944, "median": 0.01825475413352251, "standard_deviation": 0.9228165015561098, "minimum": 0.0, "maximum": 2.9362010955810547, "count": 16, "zero_regret_fraction": 0.1875, "unavailable_fraction": 0.0}, "novel_design": {"mean": 0.3813570808415534, "median": 0.01703102618921548, "standard_deviation": 0.7128267267226849, "minimum": 0.0, "maximum": 2.3857075488194823, "count": 16, "zero_regret_fraction": 0.25, "unavailable_fraction": 0.0}, "campaign": {"mean": 0.36515746741497423, "median": 0.01427025580778718, "standard_deviation": 0.6730633725387626, "minimum": 0.0, "maximum": 2.169324353337288, "count": 16, "zero_regret_fraction": 0.25, "unavailable_fraction": 0.0}}, "2": {"acquired": {"mean": 2.490834088763222, "median": 2.3209613412618637, "standard_deviation": 1.7359686012357174, "minimum": 0.040409719571471214, "maximum": 5.589880084386095, "count": 16, "zero_regret_fraction": 0.0, "unavailable_fraction": 0.0}, "novel_design": {"mean": 1.5974725054693408, "median": 1.0052785873413086, "standard_deviation": 1.7862159161656923, "minimum": 0.0, "maximum": 5.498118348419666, "count": 16, "zero_regret_fraction": 0.3125, "unavailable_fraction": 0.0}, "campaign": {"mean": 1.3434939367580228, "median": 0.36830103397369385, "standard_deviation": 1.789770199439301, "minimum": 0.0, "maximum": 5.498118348419666, "count": 16, "zero_regret_fraction": 0.3125, "unavailable_fraction": 0.0}}, "3": {"acquired": {"mean": 1.984468239475973, "median": 1.9923593997955322, "standard_deviation": 1.1305538694211048, "minimum": 0.0, "maximum": 4.398461103439331, "count": 16, "zero_regret_fraction": 0.0625, "unavailable_fraction": 0.0}, "novel_design": {"mean": 3.1795701761730015, "median": 3.0289163663983345, "standard_deviation": 1.9977688215632234, "minimum": 0.0, "maximum": 6.652805991470814, "count": 16, "zero_regret_fraction": 0.0625, "unavailable_fraction": 0.0}, "campaign": {"mean": 1.7712870249524713, "median": 1.6285207271575928, "standard_deviation": 1.0809279725929488, "minimum": 0.0, "maximum": 4.398461103439331, "count": 16, "zero_regret_fraction": 0.0625, "unavailable_fraction": 0.0}}, "4": {"acquired": {"mean": 2.2209781408309937, "median": 2.5864036083221436, "standard_deviation": 1.0388521861458615, "minimum": 0.0, "maximum": 3.8348703384399414, "count": 16, "zero_regret_fraction": 0.0625, "unavailable_fraction": 0.0}, "novel_design": {"mean": 3.0956276804208755, "median": 2.760862112045288, "standard_deviation": 2.114732465269856, "minimum": 0.0, "maximum": 8.391865968704224, "count": 16, "zero_regret_fraction": 0.125, "unavailable_fraction": 0.0}, "campaign": {"mean": 1.8623961210250854, "median": 1.6569690704345703, "standard_deviation": 1.0970306963504686, "minimum": 0.0, "maximum": 3.8348703384399414, "count": 16, "zero_regret_fraction": 0.125, "unavailable_fraction": 0.0}}}}, {"budget": 640, "anchors": 16, "value_r2": {"mean": 0.4173636720979146, "median": 0.4285008982774586, "standard_deviation": 0.09868635589540148, "minimum": 0.17650174461290624, "maximum": 0.529345879166856, "count": 16}, "edge_spearman": {"mean": 0.348461645661003, "median": 0.34395989357792334, "standard_deviation": 0.042747524828044045, "minimum": 0.24530994615949775, "maximum": 0.418601623281529, "count": 16}, "anchor_macro_kendall_tau": {"mean": 0.21699162750346046, "median": 0.2193648327325768, "standard_deviation": 0.03110710304944027, "minimum": 0.16734412869864335, "maximum": 0.2647608384677722, "count": 16}, "closed_edges": {"mean": 5096.5, "median": 4995.0, "standard_deviation": 528.1480852942667, "minimum": 4291.0, "maximum": 6057.0, "count": 16}, "regret": {"1": {"acquired": {"mean": 0.3671941503707785, "median": 0.01427025580778718, "standard_deviation": 0.6756586464232491, "minimum": 0.0, "maximum": 2.169324353337288, "count": 16, "zero_regret_fraction": 0.25, "unavailable_fraction": 0.0}, "novel_design": {"mean": 0.352215545339277, "median": 0.016118178609758615, "standard_deviation": 0.6614477994523579, "minimum": 0.0, "maximum": 2.0353225469589233, "count": 16, "zero_regret_fraction": 0.25, "unavailable_fraction": 0.0}, "campaign": {"mean": 0.2223239206505241, "median": 0.011830453644506633, "standard_deviation": 0.4885123706233825, "minimum": 0.0, "maximum": 1.860289454460144, "count": 16, "zero_regret_fraction": 0.3125, "unavailable_fraction": 0.0}}, "2": {"acquired": {"mean": 1.4994767535972642, "median": 0.5721180438995361, "standard_deviation": 1.8190381620576659, "minimum": 0.0, "maximum": 5.498118348419666, "count": 16, "zero_regret_fraction": 0.25, "unavailable_fraction": 0.0}, "novel_design": {"mean": 1.711936942912871, "median": 1.4024861454963684, "standard_deviation": 1.457742382568423, "minimum": 0.0, "maximum": 4.017922878265381, "count": 16, "zero_regret_fraction": 0.1875, "unavailable_fraction": 0.0}, "campaign": {"mean": 0.8260124049847946, "median": 0.045468288473784924, "standard_deviation": 1.4367779143864092, "minimum": 0.0, "maximum": 4.017922878265381, "count": 16, "zero_regret_fraction": 0.4375, "unavailable_fraction": 0.0}}, "3": {"acquired": {"mean": 1.0280789081007242, "median": 0.9639601707458496, "standard_deviation": 0.9285961966810903, "minimum": 0.0, "maximum": 3.3647126257419586, "count": 16, "zero_regret_fraction": 0.25, "unavailable_fraction": 0.0}, "novel_design": {"mean": 1.6687160534784198, "median": 1.2084507942199707, "standard_deviation": 1.6269423265300214, "minimum": 0.0, "maximum": 4.507457494735718, "count": 16, "zero_regret_fraction": 0.3125, "unavailable_fraction": 0.0}, "campaign": {"mean": 0.7896302882581949, "median": 0.22628521919250488, "standard_deviation": 1.024359074334815, "minimum": 0.0, "maximum": 3.3647126257419586, "count": 16, "zero_regret_fraction": 0.5, "unavailable_fraction": 0.0}}, "4": {"acquired": {"mean": 0.9697974920272827, "median": 0.9609553813934326, "standard_deviation": 0.9776928972277522, "minimum": 0.0, "maximum": 2.989933490753174, "count": 16, "zero_regret_fraction": 0.375, "unavailable_fraction": 0.0}, "novel_design": {"mean": 1.698577105998993, "median": 1.5832340717315674, "standard_deviation": 1.5484467356704452, "minimum": 0.0, "maximum": 5.535812854766846, "count": 16, "zero_regret_fraction": 0.25, "unavailable_fraction": 0.0}, "campaign": {"mean": 0.7233287990093231, "median": 0.0, "standard_deviation": 1.025005710110528, "minimum": 0.0, "maximum": 2.989933490753174, "count": 16, "zero_regret_fraction": 0.5625, "unavailable_fraction": 0.0}}}}], "query_budget": {"acquisition": "ucb", "anchors": 16, "budget_curve": [80, 160, 320, 640], "final_unique_queries_per_anchor": 640, "total_oracle_queries_across_independent_anchors": 10240, "teacher_query_cost_unit": "unique measured node per independent anchor", "same_protocol_required": true, "anchor_protocol_sha256": "3b3ef4a2152d1eac8f0780fe4f5964eb491e7113c3d93837def3dbe64a589566", "test_evaluated": false}, "test_evaluated": false}
